[0.027s] Invoking command in '/home/n3h4/Desktop/NEHA/SEDRICA/RosTut/build/part1_pubsub': CMAKE_PREFIX_PATH=${CMAKE_PREFIX_PATH}:/opt/ros/humble /usr/bin/cmake --build /home/n3h4/Desktop/NEHA/SEDRICA/RosTut/build/part1_pubsub -- -j12 -l12
[0.110s] [  9%] Built target part1_pubsub__rosidl_generator_c
[0.110s] [ 12%] Built target part1_pubsub__cpp
[0.111s] [ 12%] Built target ament_cmake_python_copy_part1_pubsub_modules
[0.126s] [ 12%] Built target ament_cmake_python_copy_part1_pubsub
[0.139s] [ 22%] Built target part1_pubsub__rosidl_typesupport_introspection_c
[0.144s] [ 32%] Built target part1_pubsub__rosidl_typesupport_c
[0.152s] [ 41%] Built target part1_pubsub__rosidl_typesupport_fastrtps_c
[0.152s] [ 51%] Built target part1_pubsub__rosidl_typesupport_introspection_cpp
[0.153s] [ 61%] Built target part1_pubsub__rosidl_typesupport_fastrtps_cpp
[0.166s] [ 70%] Built target part1_pubsub__rosidl_typesupport_cpp
[0.188s] [ 70%] Built target part1_pubsub
[0.210s] [ 74%] Built target part1_pubsub__py
[0.245s] [ 80%] Built target part1_pubsub__rosidl_generator_py
[0.272s] [ 87%] Built target part1_pubsub__rosidl_typesupport_c__pyext
[0.274s] [ 93%] Built target part1_pubsub__rosidl_typesupport_fastrtps_c__pyext
[0.274s] [100%] Built target part1_pubsub__rosidl_typesupport_introspection_c__pyext
[0.446s] running egg_info
[0.446s] writing part1_pubsub.egg-info/PKG-INFO
[0.447s] writing dependency_links to part1_pubsub.egg-info/dependency_links.txt
[0.447s] writing top-level names to part1_pubsub.egg-info/top_level.txt
[0.449s] reading manifest file 'part1_pubsub.egg-info/SOURCES.txt'
[0.451s] writing manifest file 'part1_pubsub.egg-info/SOURCES.txt'
[0.481s] [100%] Built target ament_cmake_python_build_part1_pubsub_egg
[0.492s] running egg_info
[0.493s] writing part1_pubsub_modules.egg-info/PKG-INFO
[0.493s] writing dependency_links to part1_pubsub_modules.egg-info/dependency_links.txt
[0.493s] writing top-level names to part1_pubsub_modules.egg-info/top_level.txt
[0.496s] reading manifest file 'part1_pubsub_modules.egg-info/SOURCES.txt'
[0.497s] writing manifest file 'part1_pubsub_modules.egg-info/SOURCES.txt'
[0.526s] [100%] Built target ament_cmake_python_build_part1_pubsub_modules_egg
[0.556s] Invoked command in '/home/n3h4/Desktop/NEHA/SEDRICA/RosTut/build/part1_pubsub' returned '0': CMAKE_PREFIX_PATH=${CMAKE_PREFIX_PATH}:/opt/ros/humble /usr/bin/cmake --build /home/n3h4/Desktop/NEHA/SEDRICA/RosTut/build/part1_pubsub -- -j12 -l12
[0.556s] Invoking command in '/home/n3h4/Desktop/NEHA/SEDRICA/RosTut/build/part1_pubsub': CMAKE_PREFIX_PATH=${CMAKE_PREFIX_PATH}:/opt/ros/humble /usr/bin/cmake --install /home/n3h4/Desktop/NEHA/SEDRICA/RosTut/build/part1_pubsub
[0.557s] -- Install configuration: ""
[0.557s] -- Up-to-date: /home/n3h4/Desktop/NEHA/SEDRICA/RosTut/install/part1_pubsub/share/part1_pubsub/environment/pythonpath.sh
[0.557s] -- Up-to-date: /home/n3h4/Desktop/NEHA/SEDRICA/RosTut/install/part1_pubsub/share/part1_pubsub/environment/pythonpath.dsv
[0.557s] -- Up-to-date: /home/n3h4/Desktop/NEHA/SEDRICA/RosTut/install/part1_pubsub/local/lib/python3.10/dist-packages/part1_pubsub_modules-0.0.0-py3.10.egg-info
[0.557s] -- Installing: /home/n3h4/Desktop/NEHA/SEDRICA/RosTut/install/part1_pubsub/local/lib/python3.10/dist-packages/part1_pubsub_modules-0.0.0-py3.10.egg-info/top_level.txt
[0.557s] -- Installing: /home/n3h4/Desktop/NEHA/SEDRICA/RosTut/install/part1_pubsub/local/lib/python3.10/dist-packages/part1_pubsub_modules-0.0.0-py3.10.egg-info/SOURCES.txt
[0.557s] -- Installing: /home/n3h4/Desktop/NEHA/SEDRICA/RosTut/install/part1_pubsub/local/lib/python3.10/dist-packages/part1_pubsub_modules-0.0.0-py3.10.egg-info/dependency_links.txt
[0.557s] -- Installing: /home/n3h4/Desktop/NEHA/SEDRICA/RosTut/install/part1_pubsub/local/lib/python3.10/dist-packages/part1_pubsub_modules-0.0.0-py3.10.egg-info/PKG-INFO
[0.558s] -- Up-to-date: /home/n3h4/Desktop/NEHA/SEDRICA/RosTut/install/part1_pubsub/local/lib/python3.10/dist-packages/part1_pubsub_modules
[0.558s] -- Up-to-date: /home/n3h4/Desktop/NEHA/SEDRICA/RosTut/install/part1_pubsub/local/lib/python3.10/dist-packages/part1_pubsub_modules/__init__.py
[0.558s] -- Up-to-date: /home/n3h4/Desktop/NEHA/SEDRICA/RosTut/install/part1_pubsub/local/lib/python3.10/dist-packages/part1_pubsub_modules/tb3_tools.py
[0.597s] Listing '/home/n3h4/Desktop/NEHA/SEDRICA/RosTut/install/part1_pubsub/local/lib/python3.10/dist-packages/part1_pubsub_modules'...
[0.604s] -- Up-to-date: /home/n3h4/Desktop/NEHA/SEDRICA/RosTut/install/part1_pubsub/lib/part1_pubsub/basic_velocity_control.py
[0.605s] -- Up-to-date: /home/n3h4/Desktop/NEHA/SEDRICA/RosTut/install/part1_pubsub/lib/part1_pubsub/stop_me.py
[0.605s] -- Up-to-date: /home/n3h4/Desktop/NEHA/SEDRICA/RosTut/install/part1_pubsub/lib/part1_pubsub/publisher.py
[0.605s] -- Up-to-date: /home/n3h4/Desktop/NEHA/SEDRICA/RosTut/install/part1_pubsub/lib/part1_pubsub/subscriber.py
[0.605s] -- Up-to-date: /home/n3h4/Desktop/NEHA/SEDRICA/RosTut/install/part1_pubsub/lib/part1_pubsub/custom_msg_publisher.py
[0.606s] -- Installing: /home/n3h4/Desktop/NEHA/SEDRICA/RosTut/install/part1_pubsub/lib/part1_pubsub/custom_msg_subscriber.py
[0.606s] -- Up-to-date: /home/n3h4/Desktop/NEHA/SEDRICA/RosTut/install/part1_pubsub/share/ament_index/resource_index/rosidl_interfaces/part1_pubsub
[0.606s] -- Up-to-date: /home/n3h4/Desktop/NEHA/SEDRICA/RosTut/install/part1_pubsub/include/part1_pubsub/part1_pubsub
[0.606s] -- Up-to-date: /home/n3h4/Desktop/NEHA/SEDRICA/RosTut/install/part1_pubsub/include/part1_pubsub/part1_pubsub/msg
[0.606s] -- Up-to-date: /home/n3h4/Desktop/NEHA/SEDRICA/RosTut/install/part1_pubsub/include/part1_pubsub/part1_pubsub/msg/eg.h
[0.607s] -- Up-to-date: /home/n3h4/Desktop/NEHA/SEDRICA/RosTut/install/part1_pubsub/include/part1_pubsub/part1_pubsub/msg/detail
[0.607s] -- Up-to-date: /home/n3h4/Desktop/NEHA/SEDRICA/RosTut/install/part1_pubsub/include/part1_pubsub/part1_pubsub/msg/detail/eg__functions.h
[0.607s] -- Up-to-date: /home/n3h4/Desktop/NEHA/SEDRICA/RosTut/install/part1_pubsub/include/part1_pubsub/part1_pubsub/msg/detail/eg__type_support.h
[0.607s] -- Up-to-date: /home/n3h4/Desktop/NEHA/SEDRICA/RosTut/install/part1_pubsub/include/part1_pubsub/part1_pubsub/msg/detail/eg__struct.h
[0.607s] -- Up-to-date: /home/n3h4/Desktop/NEHA/SEDRICA/RosTut/install/part1_pubsub/include/part1_pubsub/part1_pubsub/msg/detail/eg__functions.c
[0.607s] -- Up-to-date: /home/n3h4/Desktop/NEHA/SEDRICA/RosTut/install/part1_pubsub/include/part1_pubsub/part1_pubsub/msg/rosidl_generator_c__visibility_control.h
[0.608s] -- Up-to-date: /home/n3h4/Desktop/NEHA/SEDRICA/RosTut/install/part1_pubsub/share/part1_pubsub/environment/library_path.sh
[0.608s] -- Up-to-date: /home/n3h4/Desktop/NEHA/SEDRICA/RosTut/install/part1_pubsub/share/part1_pubsub/environment/library_path.dsv
[0.608s] -- Up-to-date: /home/n3h4/Desktop/NEHA/SEDRICA/RosTut/install/part1_pubsub/lib/libpart1_pubsub__rosidl_generator_c.so
[0.608s] -- Up-to-date: /home/n3h4/Desktop/NEHA/SEDRICA/RosTut/install/part1_pubsub/include/part1_pubsub/part1_pubsub
[0.608s] -- Up-to-date: /home/n3h4/Desktop/NEHA/SEDRICA/RosTut/install/part1_pubsub/include/part1_pubsub/part1_pubsub/msg
[0.608s] -- Up-to-date: /home/n3h4/Desktop/NEHA/SEDRICA/RosTut/install/part1_pubsub/include/part1_pubsub/part1_pubsub/msg/rosidl_typesupport_fastrtps_c__visibility_control.h
[0.608s] -- Up-to-date: /home/n3h4/Desktop/NEHA/SEDRICA/RosTut/install/part1_pubsub/include/part1_pubsub/part1_pubsub/msg/detail
[0.609s] -- Up-to-date: /home/n3h4/Desktop/NEHA/SEDRICA/RosTut/install/part1_pubsub/include/part1_pubsub/part1_pubsub/msg/detail/eg__rosidl_typesupport_fastrtps_c.h
[0.609s] -- Up-to-date: /home/n3h4/Desktop/NEHA/SEDRICA/RosTut/install/part1_pubsub/lib/libpart1_pubsub__rosidl_typesupport_fastrtps_c.so
[0.609s] -- Up-to-date: /home/n3h4/Desktop/NEHA/SEDRICA/RosTut/install/part1_pubsub/include/part1_pubsub/part1_pubsub
[0.609s] -- Up-to-date: /home/n3h4/Desktop/NEHA/SEDRICA/RosTut/install/part1_pubsub/include/part1_pubsub/part1_pubsub/msg
[0.609s] -- Up-to-date: /home/n3h4/Desktop/NEHA/SEDRICA/RosTut/install/part1_pubsub/include/part1_pubsub/part1_pubsub/msg/eg.hpp
[0.609s] -- Up-to-date: /home/n3h4/Desktop/NEHA/SEDRICA/RosTut/install/part1_pubsub/include/part1_pubsub/part1_pubsub/msg/detail
[0.609s] -- Up-to-date: /home/n3h4/Desktop/NEHA/SEDRICA/RosTut/install/part1_pubsub/include/part1_pubsub/part1_pubsub/msg/detail/eg__traits.hpp
[0.610s] -- Up-to-date: /home/n3h4/Desktop/NEHA/SEDRICA/RosTut/install/part1_pubsub/include/part1_pubsub/part1_pubsub/msg/detail/eg__struct.hpp
[0.610s] -- Up-to-date: /home/n3h4/Desktop/NEHA/SEDRICA/RosTut/install/part1_pubsub/include/part1_pubsub/part1_pubsub/msg/detail/eg__builder.hpp
[0.610s] -- Up-to-date: /home/n3h4/Desktop/NEHA/SEDRICA/RosTut/install/part1_pubsub/include/part1_pubsub/part1_pubsub/msg/detail/eg__type_support.hpp
[0.610s] -- Up-to-date: /home/n3h4/Desktop/NEHA/SEDRICA/RosTut/install/part1_pubsub/include/part1_pubsub/part1_pubsub/msg/rosidl_generator_cpp__visibility_control.hpp
[0.610s] -- Up-to-date: /home/n3h4/Desktop/NEHA/SEDRICA/RosTut/install/part1_pubsub/include/part1_pubsub/part1_pubsub
[0.610s] -- Up-to-date: /home/n3h4/Desktop/NEHA/SEDRICA/RosTut/install/part1_pubsub/include/part1_pubsub/part1_pubsub/msg
[0.610s] -- Up-to-date: /home/n3h4/Desktop/NEHA/SEDRICA/RosTut/install/part1_pubsub/include/part1_pubsub/part1_pubsub/msg/rosidl_typesupport_fastrtps_cpp__visibility_control.h
[0.610s] -- Up-to-date: /home/n3h4/Desktop/NEHA/SEDRICA/RosTut/install/part1_pubsub/include/part1_pubsub/part1_pubsub/msg/detail
[0.611s] -- Up-to-date: /home/n3h4/Desktop/NEHA/SEDRICA/RosTut/install/part1_pubsub/include/part1_pubsub/part1_pubsub/msg/detail/dds_fastrtps
[0.611s] -- Up-to-date: /home/n3h4/Desktop/NEHA/SEDRICA/RosTut/install/part1_pubsub/include/part1_pubsub/part1_pubsub/msg/detail/eg__rosidl_typesupport_fastrtps_cpp.hpp
[0.611s] -- Up-to-date: /home/n3h4/Desktop/NEHA/SEDRICA/RosTut/install/part1_pubsub/lib/libpart1_pubsub__rosidl_typesupport_fastrtps_cpp.so
[0.611s] -- Up-to-date: /home/n3h4/Desktop/NEHA/SEDRICA/RosTut/install/part1_pubsub/include/part1_pubsub/part1_pubsub
[0.611s] -- Up-to-date: /home/n3h4/Desktop/NEHA/SEDRICA/RosTut/install/part1_pubsub/include/part1_pubsub/part1_pubsub/msg
[0.611s] -- Up-to-date: /home/n3h4/Desktop/NEHA/SEDRICA/RosTut/install/part1_pubsub/include/part1_pubsub/part1_pubsub/msg/rosidl_typesupport_introspection_c__visibility_control.h
[0.611s] -- Up-to-date: /home/n3h4/Desktop/NEHA/SEDRICA/RosTut/install/part1_pubsub/include/part1_pubsub/part1_pubsub/msg/detail
[0.611s] -- Up-to-date: /home/n3h4/Desktop/NEHA/SEDRICA/RosTut/install/part1_pubsub/include/part1_pubsub/part1_pubsub/msg/detail/eg__rosidl_typesupport_introspection_c.h
[0.611s] -- Up-to-date: /home/n3h4/Desktop/NEHA/SEDRICA/RosTut/install/part1_pubsub/include/part1_pubsub/part1_pubsub/msg/detail/eg__type_support.c
[0.611s] -- Up-to-date: /home/n3h4/Desktop/NEHA/SEDRICA/RosTut/install/part1_pubsub/lib/libpart1_pubsub__rosidl_typesupport_introspection_c.so
[0.612s] -- Up-to-date: /home/n3h4/Desktop/NEHA/SEDRICA/RosTut/install/part1_pubsub/lib/libpart1_pubsub__rosidl_typesupport_c.so
[0.612s] -- Up-to-date: /home/n3h4/Desktop/NEHA/SEDRICA/RosTut/install/part1_pubsub/include/part1_pubsub/part1_pubsub
[0.612s] -- Up-to-date: /home/n3h4/Desktop/NEHA/SEDRICA/RosTut/install/part1_pubsub/include/part1_pubsub/part1_pubsub/msg
[0.612s] -- Up-to-date: /home/n3h4/Desktop/NEHA/SEDRICA/RosTut/install/part1_pubsub/include/part1_pubsub/part1_pubsub/msg/detail
[0.612s] -- Up-to-date: /home/n3h4/Desktop/NEHA/SEDRICA/RosTut/install/part1_pubsub/include/part1_pubsub/part1_pubsub/msg/detail/eg__rosidl_typesupport_introspection_cpp.hpp
[0.612s] -- Up-to-date: /home/n3h4/Desktop/NEHA/SEDRICA/RosTut/install/part1_pubsub/include/part1_pubsub/part1_pubsub/msg/detail/eg__type_support.cpp
[0.612s] -- Up-to-date: /home/n3h4/Desktop/NEHA/SEDRICA/RosTut/install/part1_pubsub/lib/libpart1_pubsub__rosidl_typesupport_introspection_cpp.so
[0.612s] -- Up-to-date: /home/n3h4/Desktop/NEHA/SEDRICA/RosTut/install/part1_pubsub/lib/libpart1_pubsub__rosidl_typesupport_cpp.so
[0.613s] -- Up-to-date: /home/n3h4/Desktop/NEHA/SEDRICA/RosTut/install/part1_pubsub/local/lib/python3.10/dist-packages/part1_pubsub-0.0.0-py3.10.egg-info
[0.613s] -- Installing: /home/n3h4/Desktop/NEHA/SEDRICA/RosTut/install/part1_pubsub/local/lib/python3.10/dist-packages/part1_pubsub-0.0.0-py3.10.egg-info/top_level.txt
[0.613s] -- Installing: /home/n3h4/Desktop/NEHA/SEDRICA/RosTut/install/part1_pubsub/local/lib/python3.10/dist-packages/part1_pubsub-0.0.0-py3.10.egg-info/SOURCES.txt
[0.614s] -- Installing: /home/n3h4/Desktop/NEHA/SEDRICA/RosTut/install/part1_pubsub/local/lib/python3.10/dist-packages/part1_pubsub-0.0.0-py3.10.egg-info/dependency_links.txt
[0.614s] -- Installing: /home/n3h4/Desktop/NEHA/SEDRICA/RosTut/install/part1_pubsub/local/lib/python3.10/dist-packages/part1_pubsub-0.0.0-py3.10.egg-info/PKG-INFO
[0.614s] -- Up-to-date: /home/n3h4/Desktop/NEHA/SEDRICA/RosTut/install/part1_pubsub/local/lib/python3.10/dist-packages/part1_pubsub
[0.614s] -- Up-to-date: /home/n3h4/Desktop/NEHA/SEDRICA/RosTut/install/part1_pubsub/local/lib/python3.10/dist-packages/part1_pubsub/msg
[0.614s] -- Up-to-date: /home/n3h4/Desktop/NEHA/SEDRICA/RosTut/install/part1_pubsub/local/lib/python3.10/dist-packages/part1_pubsub/msg/_eg.py
[0.614s] -- Up-to-date: /home/n3h4/Desktop/NEHA/SEDRICA/RosTut/install/part1_pubsub/local/lib/python3.10/dist-packages/part1_pubsub/msg/__init__.py
[0.614s] -- Up-to-date: /home/n3h4/Desktop/NEHA/SEDRICA/RosTut/install/part1_pubsub/local/lib/python3.10/dist-packages/part1_pubsub/msg/_eg_s.c
[0.615s] -- Up-to-date: /home/n3h4/Desktop/NEHA/SEDRICA/RosTut/install/part1_pubsub/local/lib/python3.10/dist-packages/part1_pubsub/part1_pubsub_s__rosidl_typesupport_introspection_c.cpython-310-x86_64-linux-gnu.so
[0.615s] -- Up-to-date: /home/n3h4/Desktop/NEHA/SEDRICA/RosTut/install/part1_pubsub/local/lib/python3.10/dist-packages/part1_pubsub/libpart1_pubsub__rosidl_generator_py.so
[0.615s] -- Up-to-date: /home/n3h4/Desktop/NEHA/SEDRICA/RosTut/install/part1_pubsub/local/lib/python3.10/dist-packages/part1_pubsub/part1_pubsub_s__rosidl_typesupport_c.cpython-310-x86_64-linux-gnu.so
[0.615s] -- Up-to-date: /home/n3h4/Desktop/NEHA/SEDRICA/RosTut/install/part1_pubsub/local/lib/python3.10/dist-packages/part1_pubsub/_part1_pubsub_s.ep.rosidl_typesupport_introspection_c.c
[0.615s] -- Up-to-date: /home/n3h4/Desktop/NEHA/SEDRICA/RosTut/install/part1_pubsub/local/lib/python3.10/dist-packages/part1_pubsub/_part1_pubsub_s.ep.rosidl_typesupport_c.c
[0.615s] -- Up-to-date: /home/n3h4/Desktop/NEHA/SEDRICA/RosTut/install/part1_pubsub/local/lib/python3.10/dist-packages/part1_pubsub/__init__.py
[0.615s] -- Up-to-date: /home/n3h4/Desktop/NEHA/SEDRICA/RosTut/install/part1_pubsub/local/lib/python3.10/dist-packages/part1_pubsub/_part1_pubsub_s.ep.rosidl_typesupport_fastrtps_c.c
[0.616s] -- Up-to-date: /home/n3h4/Desktop/NEHA/SEDRICA/RosTut/install/part1_pubsub/local/lib/python3.10/dist-packages/part1_pubsub/part1_pubsub_s__rosidl_typesupport_fastrtps_c.cpython-310-x86_64-linux-gnu.so
[0.643s] Listing '/home/n3h4/Desktop/NEHA/SEDRICA/RosTut/install/part1_pubsub/local/lib/python3.10/dist-packages/part1_pubsub'...
[0.643s] Listing '/home/n3h4/Desktop/NEHA/SEDRICA/RosTut/install/part1_pubsub/local/lib/python3.10/dist-packages/part1_pubsub/msg'...
[0.647s] -- Up-to-date: /home/n3h4/Desktop/NEHA/SEDRICA/RosTut/install/part1_pubsub/local/lib/python3.10/dist-packages/part1_pubsub/part1_pubsub_s__rosidl_typesupport_fastrtps_c.cpython-310-x86_64-linux-gnu.so
[0.648s] -- Up-to-date: /home/n3h4/Desktop/NEHA/SEDRICA/RosTut/install/part1_pubsub/local/lib/python3.10/dist-packages/part1_pubsub/part1_pubsub_s__rosidl_typesupport_introspection_c.cpython-310-x86_64-linux-gnu.so
[0.648s] -- Up-to-date: /home/n3h4/Desktop/NEHA/SEDRICA/RosTut/install/part1_pubsub/local/lib/python3.10/dist-packages/part1_pubsub/part1_pubsub_s__rosidl_typesupport_c.cpython-310-x86_64-linux-gnu.so
[0.648s] -- Up-to-date: /home/n3h4/Desktop/NEHA/SEDRICA/RosTut/install/part1_pubsub/lib/libpart1_pubsub__rosidl_generator_py.so
[0.648s] -- Up-to-date: /home/n3h4/Desktop/NEHA/SEDRICA/RosTut/install/part1_pubsub/share/part1_pubsub/msg/Eg.idl
[0.649s] -- Up-to-date: /home/n3h4/Desktop/NEHA/SEDRICA/RosTut/install/part1_pubsub/share/part1_pubsub/msg/Eg.msg
[0.649s] -- Up-to-date: /home/n3h4/Desktop/NEHA/SEDRICA/RosTut/install/part1_pubsub/share/ament_index/resource_index/package_run_dependencies/part1_pubsub
[0.649s] -- Up-to-date: /home/n3h4/Desktop/NEHA/SEDRICA/RosTut/install/part1_pubsub/share/ament_index/resource_index/parent_prefix_path/part1_pubsub
[0.649s] -- Up-to-date: /home/n3h4/Desktop/NEHA/SEDRICA/RosTut/install/part1_pubsub/share/part1_pubsub/environment/ament_prefix_path.sh
[0.649s] -- Up-to-date: /home/n3h4/Desktop/NEHA/SEDRICA/RosTut/install/part1_pubsub/share/part1_pubsub/environment/ament_prefix_path.dsv
[0.649s] -- Up-to-date: /home/n3h4/Desktop/NEHA/SEDRICA/RosTut/install/part1_pubsub/share/part1_pubsub/environment/path.sh
[0.649s] -- Up-to-date: /home/n3h4/Desktop/NEHA/SEDRICA/RosTut/install/part1_pubsub/share/part1_pubsub/environment/path.dsv
[0.649s] -- Up-to-date: /home/n3h4/Desktop/NEHA/SEDRICA/RosTut/install/part1_pubsub/share/part1_pubsub/local_setup.bash
[0.649s] -- Up-to-date: /home/n3h4/Desktop/NEHA/SEDRICA/RosTut/install/part1_pubsub/share/part1_pubsub/local_setup.sh
[0.649s] -- Up-to-date: /home/n3h4/Desktop/NEHA/SEDRICA/RosTut/install/part1_pubsub/share/part1_pubsub/local_setup.zsh
[0.649s] -- Up-to-date: /home/n3h4/Desktop/NEHA/SEDRICA/RosTut/install/part1_pubsub/share/part1_pubsub/local_setup.dsv
[0.649s] -- Installing: /home/n3h4/Desktop/NEHA/SEDRICA/RosTut/install/part1_pubsub/share/part1_pubsub/package.dsv
[0.649s] -- Up-to-date: /home/n3h4/Desktop/NEHA/SEDRICA/RosTut/install/part1_pubsub/share/ament_index/resource_index/packages/part1_pubsub
[0.650s] -- Up-to-date: /home/n3h4/Desktop/NEHA/SEDRICA/RosTut/install/part1_pubsub/share/part1_pubsub/cmake/export_part1_pubsub__rosidl_generator_cExport.cmake
[0.650s] -- Up-to-date: /home/n3h4/Desktop/NEHA/SEDRICA/RosTut/install/part1_pubsub/share/part1_pubsub/cmake/export_part1_pubsub__rosidl_generator_cExport-noconfig.cmake
[0.650s] -- Up-to-date: /home/n3h4/Desktop/NEHA/SEDRICA/RosTut/install/part1_pubsub/share/part1_pubsub/cmake/export_part1_pubsub__rosidl_typesupport_fastrtps_cExport.cmake
[0.650s] -- Up-to-date: /home/n3h4/Desktop/NEHA/SEDRICA/RosTut/install/part1_pubsub/share/part1_pubsub/cmake/export_part1_pubsub__rosidl_typesupport_fastrtps_cExport-noconfig.cmake
[0.650s] -- Up-to-date: /home/n3h4/Desktop/NEHA/SEDRICA/RosTut/install/part1_pubsub/share/part1_pubsub/cmake/export_part1_pubsub__rosidl_generator_cppExport.cmake
[0.650s] -- Up-to-date: /home/n3h4/Desktop/NEHA/SEDRICA/RosTut/install/part1_pubsub/share/part1_pubsub/cmake/export_part1_pubsub__rosidl_typesupport_fastrtps_cppExport.cmake
[0.650s] -- Up-to-date: /home/n3h4/Desktop/NEHA/SEDRICA/RosTut/install/part1_pubsub/share/part1_pubsub/cmake/export_part1_pubsub__rosidl_typesupport_fastrtps_cppExport-noconfig.cmake
[0.650s] -- Up-to-date: /home/n3h4/Desktop/NEHA/SEDRICA/RosTut/install/part1_pubsub/share/part1_pubsub/cmake/part1_pubsub__rosidl_typesupport_introspection_cExport.cmake
[0.650s] -- Up-to-date: /home/n3h4/Desktop/NEHA/SEDRICA/RosTut/install/part1_pubsub/share/part1_pubsub/cmake/part1_pubsub__rosidl_typesupport_introspection_cExport-noconfig.cmake
[0.650s] -- Up-to-date: /home/n3h4/Desktop/NEHA/SEDRICA/RosTut/install/part1_pubsub/share/part1_pubsub/cmake/part1_pubsub__rosidl_typesupport_cExport.cmake
[0.650s] -- Up-to-date: /home/n3h4/Desktop/NEHA/SEDRICA/RosTut/install/part1_pubsub/share/part1_pubsub/cmake/part1_pubsub__rosidl_typesupport_cExport-noconfig.cmake
[0.650s] -- Up-to-date: /home/n3h4/Desktop/NEHA/SEDRICA/RosTut/install/part1_pubsub/share/part1_pubsub/cmake/part1_pubsub__rosidl_typesupport_introspection_cppExport.cmake
[0.651s] -- Up-to-date: /home/n3h4/Desktop/NEHA/SEDRICA/RosTut/install/part1_pubsub/share/part1_pubsub/cmake/part1_pubsub__rosidl_typesupport_introspection_cppExport-noconfig.cmake
[0.651s] -- Up-to-date: /home/n3h4/Desktop/NEHA/SEDRICA/RosTut/install/part1_pubsub/share/part1_pubsub/cmake/part1_pubsub__rosidl_typesupport_cppExport.cmake
[0.651s] -- Up-to-date: /home/n3h4/Desktop/NEHA/SEDRICA/RosTut/install/part1_pubsub/share/part1_pubsub/cmake/part1_pubsub__rosidl_typesupport_cppExport-noconfig.cmake
[0.651s] -- Up-to-date: /home/n3h4/Desktop/NEHA/SEDRICA/RosTut/install/part1_pubsub/share/part1_pubsub/cmake/export_part1_pubsub__rosidl_generator_pyExport.cmake
[0.651s] -- Up-to-date: /home/n3h4/Desktop/NEHA/SEDRICA/RosTut/install/part1_pubsub/share/part1_pubsub/cmake/export_part1_pubsub__rosidl_generator_pyExport-noconfig.cmake
[0.651s] -- Up-to-date: /home/n3h4/Desktop/NEHA/SEDRICA/RosTut/install/part1_pubsub/share/part1_pubsub/cmake/rosidl_cmake-extras.cmake
[0.651s] -- Up-to-date: /home/n3h4/Desktop/NEHA/SEDRICA/RosTut/install/part1_pubsub/share/part1_pubsub/cmake/ament_cmake_export_include_directories-extras.cmake
[0.651s] -- Up-to-date: /home/n3h4/Desktop/NEHA/SEDRICA/RosTut/install/part1_pubsub/share/part1_pubsub/cmake/ament_cmake_export_libraries-extras.cmake
[0.651s] -- Up-to-date: /home/n3h4/Desktop/NEHA/SEDRICA/RosTut/install/part1_pubsub/share/part1_pubsub/cmake/ament_cmake_export_targets-extras.cmake
[0.651s] -- Up-to-date: /home/n3h4/Desktop/NEHA/SEDRICA/RosTut/install/part1_pubsub/share/part1_pubsub/cmake/rosidl_cmake_export_typesupport_targets-extras.cmake
[0.651s] -- Up-to-date: /home/n3h4/Desktop/NEHA/SEDRICA/RosTut/install/part1_pubsub/share/part1_pubsub/cmake/ament_cmake_export_dependencies-extras.cmake
[0.651s] -- Up-to-date: /home/n3h4/Desktop/NEHA/SEDRICA/RosTut/install/part1_pubsub/share/part1_pubsub/cmake/rosidl_cmake_export_typesupport_libraries-extras.cmake
[0.651s] -- Up-to-date: /home/n3h4/Desktop/NEHA/SEDRICA/RosTut/install/part1_pubsub/share/part1_pubsub/cmake/part1_pubsubConfig.cmake
[0.651s] -- Up-to-date: /home/n3h4/Desktop/NEHA/SEDRICA/RosTut/install/part1_pubsub/share/part1_pubsub/cmake/part1_pubsubConfig-version.cmake
[0.651s] -- Up-to-date: /home/n3h4/Desktop/NEHA/SEDRICA/RosTut/install/part1_pubsub/share/part1_pubsub/package.xml
[0.654s] Invoked command in '/home/n3h4/Desktop/NEHA/SEDRICA/RosTut/build/part1_pubsub' returned '0': CMAKE_PREFIX_PATH=${CMAKE_PREFIX_PATH}:/opt/ros/humble /usr/bin/cmake --install /home/n3h4/Desktop/NEHA/SEDRICA/RosTut/build/part1_pubsub
