[0.024s] Invoking command in '/home/n3h4/Desktop/NEHA/SEDRICA/RosTut/build/part1_pubsub': CMAKE_PREFIX_PATH=/opt/ros/humble /usr/bin/cmake /home/n3h4/Desktop/NEHA/SEDRICA/RosTut/part1_pubsub -DCMAKE_INSTALL_PREFIX=/home/n3h4/Desktop/NEHA/SEDRICA/RosTut/install/part1_pubsub
[0.221s] -- The C compiler identification is GNU 11.4.0
[0.365s] -- The CXX compiler identification is GNU 11.4.0
[0.378s] -- Detecting C compiler ABI info
[0.452s] -- Detecting C compiler ABI info - done
[0.466s] -- Check for working C compiler: /usr/bin/cc - skipped
[0.466s] -- Detecting C compile features
[0.466s] -- Detecting C compile features - done
[0.471s] -- Detecting CXX compiler ABI info
[0.552s] -- Detecting CXX compiler ABI info - done
[0.563s] -- Check for working CXX compiler: /usr/bin/c++ - skipped
[0.563s] -- Detecting CXX compile features
[0.564s] -- Detecting CXX compile features - done
[0.566s] -- Found ament_cmake: 1.3.13 (/opt/ros/humble/share/ament_cmake/cmake)
[0.725s] -- Found Python3: /usr/bin/python3 (found version "3.10.12") found components: Interpreter 
[0.827s] -- Found rclcpp: 16.0.18 (/opt/ros/humble/share/rclcpp/cmake)
[0.882s] -- Found rosidl_generator_c: 3.1.8 (/opt/ros/humble/share/rosidl_generator_c/cmake)
[0.889s] -- Found rosidl_adapter: 3.1.8 (/opt/ros/humble/share/rosidl_adapter/cmake)
[0.903s] -- Found rosidl_generator_cpp: 3.1.8 (/opt/ros/humble/share/rosidl_generator_cpp/cmake)
[0.922s] -- Using all available rosidl_typesupport_c: rosidl_typesupport_fastrtps_c;rosidl_typesupport_introspection_c
[0.943s] -- Using all available rosidl_typesupport_cpp: rosidl_typesupport_fastrtps_cpp;rosidl_typesupport_introspection_cpp
[1.008s] -- Found rmw_implementation_cmake: 6.1.2 (/opt/ros/humble/share/rmw_implementation_cmake/cmake)
[1.012s] -- Found rmw_fastrtps_cpp: 6.2.10 (/opt/ros/humble/share/rmw_fastrtps_cpp/cmake)
[1.111s] -- Found OpenSSL: /usr/lib/x86_64-linux-gnu/libcrypto.so (found version "3.0.2")  
[1.136s] -- Found FastRTPS: /opt/ros/humble/include  
[1.172s] -- Using RMW implementation 'rmw_fastrtps_cpp' as default
[1.185s] -- Looking for pthread.h
[1.267s] -- Looking for pthread.h - found
[1.268s] -- Performing Test CMAKE_HAVE_LIBC_PTHREAD
[1.336s] -- Performing Test CMAKE_HAVE_LIBC_PTHREAD - Success
[1.337s] -- Found Threads: TRUE  
[1.426s] -- Found rclpy: 3.3.20 (/opt/ros/humble/share/rclpy/cmake)
[1.559s] -- Configuring done
[1.564s] -- Generating done
[1.568s] -- Build files have been written to: /home/n3h4/Desktop/NEHA/SEDRICA/RosTut/build/part1_pubsub
[1.577s] Invoked command in '/home/n3h4/Desktop/NEHA/SEDRICA/RosTut/build/part1_pubsub' returned '0': CMAKE_PREFIX_PATH=/opt/ros/humble /usr/bin/cmake /home/n3h4/Desktop/NEHA/SEDRICA/RosTut/part1_pubsub -DCMAKE_INSTALL_PREFIX=/home/n3h4/Desktop/NEHA/SEDRICA/RosTut/install/part1_pubsub
[1.579s] Invoking command in '/home/n3h4/Desktop/NEHA/SEDRICA/RosTut/build/part1_pubsub': CMAKE_PREFIX_PATH=/opt/ros/humble /usr/bin/cmake --build /home/n3h4/Desktop/NEHA/SEDRICA/RosTut/build/part1_pubsub -- -j12 -l12
[1.629s] Built target ament_cmake_python_copy_part1_pubsub_modules
[1.850s] running egg_info
[1.850s] creating part1_pubsub_modules.egg-info
[1.850s] writing part1_pubsub_modules.egg-info/PKG-INFO
[1.850s] writing dependency_links to part1_pubsub_modules.egg-info/dependency_links.txt
[1.850s] writing top-level names to part1_pubsub_modules.egg-info/top_level.txt
[1.851s] writing manifest file 'part1_pubsub_modules.egg-info/SOURCES.txt'
[1.852s] reading manifest file 'part1_pubsub_modules.egg-info/SOURCES.txt'
[1.853s] writing manifest file 'part1_pubsub_modules.egg-info/SOURCES.txt'
[1.875s] Built target ament_cmake_python_build_part1_pubsub_modules_egg
[1.885s] Invoked command in '/home/n3h4/Desktop/NEHA/SEDRICA/RosTut/build/part1_pubsub' returned '0': CMAKE_PREFIX_PATH=/opt/ros/humble /usr/bin/cmake --build /home/n3h4/Desktop/NEHA/SEDRICA/RosTut/build/part1_pubsub -- -j12 -l12
[1.886s] Invoking command in '/home/n3h4/Desktop/NEHA/SEDRICA/RosTut/build/part1_pubsub': CMAKE_PREFIX_PATH=/opt/ros/humble /usr/bin/cmake --install /home/n3h4/Desktop/NEHA/SEDRICA/RosTut/build/part1_pubsub
[1.892s] -- Install configuration: ""
[1.893s] -- Installing: /home/n3h4/Desktop/NEHA/SEDRICA/RosTut/install/part1_pubsub/share/part1_pubsub/environment/pythonpath.sh
[1.893s] -- Installing: /home/n3h4/Desktop/NEHA/SEDRICA/RosTut/install/part1_pubsub/share/part1_pubsub/environment/pythonpath.dsv
[1.893s] -- Installing: /home/n3h4/Desktop/NEHA/SEDRICA/RosTut/install/part1_pubsub/local/lib/python3.10/dist-packages/part1_pubsub_modules-0.0.0-py3.10.egg-info
[1.893s] -- Installing: /home/n3h4/Desktop/NEHA/SEDRICA/RosTut/install/part1_pubsub/local/lib/python3.10/dist-packages/part1_pubsub_modules-0.0.0-py3.10.egg-info/top_level.txt
[1.893s] -- Installing: /home/n3h4/Desktop/NEHA/SEDRICA/RosTut/install/part1_pubsub/local/lib/python3.10/dist-packages/part1_pubsub_modules-0.0.0-py3.10.egg-info/SOURCES.txt
[1.893s] -- Installing: /home/n3h4/Desktop/NEHA/SEDRICA/RosTut/install/part1_pubsub/local/lib/python3.10/dist-packages/part1_pubsub_modules-0.0.0-py3.10.egg-info/dependency_links.txt
[1.893s] -- Installing: /home/n3h4/Desktop/NEHA/SEDRICA/RosTut/install/part1_pubsub/local/lib/python3.10/dist-packages/part1_pubsub_modules-0.0.0-py3.10.egg-info/PKG-INFO
[1.894s] -- Installing: /home/n3h4/Desktop/NEHA/SEDRICA/RosTut/install/part1_pubsub/local/lib/python3.10/dist-packages/part1_pubsub_modules
[1.894s] -- Installing: /home/n3h4/Desktop/NEHA/SEDRICA/RosTut/install/part1_pubsub/local/lib/python3.10/dist-packages/part1_pubsub_modules/__init__.py
[1.894s] -- Installing: /home/n3h4/Desktop/NEHA/SEDRICA/RosTut/install/part1_pubsub/local/lib/python3.10/dist-packages/part1_pubsub_modules/tb3_tools.py
[1.922s] Listing '/home/n3h4/Desktop/NEHA/SEDRICA/RosTut/install/part1_pubsub/local/lib/python3.10/dist-packages/part1_pubsub_modules'...
[1.923s] Compiling '/home/n3h4/Desktop/NEHA/SEDRICA/RosTut/install/part1_pubsub/local/lib/python3.10/dist-packages/part1_pubsub_modules/__init__.py'...
[1.923s] Compiling '/home/n3h4/Desktop/NEHA/SEDRICA/RosTut/install/part1_pubsub/local/lib/python3.10/dist-packages/part1_pubsub_modules/tb3_tools.py'...
[1.927s] -- Installing: /home/n3h4/Desktop/NEHA/SEDRICA/RosTut/install/part1_pubsub/lib/part1_pubsub/basic_velocity_control.py
[1.927s] -- Installing: /home/n3h4/Desktop/NEHA/SEDRICA/RosTut/install/part1_pubsub/lib/part1_pubsub/stop_me.py
[1.927s] -- Installing: /home/n3h4/Desktop/NEHA/SEDRICA/RosTut/install/part1_pubsub/lib/part1_pubsub/publisher.py
[1.927s] -- Installing: /home/n3h4/Desktop/NEHA/SEDRICA/RosTut/install/part1_pubsub/share/ament_index/resource_index/package_run_dependencies/part1_pubsub
[1.927s] -- Installing: /home/n3h4/Desktop/NEHA/SEDRICA/RosTut/install/part1_pubsub/share/ament_index/resource_index/parent_prefix_path/part1_pubsub
[1.927s] -- Installing: /home/n3h4/Desktop/NEHA/SEDRICA/RosTut/install/part1_pubsub/share/part1_pubsub/environment/ament_prefix_path.sh
[1.928s] -- Installing: /home/n3h4/Desktop/NEHA/SEDRICA/RosTut/install/part1_pubsub/share/part1_pubsub/environment/ament_prefix_path.dsv
[1.928s] -- Installing: /home/n3h4/Desktop/NEHA/SEDRICA/RosTut/install/part1_pubsub/share/part1_pubsub/environment/path.sh
[1.928s] -- Installing: /home/n3h4/Desktop/NEHA/SEDRICA/RosTut/install/part1_pubsub/share/part1_pubsub/environment/path.dsv
[1.928s] -- Installing: /home/n3h4/Desktop/NEHA/SEDRICA/RosTut/install/part1_pubsub/share/part1_pubsub/local_setup.bash
[1.928s] -- Installing: /home/n3h4/Desktop/NEHA/SEDRICA/RosTut/install/part1_pubsub/share/part1_pubsub/local_setup.sh
[1.928s] -- Installing: /home/n3h4/Desktop/NEHA/SEDRICA/RosTut/install/part1_pubsub/share/part1_pubsub/local_setup.zsh
[1.929s] -- Installing: /home/n3h4/Desktop/NEHA/SEDRICA/RosTut/install/part1_pubsub/share/part1_pubsub/local_setup.dsv
[1.929s] -- Installing: /home/n3h4/Desktop/NEHA/SEDRICA/RosTut/install/part1_pubsub/share/part1_pubsub/package.dsv
[1.929s] -- Installing: /home/n3h4/Desktop/NEHA/SEDRICA/RosTut/install/part1_pubsub/share/ament_index/resource_index/packages/part1_pubsub
[1.929s] -- Installing: /home/n3h4/Desktop/NEHA/SEDRICA/RosTut/install/part1_pubsub/share/part1_pubsub/cmake/part1_pubsubConfig.cmake
[1.929s] -- Installing: /home/n3h4/Desktop/NEHA/SEDRICA/RosTut/install/part1_pubsub/share/part1_pubsub/cmake/part1_pubsubConfig-version.cmake
[1.930s] -- Installing: /home/n3h4/Desktop/NEHA/SEDRICA/RosTut/install/part1_pubsub/share/part1_pubsub/package.xml
[1.932s] Invoked command in '/home/n3h4/Desktop/NEHA/SEDRICA/RosTut/build/part1_pubsub' returned '0': CMAKE_PREFIX_PATH=/opt/ros/humble /usr/bin/cmake --install /home/n3h4/Desktop/NEHA/SEDRICA/RosTut/build/part1_pubsub
