[0.013s] Invoking command in '/home/n3h4/Desktop/NEHA/SEDRICA/STAR/week0/RosTut/build/part2_navigation': CMAKE_PREFIX_PATH=${CMAKE_PREFIX_PATH}:/opt/ros/humble /usr/bin/cmake --build /home/n3h4/Desktop/NEHA/SEDRICA/STAR/week0/RosTut/build/part2_navigation -- -j12 -l12
[0.050s] -- Found ament_cmake: 1.3.13 (/opt/ros/humble/share/ament_cmake/cmake)
[0.206s] -- Override CMake install command with custom implementation using symlinks instead of copying resources
[0.215s] -- Found rclcpp: 16.0.18 (/opt/ros/humble/share/rclcpp/cmake)
[0.253s] -- Found rosidl_generator_c: 3.1.8 (/opt/ros/humble/share/rosidl_generator_c/cmake)
[0.256s] -- Found rosidl_adapter: 3.1.8 (/opt/ros/humble/share/rosidl_adapter/cmake)
[0.264s] -- Found rosidl_generator_cpp: 3.1.8 (/opt/ros/humble/share/rosidl_generator_cpp/cmake)
[0.275s] -- Using all available rosidl_typesupport_c: rosidl_typesupport_fastrtps_c;rosidl_typesupport_introspection_c
[0.291s] -- Using all available rosidl_typesupport_cpp: rosidl_typesupport_fastrtps_cpp;rosidl_typesupport_introspection_cpp
[0.334s] -- Found rmw_implementation_cmake: 6.1.2 (/opt/ros/humble/share/rmw_implementation_cmake/cmake)
[0.336s] -- Found rmw_fastrtps_cpp: 6.2.10 (/opt/ros/humble/share/rmw_fastrtps_cpp/cmake)
[0.471s] -- Using RMW implementation 'rmw_fastrtps_cpp' as default
[0.538s] -- Found rclpy: 3.3.20 (/opt/ros/humble/share/rclpy/cmake)
[0.698s] -- Configuring done
[0.705s] -- Generating done
[0.709s] -- Build files have been written to: /home/n3h4/Desktop/NEHA/SEDRICA/STAR/week0/RosTut/build/part2_navigation
[0.765s] Built target ament_cmake_python_symlink_part2_navigation_modules
[1.099s] running egg_info
[1.100s] writing part2_navigation_modules.egg-info/PKG-INFO
[1.100s] writing dependency_links to part2_navigation_modules.egg-info/dependency_links.txt
[1.101s] writing top-level names to part2_navigation_modules.egg-info/top_level.txt
[1.103s] reading manifest file 'part2_navigation_modules.egg-info/SOURCES.txt'
[1.104s] writing manifest file 'part2_navigation_modules.egg-info/SOURCES.txt'
[1.135s] Built target ament_cmake_python_build_part2_navigation_modules_egg
[1.150s] Invoked command in '/home/n3h4/Desktop/NEHA/SEDRICA/STAR/week0/RosTut/build/part2_navigation' returned '0': CMAKE_PREFIX_PATH=${CMAKE_PREFIX_PATH}:/opt/ros/humble /usr/bin/cmake --build /home/n3h4/Desktop/NEHA/SEDRICA/STAR/week0/RosTut/build/part2_navigation -- -j12 -l12
[1.163s] Invoking command in '/home/n3h4/Desktop/NEHA/SEDRICA/STAR/week0/RosTut/build/part2_navigation': CMAKE_PREFIX_PATH=${CMAKE_PREFIX_PATH}:/opt/ros/humble /usr/bin/cmake --install /home/n3h4/Desktop/NEHA/SEDRICA/STAR/week0/RosTut/build/part2_navigation
[1.172s] -- Install configuration: ""
[1.173s] -- Execute custom install script
[1.173s] -- Up-to-date symlink: /home/n3h4/Desktop/NEHA/SEDRICA/STAR/week0/RosTut/install/part2_navigation/share/part2_navigation/environment/pythonpath.sh
[1.173s] -- Up-to-date symlink: /home/n3h4/Desktop/NEHA/SEDRICA/STAR/week0/RosTut/install/part2_navigation/share/part2_navigation/environment/pythonpath.dsv
[1.174s] -- Up-to-date symlink: /home/n3h4/Desktop/NEHA/SEDRICA/STAR/week0/RosTut/install/part2_navigation/local/lib/python3.10/dist-packages/part2_navigation_modules-0.0.0-py3.10.egg-info/PKG-INFO
[1.174s] -- Up-to-date symlink: /home/n3h4/Desktop/NEHA/SEDRICA/STAR/week0/RosTut/install/part2_navigation/local/lib/python3.10/dist-packages/part2_navigation_modules-0.0.0-py3.10.egg-info/SOURCES.txt
[1.174s] -- Up-to-date symlink: /home/n3h4/Desktop/NEHA/SEDRICA/STAR/week0/RosTut/install/part2_navigation/local/lib/python3.10/dist-packages/part2_navigation_modules-0.0.0-py3.10.egg-info/dependency_links.txt
[1.174s] -- Up-to-date symlink: /home/n3h4/Desktop/NEHA/SEDRICA/STAR/week0/RosTut/install/part2_navigation/local/lib/python3.10/dist-packages/part2_navigation_modules-0.0.0-py3.10.egg-info/top_level.txt
[1.175s] -- Up-to-date symlink: /home/n3h4/Desktop/NEHA/SEDRICA/STAR/week0/RosTut/install/part2_navigation/local/lib/python3.10/dist-packages/part2_navigation_modules/__init__.py
[1.175s] -- Up-to-date symlink: /home/n3h4/Desktop/NEHA/SEDRICA/STAR/week0/RosTut/install/part2_navigation/local/lib/python3.10/dist-packages/part2_navigation_modules/tb3_tools.py
[1.175s] -- Up-to-date symlink: /home/n3h4/Desktop/NEHA/SEDRICA/STAR/week0/RosTut/install/part2_navigation/lib/part2_navigation/basic_velocity_control.py
[1.175s] -- Up-to-date symlink: /home/n3h4/Desktop/NEHA/SEDRICA/STAR/week0/RosTut/install/part2_navigation/lib/part2_navigation/stop_me.py
[1.176s] -- Up-to-date symlink: /home/n3h4/Desktop/NEHA/SEDRICA/STAR/week0/RosTut/install/part2_navigation/lib/part2_navigation/odom_subscriber.py
[1.176s] -- Symlinking: /home/n3h4/Desktop/NEHA/SEDRICA/STAR/week0/RosTut/install/part2_navigation/lib/part2_navigation/move_circle.py
[1.186s] -- Up-to-date symlink: /home/n3h4/Desktop/NEHA/SEDRICA/STAR/week0/RosTut/install/part2_navigation/share/ament_index/resource_index/package_run_dependencies/part2_navigation
[1.187s] -- Up-to-date symlink: /home/n3h4/Desktop/NEHA/SEDRICA/STAR/week0/RosTut/install/part2_navigation/share/ament_index/resource_index/parent_prefix_path/part2_navigation
[1.187s] -- Up-to-date symlink: /home/n3h4/Desktop/NEHA/SEDRICA/STAR/week0/RosTut/install/part2_navigation/share/part2_navigation/environment/ament_prefix_path.sh
[1.187s] -- Up-to-date symlink: /home/n3h4/Desktop/NEHA/SEDRICA/STAR/week0/RosTut/install/part2_navigation/share/part2_navigation/environment/ament_prefix_path.dsv
[1.187s] -- Up-to-date symlink: /home/n3h4/Desktop/NEHA/SEDRICA/STAR/week0/RosTut/install/part2_navigation/share/part2_navigation/environment/path.sh
[1.187s] -- Up-to-date symlink: /home/n3h4/Desktop/NEHA/SEDRICA/STAR/week0/RosTut/install/part2_navigation/share/part2_navigation/environment/path.dsv
[1.188s] -- Up-to-date symlink: /home/n3h4/Desktop/NEHA/SEDRICA/STAR/week0/RosTut/install/part2_navigation/share/part2_navigation/local_setup.bash
[1.188s] -- Up-to-date symlink: /home/n3h4/Desktop/NEHA/SEDRICA/STAR/week0/RosTut/install/part2_navigation/share/part2_navigation/local_setup.sh
[1.188s] -- Up-to-date symlink: /home/n3h4/Desktop/NEHA/SEDRICA/STAR/week0/RosTut/install/part2_navigation/share/part2_navigation/local_setup.zsh
[1.188s] -- Up-to-date symlink: /home/n3h4/Desktop/NEHA/SEDRICA/STAR/week0/RosTut/install/part2_navigation/share/part2_navigation/local_setup.dsv
[1.188s] -- Symlinking: /home/n3h4/Desktop/NEHA/SEDRICA/STAR/week0/RosTut/install/part2_navigation/share/part2_navigation/package.dsv
[1.199s] -- Up-to-date symlink: /home/n3h4/Desktop/NEHA/SEDRICA/STAR/week0/RosTut/install/part2_navigation/share/ament_index/resource_index/packages/part2_navigation
[1.199s] -- Up-to-date symlink: /home/n3h4/Desktop/NEHA/SEDRICA/STAR/week0/RosTut/install/part2_navigation/share/part2_navigation/cmake/part2_navigationConfig.cmake
[1.199s] -- Up-to-date symlink: /home/n3h4/Desktop/NEHA/SEDRICA/STAR/week0/RosTut/install/part2_navigation/share/part2_navigation/cmake/part2_navigationConfig-version.cmake
[1.200s] -- Up-to-date symlink: /home/n3h4/Desktop/NEHA/SEDRICA/STAR/week0/RosTut/install/part2_navigation/share/part2_navigation/package.xml
[1.243s] Listing '/home/n3h4/Desktop/NEHA/SEDRICA/STAR/week0/RosTut/install/part2_navigation/local/lib/python3.10/dist-packages/part2_navigation_modules'...
[1.251s] Invoked command in '/home/n3h4/Desktop/NEHA/SEDRICA/STAR/week0/RosTut/build/part2_navigation' returned '0': CMAKE_PREFIX_PATH=${CMAKE_PREFIX_PATH}:/opt/ros/humble /usr/bin/cmake --install /home/n3h4/Desktop/NEHA/SEDRICA/STAR/week0/RosTut/build/part2_navigation
