[0.227s] DEBUG:colcon:Command line arguments: ['/usr/bin/colcon', 'build']
[0.227s] DEBUG:colcon:Parsed command line arguments: Namespace(log_base=None, log_level=None, verb_name='build', build_base='build', install_base='install', merge_install=False, symlink_install=False, test_result_base=None, continue_on_error=False, executor='parallel', parallel_workers=12, event_handlers=None, ignore_user_meta=False, metas=['./colcon.meta'], base_paths=['.'], packages_ignore=None, packages_ignore_regex=None, paths=None, packages_up_to=None, packages_up_to_regex=None, packages_above=None, packages_above_and_dependencies=None, packages_above_depth=None, packages_select_by_dep=None, packages_skip_by_dep=None, packages_skip_up_to=None, packages_select_build_failed=False, packages_skip_build_finished=False, packages_select_test_failures=False, packages_skip_test_passed=False, packages_select=None, packages_skip=None, packages_select_regex=None, packages_skip_regex=None, packages_start=None, packages_end=None, allow_overriding=[], cmake_args=None, cmake_target=None, cmake_target_skip_unavailable=False, cmake_clean_cache=False, cmake_clean_first=False, cmake_force_configure=False, ament_cmake_args=None, catkin_cmake_args=None, catkin_skip_building_tests=False, verb_parser=<colcon_defaults.argument_parser.defaults.DefaultArgumentsDecorator object at 0x7a616af3fe80>, verb_extension=<colcon_core.verb.build.BuildVerb object at 0x7a616b081390>, main=<bound method BuildVerb.main of <colcon_core.verb.build.BuildVerb object at 0x7a616b081390>>)
[0.546s] Level 1:colcon.colcon_core.package_discovery:discover_packages(colcon_meta) check parameters
[0.546s] Level 1:colcon.colcon_core.package_discovery:discover_packages(recursive) check parameters
[0.546s] Level 1:colcon.colcon_core.package_discovery:discover_packages(ignore) check parameters
[0.546s] Level 1:colcon.colcon_core.package_discovery:discover_packages(path) check parameters
[0.546s] Level 1:colcon.colcon_core.package_discovery:discover_packages(colcon_meta) discover
[0.546s] Level 1:colcon.colcon_core.package_discovery:discover_packages(recursive) discover
[0.546s] INFO:colcon.colcon_core.package_discovery:Crawling recursively for packages in '/home/n3h4/Desktop/NEHA/SEDRICA/RosTut'
[0.547s] Level 1:colcon.colcon_core.package_identification:_identify(.) by extensions ['ignore', 'ignore_ament_install']
[0.547s] Level 1:colcon.colcon_core.package_identification:_identify(.) by extension 'ignore'
[0.547s] Level 1:colcon.colcon_core.package_identification:_identify(.) by extension 'ignore_ament_install'
[0.547s] Level 1:colcon.colcon_core.package_identification:_identify(.) by extensions ['colcon_pkg']
[0.547s] Level 1:colcon.colcon_core.package_identification:_identify(.) by extension 'colcon_pkg'
[0.547s] Level 1:colcon.colcon_core.package_identification:_identify(.) by extensions ['colcon_meta']
[0.547s] Level 1:colcon.colcon_core.package_identification:_identify(.) by extension 'colcon_meta'
[0.547s] Level 1:colcon.colcon_core.package_identification:_identify(.) by extensions ['ros']
[0.547s] Level 1:colcon.colcon_core.package_identification:_identify(.) by extension 'ros'
[0.557s] Level 1:colcon.colcon_core.package_identification:_identify(.) by extensions ['cmake', 'python']
[0.557s] Level 1:colcon.colcon_core.package_identification:_identify(.) by extension 'cmake'
[0.557s] Level 1:colcon.colcon_core.package_identification:_identify(.) by extension 'python'
[0.557s] Level 1:colcon.colcon_core.package_identification:_identify(.) by extensions ['python_setup_py']
[0.557s] Level 1:colcon.colcon_core.package_identification:_identify(.) by extension 'python_setup_py'
[0.557s] Level 1:colcon.colcon_core.package_identification:_identify(build) by extensions ['ignore', 'ignore_ament_install']
[0.558s] Level 1:colcon.colcon_core.package_identification:_identify(build) by extension 'ignore'
[0.558s] Level 1:colcon.colcon_core.package_identification:_identify(build) ignored
[0.558s] Level 1:colcon.colcon_core.package_identification:_identify(install) by extensions ['ignore', 'ignore_ament_install']
[0.558s] Level 1:colcon.colcon_core.package_identification:_identify(install) by extension 'ignore'
[0.558s] Level 1:colcon.colcon_core.package_identification:_identify(install) ignored
[0.558s] Level 1:colcon.colcon_core.package_identification:_identify(log) by extensions ['ignore', 'ignore_ament_install']
[0.558s] Level 1:colcon.colcon_core.package_identification:_identify(log) by extension 'ignore'
[0.558s] Level 1:colcon.colcon_core.package_identification:_identify(log) ignored
[0.558s] Level 1:colcon.colcon_core.package_identification:_identify(part1_pubsub) by extensions ['ignore', 'ignore_ament_install']
[0.558s] Level 1:colcon.colcon_core.package_identification:_identify(part1_pubsub) by extension 'ignore'
[0.558s] Level 1:colcon.colcon_core.package_identification:_identify(part1_pubsub) by extension 'ignore_ament_install'
[0.558s] Level 1:colcon.colcon_core.package_identification:_identify(part1_pubsub) by extensions ['colcon_pkg']
[0.558s] Level 1:colcon.colcon_core.package_identification:_identify(part1_pubsub) by extension 'colcon_pkg'
[0.558s] Level 1:colcon.colcon_core.package_identification:_identify(part1_pubsub) by extensions ['colcon_meta']
[0.558s] Level 1:colcon.colcon_core.package_identification:_identify(part1_pubsub) by extension 'colcon_meta'
[0.558s] Level 1:colcon.colcon_core.package_identification:_identify(part1_pubsub) by extensions ['ros']
[0.558s] Level 1:colcon.colcon_core.package_identification:_identify(part1_pubsub) by extension 'ros'
[0.561s] DEBUG:colcon.colcon_core.package_identification:Package 'part1_pubsub' with type 'ros.ament_cmake' and name 'part1_pubsub'
[0.561s] Level 1:colcon.colcon_core.package_identification:_identify(tuos_ros) by extensions ['ignore', 'ignore_ament_install']
[0.562s] Level 1:colcon.colcon_core.package_identification:_identify(tuos_ros) by extension 'ignore'
[0.562s] Level 1:colcon.colcon_core.package_identification:_identify(tuos_ros) by extension 'ignore_ament_install'
[0.562s] Level 1:colcon.colcon_core.package_identification:_identify(tuos_ros) by extensions ['colcon_pkg']
[0.562s] Level 1:colcon.colcon_core.package_identification:_identify(tuos_ros) by extension 'colcon_pkg'
[0.562s] Level 1:colcon.colcon_core.package_identification:_identify(tuos_ros) by extensions ['colcon_meta']
[0.562s] Level 1:colcon.colcon_core.package_identification:_identify(tuos_ros) by extension 'colcon_meta'
[0.562s] Level 1:colcon.colcon_core.package_identification:_identify(tuos_ros) by extensions ['ros']
[0.562s] Level 1:colcon.colcon_core.package_identification:_identify(tuos_ros) by extension 'ros'
[0.562s] Level 1:colcon.colcon_core.package_identification:_identify(tuos_ros) by extensions ['cmake', 'python']
[0.562s] Level 1:colcon.colcon_core.package_identification:_identify(tuos_ros) by extension 'cmake'
[0.562s] Level 1:colcon.colcon_core.package_identification:_identify(tuos_ros) by extension 'python'
[0.562s] Level 1:colcon.colcon_core.package_identification:_identify(tuos_ros) by extensions ['python_setup_py']
[0.562s] Level 1:colcon.colcon_core.package_identification:_identify(tuos_ros) by extension 'python_setup_py'
[0.562s] Level 1:colcon.colcon_core.package_identification:_identify(tuos_ros/com2009_simulations) by extensions ['ignore', 'ignore_ament_install']
[0.562s] Level 1:colcon.colcon_core.package_identification:_identify(tuos_ros/com2009_simulations) by extension 'ignore'
[0.562s] Level 1:colcon.colcon_core.package_identification:_identify(tuos_ros/com2009_simulations) by extension 'ignore_ament_install'
[0.562s] Level 1:colcon.colcon_core.package_identification:_identify(tuos_ros/com2009_simulations) by extensions ['colcon_pkg']
[0.562s] Level 1:colcon.colcon_core.package_identification:_identify(tuos_ros/com2009_simulations) by extension 'colcon_pkg'
[0.562s] Level 1:colcon.colcon_core.package_identification:_identify(tuos_ros/com2009_simulations) by extensions ['colcon_meta']
[0.562s] Level 1:colcon.colcon_core.package_identification:_identify(tuos_ros/com2009_simulations) by extension 'colcon_meta'
[0.562s] Level 1:colcon.colcon_core.package_identification:_identify(tuos_ros/com2009_simulations) by extensions ['ros']
[0.562s] Level 1:colcon.colcon_core.package_identification:_identify(tuos_ros/com2009_simulations) by extension 'ros'
[0.563s] DEBUG:colcon.colcon_core.package_identification:Package 'tuos_ros/com2009_simulations' with type 'ros.ament_cmake' and name 'com2009_simulations'
[0.563s] Level 1:colcon.colcon_core.package_identification:_identify(tuos_ros/tuos_examples) by extensions ['ignore', 'ignore_ament_install']
[0.564s] Level 1:colcon.colcon_core.package_identification:_identify(tuos_ros/tuos_examples) by extension 'ignore'
[0.564s] Level 1:colcon.colcon_core.package_identification:_identify(tuos_ros/tuos_examples) by extension 'ignore_ament_install'
[0.564s] Level 1:colcon.colcon_core.package_identification:_identify(tuos_ros/tuos_examples) by extensions ['colcon_pkg']
[0.564s] Level 1:colcon.colcon_core.package_identification:_identify(tuos_ros/tuos_examples) by extension 'colcon_pkg'
[0.564s] Level 1:colcon.colcon_core.package_identification:_identify(tuos_ros/tuos_examples) by extensions ['colcon_meta']
[0.564s] Level 1:colcon.colcon_core.package_identification:_identify(tuos_ros/tuos_examples) by extension 'colcon_meta'
[0.564s] Level 1:colcon.colcon_core.package_identification:_identify(tuos_ros/tuos_examples) by extensions ['ros']
[0.564s] Level 1:colcon.colcon_core.package_identification:_identify(tuos_ros/tuos_examples) by extension 'ros'
[0.565s] DEBUG:colcon.colcon_core.package_identification:Package 'tuos_ros/tuos_examples' with type 'ros.ament_cmake' and name 'tuos_examples'
[0.565s] Level 1:colcon.colcon_core.package_identification:_identify(tuos_ros/tuos_interfaces) by extensions ['ignore', 'ignore_ament_install']
[0.565s] Level 1:colcon.colcon_core.package_identification:_identify(tuos_ros/tuos_interfaces) by extension 'ignore'
[0.565s] Level 1:colcon.colcon_core.package_identification:_identify(tuos_ros/tuos_interfaces) by extension 'ignore_ament_install'
[0.565s] Level 1:colcon.colcon_core.package_identification:_identify(tuos_ros/tuos_interfaces) by extensions ['colcon_pkg']
[0.565s] Level 1:colcon.colcon_core.package_identification:_identify(tuos_ros/tuos_interfaces) by extension 'colcon_pkg'
[0.565s] Level 1:colcon.colcon_core.package_identification:_identify(tuos_ros/tuos_interfaces) by extensions ['colcon_meta']
[0.565s] Level 1:colcon.colcon_core.package_identification:_identify(tuos_ros/tuos_interfaces) by extension 'colcon_meta'
[0.565s] Level 1:colcon.colcon_core.package_identification:_identify(tuos_ros/tuos_interfaces) by extensions ['ros']
[0.565s] Level 1:colcon.colcon_core.package_identification:_identify(tuos_ros/tuos_interfaces) by extension 'ros'
[0.566s] DEBUG:colcon.colcon_core.package_identification:Package 'tuos_ros/tuos_interfaces' with type 'ros.ament_cmake' and name 'tuos_interfaces'
[0.566s] Level 1:colcon.colcon_core.package_identification:_identify(tuos_ros/tuos_ros) by extensions ['ignore', 'ignore_ament_install']
[0.566s] Level 1:colcon.colcon_core.package_identification:_identify(tuos_ros/tuos_ros) by extension 'ignore'
[0.566s] Level 1:colcon.colcon_core.package_identification:_identify(tuos_ros/tuos_ros) by extension 'ignore_ament_install'
[0.566s] Level 1:colcon.colcon_core.package_identification:_identify(tuos_ros/tuos_ros) by extensions ['colcon_pkg']
[0.566s] Level 1:colcon.colcon_core.package_identification:_identify(tuos_ros/tuos_ros) by extension 'colcon_pkg'
[0.566s] Level 1:colcon.colcon_core.package_identification:_identify(tuos_ros/tuos_ros) by extensions ['colcon_meta']
[0.566s] Level 1:colcon.colcon_core.package_identification:_identify(tuos_ros/tuos_ros) by extension 'colcon_meta'
[0.566s] Level 1:colcon.colcon_core.package_identification:_identify(tuos_ros/tuos_ros) by extensions ['ros']
[0.566s] Level 1:colcon.colcon_core.package_identification:_identify(tuos_ros/tuos_ros) by extension 'ros'
[0.567s] DEBUG:colcon.colcon_core.package_identification:Package 'tuos_ros/tuos_ros' with type 'ros.ament_cmake' and name 'tuos_ros'
[0.567s] Level 1:colcon.colcon_core.package_identification:_identify(tuos_ros/tuos_simulations) by extensions ['ignore', 'ignore_ament_install']
[0.567s] Level 1:colcon.colcon_core.package_identification:_identify(tuos_ros/tuos_simulations) by extension 'ignore'
[0.567s] Level 1:colcon.colcon_core.package_identification:_identify(tuos_ros/tuos_simulations) by extension 'ignore_ament_install'
[0.567s] Level 1:colcon.colcon_core.package_identification:_identify(tuos_ros/tuos_simulations) by extensions ['colcon_pkg']
[0.567s] Level 1:colcon.colcon_core.package_identification:_identify(tuos_ros/tuos_simulations) by extension 'colcon_pkg'
[0.568s] Level 1:colcon.colcon_core.package_identification:_identify(tuos_ros/tuos_simulations) by extensions ['colcon_meta']
[0.568s] Level 1:colcon.colcon_core.package_identification:_identify(tuos_ros/tuos_simulations) by extension 'colcon_meta'
[0.568s] Level 1:colcon.colcon_core.package_identification:_identify(tuos_ros/tuos_simulations) by extensions ['ros']
[0.568s] Level 1:colcon.colcon_core.package_identification:_identify(tuos_ros/tuos_simulations) by extension 'ros'
[0.568s] DEBUG:colcon.colcon_core.package_identification:Package 'tuos_ros/tuos_simulations' with type 'ros.ament_cmake' and name 'tuos_simulations'
[0.569s] Level 1:colcon.colcon_core.package_identification:_identify(tuos_ros/tuos_tb3_tools) by extensions ['ignore', 'ignore_ament_install']
[0.569s] Level 1:colcon.colcon_core.package_identification:_identify(tuos_ros/tuos_tb3_tools) by extension 'ignore'
[0.569s] Level 1:colcon.colcon_core.package_identification:_identify(tuos_ros/tuos_tb3_tools) by extension 'ignore_ament_install'
[0.569s] Level 1:colcon.colcon_core.package_identification:_identify(tuos_ros/tuos_tb3_tools) by extensions ['colcon_pkg']
[0.569s] Level 1:colcon.colcon_core.package_identification:_identify(tuos_ros/tuos_tb3_tools) by extension 'colcon_pkg'
[0.569s] Level 1:colcon.colcon_core.package_identification:_identify(tuos_ros/tuos_tb3_tools) by extensions ['colcon_meta']
[0.569s] Level 1:colcon.colcon_core.package_identification:_identify(tuos_ros/tuos_tb3_tools) by extension 'colcon_meta'
[0.569s] Level 1:colcon.colcon_core.package_identification:_identify(tuos_ros/tuos_tb3_tools) by extensions ['ros']
[0.569s] Level 1:colcon.colcon_core.package_identification:_identify(tuos_ros/tuos_tb3_tools) by extension 'ros'
[0.570s] DEBUG:colcon.colcon_core.package_identification:Package 'tuos_ros/tuos_tb3_tools' with type 'ros.ament_cmake' and name 'tuos_tb3_tools'
[0.570s] Level 1:colcon.colcon_core.package_discovery:discover_packages(recursive) using defaults
[0.570s] Level 1:colcon.colcon_core.package_discovery:discover_packages(ignore) discover
[0.570s] Level 1:colcon.colcon_core.package_discovery:discover_packages(ignore) using defaults
[0.570s] Level 1:colcon.colcon_core.package_discovery:discover_packages(path) discover
[0.570s] Level 1:colcon.colcon_core.package_discovery:discover_packages(path) using defaults
[0.609s] Level 1:colcon.colcon_core.package_discovery:discover_packages(prefix_path) check parameters
[0.609s] Level 1:colcon.colcon_core.package_discovery:discover_packages(prefix_path) discover
[0.614s] DEBUG:colcon.colcon_installed_package_information.package_discovery:Found 349 installed packages in /opt/ros/humble
[0.615s] Level 1:colcon.colcon_core.package_discovery:discover_packages(prefix_path) using defaults
[0.657s] Level 5:colcon.colcon_core.verb:set package 'part1_pubsub' build argument 'cmake_args' from command line to 'None'
[0.657s] Level 5:colcon.colcon_core.verb:set package 'part1_pubsub' build argument 'cmake_target' from command line to 'None'
[0.657s] Level 5:colcon.colcon_core.verb:set package 'part1_pubsub' build argument 'cmake_target_skip_unavailable' from command line to 'False'
[0.657s] Level 5:colcon.colcon_core.verb:set package 'part1_pubsub' build argument 'cmake_clean_cache' from command line to 'False'
[0.657s] Level 5:colcon.colcon_core.verb:set package 'part1_pubsub' build argument 'cmake_clean_first' from command line to 'False'
[0.657s] Level 5:colcon.colcon_core.verb:set package 'part1_pubsub' build argument 'cmake_force_configure' from command line to 'False'
[0.657s] Level 5:colcon.colcon_core.verb:set package 'part1_pubsub' build argument 'ament_cmake_args' from command line to 'None'
[0.657s] Level 5:colcon.colcon_core.verb:set package 'part1_pubsub' build argument 'catkin_cmake_args' from command line to 'None'
[0.657s] Level 5:colcon.colcon_core.verb:set package 'part1_pubsub' build argument 'catkin_skip_building_tests' from command line to 'False'
[0.657s] DEBUG:colcon.colcon_core.verb:Building package 'part1_pubsub' with the following arguments: {'ament_cmake_args': None, 'build_base': '/home/n3h4/Desktop/NEHA/SEDRICA/RosTut/build/part1_pubsub', 'catkin_cmake_args': None, 'catkin_skip_building_tests': False, 'cmake_args': None, 'cmake_clean_cache': False, 'cmake_clean_first': False, 'cmake_force_configure': False, 'cmake_target': None, 'cmake_target_skip_unavailable': False, 'install_base': '/home/n3h4/Desktop/NEHA/SEDRICA/RosTut/install/part1_pubsub', 'merge_install': False, 'path': '/home/n3h4/Desktop/NEHA/SEDRICA/RosTut/part1_pubsub', 'symlink_install': False, 'test_result_base': None}
[0.657s] Level 5:colcon.colcon_core.verb:set package 'tuos_examples' build argument 'cmake_args' from command line to 'None'
[0.657s] Level 5:colcon.colcon_core.verb:set package 'tuos_examples' build argument 'cmake_target' from command line to 'None'
[0.657s] Level 5:colcon.colcon_core.verb:set package 'tuos_examples' build argument 'cmake_target_skip_unavailable' from command line to 'False'
[0.657s] Level 5:colcon.colcon_core.verb:set package 'tuos_examples' build argument 'cmake_clean_cache' from command line to 'False'
[0.657s] Level 5:colcon.colcon_core.verb:set package 'tuos_examples' build argument 'cmake_clean_first' from command line to 'False'
[0.657s] Level 5:colcon.colcon_core.verb:set package 'tuos_examples' build argument 'cmake_force_configure' from command line to 'False'
[0.657s] Level 5:colcon.colcon_core.verb:set package 'tuos_examples' build argument 'ament_cmake_args' from command line to 'None'
[0.657s] Level 5:colcon.colcon_core.verb:set package 'tuos_examples' build argument 'catkin_cmake_args' from command line to 'None'
[0.657s] Level 5:colcon.colcon_core.verb:set package 'tuos_examples' build argument 'catkin_skip_building_tests' from command line to 'False'
[0.657s] DEBUG:colcon.colcon_core.verb:Building package 'tuos_examples' with the following arguments: {'ament_cmake_args': None, 'build_base': '/home/n3h4/Desktop/NEHA/SEDRICA/RosTut/build/tuos_examples', 'catkin_cmake_args': None, 'catkin_skip_building_tests': False, 'cmake_args': None, 'cmake_clean_cache': False, 'cmake_clean_first': False, 'cmake_force_configure': False, 'cmake_target': None, 'cmake_target_skip_unavailable': False, 'install_base': '/home/n3h4/Desktop/NEHA/SEDRICA/RosTut/install/tuos_examples', 'merge_install': False, 'path': '/home/n3h4/Desktop/NEHA/SEDRICA/RosTut/tuos_ros/tuos_examples', 'symlink_install': False, 'test_result_base': None}
[0.658s] Level 5:colcon.colcon_core.verb:set package 'tuos_interfaces' build argument 'cmake_args' from command line to 'None'
[0.658s] Level 5:colcon.colcon_core.verb:set package 'tuos_interfaces' build argument 'cmake_target' from command line to 'None'
[0.658s] Level 5:colcon.colcon_core.verb:set package 'tuos_interfaces' build argument 'cmake_target_skip_unavailable' from command line to 'False'
[0.658s] Level 5:colcon.colcon_core.verb:set package 'tuos_interfaces' build argument 'cmake_clean_cache' from command line to 'False'
[0.658s] Level 5:colcon.colcon_core.verb:set package 'tuos_interfaces' build argument 'cmake_clean_first' from command line to 'False'
[0.658s] Level 5:colcon.colcon_core.verb:set package 'tuos_interfaces' build argument 'cmake_force_configure' from command line to 'False'
[0.658s] Level 5:colcon.colcon_core.verb:set package 'tuos_interfaces' build argument 'ament_cmake_args' from command line to 'None'
[0.658s] Level 5:colcon.colcon_core.verb:set package 'tuos_interfaces' build argument 'catkin_cmake_args' from command line to 'None'
[0.658s] Level 5:colcon.colcon_core.verb:set package 'tuos_interfaces' build argument 'catkin_skip_building_tests' from command line to 'False'
[0.658s] DEBUG:colcon.colcon_core.verb:Building package 'tuos_interfaces' with the following arguments: {'ament_cmake_args': None, 'build_base': '/home/n3h4/Desktop/NEHA/SEDRICA/RosTut/build/tuos_interfaces', 'catkin_cmake_args': None, 'catkin_skip_building_tests': False, 'cmake_args': None, 'cmake_clean_cache': False, 'cmake_clean_first': False, 'cmake_force_configure': False, 'cmake_target': None, 'cmake_target_skip_unavailable': False, 'install_base': '/home/n3h4/Desktop/NEHA/SEDRICA/RosTut/install/tuos_interfaces', 'merge_install': False, 'path': '/home/n3h4/Desktop/NEHA/SEDRICA/RosTut/tuos_ros/tuos_interfaces', 'symlink_install': False, 'test_result_base': None}
[0.658s] Level 5:colcon.colcon_core.verb:set package 'tuos_simulations' build argument 'cmake_args' from command line to 'None'
[0.658s] Level 5:colcon.colcon_core.verb:set package 'tuos_simulations' build argument 'cmake_target' from command line to 'None'
[0.658s] Level 5:colcon.colcon_core.verb:set package 'tuos_simulations' build argument 'cmake_target_skip_unavailable' from command line to 'False'
[0.658s] Level 5:colcon.colcon_core.verb:set package 'tuos_simulations' build argument 'cmake_clean_cache' from command line to 'False'
[0.658s] Level 5:colcon.colcon_core.verb:set package 'tuos_simulations' build argument 'cmake_clean_first' from command line to 'False'
[0.658s] Level 5:colcon.colcon_core.verb:set package 'tuos_simulations' build argument 'cmake_force_configure' from command line to 'False'
[0.658s] Level 5:colcon.colcon_core.verb:set package 'tuos_simulations' build argument 'ament_cmake_args' from command line to 'None'
[0.658s] Level 5:colcon.colcon_core.verb:set package 'tuos_simulations' build argument 'catkin_cmake_args' from command line to 'None'
[0.659s] Level 5:colcon.colcon_core.verb:set package 'tuos_simulations' build argument 'catkin_skip_building_tests' from command line to 'False'
[0.659s] DEBUG:colcon.colcon_core.verb:Building package 'tuos_simulations' with the following arguments: {'ament_cmake_args': None, 'build_base': '/home/n3h4/Desktop/NEHA/SEDRICA/RosTut/build/tuos_simulations', 'catkin_cmake_args': None, 'catkin_skip_building_tests': False, 'cmake_args': None, 'cmake_clean_cache': False, 'cmake_clean_first': False, 'cmake_force_configure': False, 'cmake_target': None, 'cmake_target_skip_unavailable': False, 'install_base': '/home/n3h4/Desktop/NEHA/SEDRICA/RosTut/install/tuos_simulations', 'merge_install': False, 'path': '/home/n3h4/Desktop/NEHA/SEDRICA/RosTut/tuos_ros/tuos_simulations', 'symlink_install': False, 'test_result_base': None}
[0.659s] Level 5:colcon.colcon_core.verb:set package 'tuos_tb3_tools' build argument 'cmake_args' from command line to 'None'
[0.659s] Level 5:colcon.colcon_core.verb:set package 'tuos_tb3_tools' build argument 'cmake_target' from command line to 'None'
[0.659s] Level 5:colcon.colcon_core.verb:set package 'tuos_tb3_tools' build argument 'cmake_target_skip_unavailable' from command line to 'False'
[0.659s] Level 5:colcon.colcon_core.verb:set package 'tuos_tb3_tools' build argument 'cmake_clean_cache' from command line to 'False'
[0.659s] Level 5:colcon.colcon_core.verb:set package 'tuos_tb3_tools' build argument 'cmake_clean_first' from command line to 'False'
[0.659s] Level 5:colcon.colcon_core.verb:set package 'tuos_tb3_tools' build argument 'cmake_force_configure' from command line to 'False'
[0.659s] Level 5:colcon.colcon_core.verb:set package 'tuos_tb3_tools' build argument 'ament_cmake_args' from command line to 'None'
[0.659s] Level 5:colcon.colcon_core.verb:set package 'tuos_tb3_tools' build argument 'catkin_cmake_args' from command line to 'None'
[0.659s] Level 5:colcon.colcon_core.verb:set package 'tuos_tb3_tools' build argument 'catkin_skip_building_tests' from command line to 'False'
[0.659s] DEBUG:colcon.colcon_core.verb:Building package 'tuos_tb3_tools' with the following arguments: {'ament_cmake_args': None, 'build_base': '/home/n3h4/Desktop/NEHA/SEDRICA/RosTut/build/tuos_tb3_tools', 'catkin_cmake_args': None, 'catkin_skip_building_tests': False, 'cmake_args': None, 'cmake_clean_cache': False, 'cmake_clean_first': False, 'cmake_force_configure': False, 'cmake_target': None, 'cmake_target_skip_unavailable': False, 'install_base': '/home/n3h4/Desktop/NEHA/SEDRICA/RosTut/install/tuos_tb3_tools', 'merge_install': False, 'path': '/home/n3h4/Desktop/NEHA/SEDRICA/RosTut/tuos_ros/tuos_tb3_tools', 'symlink_install': False, 'test_result_base': None}
[0.659s] Level 5:colcon.colcon_core.verb:set package 'com2009_simulations' build argument 'cmake_args' from command line to 'None'
[0.659s] Level 5:colcon.colcon_core.verb:set package 'com2009_simulations' build argument 'cmake_target' from command line to 'None'
[0.659s] Level 5:colcon.colcon_core.verb:set package 'com2009_simulations' build argument 'cmake_target_skip_unavailable' from command line to 'False'
[0.659s] Level 5:colcon.colcon_core.verb:set package 'com2009_simulations' build argument 'cmake_clean_cache' from command line to 'False'
[0.659s] Level 5:colcon.colcon_core.verb:set package 'com2009_simulations' build argument 'cmake_clean_first' from command line to 'False'
[0.659s] Level 5:colcon.colcon_core.verb:set package 'com2009_simulations' build argument 'cmake_force_configure' from command line to 'False'
[0.660s] Level 5:colcon.colcon_core.verb:set package 'com2009_simulations' build argument 'ament_cmake_args' from command line to 'None'
[0.660s] Level 5:colcon.colcon_core.verb:set package 'com2009_simulations' build argument 'catkin_cmake_args' from command line to 'None'
[0.660s] Level 5:colcon.colcon_core.verb:set package 'com2009_simulations' build argument 'catkin_skip_building_tests' from command line to 'False'
[0.660s] DEBUG:colcon.colcon_core.verb:Building package 'com2009_simulations' with the following arguments: {'ament_cmake_args': None, 'build_base': '/home/n3h4/Desktop/NEHA/SEDRICA/RosTut/build/com2009_simulations', 'catkin_cmake_args': None, 'catkin_skip_building_tests': False, 'cmake_args': None, 'cmake_clean_cache': False, 'cmake_clean_first': False, 'cmake_force_configure': False, 'cmake_target': None, 'cmake_target_skip_unavailable': False, 'install_base': '/home/n3h4/Desktop/NEHA/SEDRICA/RosTut/install/com2009_simulations', 'merge_install': False, 'path': '/home/n3h4/Desktop/NEHA/SEDRICA/RosTut/tuos_ros/com2009_simulations', 'symlink_install': False, 'test_result_base': None}
[0.660s] Level 5:colcon.colcon_core.verb:set package 'tuos_ros' build argument 'cmake_args' from command line to 'None'
[0.660s] Level 5:colcon.colcon_core.verb:set package 'tuos_ros' build argument 'cmake_target' from command line to 'None'
[0.660s] Level 5:colcon.colcon_core.verb:set package 'tuos_ros' build argument 'cmake_target_skip_unavailable' from command line to 'False'
[0.660s] Level 5:colcon.colcon_core.verb:set package 'tuos_ros' build argument 'cmake_clean_cache' from command line to 'False'
[0.660s] Level 5:colcon.colcon_core.verb:set package 'tuos_ros' build argument 'cmake_clean_first' from command line to 'False'
[0.660s] Level 5:colcon.colcon_core.verb:set package 'tuos_ros' build argument 'cmake_force_configure' from command line to 'False'
[0.660s] Level 5:colcon.colcon_core.verb:set package 'tuos_ros' build argument 'ament_cmake_args' from command line to 'None'
[0.660s] Level 5:colcon.colcon_core.verb:set package 'tuos_ros' build argument 'catkin_cmake_args' from command line to 'None'
[0.660s] Level 5:colcon.colcon_core.verb:set package 'tuos_ros' build argument 'catkin_skip_building_tests' from command line to 'False'
[0.660s] DEBUG:colcon.colcon_core.verb:Building package 'tuos_ros' with the following arguments: {'ament_cmake_args': None, 'build_base': '/home/n3h4/Desktop/NEHA/SEDRICA/RosTut/build/tuos_ros', 'catkin_cmake_args': None, 'catkin_skip_building_tests': False, 'cmake_args': None, 'cmake_clean_cache': False, 'cmake_clean_first': False, 'cmake_force_configure': False, 'cmake_target': None, 'cmake_target_skip_unavailable': False, 'install_base': '/home/n3h4/Desktop/NEHA/SEDRICA/RosTut/install/tuos_ros', 'merge_install': False, 'path': '/home/n3h4/Desktop/NEHA/SEDRICA/RosTut/tuos_ros/tuos_ros', 'symlink_install': False, 'test_result_base': None}
[0.660s] INFO:colcon.colcon_core.executor:Executing jobs using 'parallel' executor
[0.661s] DEBUG:colcon.colcon_parallel_executor.executor.parallel:run_until_complete
[0.661s] INFO:colcon.colcon_ros.task.ament_cmake.build:Building ROS package in '/home/n3h4/Desktop/NEHA/SEDRICA/RosTut/tuos_ros/tuos_simulations' with build type 'ament_cmake'
[0.661s] INFO:colcon.colcon_cmake.task.cmake.build:Building CMake package in '/home/n3h4/Desktop/NEHA/SEDRICA/RosTut/tuos_ros/tuos_simulations'
[0.666s] INFO:colcon.colcon_core.plugin_system:Skipping extension 'colcon_core.shell.bat': Not used on non-Windows systems
[0.666s] INFO:colcon.colcon_core.shell:Skip shell extension 'powershell' for command environment: Not usable outside of PowerShell
[0.666s] DEBUG:colcon.colcon_core.shell:Skip shell extension 'dsv' for command environment
[0.669s] INFO:colcon.colcon_ros.task.ament_cmake.build:Building ROS package in '/home/n3h4/Desktop/NEHA/SEDRICA/RosTut/tuos_ros/tuos_examples' with build type 'ament_cmake'
[0.669s] INFO:colcon.colcon_cmake.task.cmake.build:Building CMake package in '/home/n3h4/Desktop/NEHA/SEDRICA/RosTut/tuos_ros/tuos_examples'
[0.670s] INFO:colcon.colcon_core.shell:Skip shell extension 'powershell' for command environment: Not usable outside of PowerShell
[0.670s] DEBUG:colcon.colcon_core.shell:Skip shell extension 'dsv' for command environment
[0.673s] INFO:colcon.colcon_ros.task.ament_cmake.build:Building ROS package in '/home/n3h4/Desktop/NEHA/SEDRICA/RosTut/tuos_ros/tuos_interfaces' with build type 'ament_cmake'
[0.673s] INFO:colcon.colcon_cmake.task.cmake.build:Building CMake package in '/home/n3h4/Desktop/NEHA/SEDRICA/RosTut/tuos_ros/tuos_interfaces'
[0.673s] INFO:colcon.colcon_core.shell:Skip shell extension 'powershell' for command environment: Not usable outside of PowerShell
[0.673s] DEBUG:colcon.colcon_core.shell:Skip shell extension 'dsv' for command environment
[0.677s] INFO:colcon.colcon_ros.task.ament_cmake.build:Building ROS package in '/home/n3h4/Desktop/NEHA/SEDRICA/RosTut/tuos_ros/tuos_tb3_tools' with build type 'ament_cmake'
[0.677s] INFO:colcon.colcon_cmake.task.cmake.build:Building CMake package in '/home/n3h4/Desktop/NEHA/SEDRICA/RosTut/tuos_ros/tuos_tb3_tools'
[0.678s] INFO:colcon.colcon_core.shell:Skip shell extension 'powershell' for command environment: Not usable outside of PowerShell
[0.678s] DEBUG:colcon.colcon_core.shell:Skip shell extension 'dsv' for command environment
[0.682s] INFO:colcon.colcon_ros.task.ament_cmake.build:Building ROS package in '/home/n3h4/Desktop/NEHA/SEDRICA/RosTut/part1_pubsub' with build type 'ament_cmake'
[0.682s] INFO:colcon.colcon_cmake.task.cmake.build:Building CMake package in '/home/n3h4/Desktop/NEHA/SEDRICA/RosTut/part1_pubsub'
[0.682s] INFO:colcon.colcon_core.shell:Skip shell extension 'powershell' for command environment: Not usable outside of PowerShell
[0.682s] DEBUG:colcon.colcon_core.shell:Skip shell extension 'dsv' for command environment
[0.690s] DEBUG:colcon.colcon_core.event_handler.log_command:Invoking command in '/home/n3h4/Desktop/NEHA/SEDRICA/RosTut/build/tuos_simulations': CMAKE_PREFIX_PATH=/opt/ros/humble /usr/bin/cmake --build /home/n3h4/Desktop/NEHA/SEDRICA/RosTut/build/tuos_simulations -- -j12 -l12
[0.696s] DEBUG:colcon.colcon_core.event_handler.log_command:Invoking command in '/home/n3h4/Desktop/NEHA/SEDRICA/RosTut/build/tuos_examples': CMAKE_PREFIX_PATH=/opt/ros/humble /usr/bin/cmake --build /home/n3h4/Desktop/NEHA/SEDRICA/RosTut/build/tuos_examples -- -j12 -l12
[0.699s] DEBUG:colcon.colcon_core.event_handler.log_command:Invoking command in '/home/n3h4/Desktop/NEHA/SEDRICA/RosTut/build/tuos_interfaces': CMAKE_PREFIX_PATH=/opt/ros/humble /usr/bin/cmake --build /home/n3h4/Desktop/NEHA/SEDRICA/RosTut/build/tuos_interfaces -- -j12 -l12
[0.702s] DEBUG:colcon.colcon_core.event_handler.log_command:Invoking command in '/home/n3h4/Desktop/NEHA/SEDRICA/RosTut/build/tuos_tb3_tools': CMAKE_PREFIX_PATH=/opt/ros/humble /usr/bin/cmake --build /home/n3h4/Desktop/NEHA/SEDRICA/RosTut/build/tuos_tb3_tools -- -j12 -l12
[0.707s] DEBUG:colcon.colcon_core.event_handler.log_command:Invoking command in '/home/n3h4/Desktop/NEHA/SEDRICA/RosTut/build/part1_pubsub': CMAKE_PREFIX_PATH=/opt/ros/humble /usr/bin/cmake /home/n3h4/Desktop/NEHA/SEDRICA/RosTut/part1_pubsub -DCMAKE_INSTALL_PREFIX=/home/n3h4/Desktop/NEHA/SEDRICA/RosTut/install/part1_pubsub
[0.769s] DEBUG:colcon.colcon_core.event_handler.log_command:Invoked command in '/home/n3h4/Desktop/NEHA/SEDRICA/RosTut/build/tuos_simulations' returned '0': CMAKE_PREFIX_PATH=/opt/ros/humble /usr/bin/cmake --build /home/n3h4/Desktop/NEHA/SEDRICA/RosTut/build/tuos_simulations -- -j12 -l12
[0.783s] DEBUG:colcon.colcon_core.event_handler.log_command:Invoking command in '/home/n3h4/Desktop/NEHA/SEDRICA/RosTut/build/tuos_simulations': CMAKE_PREFIX_PATH=/opt/ros/humble /usr/bin/cmake --install /home/n3h4/Desktop/NEHA/SEDRICA/RosTut/build/tuos_simulations
[0.804s] Level 1:colcon.colcon_core.environment:create_environment_scripts_only(tuos_simulations)
[0.814s] DEBUG:colcon.colcon_core.event_handler.log_command:Invoked command in '/home/n3h4/Desktop/NEHA/SEDRICA/RosTut/build/tuos_simulations' returned '0': CMAKE_PREFIX_PATH=/opt/ros/humble /usr/bin/cmake --install /home/n3h4/Desktop/NEHA/SEDRICA/RosTut/build/tuos_simulations
[0.819s] Level 1:colcon.colcon_core.environment:checking '/home/n3h4/Desktop/NEHA/SEDRICA/RosTut/install/tuos_simulations' for CMake module files
[0.820s] Level 1:colcon.colcon_core.environment:checking '/home/n3h4/Desktop/NEHA/SEDRICA/RosTut/install/tuos_simulations' for CMake config files
[0.820s] Level 1:colcon.colcon_core.shell:create_environment_hook('tuos_simulations', 'cmake_prefix_path')
[0.820s] INFO:colcon.colcon_core.shell:Creating environment hook '/home/n3h4/Desktop/NEHA/SEDRICA/RosTut/install/tuos_simulations/share/tuos_simulations/hook/cmake_prefix_path.ps1'
[0.822s] INFO:colcon.colcon_core.shell:Creating environment descriptor '/home/n3h4/Desktop/NEHA/SEDRICA/RosTut/install/tuos_simulations/share/tuos_simulations/hook/cmake_prefix_path.dsv'
[0.823s] INFO:colcon.colcon_core.shell:Creating environment hook '/home/n3h4/Desktop/NEHA/SEDRICA/RosTut/install/tuos_simulations/share/tuos_simulations/hook/cmake_prefix_path.sh'
[0.824s] Level 1:colcon.colcon_core.environment:checking '/home/n3h4/Desktop/NEHA/SEDRICA/RosTut/install/tuos_simulations/bin'
[0.824s] Level 1:colcon.colcon_core.environment:checking '/home/n3h4/Desktop/NEHA/SEDRICA/RosTut/install/tuos_simulations/lib/pkgconfig/tuos_simulations.pc'
[0.825s] Level 1:colcon.colcon_core.environment:checking '/home/n3h4/Desktop/NEHA/SEDRICA/RosTut/install/tuos_simulations/lib/python3.10/site-packages'
[0.825s] Level 1:colcon.colcon_core.environment:checking '/home/n3h4/Desktop/NEHA/SEDRICA/RosTut/install/tuos_simulations/bin'
[0.826s] INFO:colcon.colcon_core.shell:Creating package script '/home/n3h4/Desktop/NEHA/SEDRICA/RosTut/install/tuos_simulations/share/tuos_simulations/package.ps1'
[0.829s] INFO:colcon.colcon_core.shell:Creating package descriptor '/home/n3h4/Desktop/NEHA/SEDRICA/RosTut/install/tuos_simulations/share/tuos_simulations/package.dsv'
[0.831s] INFO:colcon.colcon_core.shell:Creating package script '/home/n3h4/Desktop/NEHA/SEDRICA/RosTut/install/tuos_simulations/share/tuos_simulations/package.sh'
[0.833s] INFO:colcon.colcon_core.shell:Creating package script '/home/n3h4/Desktop/NEHA/SEDRICA/RosTut/install/tuos_simulations/share/tuos_simulations/package.bash'
[0.834s] INFO:colcon.colcon_core.shell:Creating package script '/home/n3h4/Desktop/NEHA/SEDRICA/RosTut/install/tuos_simulations/share/tuos_simulations/package.zsh'
[0.835s] Level 1:colcon.colcon_core.environment:create_file_with_runtime_dependencies(/home/n3h4/Desktop/NEHA/SEDRICA/RosTut/install/tuos_simulations/share/colcon-core/packages/tuos_simulations)
[0.836s] Level 1:colcon.colcon_core.environment:create_environment_scripts_only(tuos_simulations)
[0.836s] Level 1:colcon.colcon_core.environment:checking '/home/n3h4/Desktop/NEHA/SEDRICA/RosTut/install/tuos_simulations' for CMake module files
[0.837s] Level 1:colcon.colcon_core.environment:checking '/home/n3h4/Desktop/NEHA/SEDRICA/RosTut/install/tuos_simulations' for CMake config files
[0.837s] Level 1:colcon.colcon_core.shell:create_environment_hook('tuos_simulations', 'cmake_prefix_path')
[0.837s] INFO:colcon.colcon_core.shell:Creating environment hook '/home/n3h4/Desktop/NEHA/SEDRICA/RosTut/install/tuos_simulations/share/tuos_simulations/hook/cmake_prefix_path.ps1'
[0.838s] INFO:colcon.colcon_core.shell:Creating environment descriptor '/home/n3h4/Desktop/NEHA/SEDRICA/RosTut/install/tuos_simulations/share/tuos_simulations/hook/cmake_prefix_path.dsv'
[0.838s] INFO:colcon.colcon_core.shell:Creating environment hook '/home/n3h4/Desktop/NEHA/SEDRICA/RosTut/install/tuos_simulations/share/tuos_simulations/hook/cmake_prefix_path.sh'
[0.839s] Level 1:colcon.colcon_core.environment:checking '/home/n3h4/Desktop/NEHA/SEDRICA/RosTut/install/tuos_simulations/bin'
[0.839s] Level 1:colcon.colcon_core.environment:checking '/home/n3h4/Desktop/NEHA/SEDRICA/RosTut/install/tuos_simulations/lib/pkgconfig/tuos_simulations.pc'
[0.839s] Level 1:colcon.colcon_core.environment:checking '/home/n3h4/Desktop/NEHA/SEDRICA/RosTut/install/tuos_simulations/lib/python3.10/site-packages'
[0.840s] Level 1:colcon.colcon_core.environment:checking '/home/n3h4/Desktop/NEHA/SEDRICA/RosTut/install/tuos_simulations/bin'
[0.840s] INFO:colcon.colcon_core.shell:Creating package script '/home/n3h4/Desktop/NEHA/SEDRICA/RosTut/install/tuos_simulations/share/tuos_simulations/package.ps1'
[0.841s] INFO:colcon.colcon_core.shell:Creating package descriptor '/home/n3h4/Desktop/NEHA/SEDRICA/RosTut/install/tuos_simulations/share/tuos_simulations/package.dsv'
[0.841s] INFO:colcon.colcon_core.shell:Creating package script '/home/n3h4/Desktop/NEHA/SEDRICA/RosTut/install/tuos_simulations/share/tuos_simulations/package.sh'
[0.841s] INFO:colcon.colcon_core.shell:Creating package script '/home/n3h4/Desktop/NEHA/SEDRICA/RosTut/install/tuos_simulations/share/tuos_simulations/package.bash'
[0.842s] INFO:colcon.colcon_core.shell:Creating package script '/home/n3h4/Desktop/NEHA/SEDRICA/RosTut/install/tuos_simulations/share/tuos_simulations/package.zsh'
[0.842s] Level 1:colcon.colcon_core.environment:create_file_with_runtime_dependencies(/home/n3h4/Desktop/NEHA/SEDRICA/RosTut/install/tuos_simulations/share/colcon-core/packages/tuos_simulations)
[0.843s] DEBUG:colcon.colcon_core.event_handler.log_command:Invoked command in '/home/n3h4/Desktop/NEHA/SEDRICA/RosTut/build/tuos_tb3_tools' returned '0': CMAKE_PREFIX_PATH=/opt/ros/humble /usr/bin/cmake --build /home/n3h4/Desktop/NEHA/SEDRICA/RosTut/build/tuos_tb3_tools -- -j12 -l12
[0.845s] INFO:colcon.colcon_ros.task.ament_cmake.build:Building ROS package in '/home/n3h4/Desktop/NEHA/SEDRICA/RosTut/tuos_ros/com2009_simulations' with build type 'ament_cmake'
[0.845s] DEBUG:colcon.colcon_core.event_handler.log_command:Invoking command in '/home/n3h4/Desktop/NEHA/SEDRICA/RosTut/build/tuos_tb3_tools': CMAKE_PREFIX_PATH=/opt/ros/humble /usr/bin/cmake --install /home/n3h4/Desktop/NEHA/SEDRICA/RosTut/build/tuos_tb3_tools
[0.846s] INFO:colcon.colcon_cmake.task.cmake.build:Building CMake package in '/home/n3h4/Desktop/NEHA/SEDRICA/RosTut/tuos_ros/com2009_simulations'
[0.846s] INFO:colcon.colcon_core.shell:Skip shell extension 'powershell' for command environment: Not usable outside of PowerShell
[0.846s] DEBUG:colcon.colcon_core.shell:Skip shell extension 'dsv' for command environment
[0.860s] Level 1:colcon.colcon_core.environment:create_environment_scripts_only(tuos_tb3_tools)
[0.861s] Level 1:colcon.colcon_core.environment:checking '/home/n3h4/Desktop/NEHA/SEDRICA/RosTut/install/tuos_tb3_tools' for CMake module files
[0.862s] Level 1:colcon.colcon_core.environment:checking '/home/n3h4/Desktop/NEHA/SEDRICA/RosTut/install/tuos_tb3_tools' for CMake config files
[0.863s] Level 1:colcon.colcon_core.shell:create_environment_hook('tuos_tb3_tools', 'cmake_prefix_path')
[0.863s] INFO:colcon.colcon_core.shell:Creating environment hook '/home/n3h4/Desktop/NEHA/SEDRICA/RosTut/install/tuos_tb3_tools/share/tuos_tb3_tools/hook/cmake_prefix_path.ps1'
[0.864s] INFO:colcon.colcon_core.shell:Creating environment descriptor '/home/n3h4/Desktop/NEHA/SEDRICA/RosTut/install/tuos_tb3_tools/share/tuos_tb3_tools/hook/cmake_prefix_path.dsv'
[0.865s] INFO:colcon.colcon_core.shell:Creating environment hook '/home/n3h4/Desktop/NEHA/SEDRICA/RosTut/install/tuos_tb3_tools/share/tuos_tb3_tools/hook/cmake_prefix_path.sh'
[0.866s] Level 1:colcon.colcon_core.environment:checking '/home/n3h4/Desktop/NEHA/SEDRICA/RosTut/install/tuos_tb3_tools/lib'
[0.867s] Level 1:colcon.colcon_core.environment:checking '/home/n3h4/Desktop/NEHA/SEDRICA/RosTut/install/tuos_tb3_tools/bin'
[0.867s] Level 1:colcon.colcon_core.environment:checking '/home/n3h4/Desktop/NEHA/SEDRICA/RosTut/install/tuos_tb3_tools/lib/pkgconfig/tuos_tb3_tools.pc'
[0.868s] Level 1:colcon.colcon_core.environment:checking '/home/n3h4/Desktop/NEHA/SEDRICA/RosTut/install/tuos_tb3_tools/lib/python3.10/site-packages'
[0.868s] Level 1:colcon.colcon_core.environment:checking '/home/n3h4/Desktop/NEHA/SEDRICA/RosTut/install/tuos_tb3_tools/bin'
[0.869s] INFO:colcon.colcon_core.shell:Creating package script '/home/n3h4/Desktop/NEHA/SEDRICA/RosTut/install/tuos_tb3_tools/share/tuos_tb3_tools/package.ps1'
[0.870s] INFO:colcon.colcon_core.shell:Creating package descriptor '/home/n3h4/Desktop/NEHA/SEDRICA/RosTut/install/tuos_tb3_tools/share/tuos_tb3_tools/package.dsv'
[0.870s] DEBUG:colcon.colcon_core.event_handler.log_command:Invoking command in '/home/n3h4/Desktop/NEHA/SEDRICA/RosTut/build/com2009_simulations': AMENT_PREFIX_PATH=/home/n3h4/Desktop/NEHA/SEDRICA/RosTut/install/tuos_simulations:${AMENT_PREFIX_PATH} CMAKE_PREFIX_PATH=/home/n3h4/Desktop/NEHA/SEDRICA/RosTut/install/tuos_simulations:/opt/ros/humble /usr/bin/cmake --build /home/n3h4/Desktop/NEHA/SEDRICA/RosTut/build/com2009_simulations -- -j12 -l12
[0.871s] DEBUG:colcon.colcon_core.event_handler.log_command:Invoked command in '/home/n3h4/Desktop/NEHA/SEDRICA/RosTut/build/tuos_tb3_tools' returned '0': CMAKE_PREFIX_PATH=/opt/ros/humble /usr/bin/cmake --install /home/n3h4/Desktop/NEHA/SEDRICA/RosTut/build/tuos_tb3_tools
[0.871s] INFO:colcon.colcon_core.shell:Creating package script '/home/n3h4/Desktop/NEHA/SEDRICA/RosTut/install/tuos_tb3_tools/share/tuos_tb3_tools/package.sh'
[0.872s] INFO:colcon.colcon_core.shell:Creating package script '/home/n3h4/Desktop/NEHA/SEDRICA/RosTut/install/tuos_tb3_tools/share/tuos_tb3_tools/package.bash'
[0.873s] INFO:colcon.colcon_core.shell:Creating package script '/home/n3h4/Desktop/NEHA/SEDRICA/RosTut/install/tuos_tb3_tools/share/tuos_tb3_tools/package.zsh'
[0.873s] Level 1:colcon.colcon_core.environment:create_file_with_runtime_dependencies(/home/n3h4/Desktop/NEHA/SEDRICA/RosTut/install/tuos_tb3_tools/share/colcon-core/packages/tuos_tb3_tools)
[0.874s] Level 1:colcon.colcon_core.environment:create_environment_scripts_only(tuos_tb3_tools)
[0.875s] Level 1:colcon.colcon_core.environment:checking '/home/n3h4/Desktop/NEHA/SEDRICA/RosTut/install/tuos_tb3_tools' for CMake module files
[0.875s] Level 1:colcon.colcon_core.environment:checking '/home/n3h4/Desktop/NEHA/SEDRICA/RosTut/install/tuos_tb3_tools' for CMake config files
[0.876s] Level 1:colcon.colcon_core.shell:create_environment_hook('tuos_tb3_tools', 'cmake_prefix_path')
[0.876s] INFO:colcon.colcon_core.shell:Creating environment hook '/home/n3h4/Desktop/NEHA/SEDRICA/RosTut/install/tuos_tb3_tools/share/tuos_tb3_tools/hook/cmake_prefix_path.ps1'
[0.877s] INFO:colcon.colcon_core.shell:Creating environment descriptor '/home/n3h4/Desktop/NEHA/SEDRICA/RosTut/install/tuos_tb3_tools/share/tuos_tb3_tools/hook/cmake_prefix_path.dsv'
[0.878s] INFO:colcon.colcon_core.shell:Creating environment hook '/home/n3h4/Desktop/NEHA/SEDRICA/RosTut/install/tuos_tb3_tools/share/tuos_tb3_tools/hook/cmake_prefix_path.sh'
[0.878s] Level 1:colcon.colcon_core.environment:checking '/home/n3h4/Desktop/NEHA/SEDRICA/RosTut/install/tuos_tb3_tools/lib'
[0.879s] Level 1:colcon.colcon_core.environment:checking '/home/n3h4/Desktop/NEHA/SEDRICA/RosTut/install/tuos_tb3_tools/bin'
[0.879s] Level 1:colcon.colcon_core.environment:checking '/home/n3h4/Desktop/NEHA/SEDRICA/RosTut/install/tuos_tb3_tools/lib/pkgconfig/tuos_tb3_tools.pc'
[0.879s] Level 1:colcon.colcon_core.environment:checking '/home/n3h4/Desktop/NEHA/SEDRICA/RosTut/install/tuos_tb3_tools/lib/python3.10/site-packages'
[0.880s] Level 1:colcon.colcon_core.environment:checking '/home/n3h4/Desktop/NEHA/SEDRICA/RosTut/install/tuos_tb3_tools/bin'
[0.880s] INFO:colcon.colcon_core.shell:Creating package script '/home/n3h4/Desktop/NEHA/SEDRICA/RosTut/install/tuos_tb3_tools/share/tuos_tb3_tools/package.ps1'
[0.881s] INFO:colcon.colcon_core.shell:Creating package descriptor '/home/n3h4/Desktop/NEHA/SEDRICA/RosTut/install/tuos_tb3_tools/share/tuos_tb3_tools/package.dsv'
[0.882s] INFO:colcon.colcon_core.shell:Creating package script '/home/n3h4/Desktop/NEHA/SEDRICA/RosTut/install/tuos_tb3_tools/share/tuos_tb3_tools/package.sh'
[0.883s] INFO:colcon.colcon_core.shell:Creating package script '/home/n3h4/Desktop/NEHA/SEDRICA/RosTut/install/tuos_tb3_tools/share/tuos_tb3_tools/package.bash'
[0.883s] INFO:colcon.colcon_core.shell:Creating package script '/home/n3h4/Desktop/NEHA/SEDRICA/RosTut/install/tuos_tb3_tools/share/tuos_tb3_tools/package.zsh'
[0.884s] Level 1:colcon.colcon_core.environment:create_file_with_runtime_dependencies(/home/n3h4/Desktop/NEHA/SEDRICA/RosTut/install/tuos_tb3_tools/share/colcon-core/packages/tuos_tb3_tools)
[0.900s] DEBUG:colcon.colcon_core.event_handler.log_command:Invoked command in '/home/n3h4/Desktop/NEHA/SEDRICA/RosTut/build/com2009_simulations' returned '0': AMENT_PREFIX_PATH=/home/n3h4/Desktop/NEHA/SEDRICA/RosTut/install/tuos_simulations:${AMENT_PREFIX_PATH} CMAKE_PREFIX_PATH=/home/n3h4/Desktop/NEHA/SEDRICA/RosTut/install/tuos_simulations:/opt/ros/humble /usr/bin/cmake --build /home/n3h4/Desktop/NEHA/SEDRICA/RosTut/build/com2009_simulations -- -j12 -l12
[0.902s] DEBUG:colcon.colcon_core.event_handler.log_command:Invoking command in '/home/n3h4/Desktop/NEHA/SEDRICA/RosTut/build/com2009_simulations': AMENT_PREFIX_PATH=/home/n3h4/Desktop/NEHA/SEDRICA/RosTut/install/tuos_simulations:${AMENT_PREFIX_PATH} CMAKE_PREFIX_PATH=/home/n3h4/Desktop/NEHA/SEDRICA/RosTut/install/tuos_simulations:/opt/ros/humble /usr/bin/cmake --install /home/n3h4/Desktop/NEHA/SEDRICA/RosTut/build/com2009_simulations
[0.917s] Level 1:colcon.colcon_core.environment:create_environment_scripts_only(com2009_simulations)
[0.918s] Level 1:colcon.colcon_core.environment:checking '/home/n3h4/Desktop/NEHA/SEDRICA/RosTut/install/com2009_simulations' for CMake module files
[0.920s] Level 1:colcon.colcon_core.environment:checking '/home/n3h4/Desktop/NEHA/SEDRICA/RosTut/install/com2009_simulations' for CMake config files
[0.923s] Level 1:colcon.colcon_core.shell:create_environment_hook('com2009_simulations', 'cmake_prefix_path')
[0.924s] INFO:colcon.colcon_core.shell:Creating environment hook '/home/n3h4/Desktop/NEHA/SEDRICA/RosTut/install/com2009_simulations/share/com2009_simulations/hook/cmake_prefix_path.ps1'
[0.925s] INFO:colcon.colcon_core.shell:Creating environment descriptor '/home/n3h4/Desktop/NEHA/SEDRICA/RosTut/install/com2009_simulations/share/com2009_simulations/hook/cmake_prefix_path.dsv'
[0.926s] INFO:colcon.colcon_core.shell:Creating environment hook '/home/n3h4/Desktop/NEHA/SEDRICA/RosTut/install/com2009_simulations/share/com2009_simulations/hook/cmake_prefix_path.sh'
[0.927s] Level 1:colcon.colcon_core.environment:checking '/home/n3h4/Desktop/NEHA/SEDRICA/RosTut/install/com2009_simulations/bin'
[0.928s] Level 1:colcon.colcon_core.environment:checking '/home/n3h4/Desktop/NEHA/SEDRICA/RosTut/install/com2009_simulations/lib/pkgconfig/com2009_simulations.pc'
[0.928s] Level 1:colcon.colcon_core.environment:checking '/home/n3h4/Desktop/NEHA/SEDRICA/RosTut/install/com2009_simulations/lib/python3.10/site-packages'
[0.929s] Level 1:colcon.colcon_core.environment:checking '/home/n3h4/Desktop/NEHA/SEDRICA/RosTut/install/com2009_simulations/bin'
[0.929s] INFO:colcon.colcon_core.shell:Creating package script '/home/n3h4/Desktop/NEHA/SEDRICA/RosTut/install/com2009_simulations/share/com2009_simulations/package.ps1'
[0.930s] INFO:colcon.colcon_core.shell:Creating package descriptor '/home/n3h4/Desktop/NEHA/SEDRICA/RosTut/install/com2009_simulations/share/com2009_simulations/package.dsv'
[0.931s] INFO:colcon.colcon_core.shell:Creating package script '/home/n3h4/Desktop/NEHA/SEDRICA/RosTut/install/com2009_simulations/share/com2009_simulations/package.sh'
[0.932s] INFO:colcon.colcon_core.shell:Creating package script '/home/n3h4/Desktop/NEHA/SEDRICA/RosTut/install/com2009_simulations/share/com2009_simulations/package.bash'
[0.932s] DEBUG:colcon.colcon_core.event_handler.log_command:Invoked command in '/home/n3h4/Desktop/NEHA/SEDRICA/RosTut/build/com2009_simulations' returned '0': AMENT_PREFIX_PATH=/home/n3h4/Desktop/NEHA/SEDRICA/RosTut/install/tuos_simulations:${AMENT_PREFIX_PATH} CMAKE_PREFIX_PATH=/home/n3h4/Desktop/NEHA/SEDRICA/RosTut/install/tuos_simulations:/opt/ros/humble /usr/bin/cmake --install /home/n3h4/Desktop/NEHA/SEDRICA/RosTut/build/com2009_simulations
[0.932s] INFO:colcon.colcon_core.shell:Creating package script '/home/n3h4/Desktop/NEHA/SEDRICA/RosTut/install/com2009_simulations/share/com2009_simulations/package.zsh'
[0.933s] Level 1:colcon.colcon_core.environment:create_file_with_runtime_dependencies(/home/n3h4/Desktop/NEHA/SEDRICA/RosTut/install/com2009_simulations/share/colcon-core/packages/com2009_simulations)
[0.933s] Level 1:colcon.colcon_core.environment:create_environment_scripts_only(com2009_simulations)
[0.933s] Level 1:colcon.colcon_core.environment:checking '/home/n3h4/Desktop/NEHA/SEDRICA/RosTut/install/com2009_simulations' for CMake module files
[0.934s] Level 1:colcon.colcon_core.environment:checking '/home/n3h4/Desktop/NEHA/SEDRICA/RosTut/install/com2009_simulations' for CMake config files
[0.934s] Level 1:colcon.colcon_core.shell:create_environment_hook('com2009_simulations', 'cmake_prefix_path')
[0.934s] INFO:colcon.colcon_core.shell:Creating environment hook '/home/n3h4/Desktop/NEHA/SEDRICA/RosTut/install/com2009_simulations/share/com2009_simulations/hook/cmake_prefix_path.ps1'
[0.935s] INFO:colcon.colcon_core.shell:Creating environment descriptor '/home/n3h4/Desktop/NEHA/SEDRICA/RosTut/install/com2009_simulations/share/com2009_simulations/hook/cmake_prefix_path.dsv'
[0.935s] INFO:colcon.colcon_core.shell:Creating environment hook '/home/n3h4/Desktop/NEHA/SEDRICA/RosTut/install/com2009_simulations/share/com2009_simulations/hook/cmake_prefix_path.sh'
[0.935s] Level 1:colcon.colcon_core.environment:checking '/home/n3h4/Desktop/NEHA/SEDRICA/RosTut/install/com2009_simulations/bin'
[0.936s] Level 1:colcon.colcon_core.environment:checking '/home/n3h4/Desktop/NEHA/SEDRICA/RosTut/install/com2009_simulations/lib/pkgconfig/com2009_simulations.pc'
[0.936s] Level 1:colcon.colcon_core.environment:checking '/home/n3h4/Desktop/NEHA/SEDRICA/RosTut/install/com2009_simulations/lib/python3.10/site-packages'
[0.936s] Level 1:colcon.colcon_core.environment:checking '/home/n3h4/Desktop/NEHA/SEDRICA/RosTut/install/com2009_simulations/bin'
[0.936s] INFO:colcon.colcon_core.shell:Creating package script '/home/n3h4/Desktop/NEHA/SEDRICA/RosTut/install/com2009_simulations/share/com2009_simulations/package.ps1'
[0.937s] INFO:colcon.colcon_core.shell:Creating package descriptor '/home/n3h4/Desktop/NEHA/SEDRICA/RosTut/install/com2009_simulations/share/com2009_simulations/package.dsv'
[0.937s] INFO:colcon.colcon_core.shell:Creating package script '/home/n3h4/Desktop/NEHA/SEDRICA/RosTut/install/com2009_simulations/share/com2009_simulations/package.sh'
[0.938s] INFO:colcon.colcon_core.shell:Creating package script '/home/n3h4/Desktop/NEHA/SEDRICA/RosTut/install/com2009_simulations/share/com2009_simulations/package.bash'
[0.938s] INFO:colcon.colcon_core.shell:Creating package script '/home/n3h4/Desktop/NEHA/SEDRICA/RosTut/install/com2009_simulations/share/com2009_simulations/package.zsh'
[0.939s] Level 1:colcon.colcon_core.environment:create_file_with_runtime_dependencies(/home/n3h4/Desktop/NEHA/SEDRICA/RosTut/install/com2009_simulations/share/colcon-core/packages/com2009_simulations)
[1.135s] DEBUG:colcon.colcon_core.event_handler.log_command:Invoked command in '/home/n3h4/Desktop/NEHA/SEDRICA/RosTut/build/tuos_examples' returned '0': CMAKE_PREFIX_PATH=/opt/ros/humble /usr/bin/cmake --build /home/n3h4/Desktop/NEHA/SEDRICA/RosTut/build/tuos_examples -- -j12 -l12
[1.137s] DEBUG:colcon.colcon_core.event_handler.log_command:Invoking command in '/home/n3h4/Desktop/NEHA/SEDRICA/RosTut/build/tuos_examples': CMAKE_PREFIX_PATH=/opt/ros/humble /usr/bin/cmake --install /home/n3h4/Desktop/NEHA/SEDRICA/RosTut/build/tuos_examples
[1.164s] DEBUG:colcon.colcon_core.event_handler.log_command:Invoked command in '/home/n3h4/Desktop/NEHA/SEDRICA/RosTut/build/tuos_interfaces' returned '0': CMAKE_PREFIX_PATH=/opt/ros/humble /usr/bin/cmake --build /home/n3h4/Desktop/NEHA/SEDRICA/RosTut/build/tuos_interfaces -- -j12 -l12
[1.166s] DEBUG:colcon.colcon_core.event_handler.log_command:Invoking command in '/home/n3h4/Desktop/NEHA/SEDRICA/RosTut/build/tuos_interfaces': CMAKE_PREFIX_PATH=/opt/ros/humble /usr/bin/cmake --install /home/n3h4/Desktop/NEHA/SEDRICA/RosTut/build/tuos_interfaces
[1.188s] Level 1:colcon.colcon_core.environment:create_environment_scripts_only(tuos_examples)
[1.189s] Level 1:colcon.colcon_core.environment:checking '/home/n3h4/Desktop/NEHA/SEDRICA/RosTut/install/tuos_examples' for CMake module files
[1.191s] Level 1:colcon.colcon_core.environment:checking '/home/n3h4/Desktop/NEHA/SEDRICA/RosTut/install/tuos_examples' for CMake config files
[1.193s] Level 1:colcon.colcon_core.shell:create_environment_hook('tuos_examples', 'cmake_prefix_path')
[1.194s] INFO:colcon.colcon_core.shell:Creating environment hook '/home/n3h4/Desktop/NEHA/SEDRICA/RosTut/install/tuos_examples/share/tuos_examples/hook/cmake_prefix_path.ps1'
[1.194s] INFO:colcon.colcon_core.shell:Creating environment descriptor '/home/n3h4/Desktop/NEHA/SEDRICA/RosTut/install/tuos_examples/share/tuos_examples/hook/cmake_prefix_path.dsv'
[1.195s] INFO:colcon.colcon_core.shell:Creating environment hook '/home/n3h4/Desktop/NEHA/SEDRICA/RosTut/install/tuos_examples/share/tuos_examples/hook/cmake_prefix_path.sh'
[1.196s] DEBUG:colcon.colcon_core.event_handler.log_command:Invoked command in '/home/n3h4/Desktop/NEHA/SEDRICA/RosTut/build/tuos_examples' returned '0': CMAKE_PREFIX_PATH=/opt/ros/humble /usr/bin/cmake --install /home/n3h4/Desktop/NEHA/SEDRICA/RosTut/build/tuos_examples
[1.196s] Level 1:colcon.colcon_core.environment:checking '/home/n3h4/Desktop/NEHA/SEDRICA/RosTut/install/tuos_examples/lib'
[1.197s] Level 1:colcon.colcon_core.environment:checking '/home/n3h4/Desktop/NEHA/SEDRICA/RosTut/install/tuos_examples/bin'
[1.197s] Level 1:colcon.colcon_core.environment:checking '/home/n3h4/Desktop/NEHA/SEDRICA/RosTut/install/tuos_examples/lib/pkgconfig/tuos_examples.pc'
[1.197s] Level 1:colcon.colcon_core.environment:checking '/home/n3h4/Desktop/NEHA/SEDRICA/RosTut/install/tuos_examples/lib/python3.10/site-packages'
[1.198s] Level 1:colcon.colcon_core.environment:checking '/home/n3h4/Desktop/NEHA/SEDRICA/RosTut/install/tuos_examples/bin'
[1.198s] INFO:colcon.colcon_core.shell:Creating package script '/home/n3h4/Desktop/NEHA/SEDRICA/RosTut/install/tuos_examples/share/tuos_examples/package.ps1'
[1.199s] INFO:colcon.colcon_core.shell:Creating package descriptor '/home/n3h4/Desktop/NEHA/SEDRICA/RosTut/install/tuos_examples/share/tuos_examples/package.dsv'
[1.199s] INFO:colcon.colcon_core.shell:Creating package script '/home/n3h4/Desktop/NEHA/SEDRICA/RosTut/install/tuos_examples/share/tuos_examples/package.sh'
[1.200s] INFO:colcon.colcon_core.shell:Creating package script '/home/n3h4/Desktop/NEHA/SEDRICA/RosTut/install/tuos_examples/share/tuos_examples/package.bash'
[1.201s] INFO:colcon.colcon_core.shell:Creating package script '/home/n3h4/Desktop/NEHA/SEDRICA/RosTut/install/tuos_examples/share/tuos_examples/package.zsh'
[1.201s] Level 1:colcon.colcon_core.environment:create_file_with_runtime_dependencies(/home/n3h4/Desktop/NEHA/SEDRICA/RosTut/install/tuos_examples/share/colcon-core/packages/tuos_examples)
[1.202s] Level 1:colcon.colcon_core.environment:create_environment_scripts_only(tuos_examples)
[1.202s] Level 1:colcon.colcon_core.environment:checking '/home/n3h4/Desktop/NEHA/SEDRICA/RosTut/install/tuos_examples' for CMake module files
[1.203s] Level 1:colcon.colcon_core.environment:checking '/home/n3h4/Desktop/NEHA/SEDRICA/RosTut/install/tuos_examples' for CMake config files
[1.203s] Level 1:colcon.colcon_core.shell:create_environment_hook('tuos_examples', 'cmake_prefix_path')
[1.203s] INFO:colcon.colcon_core.shell:Creating environment hook '/home/n3h4/Desktop/NEHA/SEDRICA/RosTut/install/tuos_examples/share/tuos_examples/hook/cmake_prefix_path.ps1'
[1.204s] INFO:colcon.colcon_core.shell:Creating environment descriptor '/home/n3h4/Desktop/NEHA/SEDRICA/RosTut/install/tuos_examples/share/tuos_examples/hook/cmake_prefix_path.dsv'
[1.204s] INFO:colcon.colcon_core.shell:Creating environment hook '/home/n3h4/Desktop/NEHA/SEDRICA/RosTut/install/tuos_examples/share/tuos_examples/hook/cmake_prefix_path.sh'
[1.204s] Level 1:colcon.colcon_core.environment:checking '/home/n3h4/Desktop/NEHA/SEDRICA/RosTut/install/tuos_examples/lib'
[1.205s] Level 1:colcon.colcon_core.environment:checking '/home/n3h4/Desktop/NEHA/SEDRICA/RosTut/install/tuos_examples/bin'
[1.205s] Level 1:colcon.colcon_core.environment:checking '/home/n3h4/Desktop/NEHA/SEDRICA/RosTut/install/tuos_examples/lib/pkgconfig/tuos_examples.pc'
[1.205s] Level 1:colcon.colcon_core.environment:checking '/home/n3h4/Desktop/NEHA/SEDRICA/RosTut/install/tuos_examples/lib/python3.10/site-packages'
[1.205s] Level 1:colcon.colcon_core.environment:checking '/home/n3h4/Desktop/NEHA/SEDRICA/RosTut/install/tuos_examples/bin'
[1.205s] INFO:colcon.colcon_core.shell:Creating package script '/home/n3h4/Desktop/NEHA/SEDRICA/RosTut/install/tuos_examples/share/tuos_examples/package.ps1'
[1.206s] INFO:colcon.colcon_core.shell:Creating package descriptor '/home/n3h4/Desktop/NEHA/SEDRICA/RosTut/install/tuos_examples/share/tuos_examples/package.dsv'
[1.206s] INFO:colcon.colcon_core.shell:Creating package script '/home/n3h4/Desktop/NEHA/SEDRICA/RosTut/install/tuos_examples/share/tuos_examples/package.sh'
[1.207s] INFO:colcon.colcon_core.shell:Creating package script '/home/n3h4/Desktop/NEHA/SEDRICA/RosTut/install/tuos_examples/share/tuos_examples/package.bash'
[1.207s] INFO:colcon.colcon_core.shell:Creating package script '/home/n3h4/Desktop/NEHA/SEDRICA/RosTut/install/tuos_examples/share/tuos_examples/package.zsh'
[1.208s] Level 1:colcon.colcon_core.environment:create_file_with_runtime_dependencies(/home/n3h4/Desktop/NEHA/SEDRICA/RosTut/install/tuos_examples/share/colcon-core/packages/tuos_examples)
[1.241s] Level 1:colcon.colcon_core.environment:create_environment_scripts_only(tuos_interfaces)
[1.241s] Level 1:colcon.colcon_core.environment:checking '/home/n3h4/Desktop/NEHA/SEDRICA/RosTut/install/tuos_interfaces' for CMake module files
[1.241s] DEBUG:colcon.colcon_core.event_handler.log_command:Invoked command in '/home/n3h4/Desktop/NEHA/SEDRICA/RosTut/build/tuos_interfaces' returned '0': CMAKE_PREFIX_PATH=/opt/ros/humble /usr/bin/cmake --install /home/n3h4/Desktop/NEHA/SEDRICA/RosTut/build/tuos_interfaces
[1.242s] Level 1:colcon.colcon_core.environment:checking '/home/n3h4/Desktop/NEHA/SEDRICA/RosTut/install/tuos_interfaces' for CMake config files
[1.243s] Level 1:colcon.colcon_core.shell:create_environment_hook('tuos_interfaces', 'cmake_prefix_path')
[1.243s] INFO:colcon.colcon_core.shell:Creating environment hook '/home/n3h4/Desktop/NEHA/SEDRICA/RosTut/install/tuos_interfaces/share/tuos_interfaces/hook/cmake_prefix_path.ps1'
[1.243s] INFO:colcon.colcon_core.shell:Creating environment descriptor '/home/n3h4/Desktop/NEHA/SEDRICA/RosTut/install/tuos_interfaces/share/tuos_interfaces/hook/cmake_prefix_path.dsv'
[1.244s] INFO:colcon.colcon_core.shell:Creating environment hook '/home/n3h4/Desktop/NEHA/SEDRICA/RosTut/install/tuos_interfaces/share/tuos_interfaces/hook/cmake_prefix_path.sh'
[1.244s] Level 1:colcon.colcon_core.environment:checking '/home/n3h4/Desktop/NEHA/SEDRICA/RosTut/install/tuos_interfaces/lib'
[1.244s] Level 1:colcon.colcon_core.shell:create_environment_hook('tuos_interfaces', 'ld_library_path_lib')
[1.244s] INFO:colcon.colcon_core.shell:Creating environment hook '/home/n3h4/Desktop/NEHA/SEDRICA/RosTut/install/tuos_interfaces/share/tuos_interfaces/hook/ld_library_path_lib.ps1'
[1.245s] INFO:colcon.colcon_core.shell:Creating environment descriptor '/home/n3h4/Desktop/NEHA/SEDRICA/RosTut/install/tuos_interfaces/share/tuos_interfaces/hook/ld_library_path_lib.dsv'
[1.246s] INFO:colcon.colcon_core.shell:Creating environment hook '/home/n3h4/Desktop/NEHA/SEDRICA/RosTut/install/tuos_interfaces/share/tuos_interfaces/hook/ld_library_path_lib.sh'
[1.246s] Level 1:colcon.colcon_core.environment:checking '/home/n3h4/Desktop/NEHA/SEDRICA/RosTut/install/tuos_interfaces/bin'
[1.246s] Level 1:colcon.colcon_core.environment:checking '/home/n3h4/Desktop/NEHA/SEDRICA/RosTut/install/tuos_interfaces/lib/pkgconfig/tuos_interfaces.pc'
[1.246s] Level 1:colcon.colcon_core.environment:checking '/home/n3h4/Desktop/NEHA/SEDRICA/RosTut/install/tuos_interfaces/lib/python3.10/site-packages'
[1.247s] Level 1:colcon.colcon_core.environment:checking '/home/n3h4/Desktop/NEHA/SEDRICA/RosTut/install/tuos_interfaces/bin'
[1.247s] INFO:colcon.colcon_core.shell:Creating package script '/home/n3h4/Desktop/NEHA/SEDRICA/RosTut/install/tuos_interfaces/share/tuos_interfaces/package.ps1'
[1.247s] INFO:colcon.colcon_core.shell:Creating package descriptor '/home/n3h4/Desktop/NEHA/SEDRICA/RosTut/install/tuos_interfaces/share/tuos_interfaces/package.dsv'
[1.248s] INFO:colcon.colcon_core.shell:Creating package script '/home/n3h4/Desktop/NEHA/SEDRICA/RosTut/install/tuos_interfaces/share/tuos_interfaces/package.sh'
[1.248s] INFO:colcon.colcon_core.shell:Creating package script '/home/n3h4/Desktop/NEHA/SEDRICA/RosTut/install/tuos_interfaces/share/tuos_interfaces/package.bash'
[1.249s] INFO:colcon.colcon_core.shell:Creating package script '/home/n3h4/Desktop/NEHA/SEDRICA/RosTut/install/tuos_interfaces/share/tuos_interfaces/package.zsh'
[1.249s] Level 1:colcon.colcon_core.environment:create_file_with_runtime_dependencies(/home/n3h4/Desktop/NEHA/SEDRICA/RosTut/install/tuos_interfaces/share/colcon-core/packages/tuos_interfaces)
[1.250s] Level 1:colcon.colcon_core.environment:create_environment_scripts_only(tuos_interfaces)
[1.250s] Level 1:colcon.colcon_core.environment:checking '/home/n3h4/Desktop/NEHA/SEDRICA/RosTut/install/tuos_interfaces' for CMake module files
[1.250s] Level 1:colcon.colcon_core.environment:checking '/home/n3h4/Desktop/NEHA/SEDRICA/RosTut/install/tuos_interfaces' for CMake config files
[1.251s] Level 1:colcon.colcon_core.shell:create_environment_hook('tuos_interfaces', 'cmake_prefix_path')
[1.251s] INFO:colcon.colcon_core.shell:Creating environment hook '/home/n3h4/Desktop/NEHA/SEDRICA/RosTut/install/tuos_interfaces/share/tuos_interfaces/hook/cmake_prefix_path.ps1'
[1.252s] INFO:colcon.colcon_core.shell:Creating environment descriptor '/home/n3h4/Desktop/NEHA/SEDRICA/RosTut/install/tuos_interfaces/share/tuos_interfaces/hook/cmake_prefix_path.dsv'
[1.252s] INFO:colcon.colcon_core.shell:Creating environment hook '/home/n3h4/Desktop/NEHA/SEDRICA/RosTut/install/tuos_interfaces/share/tuos_interfaces/hook/cmake_prefix_path.sh'
[1.253s] Level 1:colcon.colcon_core.environment:checking '/home/n3h4/Desktop/NEHA/SEDRICA/RosTut/install/tuos_interfaces/lib'
[1.253s] Level 1:colcon.colcon_core.shell:create_environment_hook('tuos_interfaces', 'ld_library_path_lib')
[1.253s] INFO:colcon.colcon_core.shell:Creating environment hook '/home/n3h4/Desktop/NEHA/SEDRICA/RosTut/install/tuos_interfaces/share/tuos_interfaces/hook/ld_library_path_lib.ps1'
[1.253s] INFO:colcon.colcon_core.shell:Creating environment descriptor '/home/n3h4/Desktop/NEHA/SEDRICA/RosTut/install/tuos_interfaces/share/tuos_interfaces/hook/ld_library_path_lib.dsv'
[1.254s] INFO:colcon.colcon_core.shell:Creating environment hook '/home/n3h4/Desktop/NEHA/SEDRICA/RosTut/install/tuos_interfaces/share/tuos_interfaces/hook/ld_library_path_lib.sh'
[1.254s] Level 1:colcon.colcon_core.environment:checking '/home/n3h4/Desktop/NEHA/SEDRICA/RosTut/install/tuos_interfaces/bin'
[1.254s] Level 1:colcon.colcon_core.environment:checking '/home/n3h4/Desktop/NEHA/SEDRICA/RosTut/install/tuos_interfaces/lib/pkgconfig/tuos_interfaces.pc'
[1.254s] Level 1:colcon.colcon_core.environment:checking '/home/n3h4/Desktop/NEHA/SEDRICA/RosTut/install/tuos_interfaces/lib/python3.10/site-packages'
[1.255s] Level 1:colcon.colcon_core.environment:checking '/home/n3h4/Desktop/NEHA/SEDRICA/RosTut/install/tuos_interfaces/bin'
[1.255s] INFO:colcon.colcon_core.shell:Creating package script '/home/n3h4/Desktop/NEHA/SEDRICA/RosTut/install/tuos_interfaces/share/tuos_interfaces/package.ps1'
[1.256s] INFO:colcon.colcon_core.shell:Creating package descriptor '/home/n3h4/Desktop/NEHA/SEDRICA/RosTut/install/tuos_interfaces/share/tuos_interfaces/package.dsv'
[1.256s] INFO:colcon.colcon_core.shell:Creating package script '/home/n3h4/Desktop/NEHA/SEDRICA/RosTut/install/tuos_interfaces/share/tuos_interfaces/package.sh'
[1.257s] INFO:colcon.colcon_core.shell:Creating package script '/home/n3h4/Desktop/NEHA/SEDRICA/RosTut/install/tuos_interfaces/share/tuos_interfaces/package.bash'
[1.257s] INFO:colcon.colcon_core.shell:Creating package script '/home/n3h4/Desktop/NEHA/SEDRICA/RosTut/install/tuos_interfaces/share/tuos_interfaces/package.zsh'
[1.257s] Level 1:colcon.colcon_core.environment:create_file_with_runtime_dependencies(/home/n3h4/Desktop/NEHA/SEDRICA/RosTut/install/tuos_interfaces/share/colcon-core/packages/tuos_interfaces)
[1.258s] INFO:colcon.colcon_ros.task.ament_cmake.build:Building ROS package in '/home/n3h4/Desktop/NEHA/SEDRICA/RosTut/tuos_ros/tuos_ros' with build type 'ament_cmake'
[1.258s] INFO:colcon.colcon_cmake.task.cmake.build:Building CMake package in '/home/n3h4/Desktop/NEHA/SEDRICA/RosTut/tuos_ros/tuos_ros'
[1.258s] INFO:colcon.colcon_core.shell:Skip shell extension 'powershell' for command environment: Not usable outside of PowerShell
[1.258s] DEBUG:colcon.colcon_core.shell:Skip shell extension 'dsv' for command environment
[1.274s] DEBUG:colcon.colcon_core.event_handler.log_command:Invoking command in '/home/n3h4/Desktop/NEHA/SEDRICA/RosTut/build/tuos_ros': AMENT_PREFIX_PATH=/home/n3h4/Desktop/NEHA/SEDRICA/RosTut/install/com2009_simulations:/home/n3h4/Desktop/NEHA/SEDRICA/RosTut/install/tuos_tb3_tools:/home/n3h4/Desktop/NEHA/SEDRICA/RosTut/install/tuos_simulations:/home/n3h4/Desktop/NEHA/SEDRICA/RosTut/install/tuos_interfaces:/home/n3h4/Desktop/NEHA/SEDRICA/RosTut/install/tuos_examples:${AMENT_PREFIX_PATH} CMAKE_PREFIX_PATH=/home/n3h4/Desktop/NEHA/SEDRICA/RosTut/install/com2009_simulations:/home/n3h4/Desktop/NEHA/SEDRICA/RosTut/install/tuos_tb3_tools:/home/n3h4/Desktop/NEHA/SEDRICA/RosTut/install/tuos_simulations:/home/n3h4/Desktop/NEHA/SEDRICA/RosTut/install/tuos_interfaces:/home/n3h4/Desktop/NEHA/SEDRICA/RosTut/install/tuos_examples:/opt/ros/humble LD_LIBRARY_PATH=/home/n3h4/Desktop/NEHA/SEDRICA/RosTut/install/tuos_interfaces/lib:${LD_LIBRARY_PATH} PYTHONPATH=/home/n3h4/Desktop/NEHA/SEDRICA/RosTut/install/tuos_interfaces/local/lib/python3.10/dist-packages:/home/n3h4/Desktop/NEHA/SEDRICA/RosTut/install/tuos_examples/local/lib/python3.10/dist-packages:${PYTHONPATH} /usr/bin/cmake --build /home/n3h4/Desktop/NEHA/SEDRICA/RosTut/build/tuos_ros -- -j12 -l12
[1.310s] DEBUG:colcon.colcon_core.event_handler.log_command:Invoked command in '/home/n3h4/Desktop/NEHA/SEDRICA/RosTut/build/tuos_ros' returned '0': AMENT_PREFIX_PATH=/home/n3h4/Desktop/NEHA/SEDRICA/RosTut/install/com2009_simulations:/home/n3h4/Desktop/NEHA/SEDRICA/RosTut/install/tuos_tb3_tools:/home/n3h4/Desktop/NEHA/SEDRICA/RosTut/install/tuos_simulations:/home/n3h4/Desktop/NEHA/SEDRICA/RosTut/install/tuos_interfaces:/home/n3h4/Desktop/NEHA/SEDRICA/RosTut/install/tuos_examples:${AMENT_PREFIX_PATH} CMAKE_PREFIX_PATH=/home/n3h4/Desktop/NEHA/SEDRICA/RosTut/install/com2009_simulations:/home/n3h4/Desktop/NEHA/SEDRICA/RosTut/install/tuos_tb3_tools:/home/n3h4/Desktop/NEHA/SEDRICA/RosTut/install/tuos_simulations:/home/n3h4/Desktop/NEHA/SEDRICA/RosTut/install/tuos_interfaces:/home/n3h4/Desktop/NEHA/SEDRICA/RosTut/install/tuos_examples:/opt/ros/humble LD_LIBRARY_PATH=/home/n3h4/Desktop/NEHA/SEDRICA/RosTut/install/tuos_interfaces/lib:${LD_LIBRARY_PATH} PYTHONPATH=/home/n3h4/Desktop/NEHA/SEDRICA/RosTut/install/tuos_interfaces/local/lib/python3.10/dist-packages:/home/n3h4/Desktop/NEHA/SEDRICA/RosTut/install/tuos_examples/local/lib/python3.10/dist-packages:${PYTHONPATH} /usr/bin/cmake --build /home/n3h4/Desktop/NEHA/SEDRICA/RosTut/build/tuos_ros -- -j12 -l12
[1.313s] DEBUG:colcon.colcon_core.event_handler.log_command:Invoking command in '/home/n3h4/Desktop/NEHA/SEDRICA/RosTut/build/tuos_ros': AMENT_PREFIX_PATH=/home/n3h4/Desktop/NEHA/SEDRICA/RosTut/install/com2009_simulations:/home/n3h4/Desktop/NEHA/SEDRICA/RosTut/install/tuos_tb3_tools:/home/n3h4/Desktop/NEHA/SEDRICA/RosTut/install/tuos_simulations:/home/n3h4/Desktop/NEHA/SEDRICA/RosTut/install/tuos_interfaces:/home/n3h4/Desktop/NEHA/SEDRICA/RosTut/install/tuos_examples:${AMENT_PREFIX_PATH} CMAKE_PREFIX_PATH=/home/n3h4/Desktop/NEHA/SEDRICA/RosTut/install/com2009_simulations:/home/n3h4/Desktop/NEHA/SEDRICA/RosTut/install/tuos_tb3_tools:/home/n3h4/Desktop/NEHA/SEDRICA/RosTut/install/tuos_simulations:/home/n3h4/Desktop/NEHA/SEDRICA/RosTut/install/tuos_interfaces:/home/n3h4/Desktop/NEHA/SEDRICA/RosTut/install/tuos_examples:/opt/ros/humble LD_LIBRARY_PATH=/home/n3h4/Desktop/NEHA/SEDRICA/RosTut/install/tuos_interfaces/lib:${LD_LIBRARY_PATH} PYTHONPATH=/home/n3h4/Desktop/NEHA/SEDRICA/RosTut/install/tuos_interfaces/local/lib/python3.10/dist-packages:/home/n3h4/Desktop/NEHA/SEDRICA/RosTut/install/tuos_examples/local/lib/python3.10/dist-packages:${PYTHONPATH} /usr/bin/cmake --install /home/n3h4/Desktop/NEHA/SEDRICA/RosTut/build/tuos_ros
[1.327s] Level 1:colcon.colcon_core.environment:create_environment_scripts_only(tuos_ros)
[1.328s] Level 1:colcon.colcon_core.environment:checking '/home/n3h4/Desktop/NEHA/SEDRICA/RosTut/install/tuos_ros' for CMake module files
[1.328s] DEBUG:colcon.colcon_core.event_handler.log_command:Invoked command in '/home/n3h4/Desktop/NEHA/SEDRICA/RosTut/build/tuos_ros' returned '0': AMENT_PREFIX_PATH=/home/n3h4/Desktop/NEHA/SEDRICA/RosTut/install/com2009_simulations:/home/n3h4/Desktop/NEHA/SEDRICA/RosTut/install/tuos_tb3_tools:/home/n3h4/Desktop/NEHA/SEDRICA/RosTut/install/tuos_simulations:/home/n3h4/Desktop/NEHA/SEDRICA/RosTut/install/tuos_interfaces:/home/n3h4/Desktop/NEHA/SEDRICA/RosTut/install/tuos_examples:${AMENT_PREFIX_PATH} CMAKE_PREFIX_PATH=/home/n3h4/Desktop/NEHA/SEDRICA/RosTut/install/com2009_simulations:/home/n3h4/Desktop/NEHA/SEDRICA/RosTut/install/tuos_tb3_tools:/home/n3h4/Desktop/NEHA/SEDRICA/RosTut/install/tuos_simulations:/home/n3h4/Desktop/NEHA/SEDRICA/RosTut/install/tuos_interfaces:/home/n3h4/Desktop/NEHA/SEDRICA/RosTut/install/tuos_examples:/opt/ros/humble LD_LIBRARY_PATH=/home/n3h4/Desktop/NEHA/SEDRICA/RosTut/install/tuos_interfaces/lib:${LD_LIBRARY_PATH} PYTHONPATH=/home/n3h4/Desktop/NEHA/SEDRICA/RosTut/install/tuos_interfaces/local/lib/python3.10/dist-packages:/home/n3h4/Desktop/NEHA/SEDRICA/RosTut/install/tuos_examples/local/lib/python3.10/dist-packages:${PYTHONPATH} /usr/bin/cmake --install /home/n3h4/Desktop/NEHA/SEDRICA/RosTut/build/tuos_ros
[1.329s] Level 1:colcon.colcon_core.environment:checking '/home/n3h4/Desktop/NEHA/SEDRICA/RosTut/install/tuos_ros' for CMake config files
[1.329s] Level 1:colcon.colcon_core.shell:create_environment_hook('tuos_ros', 'cmake_prefix_path')
[1.330s] INFO:colcon.colcon_core.shell:Creating environment hook '/home/n3h4/Desktop/NEHA/SEDRICA/RosTut/install/tuos_ros/share/tuos_ros/hook/cmake_prefix_path.ps1'
[1.330s] INFO:colcon.colcon_core.shell:Creating environment descriptor '/home/n3h4/Desktop/NEHA/SEDRICA/RosTut/install/tuos_ros/share/tuos_ros/hook/cmake_prefix_path.dsv'
[1.331s] INFO:colcon.colcon_core.shell:Creating environment hook '/home/n3h4/Desktop/NEHA/SEDRICA/RosTut/install/tuos_ros/share/tuos_ros/hook/cmake_prefix_path.sh'
[1.332s] Level 1:colcon.colcon_core.environment:checking '/home/n3h4/Desktop/NEHA/SEDRICA/RosTut/install/tuos_ros/bin'
[1.332s] Level 1:colcon.colcon_core.environment:checking '/home/n3h4/Desktop/NEHA/SEDRICA/RosTut/install/tuos_ros/lib/pkgconfig/tuos_ros.pc'
[1.332s] Level 1:colcon.colcon_core.environment:checking '/home/n3h4/Desktop/NEHA/SEDRICA/RosTut/install/tuos_ros/lib/python3.10/site-packages'
[1.333s] Level 1:colcon.colcon_core.environment:checking '/home/n3h4/Desktop/NEHA/SEDRICA/RosTut/install/tuos_ros/bin'
[1.333s] INFO:colcon.colcon_core.shell:Creating package script '/home/n3h4/Desktop/NEHA/SEDRICA/RosTut/install/tuos_ros/share/tuos_ros/package.ps1'
[1.334s] INFO:colcon.colcon_core.shell:Creating package descriptor '/home/n3h4/Desktop/NEHA/SEDRICA/RosTut/install/tuos_ros/share/tuos_ros/package.dsv'
[1.334s] INFO:colcon.colcon_core.shell:Creating package script '/home/n3h4/Desktop/NEHA/SEDRICA/RosTut/install/tuos_ros/share/tuos_ros/package.sh'
[1.335s] INFO:colcon.colcon_core.shell:Creating package script '/home/n3h4/Desktop/NEHA/SEDRICA/RosTut/install/tuos_ros/share/tuos_ros/package.bash'
[1.336s] INFO:colcon.colcon_core.shell:Creating package script '/home/n3h4/Desktop/NEHA/SEDRICA/RosTut/install/tuos_ros/share/tuos_ros/package.zsh'
[1.336s] Level 1:colcon.colcon_core.environment:create_file_with_runtime_dependencies(/home/n3h4/Desktop/NEHA/SEDRICA/RosTut/install/tuos_ros/share/colcon-core/packages/tuos_ros)
[1.337s] Level 1:colcon.colcon_core.environment:create_environment_scripts_only(tuos_ros)
[1.337s] Level 1:colcon.colcon_core.environment:checking '/home/n3h4/Desktop/NEHA/SEDRICA/RosTut/install/tuos_ros' for CMake module files
[1.337s] Level 1:colcon.colcon_core.environment:checking '/home/n3h4/Desktop/NEHA/SEDRICA/RosTut/install/tuos_ros' for CMake config files
[1.338s] Level 1:colcon.colcon_core.shell:create_environment_hook('tuos_ros', 'cmake_prefix_path')
[1.338s] INFO:colcon.colcon_core.shell:Creating environment hook '/home/n3h4/Desktop/NEHA/SEDRICA/RosTut/install/tuos_ros/share/tuos_ros/hook/cmake_prefix_path.ps1'
[1.338s] INFO:colcon.colcon_core.shell:Creating environment descriptor '/home/n3h4/Desktop/NEHA/SEDRICA/RosTut/install/tuos_ros/share/tuos_ros/hook/cmake_prefix_path.dsv'
[1.339s] INFO:colcon.colcon_core.shell:Creating environment hook '/home/n3h4/Desktop/NEHA/SEDRICA/RosTut/install/tuos_ros/share/tuos_ros/hook/cmake_prefix_path.sh'
[1.339s] Level 1:colcon.colcon_core.environment:checking '/home/n3h4/Desktop/NEHA/SEDRICA/RosTut/install/tuos_ros/bin'
[1.340s] Level 1:colcon.colcon_core.environment:checking '/home/n3h4/Desktop/NEHA/SEDRICA/RosTut/install/tuos_ros/lib/pkgconfig/tuos_ros.pc'
[1.340s] Level 1:colcon.colcon_core.environment:checking '/home/n3h4/Desktop/NEHA/SEDRICA/RosTut/install/tuos_ros/lib/python3.10/site-packages'
[1.340s] Level 1:colcon.colcon_core.environment:checking '/home/n3h4/Desktop/NEHA/SEDRICA/RosTut/install/tuos_ros/bin'
[1.340s] INFO:colcon.colcon_core.shell:Creating package script '/home/n3h4/Desktop/NEHA/SEDRICA/RosTut/install/tuos_ros/share/tuos_ros/package.ps1'
[1.341s] INFO:colcon.colcon_core.shell:Creating package descriptor '/home/n3h4/Desktop/NEHA/SEDRICA/RosTut/install/tuos_ros/share/tuos_ros/package.dsv'
[1.342s] INFO:colcon.colcon_core.shell:Creating package script '/home/n3h4/Desktop/NEHA/SEDRICA/RosTut/install/tuos_ros/share/tuos_ros/package.sh'
[1.342s] INFO:colcon.colcon_core.shell:Creating package script '/home/n3h4/Desktop/NEHA/SEDRICA/RosTut/install/tuos_ros/share/tuos_ros/package.bash'
[1.343s] INFO:colcon.colcon_core.shell:Creating package script '/home/n3h4/Desktop/NEHA/SEDRICA/RosTut/install/tuos_ros/share/tuos_ros/package.zsh'
[1.343s] Level 1:colcon.colcon_core.environment:create_file_with_runtime_dependencies(/home/n3h4/Desktop/NEHA/SEDRICA/RosTut/install/tuos_ros/share/colcon-core/packages/tuos_ros)
[2.259s] DEBUG:colcon.colcon_core.event_handler.log_command:Invoked command in '/home/n3h4/Desktop/NEHA/SEDRICA/RosTut/build/part1_pubsub' returned '0': CMAKE_PREFIX_PATH=/opt/ros/humble /usr/bin/cmake /home/n3h4/Desktop/NEHA/SEDRICA/RosTut/part1_pubsub -DCMAKE_INSTALL_PREFIX=/home/n3h4/Desktop/NEHA/SEDRICA/RosTut/install/part1_pubsub
[2.261s] DEBUG:colcon.colcon_core.event_handler.log_command:Invoking command in '/home/n3h4/Desktop/NEHA/SEDRICA/RosTut/build/part1_pubsub': CMAKE_PREFIX_PATH=/opt/ros/humble /usr/bin/cmake --build /home/n3h4/Desktop/NEHA/SEDRICA/RosTut/build/part1_pubsub -- -j12 -l12
[2.567s] DEBUG:colcon.colcon_core.event_handler.log_command:Invoked command in '/home/n3h4/Desktop/NEHA/SEDRICA/RosTut/build/part1_pubsub' returned '0': CMAKE_PREFIX_PATH=/opt/ros/humble /usr/bin/cmake --build /home/n3h4/Desktop/NEHA/SEDRICA/RosTut/build/part1_pubsub -- -j12 -l12
[2.568s] DEBUG:colcon.colcon_core.event_handler.log_command:Invoking command in '/home/n3h4/Desktop/NEHA/SEDRICA/RosTut/build/part1_pubsub': CMAKE_PREFIX_PATH=/opt/ros/humble /usr/bin/cmake --install /home/n3h4/Desktop/NEHA/SEDRICA/RosTut/build/part1_pubsub
[2.613s] Level 1:colcon.colcon_core.environment:create_environment_scripts_only(part1_pubsub)
[2.614s] Level 1:colcon.colcon_core.environment:checking '/home/n3h4/Desktop/NEHA/SEDRICA/RosTut/install/part1_pubsub' for CMake module files
[2.614s] DEBUG:colcon.colcon_core.event_handler.log_command:Invoked command in '/home/n3h4/Desktop/NEHA/SEDRICA/RosTut/build/part1_pubsub' returned '0': CMAKE_PREFIX_PATH=/opt/ros/humble /usr/bin/cmake --install /home/n3h4/Desktop/NEHA/SEDRICA/RosTut/build/part1_pubsub
[2.614s] Level 1:colcon.colcon_core.environment:checking '/home/n3h4/Desktop/NEHA/SEDRICA/RosTut/install/part1_pubsub' for CMake config files
[2.614s] Level 1:colcon.colcon_core.shell:create_environment_hook('part1_pubsub', 'cmake_prefix_path')
[2.615s] INFO:colcon.colcon_core.shell:Creating environment hook '/home/n3h4/Desktop/NEHA/SEDRICA/RosTut/install/part1_pubsub/share/part1_pubsub/hook/cmake_prefix_path.ps1'
[2.615s] INFO:colcon.colcon_core.shell:Creating environment descriptor '/home/n3h4/Desktop/NEHA/SEDRICA/RosTut/install/part1_pubsub/share/part1_pubsub/hook/cmake_prefix_path.dsv'
[2.615s] INFO:colcon.colcon_core.shell:Creating environment hook '/home/n3h4/Desktop/NEHA/SEDRICA/RosTut/install/part1_pubsub/share/part1_pubsub/hook/cmake_prefix_path.sh'
[2.616s] Level 1:colcon.colcon_core.environment:checking '/home/n3h4/Desktop/NEHA/SEDRICA/RosTut/install/part1_pubsub/lib'
[2.616s] Level 1:colcon.colcon_core.environment:checking '/home/n3h4/Desktop/NEHA/SEDRICA/RosTut/install/part1_pubsub/bin'
[2.616s] Level 1:colcon.colcon_core.environment:checking '/home/n3h4/Desktop/NEHA/SEDRICA/RosTut/install/part1_pubsub/lib/pkgconfig/part1_pubsub.pc'
[2.616s] Level 1:colcon.colcon_core.environment:checking '/home/n3h4/Desktop/NEHA/SEDRICA/RosTut/install/part1_pubsub/lib/python3.10/site-packages'
[2.617s] Level 1:colcon.colcon_core.environment:checking '/home/n3h4/Desktop/NEHA/SEDRICA/RosTut/install/part1_pubsub/bin'
[2.617s] INFO:colcon.colcon_core.shell:Creating package script '/home/n3h4/Desktop/NEHA/SEDRICA/RosTut/install/part1_pubsub/share/part1_pubsub/package.ps1'
[2.617s] INFO:colcon.colcon_core.shell:Creating package descriptor '/home/n3h4/Desktop/NEHA/SEDRICA/RosTut/install/part1_pubsub/share/part1_pubsub/package.dsv'
[2.618s] INFO:colcon.colcon_core.shell:Creating package script '/home/n3h4/Desktop/NEHA/SEDRICA/RosTut/install/part1_pubsub/share/part1_pubsub/package.sh'
[2.618s] INFO:colcon.colcon_core.shell:Creating package script '/home/n3h4/Desktop/NEHA/SEDRICA/RosTut/install/part1_pubsub/share/part1_pubsub/package.bash'
[2.618s] INFO:colcon.colcon_core.shell:Creating package script '/home/n3h4/Desktop/NEHA/SEDRICA/RosTut/install/part1_pubsub/share/part1_pubsub/package.zsh'
[2.618s] Level 1:colcon.colcon_core.environment:create_file_with_runtime_dependencies(/home/n3h4/Desktop/NEHA/SEDRICA/RosTut/install/part1_pubsub/share/colcon-core/packages/part1_pubsub)
[2.619s] Level 1:colcon.colcon_core.environment:create_environment_scripts_only(part1_pubsub)
[2.619s] Level 1:colcon.colcon_core.environment:checking '/home/n3h4/Desktop/NEHA/SEDRICA/RosTut/install/part1_pubsub' for CMake module files
[2.619s] Level 1:colcon.colcon_core.environment:checking '/home/n3h4/Desktop/NEHA/SEDRICA/RosTut/install/part1_pubsub' for CMake config files
[2.620s] Level 1:colcon.colcon_core.shell:create_environment_hook('part1_pubsub', 'cmake_prefix_path')
[2.620s] INFO:colcon.colcon_core.shell:Creating environment hook '/home/n3h4/Desktop/NEHA/SEDRICA/RosTut/install/part1_pubsub/share/part1_pubsub/hook/cmake_prefix_path.ps1'
[2.620s] INFO:colcon.colcon_core.shell:Creating environment descriptor '/home/n3h4/Desktop/NEHA/SEDRICA/RosTut/install/part1_pubsub/share/part1_pubsub/hook/cmake_prefix_path.dsv'
[2.621s] INFO:colcon.colcon_core.shell:Creating environment hook '/home/n3h4/Desktop/NEHA/SEDRICA/RosTut/install/part1_pubsub/share/part1_pubsub/hook/cmake_prefix_path.sh'
[2.621s] Level 1:colcon.colcon_core.environment:checking '/home/n3h4/Desktop/NEHA/SEDRICA/RosTut/install/part1_pubsub/lib'
[2.621s] Level 1:colcon.colcon_core.environment:checking '/home/n3h4/Desktop/NEHA/SEDRICA/RosTut/install/part1_pubsub/bin'
[2.621s] Level 1:colcon.colcon_core.environment:checking '/home/n3h4/Desktop/NEHA/SEDRICA/RosTut/install/part1_pubsub/lib/pkgconfig/part1_pubsub.pc'
[2.621s] Level 1:colcon.colcon_core.environment:checking '/home/n3h4/Desktop/NEHA/SEDRICA/RosTut/install/part1_pubsub/lib/python3.10/site-packages'
[2.622s] Level 1:colcon.colcon_core.environment:checking '/home/n3h4/Desktop/NEHA/SEDRICA/RosTut/install/part1_pubsub/bin'
[2.622s] INFO:colcon.colcon_core.shell:Creating package script '/home/n3h4/Desktop/NEHA/SEDRICA/RosTut/install/part1_pubsub/share/part1_pubsub/package.ps1'
[2.622s] INFO:colcon.colcon_core.shell:Creating package descriptor '/home/n3h4/Desktop/NEHA/SEDRICA/RosTut/install/part1_pubsub/share/part1_pubsub/package.dsv'
[2.623s] INFO:colcon.colcon_core.shell:Creating package script '/home/n3h4/Desktop/NEHA/SEDRICA/RosTut/install/part1_pubsub/share/part1_pubsub/package.sh'
[2.623s] INFO:colcon.colcon_core.shell:Creating package script '/home/n3h4/Desktop/NEHA/SEDRICA/RosTut/install/part1_pubsub/share/part1_pubsub/package.bash'
[2.624s] INFO:colcon.colcon_core.shell:Creating package script '/home/n3h4/Desktop/NEHA/SEDRICA/RosTut/install/part1_pubsub/share/part1_pubsub/package.zsh'
[2.624s] Level 1:colcon.colcon_core.environment:create_file_with_runtime_dependencies(/home/n3h4/Desktop/NEHA/SEDRICA/RosTut/install/part1_pubsub/share/colcon-core/packages/part1_pubsub)
[2.624s] DEBUG:colcon.colcon_parallel_executor.executor.parallel:closing loop
[2.624s] DEBUG:colcon.colcon_parallel_executor.executor.parallel:loop closed
[2.624s] DEBUG:colcon.colcon_parallel_executor.executor.parallel:run_until_complete finished with '0'
[2.624s] DEBUG:colcon.colcon_core.event_reactor:joining thread
[2.631s] INFO:colcon.colcon_core.plugin_system:Skipping extension 'colcon_notification.desktop_notification.terminal_notifier': Not used on non-Darwin systems
[2.631s] INFO:colcon.colcon_core.plugin_system:Skipping extension 'colcon_notification.desktop_notification.win32': Not used on non-Windows systems
[2.631s] INFO:colcon.colcon_notification.desktop_notification:Sending desktop notification using 'notify2'
[2.643s] DEBUG:colcon.colcon_core.event_reactor:joined thread
[2.643s] INFO:colcon.colcon_core.shell:Creating prefix script '/home/n3h4/Desktop/NEHA/SEDRICA/RosTut/install/local_setup.ps1'
[2.644s] INFO:colcon.colcon_core.shell:Creating prefix util module '/home/n3h4/Desktop/NEHA/SEDRICA/RosTut/install/_local_setup_util_ps1.py'
[2.647s] INFO:colcon.colcon_core.shell:Creating prefix chain script '/home/n3h4/Desktop/NEHA/SEDRICA/RosTut/install/setup.ps1'
[2.648s] INFO:colcon.colcon_core.shell:Creating prefix script '/home/n3h4/Desktop/NEHA/SEDRICA/RosTut/install/local_setup.sh'
[2.649s] INFO:colcon.colcon_core.shell:Creating prefix util module '/home/n3h4/Desktop/NEHA/SEDRICA/RosTut/install/_local_setup_util_sh.py'
[2.650s] INFO:colcon.colcon_core.shell:Creating prefix chain script '/home/n3h4/Desktop/NEHA/SEDRICA/RosTut/install/setup.sh'
[2.651s] INFO:colcon.colcon_core.shell:Creating prefix script '/home/n3h4/Desktop/NEHA/SEDRICA/RosTut/install/local_setup.bash'
[2.652s] INFO:colcon.colcon_core.shell:Creating prefix chain script '/home/n3h4/Desktop/NEHA/SEDRICA/RosTut/install/setup.bash'
[2.653s] INFO:colcon.colcon_core.shell:Creating prefix script '/home/n3h4/Desktop/NEHA/SEDRICA/RosTut/install/local_setup.zsh'
[2.654s] INFO:colcon.colcon_core.shell:Creating prefix chain script '/home/n3h4/Desktop/NEHA/SEDRICA/RosTut/install/setup.zsh'
