[0.021s] Invoking command in '/home/n3h4/Desktop/NEHA/SEDRICA/RosTut/build/com2009_simulations': CMAKE_PREFIX_PATH=/home/n3h4/Desktop/NEHA/SEDRICA/RosTut/install/tuos_simulations:/home/n3h4/Desktop/NEHA/SEDRICA/RosTut/install/tuos_ros:/home/n3h4/Desktop/NEHA/SEDRICA/RosTut/install/tuos_tb3_tools:/home/n3h4/Desktop/NEHA/SEDRICA/RosTut/install/com2009_simulations:/home/n3h4/Desktop/NEHA/SEDRICA/RosTut/install/tuos_interfaces:/home/n3h4/Desktop/NEHA/SEDRICA/RosTut/install/tuos_examples:/home/n3h4/Desktop/NEHA/SEDRICA/RosTut/install/part1_pubsub:/opt/ros/humble /usr/bin/cmake --build /home/n3h4/Desktop/NEHA/SEDRICA/RosTut/build/com2009_simulations -- -j12 -l12
[0.073s] Invoked command in '/home/n3h4/Desktop/NEHA/SEDRICA/RosTut/build/com2009_simulations' returned '0': CMAKE_PREFIX_PATH=/home/n3h4/Desktop/NEHA/SEDRICA/RosTut/install/tuos_simulations:/home/n3h4/Desktop/NEHA/SEDRICA/RosTut/install/tuos_ros:/home/n3h4/Desktop/NEHA/SEDRICA/RosTut/install/tuos_tb3_tools:/home/n3h4/Desktop/NEHA/SEDRICA/RosTut/install/com2009_simulations:/home/n3h4/Desktop/NEHA/SEDRICA/RosTut/install/tuos_interfaces:/home/n3h4/Desktop/NEHA/SEDRICA/RosTut/install/tuos_examples:/home/n3h4/Desktop/NEHA/SEDRICA/RosTut/install/part1_pubsub:/opt/ros/humble /usr/bin/cmake --build /home/n3h4/Desktop/NEHA/SEDRICA/RosTut/build/com2009_simulations -- -j12 -l12
[0.075s] Invoking command in '/home/n3h4/Desktop/NEHA/SEDRICA/RosTut/build/com2009_simulations': CMAKE_PREFIX_PATH=/home/n3h4/Desktop/NEHA/SEDRICA/RosTut/install/tuos_simulations:/home/n3h4/Desktop/NEHA/SEDRICA/RosTut/install/tuos_ros:/home/n3h4/Desktop/NEHA/SEDRICA/RosTut/install/tuos_tb3_tools:/home/n3h4/Desktop/NEHA/SEDRICA/RosTut/install/com2009_simulations:/home/n3h4/Desktop/NEHA/SEDRICA/RosTut/install/tuos_interfaces:/home/n3h4/Desktop/NEHA/SEDRICA/RosTut/install/tuos_examples:/home/n3h4/Desktop/NEHA/SEDRICA/RosTut/install/part1_pubsub:/opt/ros/humble /usr/bin/cmake --install /home/n3h4/Desktop/NEHA/SEDRICA/RosTut/build/com2009_simulations
[0.084s] -- Install configuration: ""
[0.085s] -- Up-to-date: /home/n3h4/Desktop/NEHA/SEDRICA/RosTut/install/com2009_simulations/share/com2009_simulations/launch
[0.086s] -- Up-to-date: /home/n3h4/Desktop/NEHA/SEDRICA/RosTut/install/com2009_simulations/share/com2009_simulations/launch/task1.launch.py
[0.086s] -- Up-to-date: /home/n3h4/Desktop/NEHA/SEDRICA/RosTut/install/com2009_simulations/share/com2009_simulations/launch/arena.launch.py
[0.087s] -- Up-to-date: /home/n3h4/Desktop/NEHA/SEDRICA/RosTut/install/com2009_simulations/share/com2009_simulations/launch/task2.launch.py
[0.087s] -- Up-to-date: /home/n3h4/Desktop/NEHA/SEDRICA/RosTut/install/com2009_simulations/share/com2009_simulations/launch/task3.launch.py
[0.087s] -- Up-to-date: /home/n3h4/Desktop/NEHA/SEDRICA/RosTut/install/com2009_simulations/share/com2009_simulations/models
[0.087s] -- Up-to-date: /home/n3h4/Desktop/NEHA/SEDRICA/RosTut/install/com2009_simulations/share/com2009_simulations/models/beacon_blue
[0.087s] -- Up-to-date: /home/n3h4/Desktop/NEHA/SEDRICA/RosTut/install/com2009_simulations/share/com2009_simulations/models/beacon_blue/model.sdf
[0.087s] -- Up-to-date: /home/n3h4/Desktop/NEHA/SEDRICA/RosTut/install/com2009_simulations/share/com2009_simulations/models/beacon_blue/model.config
[0.088s] -- Up-to-date: /home/n3h4/Desktop/NEHA/SEDRICA/RosTut/install/com2009_simulations/share/com2009_simulations/models/beacon_yellow
[0.088s] -- Up-to-date: /home/n3h4/Desktop/NEHA/SEDRICA/RosTut/install/com2009_simulations/share/com2009_simulations/models/beacon_yellow/model.sdf
[0.088s] -- Up-to-date: /home/n3h4/Desktop/NEHA/SEDRICA/RosTut/install/com2009_simulations/share/com2009_simulations/models/beacon_yellow/model.config
[0.088s] -- Up-to-date: /home/n3h4/Desktop/NEHA/SEDRICA/RosTut/install/com2009_simulations/share/com2009_simulations/models/cr5_floor
[0.088s] -- Up-to-date: /home/n3h4/Desktop/NEHA/SEDRICA/RosTut/install/com2009_simulations/share/com2009_simulations/models/cr5_floor/model.sdf
[0.089s] -- Up-to-date: /home/n3h4/Desktop/NEHA/SEDRICA/RosTut/install/com2009_simulations/share/com2009_simulations/models/cr5_floor/model.config
[0.089s] -- Up-to-date: /home/n3h4/Desktop/NEHA/SEDRICA/RosTut/install/com2009_simulations/share/com2009_simulations/models/cr5_floor/materials
[0.089s] -- Up-to-date: /home/n3h4/Desktop/NEHA/SEDRICA/RosTut/install/com2009_simulations/share/com2009_simulations/models/cr5_floor/materials/textures
[0.089s] -- Up-to-date: /home/n3h4/Desktop/NEHA/SEDRICA/RosTut/install/com2009_simulations/share/com2009_simulations/models/cr5_floor/materials/textures/cr5_floor.svg
[0.089s] -- Up-to-date: /home/n3h4/Desktop/NEHA/SEDRICA/RosTut/install/com2009_simulations/share/com2009_simulations/models/cr5_floor/materials/textures/cr5_floor.png
[0.089s] -- Up-to-date: /home/n3h4/Desktop/NEHA/SEDRICA/RosTut/install/com2009_simulations/share/com2009_simulations/models/cr5_floor/materials/scripts
[0.089s] -- Up-to-date: /home/n3h4/Desktop/NEHA/SEDRICA/RosTut/install/com2009_simulations/share/com2009_simulations/models/cr5_floor/materials/scripts/floor.material
[0.090s] -- Up-to-date: /home/n3h4/Desktop/NEHA/SEDRICA/RosTut/install/com2009_simulations/share/com2009_simulations/models/beacon_red
[0.090s] -- Up-to-date: /home/n3h4/Desktop/NEHA/SEDRICA/RosTut/install/com2009_simulations/share/com2009_simulations/models/beacon_red/model.sdf
[0.090s] -- Up-to-date: /home/n3h4/Desktop/NEHA/SEDRICA/RosTut/install/com2009_simulations/share/com2009_simulations/models/beacon_red/model.config
[0.090s] -- Up-to-date: /home/n3h4/Desktop/NEHA/SEDRICA/RosTut/install/com2009_simulations/share/com2009_simulations/models/task3_room3
[0.090s] -- Up-to-date: /home/n3h4/Desktop/NEHA/SEDRICA/RosTut/install/com2009_simulations/share/com2009_simulations/models/task3_room3/model.sdf
[0.090s] -- Up-to-date: /home/n3h4/Desktop/NEHA/SEDRICA/RosTut/install/com2009_simulations/share/com2009_simulations/models/task3_room3/model.config
[0.090s] -- Up-to-date: /home/n3h4/Desktop/NEHA/SEDRICA/RosTut/install/com2009_simulations/share/com2009_simulations/models/cr5_arena_walls
[0.090s] -- Up-to-date: /home/n3h4/Desktop/NEHA/SEDRICA/RosTut/install/com2009_simulations/share/com2009_simulations/models/cr5_arena_walls/model.sdf
[0.090s] -- Up-to-date: /home/n3h4/Desktop/NEHA/SEDRICA/RosTut/install/com2009_simulations/share/com2009_simulations/models/cr5_arena_walls/model.config
[0.090s] -- Up-to-date: /home/n3h4/Desktop/NEHA/SEDRICA/RosTut/install/com2009_simulations/share/com2009_simulations/models/task3_items
[0.091s] -- Up-to-date: /home/n3h4/Desktop/NEHA/SEDRICA/RosTut/install/com2009_simulations/share/com2009_simulations/models/task3_items/model.sdf
[0.091s] -- Up-to-date: /home/n3h4/Desktop/NEHA/SEDRICA/RosTut/install/com2009_simulations/share/com2009_simulations/models/task3_items/model.config
[0.093s] -- Up-to-date: /home/n3h4/Desktop/NEHA/SEDRICA/RosTut/install/com2009_simulations/share/com2009_simulations/models/task3_floor
[0.093s] -- Up-to-date: /home/n3h4/Desktop/NEHA/SEDRICA/RosTut/install/com2009_simulations/share/com2009_simulations/models/task3_floor/model.sdf
[0.094s] -- Up-to-date: /home/n3h4/Desktop/NEHA/SEDRICA/RosTut/install/com2009_simulations/share/com2009_simulations/models/task3_floor/model.config
[0.094s] -- Up-to-date: /home/n3h4/Desktop/NEHA/SEDRICA/RosTut/install/com2009_simulations/share/com2009_simulations/models/task3_floor/materials
[0.094s] -- Up-to-date: /home/n3h4/Desktop/NEHA/SEDRICA/RosTut/install/com2009_simulations/share/com2009_simulations/models/task3_floor/materials/textures
[0.094s] -- Up-to-date: /home/n3h4/Desktop/NEHA/SEDRICA/RosTut/install/com2009_simulations/share/com2009_simulations/models/task3_floor/materials/textures/task3_floor_org.svg
[0.094s] -- Up-to-date: /home/n3h4/Desktop/NEHA/SEDRICA/RosTut/install/com2009_simulations/share/com2009_simulations/models/task3_floor/materials/textures/task3_floor.png
[0.094s] -- Up-to-date: /home/n3h4/Desktop/NEHA/SEDRICA/RosTut/install/com2009_simulations/share/com2009_simulations/models/task3_floor/materials/textures/task3_floor.svg
[0.094s] -- Up-to-date: /home/n3h4/Desktop/NEHA/SEDRICA/RosTut/install/com2009_simulations/share/com2009_simulations/models/task3_floor/materials/scripts
[0.095s] -- Up-to-date: /home/n3h4/Desktop/NEHA/SEDRICA/RosTut/install/com2009_simulations/share/com2009_simulations/models/task3_floor/materials/scripts/floor.material
[0.096s] -- Up-to-date: /home/n3h4/Desktop/NEHA/SEDRICA/RosTut/install/com2009_simulations/share/com2009_simulations/models/task3_room2
[0.096s] -- Up-to-date: /home/n3h4/Desktop/NEHA/SEDRICA/RosTut/install/com2009_simulations/share/com2009_simulations/models/task3_room2/model.sdf
[0.096s] -- Up-to-date: /home/n3h4/Desktop/NEHA/SEDRICA/RosTut/install/com2009_simulations/share/com2009_simulations/models/task3_room2/model.config
[0.096s] -- Up-to-date: /home/n3h4/Desktop/NEHA/SEDRICA/RosTut/install/com2009_simulations/share/com2009_simulations/models/task3_room4
[0.097s] -- Up-to-date: /home/n3h4/Desktop/NEHA/SEDRICA/RosTut/install/com2009_simulations/share/com2009_simulations/models/task3_room4/model.sdf
[0.097s] -- Up-to-date: /home/n3h4/Desktop/NEHA/SEDRICA/RosTut/install/com2009_simulations/share/com2009_simulations/models/task3_room4/model.config
[0.098s] -- Up-to-date: /home/n3h4/Desktop/NEHA/SEDRICA/RosTut/install/com2009_simulations/share/com2009_simulations/models/task3_room1
[0.098s] -- Up-to-date: /home/n3h4/Desktop/NEHA/SEDRICA/RosTut/install/com2009_simulations/share/com2009_simulations/models/task3_room1/model.sdf
[0.098s] -- Up-to-date: /home/n3h4/Desktop/NEHA/SEDRICA/RosTut/install/com2009_simulations/share/com2009_simulations/models/task3_room1/model.config
[0.098s] -- Up-to-date: /home/n3h4/Desktop/NEHA/SEDRICA/RosTut/install/com2009_simulations/share/com2009_simulations/models/beacon_green
[0.098s] -- Up-to-date: /home/n3h4/Desktop/NEHA/SEDRICA/RosTut/install/com2009_simulations/share/com2009_simulations/models/beacon_green/model.sdf
[0.099s] -- Up-to-date: /home/n3h4/Desktop/NEHA/SEDRICA/RosTut/install/com2009_simulations/share/com2009_simulations/models/beacon_green/model.config
[0.099s] -- Up-to-date: /home/n3h4/Desktop/NEHA/SEDRICA/RosTut/install/com2009_simulations/share/com2009_simulations/models/task1
[0.099s] -- Up-to-date: /home/n3h4/Desktop/NEHA/SEDRICA/RosTut/install/com2009_simulations/share/com2009_simulations/models/task1/model.sdf
[0.099s] -- Up-to-date: /home/n3h4/Desktop/NEHA/SEDRICA/RosTut/install/com2009_simulations/share/com2009_simulations/models/task1/model.config
[0.099s] -- Up-to-date: /home/n3h4/Desktop/NEHA/SEDRICA/RosTut/install/com2009_simulations/share/com2009_simulations/models/task1/materials
[0.099s] -- Up-to-date: /home/n3h4/Desktop/NEHA/SEDRICA/RosTut/install/com2009_simulations/share/com2009_simulations/models/task1/materials/textures
[0.100s] -- Up-to-date: /home/n3h4/Desktop/NEHA/SEDRICA/RosTut/install/com2009_simulations/share/com2009_simulations/models/task1/materials/textures/task1_floor.svg
[0.100s] -- Up-to-date: /home/n3h4/Desktop/NEHA/SEDRICA/RosTut/install/com2009_simulations/share/com2009_simulations/models/task1/materials/textures/task1_floor.png
[0.100s] -- Up-to-date: /home/n3h4/Desktop/NEHA/SEDRICA/RosTut/install/com2009_simulations/share/com2009_simulations/models/task1/materials/scripts
[0.100s] -- Up-to-date: /home/n3h4/Desktop/NEHA/SEDRICA/RosTut/install/com2009_simulations/share/com2009_simulations/models/task1/materials/scripts/floor.material
[0.100s] -- Up-to-date: /home/n3h4/Desktop/NEHA/SEDRICA/RosTut/install/com2009_simulations/share/com2009_simulations/models/task2
[0.100s] -- Up-to-date: /home/n3h4/Desktop/NEHA/SEDRICA/RosTut/install/com2009_simulations/share/com2009_simulations/models/task2/model.sdf
[0.101s] -- Up-to-date: /home/n3h4/Desktop/NEHA/SEDRICA/RosTut/install/com2009_simulations/share/com2009_simulations/models/task2/model.config
[0.101s] -- Up-to-date: /home/n3h4/Desktop/NEHA/SEDRICA/RosTut/install/com2009_simulations/share/com2009_simulations/models/task2/materials
[0.101s] -- Up-to-date: /home/n3h4/Desktop/NEHA/SEDRICA/RosTut/install/com2009_simulations/share/com2009_simulations/models/task2/materials/textures
[0.101s] -- Up-to-date: /home/n3h4/Desktop/NEHA/SEDRICA/RosTut/install/com2009_simulations/share/com2009_simulations/models/task2/materials/textures/task2_floor.png
[0.101s] -- Up-to-date: /home/n3h4/Desktop/NEHA/SEDRICA/RosTut/install/com2009_simulations/share/com2009_simulations/models/task2/materials/textures/task2_floor.svg
[0.101s] -- Up-to-date: /home/n3h4/Desktop/NEHA/SEDRICA/RosTut/install/com2009_simulations/share/com2009_simulations/models/task2/materials/scripts
[0.108s] -- Up-to-date: /home/n3h4/Desktop/NEHA/SEDRICA/RosTut/install/com2009_simulations/share/com2009_simulations/models/task2/materials/scripts/floor.material
[0.108s] -- Up-to-date: /home/n3h4/Desktop/NEHA/SEDRICA/RosTut/install/com2009_simulations/share/com2009_simulations/worlds
[0.109s] -- Up-to-date: /home/n3h4/Desktop/NEHA/SEDRICA/RosTut/install/com2009_simulations/share/com2009_simulations/worlds/task3.world
[0.109s] -- Up-to-date: /home/n3h4/Desktop/NEHA/SEDRICA/RosTut/install/com2009_simulations/share/com2009_simulations/worlds/task1.world
[0.109s] -- Up-to-date: /home/n3h4/Desktop/NEHA/SEDRICA/RosTut/install/com2009_simulations/share/com2009_simulations/worlds/task2.world
[0.109s] -- Up-to-date: /home/n3h4/Desktop/NEHA/SEDRICA/RosTut/install/com2009_simulations/share/com2009_simulations/worlds/arena.world
[0.109s] -- Up-to-date: /home/n3h4/Desktop/NEHA/SEDRICA/RosTut/install/com2009_simulations/share/ament_index/resource_index/package_run_dependencies/com2009_simulations
[0.109s] -- Up-to-date: /home/n3h4/Desktop/NEHA/SEDRICA/RosTut/install/com2009_simulations/share/ament_index/resource_index/parent_prefix_path/com2009_simulations
[0.109s] -- Up-to-date: /home/n3h4/Desktop/NEHA/SEDRICA/RosTut/install/com2009_simulations/share/com2009_simulations/environment/ament_prefix_path.sh
[0.110s] -- Up-to-date: /home/n3h4/Desktop/NEHA/SEDRICA/RosTut/install/com2009_simulations/share/com2009_simulations/environment/ament_prefix_path.dsv
[0.111s] -- Up-to-date: /home/n3h4/Desktop/NEHA/SEDRICA/RosTut/install/com2009_simulations/share/com2009_simulations/environment/path.sh
[0.111s] -- Up-to-date: /home/n3h4/Desktop/NEHA/SEDRICA/RosTut/install/com2009_simulations/share/com2009_simulations/environment/path.dsv
[0.111s] -- Up-to-date: /home/n3h4/Desktop/NEHA/SEDRICA/RosTut/install/com2009_simulations/share/com2009_simulations/local_setup.bash
[0.111s] -- Up-to-date: /home/n3h4/Desktop/NEHA/SEDRICA/RosTut/install/com2009_simulations/share/com2009_simulations/local_setup.sh
[0.112s] -- Up-to-date: /home/n3h4/Desktop/NEHA/SEDRICA/RosTut/install/com2009_simulations/share/com2009_simulations/local_setup.zsh
[0.112s] -- Up-to-date: /home/n3h4/Desktop/NEHA/SEDRICA/RosTut/install/com2009_simulations/share/com2009_simulations/local_setup.dsv
[0.112s] -- Installing: /home/n3h4/Desktop/NEHA/SEDRICA/RosTut/install/com2009_simulations/share/com2009_simulations/package.dsv
[0.112s] -- Up-to-date: /home/n3h4/Desktop/NEHA/SEDRICA/RosTut/install/com2009_simulations/share/ament_index/resource_index/packages/com2009_simulations
[0.112s] -- Up-to-date: /home/n3h4/Desktop/NEHA/SEDRICA/RosTut/install/com2009_simulations/share/com2009_simulations/cmake/ament_cmake_export_dependencies-extras.cmake
[0.113s] -- Up-to-date: /home/n3h4/Desktop/NEHA/SEDRICA/RosTut/install/com2009_simulations/share/com2009_simulations/cmake/com2009_simulationsConfig.cmake
[0.113s] -- Up-to-date: /home/n3h4/Desktop/NEHA/SEDRICA/RosTut/install/com2009_simulations/share/com2009_simulations/cmake/com2009_simulationsConfig-version.cmake
[0.113s] -- Up-to-date: /home/n3h4/Desktop/NEHA/SEDRICA/RosTut/install/com2009_simulations/share/com2009_simulations/package.xml
[0.114s] Invoked command in '/home/n3h4/Desktop/NEHA/SEDRICA/RosTut/build/com2009_simulations' returned '0': CMAKE_PREFIX_PATH=/home/n3h4/Desktop/NEHA/SEDRICA/RosTut/install/tuos_simulations:/home/n3h4/Desktop/NEHA/SEDRICA/RosTut/install/tuos_ros:/home/n3h4/Desktop/NEHA/SEDRICA/RosTut/install/tuos_tb3_tools:/home/n3h4/Desktop/NEHA/SEDRICA/RosTut/install/com2009_simulations:/home/n3h4/Desktop/NEHA/SEDRICA/RosTut/install/tuos_interfaces:/home/n3h4/Desktop/NEHA/SEDRICA/RosTut/install/tuos_examples:/home/n3h4/Desktop/NEHA/SEDRICA/RosTut/install/part1_pubsub:/opt/ros/humble /usr/bin/cmake --install /home/n3h4/Desktop/NEHA/SEDRICA/RosTut/build/com2009_simulations
