[0.024s] Invoking command in '/home/n3h4/Desktop/NEHA/SEDRICA/RosTut/build/tuos_examples': CMAKE_PREFIX_PATH=${CMAKE_PREFIX_PATH}:/opt/ros/humble /usr/bin/cmake --build /home/n3h4/Desktop/NEHA/SEDRICA/RosTut/build/tuos_examples -- -j12 -l12
[0.105s] [  0%] Built target ament_cmake_python_copy_tuos_examples
[0.105s] [100%] Built target cpp_executable
[0.393s] running egg_info
[0.393s] writing tuos_examples.egg-info/PKG-INFO
[0.394s] writing dependency_links to tuos_examples.egg-info/dependency_links.txt
[0.394s] writing top-level names to tuos_examples.egg-info/top_level.txt
[0.396s] reading manifest file 'tuos_examples.egg-info/SOURCES.txt'
[0.399s] writing manifest file 'tuos_examples.egg-info/SOURCES.txt'
[0.426s] [100%] Built target ament_cmake_python_build_tuos_examples_egg
[0.438s] Invoked command in '/home/n3h4/Desktop/NEHA/SEDRICA/RosTut/build/tuos_examples' returned '0': CMAKE_PREFIX_PATH=${CMAKE_PREFIX_PATH}:/opt/ros/humble /usr/bin/cmake --build /home/n3h4/Desktop/NEHA/SEDRICA/RosTut/build/tuos_examples -- -j12 -l12
[0.440s] Invoking command in '/home/n3h4/Desktop/NEHA/SEDRICA/RosTut/build/tuos_examples': CMAKE_PREFIX_PATH=${CMAKE_PREFIX_PATH}:/opt/ros/humble /usr/bin/cmake --install /home/n3h4/Desktop/NEHA/SEDRICA/RosTut/build/tuos_examples
[0.448s] -- Install configuration: ""
[0.448s] -- Up-to-date: /home/n3h4/Desktop/NEHA/SEDRICA/RosTut/install/tuos_examples/lib/tuos_examples/cpp_executable
[0.448s] -- Up-to-date: /home/n3h4/Desktop/NEHA/SEDRICA/RosTut/install/tuos_examples/share/tuos_examples/environment/pythonpath.sh
[0.448s] -- Up-to-date: /home/n3h4/Desktop/NEHA/SEDRICA/RosTut/install/tuos_examples/share/tuos_examples/environment/pythonpath.dsv
[0.448s] -- Up-to-date: /home/n3h4/Desktop/NEHA/SEDRICA/RosTut/install/tuos_examples/local/lib/python3.10/dist-packages/tuos_examples-0.0.0-py3.10.egg-info
[0.449s] -- Installing: /home/n3h4/Desktop/NEHA/SEDRICA/RosTut/install/tuos_examples/local/lib/python3.10/dist-packages/tuos_examples-0.0.0-py3.10.egg-info/top_level.txt
[0.449s] -- Installing: /home/n3h4/Desktop/NEHA/SEDRICA/RosTut/install/tuos_examples/local/lib/python3.10/dist-packages/tuos_examples-0.0.0-py3.10.egg-info/SOURCES.txt
[0.449s] -- Installing: /home/n3h4/Desktop/NEHA/SEDRICA/RosTut/install/tuos_examples/local/lib/python3.10/dist-packages/tuos_examples-0.0.0-py3.10.egg-info/dependency_links.txt
[0.449s] -- Installing: /home/n3h4/Desktop/NEHA/SEDRICA/RosTut/install/tuos_examples/local/lib/python3.10/dist-packages/tuos_examples-0.0.0-py3.10.egg-info/PKG-INFO
[0.449s] -- Up-to-date: /home/n3h4/Desktop/NEHA/SEDRICA/RosTut/install/tuos_examples/local/lib/python3.10/dist-packages/tuos_examples
[0.449s] -- Up-to-date: /home/n3h4/Desktop/NEHA/SEDRICA/RosTut/install/tuos_examples/local/lib/python3.10/dist-packages/tuos_examples/__init__.py
[0.450s] -- Up-to-date: /home/n3h4/Desktop/NEHA/SEDRICA/RosTut/install/tuos_examples/local/lib/python3.10/dist-packages/tuos_examples/tb3_tools.py
[0.491s] Listing '/home/n3h4/Desktop/NEHA/SEDRICA/RosTut/install/tuos_examples/local/lib/python3.10/dist-packages/tuos_examples'...
[0.493s] -- Up-to-date: /home/n3h4/Desktop/NEHA/SEDRICA/RosTut/install/tuos_examples/lib/tuos_examples/odom_subscriber_template.py
[0.493s] -- Up-to-date: /home/n3h4/Desktop/NEHA/SEDRICA/RosTut/install/tuos_examples/lib/tuos_examples/robot_pose.py
[0.494s] -- Up-to-date: /home/n3h4/Desktop/NEHA/SEDRICA/RosTut/install/tuos_examples/lib/tuos_examples/camera_sweep_action_server.py
[0.494s] -- Up-to-date: /home/n3h4/Desktop/NEHA/SEDRICA/RosTut/install/tuos_examples/lib/tuos_examples/waffle_yaw_action_server.py
[0.494s] -- Up-to-date: /home/n3h4/Desktop/NEHA/SEDRICA/RosTut/install/tuos_examples/lib/tuos_examples/image_colours.py
[0.494s] -- Up-to-date: /home/n3h4/Desktop/NEHA/SEDRICA/RosTut/install/tuos_examples/lib/tuos_examples/colour_search.py
[0.494s] -- Up-to-date: /home/n3h4/Desktop/NEHA/SEDRICA/RosTut/install/tuos_examples/lib/tuos_examples/number_game.py
[0.494s] -- Up-to-date: /home/n3h4/Desktop/NEHA/SEDRICA/RosTut/install/tuos_examples/lib/tuos_examples/param_publisher.py
[0.494s] -- Up-to-date: /home/n3h4/Desktop/NEHA/SEDRICA/RosTut/install/tuos_examples/share/tuos_examples/launch
[0.494s] -- Up-to-date: /home/n3h4/Desktop/NEHA/SEDRICA/RosTut/install/tuos_examples/share/tuos_examples/launch/cli_example.launch.py
[0.494s] -- Up-to-date: /home/n3h4/Desktop/NEHA/SEDRICA/RosTut/install/tuos_examples/share/ament_index/resource_index/package_run_dependencies/tuos_examples
[0.495s] -- Up-to-date: /home/n3h4/Desktop/NEHA/SEDRICA/RosTut/install/tuos_examples/share/ament_index/resource_index/parent_prefix_path/tuos_examples
[0.495s] -- Up-to-date: /home/n3h4/Desktop/NEHA/SEDRICA/RosTut/install/tuos_examples/share/tuos_examples/environment/ament_prefix_path.sh
[0.495s] -- Up-to-date: /home/n3h4/Desktop/NEHA/SEDRICA/RosTut/install/tuos_examples/share/tuos_examples/environment/ament_prefix_path.dsv
[0.495s] -- Up-to-date: /home/n3h4/Desktop/NEHA/SEDRICA/RosTut/install/tuos_examples/share/tuos_examples/environment/path.sh
[0.495s] -- Up-to-date: /home/n3h4/Desktop/NEHA/SEDRICA/RosTut/install/tuos_examples/share/tuos_examples/environment/path.dsv
[0.495s] -- Up-to-date: /home/n3h4/Desktop/NEHA/SEDRICA/RosTut/install/tuos_examples/share/tuos_examples/local_setup.bash
[0.495s] -- Up-to-date: /home/n3h4/Desktop/NEHA/SEDRICA/RosTut/install/tuos_examples/share/tuos_examples/local_setup.sh
[0.495s] -- Up-to-date: /home/n3h4/Desktop/NEHA/SEDRICA/RosTut/install/tuos_examples/share/tuos_examples/local_setup.zsh
[0.495s] -- Up-to-date: /home/n3h4/Desktop/NEHA/SEDRICA/RosTut/install/tuos_examples/share/tuos_examples/local_setup.dsv
[0.495s] -- Installing: /home/n3h4/Desktop/NEHA/SEDRICA/RosTut/install/tuos_examples/share/tuos_examples/package.dsv
[0.495s] -- Up-to-date: /home/n3h4/Desktop/NEHA/SEDRICA/RosTut/install/tuos_examples/share/ament_index/resource_index/packages/tuos_examples
[0.495s] -- Up-to-date: /home/n3h4/Desktop/NEHA/SEDRICA/RosTut/install/tuos_examples/share/tuos_examples/cmake/tuos_examplesConfig.cmake
[0.496s] -- Up-to-date: /home/n3h4/Desktop/NEHA/SEDRICA/RosTut/install/tuos_examples/share/tuos_examples/cmake/tuos_examplesConfig-version.cmake
[0.496s] -- Up-to-date: /home/n3h4/Desktop/NEHA/SEDRICA/RosTut/install/tuos_examples/share/tuos_examples/package.xml
[0.498s] Invoked command in '/home/n3h4/Desktop/NEHA/SEDRICA/RosTut/build/tuos_examples' returned '0': CMAKE_PREFIX_PATH=${CMAKE_PREFIX_PATH}:/opt/ros/humble /usr/bin/cmake --install /home/n3h4/Desktop/NEHA/SEDRICA/RosTut/build/tuos_examples
