[0.036s] Invoking command in '/home/n3h4/Desktop/NEHA/SEDRICA/STAR/week0/RosTut/build/part2_navigation': CMAKE_PREFIX_PATH=/opt/ros/humble /usr/bin/cmake /home/n3h4/Desktop/NEHA/SEDRICA/STAR/week0/RosTut/part2_navigation -DCMAKE_INSTALL_PREFIX=/home/n3h4/Desktop/NEHA/SEDRICA/STAR/week0/RosTut/install/part2_navigation
[0.243s] -- The C compiler identification is GNU 11.4.0
[0.391s] -- The CXX compiler identification is GNU 11.4.0
[0.408s] -- Detecting C compiler ABI info
[0.500s] -- Detecting C compiler ABI info - done
[0.511s] -- Check for working C compiler: /usr/bin/cc - skipped
[0.515s] -- Detecting C compile features
[0.517s] -- Detecting C compile features - done
[0.522s] -- Detecting CXX compiler ABI info
[0.630s] -- Detecting CXX compiler ABI info - done
[0.639s] -- Check for working CXX compiler: /usr/bin/c++ - skipped
[0.640s] -- Detecting CXX compile features
[0.641s] -- Detecting CXX compile features - done
[0.652s] -- Found ament_cmake: 1.3.13 (/opt/ros/humble/share/ament_cmake/cmake)
[0.853s] -- Found Python3: /usr/bin/python3 (found version "3.10.12") found components: Interpreter 
[1.001s] -- Found rclcpp: 16.0.18 (/opt/ros/humble/share/rclcpp/cmake)
[1.091s] -- Found rosidl_generator_c: 3.1.8 (/opt/ros/humble/share/rosidl_generator_c/cmake)
[1.102s] -- Found rosidl_adapter: 3.1.8 (/opt/ros/humble/share/rosidl_adapter/cmake)
[1.120s] -- Found rosidl_generator_cpp: 3.1.8 (/opt/ros/humble/share/rosidl_generator_cpp/cmake)
[1.150s] -- Using all available rosidl_typesupport_c: rosidl_typesupport_fastrtps_c;rosidl_typesupport_introspection_c
[1.182s] -- Using all available rosidl_typesupport_cpp: rosidl_typesupport_fastrtps_cpp;rosidl_typesupport_introspection_cpp
[1.269s] -- Found rmw_implementation_cmake: 6.1.2 (/opt/ros/humble/share/rmw_implementation_cmake/cmake)
[1.275s] -- Found rmw_fastrtps_cpp: 6.2.10 (/opt/ros/humble/share/rmw_fastrtps_cpp/cmake)
[1.403s] -- Found OpenSSL: /usr/lib/x86_64-linux-gnu/libcrypto.so (found version "3.0.2")  
[1.439s] -- Found FastRTPS: /opt/ros/humble/include  
[1.488s] -- Using RMW implementation 'rmw_fastrtps_cpp' as default
[1.506s] -- Looking for pthread.h
[1.618s] -- Looking for pthread.h - found
[1.618s] -- Performing Test CMAKE_HAVE_LIBC_PTHREAD
[1.715s] -- Performing Test CMAKE_HAVE_LIBC_PTHREAD - Success
[1.717s] -- Found Threads: TRUE  
[1.817s] -- Found rclpy: 3.3.20 (/opt/ros/humble/share/rclpy/cmake)
[2.007s] -- Configuring done
[2.014s] -- Generating done
[2.018s] -- Build files have been written to: /home/n3h4/Desktop/NEHA/SEDRICA/STAR/week0/RosTut/build/part2_navigation
