[0.110s] DEBUG:colcon:Command line arguments: ['/usr/bin/colcon', 'build']
[0.110s] DEBUG:colcon:Parsed command line arguments: Namespace(log_base=None, log_level=None, verb_name='build', build_base='build', install_base='install', merge_install=False, symlink_install=False, test_result_base=None, continue_on_error=False, executor='parallel', parallel_workers=12, event_handlers=None, ignore_user_meta=False, metas=['./colcon.meta'], base_paths=['.'], packages_ignore=None, packages_ignore_regex=None, paths=None, packages_up_to=None, packages_up_to_regex=None, packages_above=None, packages_above_and_dependencies=None, packages_above_depth=None, packages_select_by_dep=None, packages_skip_by_dep=None, packages_skip_up_to=None, packages_select_build_failed=False, packages_skip_build_finished=False, packages_select_test_failures=False, packages_skip_test_passed=False, packages_select=None, packages_skip=None, packages_select_regex=None, packages_skip_regex=None, packages_start=None, packages_end=None, allow_overriding=[], cmake_args=None, cmake_target=None, cmake_target_skip_unavailable=False, cmake_clean_cache=False, cmake_clean_first=False, cmake_force_configure=False, ament_cmake_args=None, catkin_cmake_args=None, catkin_skip_building_tests=False, verb_parser=<colcon_defaults.argument_parser.defaults.DefaultArgumentsDecorator object at 0x7fa8595e7e20>, verb_extension=<colcon_core.verb.build.BuildVerb object at 0x7fa859771330>, main=<bound method BuildVerb.main of <colcon_core.verb.build.BuildVerb object at 0x7fa859771330>>)
[0.284s] Level 1:colcon.colcon_core.package_discovery:discover_packages(colcon_meta) check parameters
[0.284s] Level 1:colcon.colcon_core.package_discovery:discover_packages(recursive) check parameters
[0.284s] Level 1:colcon.colcon_core.package_discovery:discover_packages(ignore) check parameters
[0.284s] Level 1:colcon.colcon_core.package_discovery:discover_packages(path) check parameters
[0.284s] Level 1:colcon.colcon_core.package_discovery:discover_packages(colcon_meta) discover
[0.284s] Level 1:colcon.colcon_core.package_discovery:discover_packages(recursive) discover
[0.284s] INFO:colcon.colcon_core.package_discovery:Crawling recursively for packages in '/home/n3h4/Desktop/NEHA/SEDRICA/RosTut'
[0.285s] Level 1:colcon.colcon_core.package_identification:_identify(.) by extensions ['ignore', 'ignore_ament_install']
[0.285s] Level 1:colcon.colcon_core.package_identification:_identify(.) by extension 'ignore'
[0.285s] Level 1:colcon.colcon_core.package_identification:_identify(.) by extension 'ignore_ament_install'
[0.285s] Level 1:colcon.colcon_core.package_identification:_identify(.) by extensions ['colcon_pkg']
[0.285s] Level 1:colcon.colcon_core.package_identification:_identify(.) by extension 'colcon_pkg'
[0.285s] Level 1:colcon.colcon_core.package_identification:_identify(.) by extensions ['colcon_meta']
[0.285s] Level 1:colcon.colcon_core.package_identification:_identify(.) by extension 'colcon_meta'
[0.285s] Level 1:colcon.colcon_core.package_identification:_identify(.) by extensions ['ros']
[0.285s] Level 1:colcon.colcon_core.package_identification:_identify(.) by extension 'ros'
[0.297s] Level 1:colcon.colcon_core.package_identification:_identify(.) by extensions ['cmake', 'python']
[0.297s] Level 1:colcon.colcon_core.package_identification:_identify(.) by extension 'cmake'
[0.297s] Level 1:colcon.colcon_core.package_identification:_identify(.) by extension 'python'
[0.297s] Level 1:colcon.colcon_core.package_identification:_identify(.) by extensions ['python_setup_py']
[0.297s] Level 1:colcon.colcon_core.package_identification:_identify(.) by extension 'python_setup_py'
[0.297s] Level 1:colcon.colcon_core.package_identification:_identify(build) by extensions ['ignore', 'ignore_ament_install']
[0.297s] Level 1:colcon.colcon_core.package_identification:_identify(build) by extension 'ignore'
[0.297s] Level 1:colcon.colcon_core.package_identification:_identify(build) ignored
[0.297s] Level 1:colcon.colcon_core.package_identification:_identify(install) by extensions ['ignore', 'ignore_ament_install']
[0.298s] Level 1:colcon.colcon_core.package_identification:_identify(install) by extension 'ignore'
[0.298s] Level 1:colcon.colcon_core.package_identification:_identify(install) ignored
[0.298s] Level 1:colcon.colcon_core.package_identification:_identify(log) by extensions ['ignore', 'ignore_ament_install']
[0.298s] Level 1:colcon.colcon_core.package_identification:_identify(log) by extension 'ignore'
[0.298s] Level 1:colcon.colcon_core.package_identification:_identify(log) ignored
[0.298s] Level 1:colcon.colcon_core.package_identification:_identify(tuos_ros) by extensions ['ignore', 'ignore_ament_install']
[0.298s] Level 1:colcon.colcon_core.package_identification:_identify(tuos_ros) by extension 'ignore'
[0.298s] Level 1:colcon.colcon_core.package_identification:_identify(tuos_ros) by extension 'ignore_ament_install'
[0.298s] Level 1:colcon.colcon_core.package_identification:_identify(tuos_ros) by extensions ['colcon_pkg']
[0.298s] Level 1:colcon.colcon_core.package_identification:_identify(tuos_ros) by extension 'colcon_pkg'
[0.298s] Level 1:colcon.colcon_core.package_identification:_identify(tuos_ros) by extensions ['colcon_meta']
[0.298s] Level 1:colcon.colcon_core.package_identification:_identify(tuos_ros) by extension 'colcon_meta'
[0.298s] Level 1:colcon.colcon_core.package_identification:_identify(tuos_ros) by extensions ['ros']
[0.298s] Level 1:colcon.colcon_core.package_identification:_identify(tuos_ros) by extension 'ros'
[0.298s] Level 1:colcon.colcon_core.package_identification:_identify(tuos_ros) by extensions ['cmake', 'python']
[0.298s] Level 1:colcon.colcon_core.package_identification:_identify(tuos_ros) by extension 'cmake'
[0.298s] Level 1:colcon.colcon_core.package_identification:_identify(tuos_ros) by extension 'python'
[0.299s] Level 1:colcon.colcon_core.package_identification:_identify(tuos_ros) by extensions ['python_setup_py']
[0.299s] Level 1:colcon.colcon_core.package_identification:_identify(tuos_ros) by extension 'python_setup_py'
[0.299s] Level 1:colcon.colcon_core.package_identification:_identify(tuos_ros/com2009_simulations) by extensions ['ignore', 'ignore_ament_install']
[0.299s] Level 1:colcon.colcon_core.package_identification:_identify(tuos_ros/com2009_simulations) by extension 'ignore'
[0.299s] Level 1:colcon.colcon_core.package_identification:_identify(tuos_ros/com2009_simulations) by extension 'ignore_ament_install'
[0.299s] Level 1:colcon.colcon_core.package_identification:_identify(tuos_ros/com2009_simulations) by extensions ['colcon_pkg']
[0.299s] Level 1:colcon.colcon_core.package_identification:_identify(tuos_ros/com2009_simulations) by extension 'colcon_pkg'
[0.299s] Level 1:colcon.colcon_core.package_identification:_identify(tuos_ros/com2009_simulations) by extensions ['colcon_meta']
[0.299s] Level 1:colcon.colcon_core.package_identification:_identify(tuos_ros/com2009_simulations) by extension 'colcon_meta'
[0.299s] Level 1:colcon.colcon_core.package_identification:_identify(tuos_ros/com2009_simulations) by extensions ['ros']
[0.299s] Level 1:colcon.colcon_core.package_identification:_identify(tuos_ros/com2009_simulations) by extension 'ros'
[0.301s] DEBUG:colcon.colcon_core.package_identification:Package 'tuos_ros/com2009_simulations' with type 'ros.ament_cmake' and name 'com2009_simulations'
[0.301s] Level 1:colcon.colcon_core.package_identification:_identify(tuos_ros/tuos_examples) by extensions ['ignore', 'ignore_ament_install']
[0.302s] Level 1:colcon.colcon_core.package_identification:_identify(tuos_ros/tuos_examples) by extension 'ignore'
[0.302s] Level 1:colcon.colcon_core.package_identification:_identify(tuos_ros/tuos_examples) by extension 'ignore_ament_install'
[0.302s] Level 1:colcon.colcon_core.package_identification:_identify(tuos_ros/tuos_examples) by extensions ['colcon_pkg']
[0.302s] Level 1:colcon.colcon_core.package_identification:_identify(tuos_ros/tuos_examples) by extension 'colcon_pkg'
[0.302s] Level 1:colcon.colcon_core.package_identification:_identify(tuos_ros/tuos_examples) by extensions ['colcon_meta']
[0.302s] Level 1:colcon.colcon_core.package_identification:_identify(tuos_ros/tuos_examples) by extension 'colcon_meta'
[0.302s] Level 1:colcon.colcon_core.package_identification:_identify(tuos_ros/tuos_examples) by extensions ['ros']
[0.302s] Level 1:colcon.colcon_core.package_identification:_identify(tuos_ros/tuos_examples) by extension 'ros'
[0.303s] DEBUG:colcon.colcon_core.package_identification:Package 'tuos_ros/tuos_examples' with type 'ros.ament_cmake' and name 'tuos_examples'
[0.303s] Level 1:colcon.colcon_core.package_identification:_identify(tuos_ros/tuos_interfaces) by extensions ['ignore', 'ignore_ament_install']
[0.303s] Level 1:colcon.colcon_core.package_identification:_identify(tuos_ros/tuos_interfaces) by extension 'ignore'
[0.303s] Level 1:colcon.colcon_core.package_identification:_identify(tuos_ros/tuos_interfaces) by extension 'ignore_ament_install'
[0.303s] Level 1:colcon.colcon_core.package_identification:_identify(tuos_ros/tuos_interfaces) by extensions ['colcon_pkg']
[0.303s] Level 1:colcon.colcon_core.package_identification:_identify(tuos_ros/tuos_interfaces) by extension 'colcon_pkg'
[0.303s] Level 1:colcon.colcon_core.package_identification:_identify(tuos_ros/tuos_interfaces) by extensions ['colcon_meta']
[0.303s] Level 1:colcon.colcon_core.package_identification:_identify(tuos_ros/tuos_interfaces) by extension 'colcon_meta'
[0.303s] Level 1:colcon.colcon_core.package_identification:_identify(tuos_ros/tuos_interfaces) by extensions ['ros']
[0.303s] Level 1:colcon.colcon_core.package_identification:_identify(tuos_ros/tuos_interfaces) by extension 'ros'
[0.304s] DEBUG:colcon.colcon_core.package_identification:Package 'tuos_ros/tuos_interfaces' with type 'ros.ament_cmake' and name 'tuos_interfaces'
[0.304s] Level 1:colcon.colcon_core.package_identification:_identify(tuos_ros/tuos_ros) by extensions ['ignore', 'ignore_ament_install']
[0.304s] Level 1:colcon.colcon_core.package_identification:_identify(tuos_ros/tuos_ros) by extension 'ignore'
[0.304s] Level 1:colcon.colcon_core.package_identification:_identify(tuos_ros/tuos_ros) by extension 'ignore_ament_install'
[0.304s] Level 1:colcon.colcon_core.package_identification:_identify(tuos_ros/tuos_ros) by extensions ['colcon_pkg']
[0.305s] Level 1:colcon.colcon_core.package_identification:_identify(tuos_ros/tuos_ros) by extension 'colcon_pkg'
[0.305s] Level 1:colcon.colcon_core.package_identification:_identify(tuos_ros/tuos_ros) by extensions ['colcon_meta']
[0.305s] Level 1:colcon.colcon_core.package_identification:_identify(tuos_ros/tuos_ros) by extension 'colcon_meta'
[0.305s] Level 1:colcon.colcon_core.package_identification:_identify(tuos_ros/tuos_ros) by extensions ['ros']
[0.305s] Level 1:colcon.colcon_core.package_identification:_identify(tuos_ros/tuos_ros) by extension 'ros'
[0.305s] DEBUG:colcon.colcon_core.package_identification:Package 'tuos_ros/tuos_ros' with type 'ros.ament_cmake' and name 'tuos_ros'
[0.305s] Level 1:colcon.colcon_core.package_identification:_identify(tuos_ros/tuos_simulations) by extensions ['ignore', 'ignore_ament_install']
[0.306s] Level 1:colcon.colcon_core.package_identification:_identify(tuos_ros/tuos_simulations) by extension 'ignore'
[0.306s] Level 1:colcon.colcon_core.package_identification:_identify(tuos_ros/tuos_simulations) by extension 'ignore_ament_install'
[0.306s] Level 1:colcon.colcon_core.package_identification:_identify(tuos_ros/tuos_simulations) by extensions ['colcon_pkg']
[0.306s] Level 1:colcon.colcon_core.package_identification:_identify(tuos_ros/tuos_simulations) by extension 'colcon_pkg'
[0.306s] Level 1:colcon.colcon_core.package_identification:_identify(tuos_ros/tuos_simulations) by extensions ['colcon_meta']
[0.306s] Level 1:colcon.colcon_core.package_identification:_identify(tuos_ros/tuos_simulations) by extension 'colcon_meta'
[0.306s] Level 1:colcon.colcon_core.package_identification:_identify(tuos_ros/tuos_simulations) by extensions ['ros']
[0.306s] Level 1:colcon.colcon_core.package_identification:_identify(tuos_ros/tuos_simulations) by extension 'ros'
[0.307s] DEBUG:colcon.colcon_core.package_identification:Package 'tuos_ros/tuos_simulations' with type 'ros.ament_cmake' and name 'tuos_simulations'
[0.307s] Level 1:colcon.colcon_core.package_identification:_identify(tuos_ros/tuos_tb3_tools) by extensions ['ignore', 'ignore_ament_install']
[0.307s] Level 1:colcon.colcon_core.package_identification:_identify(tuos_ros/tuos_tb3_tools) by extension 'ignore'
[0.307s] Level 1:colcon.colcon_core.package_identification:_identify(tuos_ros/tuos_tb3_tools) by extension 'ignore_ament_install'
[0.307s] Level 1:colcon.colcon_core.package_identification:_identify(tuos_ros/tuos_tb3_tools) by extensions ['colcon_pkg']
[0.307s] Level 1:colcon.colcon_core.package_identification:_identify(tuos_ros/tuos_tb3_tools) by extension 'colcon_pkg'
[0.307s] Level 1:colcon.colcon_core.package_identification:_identify(tuos_ros/tuos_tb3_tools) by extensions ['colcon_meta']
[0.307s] Level 1:colcon.colcon_core.package_identification:_identify(tuos_ros/tuos_tb3_tools) by extension 'colcon_meta'
[0.307s] Level 1:colcon.colcon_core.package_identification:_identify(tuos_ros/tuos_tb3_tools) by extensions ['ros']
[0.307s] Level 1:colcon.colcon_core.package_identification:_identify(tuos_ros/tuos_tb3_tools) by extension 'ros'
[0.308s] DEBUG:colcon.colcon_core.package_identification:Package 'tuos_ros/tuos_tb3_tools' with type 'ros.ament_cmake' and name 'tuos_tb3_tools'
[0.308s] Level 1:colcon.colcon_core.package_discovery:discover_packages(recursive) using defaults
[0.308s] Level 1:colcon.colcon_core.package_discovery:discover_packages(ignore) discover
[0.308s] Level 1:colcon.colcon_core.package_discovery:discover_packages(ignore) using defaults
[0.308s] Level 1:colcon.colcon_core.package_discovery:discover_packages(path) discover
[0.308s] Level 1:colcon.colcon_core.package_discovery:discover_packages(path) using defaults
[0.336s] Level 1:colcon.colcon_core.package_discovery:discover_packages(prefix_path) check parameters
[0.336s] Level 1:colcon.colcon_core.package_discovery:discover_packages(prefix_path) discover
[0.340s] DEBUG:colcon.colcon_installed_package_information.package_discovery:Found 348 installed packages in /opt/ros/humble
[0.342s] Level 1:colcon.colcon_core.package_discovery:discover_packages(prefix_path) using defaults
[0.386s] Level 5:colcon.colcon_core.verb:set package 'tuos_examples' build argument 'cmake_args' from command line to 'None'
[0.386s] Level 5:colcon.colcon_core.verb:set package 'tuos_examples' build argument 'cmake_target' from command line to 'None'
[0.386s] Level 5:colcon.colcon_core.verb:set package 'tuos_examples' build argument 'cmake_target_skip_unavailable' from command line to 'False'
[0.386s] Level 5:colcon.colcon_core.verb:set package 'tuos_examples' build argument 'cmake_clean_cache' from command line to 'False'
[0.386s] Level 5:colcon.colcon_core.verb:set package 'tuos_examples' build argument 'cmake_clean_first' from command line to 'False'
[0.386s] Level 5:colcon.colcon_core.verb:set package 'tuos_examples' build argument 'cmake_force_configure' from command line to 'False'
[0.386s] Level 5:colcon.colcon_core.verb:set package 'tuos_examples' build argument 'ament_cmake_args' from command line to 'None'
[0.386s] Level 5:colcon.colcon_core.verb:set package 'tuos_examples' build argument 'catkin_cmake_args' from command line to 'None'
[0.386s] Level 5:colcon.colcon_core.verb:set package 'tuos_examples' build argument 'catkin_skip_building_tests' from command line to 'False'
[0.386s] DEBUG:colcon.colcon_core.verb:Building package 'tuos_examples' with the following arguments: {'ament_cmake_args': None, 'build_base': '/home/n3h4/Desktop/NEHA/SEDRICA/RosTut/build/tuos_examples', 'catkin_cmake_args': None, 'catkin_skip_building_tests': False, 'cmake_args': None, 'cmake_clean_cache': False, 'cmake_clean_first': False, 'cmake_force_configure': False, 'cmake_target': None, 'cmake_target_skip_unavailable': False, 'install_base': '/home/n3h4/Desktop/NEHA/SEDRICA/RosTut/install/tuos_examples', 'merge_install': False, 'path': '/home/n3h4/Desktop/NEHA/SEDRICA/RosTut/tuos_ros/tuos_examples', 'symlink_install': False, 'test_result_base': None}
[0.386s] Level 5:colcon.colcon_core.verb:set package 'tuos_interfaces' build argument 'cmake_args' from command line to 'None'
[0.386s] Level 5:colcon.colcon_core.verb:set package 'tuos_interfaces' build argument 'cmake_target' from command line to 'None'
[0.386s] Level 5:colcon.colcon_core.verb:set package 'tuos_interfaces' build argument 'cmake_target_skip_unavailable' from command line to 'False'
[0.386s] Level 5:colcon.colcon_core.verb:set package 'tuos_interfaces' build argument 'cmake_clean_cache' from command line to 'False'
[0.386s] Level 5:colcon.colcon_core.verb:set package 'tuos_interfaces' build argument 'cmake_clean_first' from command line to 'False'
[0.387s] Level 5:colcon.colcon_core.verb:set package 'tuos_interfaces' build argument 'cmake_force_configure' from command line to 'False'
[0.387s] Level 5:colcon.colcon_core.verb:set package 'tuos_interfaces' build argument 'ament_cmake_args' from command line to 'None'
[0.387s] Level 5:colcon.colcon_core.verb:set package 'tuos_interfaces' build argument 'catkin_cmake_args' from command line to 'None'
[0.387s] Level 5:colcon.colcon_core.verb:set package 'tuos_interfaces' build argument 'catkin_skip_building_tests' from command line to 'False'
[0.387s] DEBUG:colcon.colcon_core.verb:Building package 'tuos_interfaces' with the following arguments: {'ament_cmake_args': None, 'build_base': '/home/n3h4/Desktop/NEHA/SEDRICA/RosTut/build/tuos_interfaces', 'catkin_cmake_args': None, 'catkin_skip_building_tests': False, 'cmake_args': None, 'cmake_clean_cache': False, 'cmake_clean_first': False, 'cmake_force_configure': False, 'cmake_target': None, 'cmake_target_skip_unavailable': False, 'install_base': '/home/n3h4/Desktop/NEHA/SEDRICA/RosTut/install/tuos_interfaces', 'merge_install': False, 'path': '/home/n3h4/Desktop/NEHA/SEDRICA/RosTut/tuos_ros/tuos_interfaces', 'symlink_install': False, 'test_result_base': None}
[0.387s] Level 5:colcon.colcon_core.verb:set package 'tuos_simulations' build argument 'cmake_args' from command line to 'None'
[0.387s] Level 5:colcon.colcon_core.verb:set package 'tuos_simulations' build argument 'cmake_target' from command line to 'None'
[0.387s] Level 5:colcon.colcon_core.verb:set package 'tuos_simulations' build argument 'cmake_target_skip_unavailable' from command line to 'False'
[0.387s] Level 5:colcon.colcon_core.verb:set package 'tuos_simulations' build argument 'cmake_clean_cache' from command line to 'False'
[0.387s] Level 5:colcon.colcon_core.verb:set package 'tuos_simulations' build argument 'cmake_clean_first' from command line to 'False'
[0.387s] Level 5:colcon.colcon_core.verb:set package 'tuos_simulations' build argument 'cmake_force_configure' from command line to 'False'
[0.387s] Level 5:colcon.colcon_core.verb:set package 'tuos_simulations' build argument 'ament_cmake_args' from command line to 'None'
[0.387s] Level 5:colcon.colcon_core.verb:set package 'tuos_simulations' build argument 'catkin_cmake_args' from command line to 'None'
[0.388s] Level 5:colcon.colcon_core.verb:set package 'tuos_simulations' build argument 'catkin_skip_building_tests' from command line to 'False'
[0.388s] DEBUG:colcon.colcon_core.verb:Building package 'tuos_simulations' with the following arguments: {'ament_cmake_args': None, 'build_base': '/home/n3h4/Desktop/NEHA/SEDRICA/RosTut/build/tuos_simulations', 'catkin_cmake_args': None, 'catkin_skip_building_tests': False, 'cmake_args': None, 'cmake_clean_cache': False, 'cmake_clean_first': False, 'cmake_force_configure': False, 'cmake_target': None, 'cmake_target_skip_unavailable': False, 'install_base': '/home/n3h4/Desktop/NEHA/SEDRICA/RosTut/install/tuos_simulations', 'merge_install': False, 'path': '/home/n3h4/Desktop/NEHA/SEDRICA/RosTut/tuos_ros/tuos_simulations', 'symlink_install': False, 'test_result_base': None}
[0.388s] Level 5:colcon.colcon_core.verb:set package 'tuos_tb3_tools' build argument 'cmake_args' from command line to 'None'
[0.388s] Level 5:colcon.colcon_core.verb:set package 'tuos_tb3_tools' build argument 'cmake_target' from command line to 'None'
[0.388s] Level 5:colcon.colcon_core.verb:set package 'tuos_tb3_tools' build argument 'cmake_target_skip_unavailable' from command line to 'False'
[0.388s] Level 5:colcon.colcon_core.verb:set package 'tuos_tb3_tools' build argument 'cmake_clean_cache' from command line to 'False'
[0.388s] Level 5:colcon.colcon_core.verb:set package 'tuos_tb3_tools' build argument 'cmake_clean_first' from command line to 'False'
[0.388s] Level 5:colcon.colcon_core.verb:set package 'tuos_tb3_tools' build argument 'cmake_force_configure' from command line to 'False'
[0.388s] Level 5:colcon.colcon_core.verb:set package 'tuos_tb3_tools' build argument 'ament_cmake_args' from command line to 'None'
[0.388s] Level 5:colcon.colcon_core.verb:set package 'tuos_tb3_tools' build argument 'catkin_cmake_args' from command line to 'None'
[0.388s] Level 5:colcon.colcon_core.verb:set package 'tuos_tb3_tools' build argument 'catkin_skip_building_tests' from command line to 'False'
[0.388s] DEBUG:colcon.colcon_core.verb:Building package 'tuos_tb3_tools' with the following arguments: {'ament_cmake_args': None, 'build_base': '/home/n3h4/Desktop/NEHA/SEDRICA/RosTut/build/tuos_tb3_tools', 'catkin_cmake_args': None, 'catkin_skip_building_tests': False, 'cmake_args': None, 'cmake_clean_cache': False, 'cmake_clean_first': False, 'cmake_force_configure': False, 'cmake_target': None, 'cmake_target_skip_unavailable': False, 'install_base': '/home/n3h4/Desktop/NEHA/SEDRICA/RosTut/install/tuos_tb3_tools', 'merge_install': False, 'path': '/home/n3h4/Desktop/NEHA/SEDRICA/RosTut/tuos_ros/tuos_tb3_tools', 'symlink_install': False, 'test_result_base': None}
[0.389s] Level 5:colcon.colcon_core.verb:set package 'com2009_simulations' build argument 'cmake_args' from command line to 'None'
[0.389s] Level 5:colcon.colcon_core.verb:set package 'com2009_simulations' build argument 'cmake_target' from command line to 'None'
[0.389s] Level 5:colcon.colcon_core.verb:set package 'com2009_simulations' build argument 'cmake_target_skip_unavailable' from command line to 'False'
[0.389s] Level 5:colcon.colcon_core.verb:set package 'com2009_simulations' build argument 'cmake_clean_cache' from command line to 'False'
[0.389s] Level 5:colcon.colcon_core.verb:set package 'com2009_simulations' build argument 'cmake_clean_first' from command line to 'False'
[0.389s] Level 5:colcon.colcon_core.verb:set package 'com2009_simulations' build argument 'cmake_force_configure' from command line to 'False'
[0.389s] Level 5:colcon.colcon_core.verb:set package 'com2009_simulations' build argument 'ament_cmake_args' from command line to 'None'
[0.389s] Level 5:colcon.colcon_core.verb:set package 'com2009_simulations' build argument 'catkin_cmake_args' from command line to 'None'
[0.389s] Level 5:colcon.colcon_core.verb:set package 'com2009_simulations' build argument 'catkin_skip_building_tests' from command line to 'False'
[0.389s] DEBUG:colcon.colcon_core.verb:Building package 'com2009_simulations' with the following arguments: {'ament_cmake_args': None, 'build_base': '/home/n3h4/Desktop/NEHA/SEDRICA/RosTut/build/com2009_simulations', 'catkin_cmake_args': None, 'catkin_skip_building_tests': False, 'cmake_args': None, 'cmake_clean_cache': False, 'cmake_clean_first': False, 'cmake_force_configure': False, 'cmake_target': None, 'cmake_target_skip_unavailable': False, 'install_base': '/home/n3h4/Desktop/NEHA/SEDRICA/RosTut/install/com2009_simulations', 'merge_install': False, 'path': '/home/n3h4/Desktop/NEHA/SEDRICA/RosTut/tuos_ros/com2009_simulations', 'symlink_install': False, 'test_result_base': None}
[0.389s] Level 5:colcon.colcon_core.verb:set package 'tuos_ros' build argument 'cmake_args' from command line to 'None'
[0.389s] Level 5:colcon.colcon_core.verb:set package 'tuos_ros' build argument 'cmake_target' from command line to 'None'
[0.389s] Level 5:colcon.colcon_core.verb:set package 'tuos_ros' build argument 'cmake_target_skip_unavailable' from command line to 'False'
[0.389s] Level 5:colcon.colcon_core.verb:set package 'tuos_ros' build argument 'cmake_clean_cache' from command line to 'False'
[0.389s] Level 5:colcon.colcon_core.verb:set package 'tuos_ros' build argument 'cmake_clean_first' from command line to 'False'
[0.390s] Level 5:colcon.colcon_core.verb:set package 'tuos_ros' build argument 'cmake_force_configure' from command line to 'False'
[0.390s] Level 5:colcon.colcon_core.verb:set package 'tuos_ros' build argument 'ament_cmake_args' from command line to 'None'
[0.390s] Level 5:colcon.colcon_core.verb:set package 'tuos_ros' build argument 'catkin_cmake_args' from command line to 'None'
[0.390s] Level 5:colcon.colcon_core.verb:set package 'tuos_ros' build argument 'catkin_skip_building_tests' from command line to 'False'
[0.390s] DEBUG:colcon.colcon_core.verb:Building package 'tuos_ros' with the following arguments: {'ament_cmake_args': None, 'build_base': '/home/n3h4/Desktop/NEHA/SEDRICA/RosTut/build/tuos_ros', 'catkin_cmake_args': None, 'catkin_skip_building_tests': False, 'cmake_args': None, 'cmake_clean_cache': False, 'cmake_clean_first': False, 'cmake_force_configure': False, 'cmake_target': None, 'cmake_target_skip_unavailable': False, 'install_base': '/home/n3h4/Desktop/NEHA/SEDRICA/RosTut/install/tuos_ros', 'merge_install': False, 'path': '/home/n3h4/Desktop/NEHA/SEDRICA/RosTut/tuos_ros/tuos_ros', 'symlink_install': False, 'test_result_base': None}
[0.390s] INFO:colcon.colcon_core.executor:Executing jobs using 'parallel' executor
[0.391s] DEBUG:colcon.colcon_parallel_executor.executor.parallel:run_until_complete
[0.391s] INFO:colcon.colcon_ros.task.ament_cmake.build:Building ROS package in '/home/n3h4/Desktop/NEHA/SEDRICA/RosTut/tuos_ros/tuos_simulations' with build type 'ament_cmake'
[0.391s] INFO:colcon.colcon_cmake.task.cmake.build:Building CMake package in '/home/n3h4/Desktop/NEHA/SEDRICA/RosTut/tuos_ros/tuos_simulations'
[0.394s] INFO:colcon.colcon_core.plugin_system:Skipping extension 'colcon_core.shell.bat': Not used on non-Windows systems
[0.394s] INFO:colcon.colcon_core.shell:Skip shell extension 'powershell' for command environment: Not usable outside of PowerShell
[0.394s] DEBUG:colcon.colcon_core.shell:Skip shell extension 'dsv' for command environment
[0.398s] INFO:colcon.colcon_ros.task.ament_cmake.build:Building ROS package in '/home/n3h4/Desktop/NEHA/SEDRICA/RosTut/tuos_ros/tuos_examples' with build type 'ament_cmake'
[0.398s] INFO:colcon.colcon_cmake.task.cmake.build:Building CMake package in '/home/n3h4/Desktop/NEHA/SEDRICA/RosTut/tuos_ros/tuos_examples'
[0.398s] INFO:colcon.colcon_core.shell:Skip shell extension 'powershell' for command environment: Not usable outside of PowerShell
[0.398s] DEBUG:colcon.colcon_core.shell:Skip shell extension 'dsv' for command environment
[0.401s] INFO:colcon.colcon_ros.task.ament_cmake.build:Building ROS package in '/home/n3h4/Desktop/NEHA/SEDRICA/RosTut/tuos_ros/tuos_interfaces' with build type 'ament_cmake'
[0.401s] INFO:colcon.colcon_cmake.task.cmake.build:Building CMake package in '/home/n3h4/Desktop/NEHA/SEDRICA/RosTut/tuos_ros/tuos_interfaces'
[0.402s] INFO:colcon.colcon_core.shell:Skip shell extension 'powershell' for command environment: Not usable outside of PowerShell
[0.402s] DEBUG:colcon.colcon_core.shell:Skip shell extension 'dsv' for command environment
[0.405s] INFO:colcon.colcon_ros.task.ament_cmake.build:Building ROS package in '/home/n3h4/Desktop/NEHA/SEDRICA/RosTut/tuos_ros/tuos_tb3_tools' with build type 'ament_cmake'
[0.406s] INFO:colcon.colcon_cmake.task.cmake.build:Building CMake package in '/home/n3h4/Desktop/NEHA/SEDRICA/RosTut/tuos_ros/tuos_tb3_tools'
[0.406s] INFO:colcon.colcon_core.shell:Skip shell extension 'powershell' for command environment: Not usable outside of PowerShell
[0.406s] DEBUG:colcon.colcon_core.shell:Skip shell extension 'dsv' for command environment
[0.414s] DEBUG:colcon.colcon_core.event_handler.log_command:Invoking command in '/home/n3h4/Desktop/NEHA/SEDRICA/RosTut/build/tuos_simulations': CMAKE_PREFIX_PATH=/opt/ros/humble /usr/bin/cmake /home/n3h4/Desktop/NEHA/SEDRICA/RosTut/tuos_ros/tuos_simulations -DCMAKE_INSTALL_PREFIX=/home/n3h4/Desktop/NEHA/SEDRICA/RosTut/install/tuos_simulations
[0.418s] DEBUG:colcon.colcon_core.event_handler.log_command:Invoking command in '/home/n3h4/Desktop/NEHA/SEDRICA/RosTut/build/tuos_examples': CMAKE_PREFIX_PATH=/opt/ros/humble /usr/bin/cmake --build /home/n3h4/Desktop/NEHA/SEDRICA/RosTut/build/tuos_examples -- -j12 -l12
[0.422s] DEBUG:colcon.colcon_core.event_handler.log_command:Invoking command in '/home/n3h4/Desktop/NEHA/SEDRICA/RosTut/build/tuos_interfaces': CMAKE_PREFIX_PATH=/opt/ros/humble /usr/bin/cmake --build /home/n3h4/Desktop/NEHA/SEDRICA/RosTut/build/tuos_interfaces -- -j12 -l12
[0.431s] DEBUG:colcon.colcon_core.event_handler.log_command:Invoking command in '/home/n3h4/Desktop/NEHA/SEDRICA/RosTut/build/tuos_tb3_tools': CMAKE_PREFIX_PATH=/opt/ros/humble /usr/bin/cmake --build /home/n3h4/Desktop/NEHA/SEDRICA/RosTut/build/tuos_tb3_tools -- -j12 -l12
[0.542s] DEBUG:colcon.colcon_core.event_handler.log_command:Invoked command in '/home/n3h4/Desktop/NEHA/SEDRICA/RosTut/build/tuos_tb3_tools' returned '0': CMAKE_PREFIX_PATH=/opt/ros/humble /usr/bin/cmake --build /home/n3h4/Desktop/NEHA/SEDRICA/RosTut/build/tuos_tb3_tools -- -j12 -l12
[0.556s] DEBUG:colcon.colcon_core.event_handler.log_command:Invoking command in '/home/n3h4/Desktop/NEHA/SEDRICA/RosTut/build/tuos_tb3_tools': CMAKE_PREFIX_PATH=/opt/ros/humble /usr/bin/cmake --install /home/n3h4/Desktop/NEHA/SEDRICA/RosTut/build/tuos_tb3_tools
[0.573s] Level 1:colcon.colcon_core.environment:create_environment_scripts_only(tuos_tb3_tools)
[0.574s] DEBUG:colcon.colcon_core.event_handler.log_command:Invoked command in '/home/n3h4/Desktop/NEHA/SEDRICA/RosTut/build/tuos_tb3_tools' returned '0': CMAKE_PREFIX_PATH=/opt/ros/humble /usr/bin/cmake --install /home/n3h4/Desktop/NEHA/SEDRICA/RosTut/build/tuos_tb3_tools
[0.579s] Level 1:colcon.colcon_core.environment:checking '/home/n3h4/Desktop/NEHA/SEDRICA/RosTut/install/tuos_tb3_tools' for CMake module files
[0.580s] Level 1:colcon.colcon_core.environment:checking '/home/n3h4/Desktop/NEHA/SEDRICA/RosTut/install/tuos_tb3_tools' for CMake config files
[0.580s] Level 1:colcon.colcon_core.shell:create_environment_hook('tuos_tb3_tools', 'cmake_prefix_path')
[0.581s] INFO:colcon.colcon_core.shell:Creating environment hook '/home/n3h4/Desktop/NEHA/SEDRICA/RosTut/install/tuos_tb3_tools/share/tuos_tb3_tools/hook/cmake_prefix_path.ps1'
[0.582s] INFO:colcon.colcon_core.shell:Creating environment descriptor '/home/n3h4/Desktop/NEHA/SEDRICA/RosTut/install/tuos_tb3_tools/share/tuos_tb3_tools/hook/cmake_prefix_path.dsv'
[0.583s] INFO:colcon.colcon_core.shell:Creating environment hook '/home/n3h4/Desktop/NEHA/SEDRICA/RosTut/install/tuos_tb3_tools/share/tuos_tb3_tools/hook/cmake_prefix_path.sh'
[0.585s] Level 1:colcon.colcon_core.environment:checking '/home/n3h4/Desktop/NEHA/SEDRICA/RosTut/install/tuos_tb3_tools/lib'
[0.585s] Level 1:colcon.colcon_core.environment:checking '/home/n3h4/Desktop/NEHA/SEDRICA/RosTut/install/tuos_tb3_tools/bin'
[0.586s] Level 1:colcon.colcon_core.environment:checking '/home/n3h4/Desktop/NEHA/SEDRICA/RosTut/install/tuos_tb3_tools/lib/pkgconfig/tuos_tb3_tools.pc'
[0.586s] Level 1:colcon.colcon_core.environment:checking '/home/n3h4/Desktop/NEHA/SEDRICA/RosTut/install/tuos_tb3_tools/lib/python3.10/site-packages'
[0.587s] Level 1:colcon.colcon_core.environment:checking '/home/n3h4/Desktop/NEHA/SEDRICA/RosTut/install/tuos_tb3_tools/bin'
[0.588s] INFO:colcon.colcon_core.shell:Creating package script '/home/n3h4/Desktop/NEHA/SEDRICA/RosTut/install/tuos_tb3_tools/share/tuos_tb3_tools/package.ps1'
[0.589s] INFO:colcon.colcon_core.shell:Creating package descriptor '/home/n3h4/Desktop/NEHA/SEDRICA/RosTut/install/tuos_tb3_tools/share/tuos_tb3_tools/package.dsv'
[0.591s] INFO:colcon.colcon_core.shell:Creating package script '/home/n3h4/Desktop/NEHA/SEDRICA/RosTut/install/tuos_tb3_tools/share/tuos_tb3_tools/package.sh'
[0.593s] INFO:colcon.colcon_core.shell:Creating package script '/home/n3h4/Desktop/NEHA/SEDRICA/RosTut/install/tuos_tb3_tools/share/tuos_tb3_tools/package.bash'
[0.595s] INFO:colcon.colcon_core.shell:Creating package script '/home/n3h4/Desktop/NEHA/SEDRICA/RosTut/install/tuos_tb3_tools/share/tuos_tb3_tools/package.zsh'
[0.596s] Level 1:colcon.colcon_core.environment:create_file_with_runtime_dependencies(/home/n3h4/Desktop/NEHA/SEDRICA/RosTut/install/tuos_tb3_tools/share/colcon-core/packages/tuos_tb3_tools)
[0.597s] Level 1:colcon.colcon_core.environment:create_environment_scripts_only(tuos_tb3_tools)
[0.598s] Level 1:colcon.colcon_core.environment:checking '/home/n3h4/Desktop/NEHA/SEDRICA/RosTut/install/tuos_tb3_tools' for CMake module files
[0.599s] Level 1:colcon.colcon_core.environment:checking '/home/n3h4/Desktop/NEHA/SEDRICA/RosTut/install/tuos_tb3_tools' for CMake config files
[0.599s] Level 1:colcon.colcon_core.shell:create_environment_hook('tuos_tb3_tools', 'cmake_prefix_path')
[0.600s] INFO:colcon.colcon_core.shell:Creating environment hook '/home/n3h4/Desktop/NEHA/SEDRICA/RosTut/install/tuos_tb3_tools/share/tuos_tb3_tools/hook/cmake_prefix_path.ps1'
[0.601s] INFO:colcon.colcon_core.shell:Creating environment descriptor '/home/n3h4/Desktop/NEHA/SEDRICA/RosTut/install/tuos_tb3_tools/share/tuos_tb3_tools/hook/cmake_prefix_path.dsv'
[0.602s] INFO:colcon.colcon_core.shell:Creating environment hook '/home/n3h4/Desktop/NEHA/SEDRICA/RosTut/install/tuos_tb3_tools/share/tuos_tb3_tools/hook/cmake_prefix_path.sh'
[0.603s] Level 1:colcon.colcon_core.environment:checking '/home/n3h4/Desktop/NEHA/SEDRICA/RosTut/install/tuos_tb3_tools/lib'
[0.603s] Level 1:colcon.colcon_core.environment:checking '/home/n3h4/Desktop/NEHA/SEDRICA/RosTut/install/tuos_tb3_tools/bin'
[0.603s] Level 1:colcon.colcon_core.environment:checking '/home/n3h4/Desktop/NEHA/SEDRICA/RosTut/install/tuos_tb3_tools/lib/pkgconfig/tuos_tb3_tools.pc'
[0.604s] Level 1:colcon.colcon_core.environment:checking '/home/n3h4/Desktop/NEHA/SEDRICA/RosTut/install/tuos_tb3_tools/lib/python3.10/site-packages'
[0.605s] Level 1:colcon.colcon_core.environment:checking '/home/n3h4/Desktop/NEHA/SEDRICA/RosTut/install/tuos_tb3_tools/bin'
[0.605s] INFO:colcon.colcon_core.shell:Creating package script '/home/n3h4/Desktop/NEHA/SEDRICA/RosTut/install/tuos_tb3_tools/share/tuos_tb3_tools/package.ps1'
[0.606s] INFO:colcon.colcon_core.shell:Creating package descriptor '/home/n3h4/Desktop/NEHA/SEDRICA/RosTut/install/tuos_tb3_tools/share/tuos_tb3_tools/package.dsv'
[0.607s] INFO:colcon.colcon_core.shell:Creating package script '/home/n3h4/Desktop/NEHA/SEDRICA/RosTut/install/tuos_tb3_tools/share/tuos_tb3_tools/package.sh'
[0.608s] INFO:colcon.colcon_core.shell:Creating package script '/home/n3h4/Desktop/NEHA/SEDRICA/RosTut/install/tuos_tb3_tools/share/tuos_tb3_tools/package.bash'
[0.609s] INFO:colcon.colcon_core.shell:Creating package script '/home/n3h4/Desktop/NEHA/SEDRICA/RosTut/install/tuos_tb3_tools/share/tuos_tb3_tools/package.zsh'
[0.610s] Level 1:colcon.colcon_core.environment:create_file_with_runtime_dependencies(/home/n3h4/Desktop/NEHA/SEDRICA/RosTut/install/tuos_tb3_tools/share/colcon-core/packages/tuos_tb3_tools)
[0.907s] DEBUG:colcon.colcon_core.event_handler.log_command:Invoked command in '/home/n3h4/Desktop/NEHA/SEDRICA/RosTut/build/tuos_interfaces' returned '0': CMAKE_PREFIX_PATH=/opt/ros/humble /usr/bin/cmake --build /home/n3h4/Desktop/NEHA/SEDRICA/RosTut/build/tuos_interfaces -- -j12 -l12
[0.910s] DEBUG:colcon.colcon_core.event_handler.log_command:Invoking command in '/home/n3h4/Desktop/NEHA/SEDRICA/RosTut/build/tuos_interfaces': CMAKE_PREFIX_PATH=/opt/ros/humble /usr/bin/cmake --install /home/n3h4/Desktop/NEHA/SEDRICA/RosTut/build/tuos_interfaces
[0.911s] DEBUG:colcon.colcon_core.event_handler.log_command:Invoked command in '/home/n3h4/Desktop/NEHA/SEDRICA/RosTut/build/tuos_examples' returned '0': CMAKE_PREFIX_PATH=/opt/ros/humble /usr/bin/cmake --build /home/n3h4/Desktop/NEHA/SEDRICA/RosTut/build/tuos_examples -- -j12 -l12
[0.914s] DEBUG:colcon.colcon_core.event_handler.log_command:Invoking command in '/home/n3h4/Desktop/NEHA/SEDRICA/RosTut/build/tuos_examples': CMAKE_PREFIX_PATH=/opt/ros/humble /usr/bin/cmake --install /home/n3h4/Desktop/NEHA/SEDRICA/RosTut/build/tuos_examples
[0.988s] Level 1:colcon.colcon_core.environment:create_environment_scripts_only(tuos_examples)
[0.989s] Level 1:colcon.colcon_core.environment:checking '/home/n3h4/Desktop/NEHA/SEDRICA/RosTut/install/tuos_examples' for CMake module files
[0.990s] DEBUG:colcon.colcon_core.event_handler.log_command:Invoked command in '/home/n3h4/Desktop/NEHA/SEDRICA/RosTut/build/tuos_examples' returned '0': CMAKE_PREFIX_PATH=/opt/ros/humble /usr/bin/cmake --install /home/n3h4/Desktop/NEHA/SEDRICA/RosTut/build/tuos_examples
[0.990s] Level 1:colcon.colcon_core.environment:checking '/home/n3h4/Desktop/NEHA/SEDRICA/RosTut/install/tuos_examples' for CMake config files
[0.991s] Level 1:colcon.colcon_core.shell:create_environment_hook('tuos_examples', 'cmake_prefix_path')
[0.992s] INFO:colcon.colcon_core.shell:Creating environment hook '/home/n3h4/Desktop/NEHA/SEDRICA/RosTut/install/tuos_examples/share/tuos_examples/hook/cmake_prefix_path.ps1'
[0.993s] INFO:colcon.colcon_core.shell:Creating environment descriptor '/home/n3h4/Desktop/NEHA/SEDRICA/RosTut/install/tuos_examples/share/tuos_examples/hook/cmake_prefix_path.dsv'
[0.993s] INFO:colcon.colcon_core.shell:Creating environment hook '/home/n3h4/Desktop/NEHA/SEDRICA/RosTut/install/tuos_examples/share/tuos_examples/hook/cmake_prefix_path.sh'
[0.994s] Level 1:colcon.colcon_core.environment:checking '/home/n3h4/Desktop/NEHA/SEDRICA/RosTut/install/tuos_examples/lib'
[0.994s] Level 1:colcon.colcon_core.environment:checking '/home/n3h4/Desktop/NEHA/SEDRICA/RosTut/install/tuos_examples/bin'
[0.994s] Level 1:colcon.colcon_core.environment:checking '/home/n3h4/Desktop/NEHA/SEDRICA/RosTut/install/tuos_examples/lib/pkgconfig/tuos_examples.pc'
[0.995s] Level 1:colcon.colcon_core.environment:checking '/home/n3h4/Desktop/NEHA/SEDRICA/RosTut/install/tuos_examples/lib/python3.10/site-packages'
[0.996s] Level 1:colcon.colcon_core.environment:checking '/home/n3h4/Desktop/NEHA/SEDRICA/RosTut/install/tuos_examples/bin'
[0.996s] INFO:colcon.colcon_core.shell:Creating package script '/home/n3h4/Desktop/NEHA/SEDRICA/RosTut/install/tuos_examples/share/tuos_examples/package.ps1'
[0.997s] INFO:colcon.colcon_core.shell:Creating package descriptor '/home/n3h4/Desktop/NEHA/SEDRICA/RosTut/install/tuos_examples/share/tuos_examples/package.dsv'
[0.997s] INFO:colcon.colcon_core.shell:Creating package script '/home/n3h4/Desktop/NEHA/SEDRICA/RosTut/install/tuos_examples/share/tuos_examples/package.sh'
[0.998s] INFO:colcon.colcon_core.shell:Creating package script '/home/n3h4/Desktop/NEHA/SEDRICA/RosTut/install/tuos_examples/share/tuos_examples/package.bash'
[0.998s] INFO:colcon.colcon_core.shell:Creating package script '/home/n3h4/Desktop/NEHA/SEDRICA/RosTut/install/tuos_examples/share/tuos_examples/package.zsh'
[0.999s] Level 1:colcon.colcon_core.environment:create_file_with_runtime_dependencies(/home/n3h4/Desktop/NEHA/SEDRICA/RosTut/install/tuos_examples/share/colcon-core/packages/tuos_examples)
[0.999s] Level 1:colcon.colcon_core.environment:create_environment_scripts_only(tuos_examples)
[1.000s] Level 1:colcon.colcon_core.environment:checking '/home/n3h4/Desktop/NEHA/SEDRICA/RosTut/install/tuos_examples' for CMake module files
[1.001s] Level 1:colcon.colcon_core.environment:checking '/home/n3h4/Desktop/NEHA/SEDRICA/RosTut/install/tuos_examples' for CMake config files
[1.001s] Level 1:colcon.colcon_core.shell:create_environment_hook('tuos_examples', 'cmake_prefix_path')
[1.002s] INFO:colcon.colcon_core.shell:Creating environment hook '/home/n3h4/Desktop/NEHA/SEDRICA/RosTut/install/tuos_examples/share/tuos_examples/hook/cmake_prefix_path.ps1'
[1.002s] INFO:colcon.colcon_core.shell:Creating environment descriptor '/home/n3h4/Desktop/NEHA/SEDRICA/RosTut/install/tuos_examples/share/tuos_examples/hook/cmake_prefix_path.dsv'
[1.003s] INFO:colcon.colcon_core.shell:Creating environment hook '/home/n3h4/Desktop/NEHA/SEDRICA/RosTut/install/tuos_examples/share/tuos_examples/hook/cmake_prefix_path.sh'
[1.004s] Level 1:colcon.colcon_core.environment:checking '/home/n3h4/Desktop/NEHA/SEDRICA/RosTut/install/tuos_examples/lib'
[1.004s] Level 1:colcon.colcon_core.environment:checking '/home/n3h4/Desktop/NEHA/SEDRICA/RosTut/install/tuos_examples/bin'
[1.004s] Level 1:colcon.colcon_core.environment:checking '/home/n3h4/Desktop/NEHA/SEDRICA/RosTut/install/tuos_examples/lib/pkgconfig/tuos_examples.pc'
[1.004s] Level 1:colcon.colcon_core.environment:checking '/home/n3h4/Desktop/NEHA/SEDRICA/RosTut/install/tuos_examples/lib/python3.10/site-packages'
[1.005s] Level 1:colcon.colcon_core.environment:checking '/home/n3h4/Desktop/NEHA/SEDRICA/RosTut/install/tuos_examples/bin'
[1.005s] INFO:colcon.colcon_core.shell:Creating package script '/home/n3h4/Desktop/NEHA/SEDRICA/RosTut/install/tuos_examples/share/tuos_examples/package.ps1'
[1.006s] INFO:colcon.colcon_core.shell:Creating package descriptor '/home/n3h4/Desktop/NEHA/SEDRICA/RosTut/install/tuos_examples/share/tuos_examples/package.dsv'
[1.007s] INFO:colcon.colcon_core.shell:Creating package script '/home/n3h4/Desktop/NEHA/SEDRICA/RosTut/install/tuos_examples/share/tuos_examples/package.sh'
[1.007s] INFO:colcon.colcon_core.shell:Creating package script '/home/n3h4/Desktop/NEHA/SEDRICA/RosTut/install/tuos_examples/share/tuos_examples/package.bash'
[1.008s] INFO:colcon.colcon_core.shell:Creating package script '/home/n3h4/Desktop/NEHA/SEDRICA/RosTut/install/tuos_examples/share/tuos_examples/package.zsh'
[1.008s] Level 1:colcon.colcon_core.environment:create_file_with_runtime_dependencies(/home/n3h4/Desktop/NEHA/SEDRICA/RosTut/install/tuos_examples/share/colcon-core/packages/tuos_examples)
[1.046s] Level 1:colcon.colcon_core.environment:create_environment_scripts_only(tuos_interfaces)
[1.046s] Level 1:colcon.colcon_core.environment:checking '/home/n3h4/Desktop/NEHA/SEDRICA/RosTut/install/tuos_interfaces' for CMake module files
[1.047s] DEBUG:colcon.colcon_core.event_handler.log_command:Invoked command in '/home/n3h4/Desktop/NEHA/SEDRICA/RosTut/build/tuos_interfaces' returned '0': CMAKE_PREFIX_PATH=/opt/ros/humble /usr/bin/cmake --install /home/n3h4/Desktop/NEHA/SEDRICA/RosTut/build/tuos_interfaces
[1.047s] Level 1:colcon.colcon_core.environment:checking '/home/n3h4/Desktop/NEHA/SEDRICA/RosTut/install/tuos_interfaces' for CMake config files
[1.048s] Level 1:colcon.colcon_core.shell:create_environment_hook('tuos_interfaces', 'cmake_prefix_path')
[1.049s] INFO:colcon.colcon_core.shell:Creating environment hook '/home/n3h4/Desktop/NEHA/SEDRICA/RosTut/install/tuos_interfaces/share/tuos_interfaces/hook/cmake_prefix_path.ps1'
[1.049s] INFO:colcon.colcon_core.shell:Creating environment descriptor '/home/n3h4/Desktop/NEHA/SEDRICA/RosTut/install/tuos_interfaces/share/tuos_interfaces/hook/cmake_prefix_path.dsv'
[1.050s] INFO:colcon.colcon_core.shell:Creating environment hook '/home/n3h4/Desktop/NEHA/SEDRICA/RosTut/install/tuos_interfaces/share/tuos_interfaces/hook/cmake_prefix_path.sh'
[1.050s] Level 1:colcon.colcon_core.environment:checking '/home/n3h4/Desktop/NEHA/SEDRICA/RosTut/install/tuos_interfaces/lib'
[1.050s] Level 1:colcon.colcon_core.shell:create_environment_hook('tuos_interfaces', 'ld_library_path_lib')
[1.051s] INFO:colcon.colcon_core.shell:Creating environment hook '/home/n3h4/Desktop/NEHA/SEDRICA/RosTut/install/tuos_interfaces/share/tuos_interfaces/hook/ld_library_path_lib.ps1'
[1.051s] INFO:colcon.colcon_core.shell:Creating environment descriptor '/home/n3h4/Desktop/NEHA/SEDRICA/RosTut/install/tuos_interfaces/share/tuos_interfaces/hook/ld_library_path_lib.dsv'
[1.051s] INFO:colcon.colcon_core.shell:Creating environment hook '/home/n3h4/Desktop/NEHA/SEDRICA/RosTut/install/tuos_interfaces/share/tuos_interfaces/hook/ld_library_path_lib.sh'
[1.052s] Level 1:colcon.colcon_core.environment:checking '/home/n3h4/Desktop/NEHA/SEDRICA/RosTut/install/tuos_interfaces/bin'
[1.052s] Level 1:colcon.colcon_core.environment:checking '/home/n3h4/Desktop/NEHA/SEDRICA/RosTut/install/tuos_interfaces/lib/pkgconfig/tuos_interfaces.pc'
[1.052s] Level 1:colcon.colcon_core.environment:checking '/home/n3h4/Desktop/NEHA/SEDRICA/RosTut/install/tuos_interfaces/lib/python3.10/site-packages'
[1.053s] Level 1:colcon.colcon_core.environment:checking '/home/n3h4/Desktop/NEHA/SEDRICA/RosTut/install/tuos_interfaces/bin'
[1.053s] INFO:colcon.colcon_core.shell:Creating package script '/home/n3h4/Desktop/NEHA/SEDRICA/RosTut/install/tuos_interfaces/share/tuos_interfaces/package.ps1'
[1.054s] INFO:colcon.colcon_core.shell:Creating package descriptor '/home/n3h4/Desktop/NEHA/SEDRICA/RosTut/install/tuos_interfaces/share/tuos_interfaces/package.dsv'
[1.054s] INFO:colcon.colcon_core.shell:Creating package script '/home/n3h4/Desktop/NEHA/SEDRICA/RosTut/install/tuos_interfaces/share/tuos_interfaces/package.sh'
[1.055s] INFO:colcon.colcon_core.shell:Creating package script '/home/n3h4/Desktop/NEHA/SEDRICA/RosTut/install/tuos_interfaces/share/tuos_interfaces/package.bash'
[1.055s] INFO:colcon.colcon_core.shell:Creating package script '/home/n3h4/Desktop/NEHA/SEDRICA/RosTut/install/tuos_interfaces/share/tuos_interfaces/package.zsh'
[1.056s] Level 1:colcon.colcon_core.environment:create_file_with_runtime_dependencies(/home/n3h4/Desktop/NEHA/SEDRICA/RosTut/install/tuos_interfaces/share/colcon-core/packages/tuos_interfaces)
[1.056s] Level 1:colcon.colcon_core.environment:create_environment_scripts_only(tuos_interfaces)
[1.057s] Level 1:colcon.colcon_core.environment:checking '/home/n3h4/Desktop/NEHA/SEDRICA/RosTut/install/tuos_interfaces' for CMake module files
[1.057s] Level 1:colcon.colcon_core.environment:checking '/home/n3h4/Desktop/NEHA/SEDRICA/RosTut/install/tuos_interfaces' for CMake config files
[1.058s] Level 1:colcon.colcon_core.shell:create_environment_hook('tuos_interfaces', 'cmake_prefix_path')
[1.059s] INFO:colcon.colcon_core.shell:Creating environment hook '/home/n3h4/Desktop/NEHA/SEDRICA/RosTut/install/tuos_interfaces/share/tuos_interfaces/hook/cmake_prefix_path.ps1'
[1.059s] INFO:colcon.colcon_core.shell:Creating environment descriptor '/home/n3h4/Desktop/NEHA/SEDRICA/RosTut/install/tuos_interfaces/share/tuos_interfaces/hook/cmake_prefix_path.dsv'
[1.059s] INFO:colcon.colcon_core.shell:Creating environment hook '/home/n3h4/Desktop/NEHA/SEDRICA/RosTut/install/tuos_interfaces/share/tuos_interfaces/hook/cmake_prefix_path.sh'
[1.060s] Level 1:colcon.colcon_core.environment:checking '/home/n3h4/Desktop/NEHA/SEDRICA/RosTut/install/tuos_interfaces/lib'
[1.060s] Level 1:colcon.colcon_core.shell:create_environment_hook('tuos_interfaces', 'ld_library_path_lib')
[1.060s] INFO:colcon.colcon_core.shell:Creating environment hook '/home/n3h4/Desktop/NEHA/SEDRICA/RosTut/install/tuos_interfaces/share/tuos_interfaces/hook/ld_library_path_lib.ps1'
[1.061s] INFO:colcon.colcon_core.shell:Creating environment descriptor '/home/n3h4/Desktop/NEHA/SEDRICA/RosTut/install/tuos_interfaces/share/tuos_interfaces/hook/ld_library_path_lib.dsv'
[1.061s] INFO:colcon.colcon_core.shell:Creating environment hook '/home/n3h4/Desktop/NEHA/SEDRICA/RosTut/install/tuos_interfaces/share/tuos_interfaces/hook/ld_library_path_lib.sh'
[1.062s] Level 1:colcon.colcon_core.environment:checking '/home/n3h4/Desktop/NEHA/SEDRICA/RosTut/install/tuos_interfaces/bin'
[1.062s] Level 1:colcon.colcon_core.environment:checking '/home/n3h4/Desktop/NEHA/SEDRICA/RosTut/install/tuos_interfaces/lib/pkgconfig/tuos_interfaces.pc'
[1.062s] Level 1:colcon.colcon_core.environment:checking '/home/n3h4/Desktop/NEHA/SEDRICA/RosTut/install/tuos_interfaces/lib/python3.10/site-packages'
[1.062s] Level 1:colcon.colcon_core.environment:checking '/home/n3h4/Desktop/NEHA/SEDRICA/RosTut/install/tuos_interfaces/bin'
[1.063s] INFO:colcon.colcon_core.shell:Creating package script '/home/n3h4/Desktop/NEHA/SEDRICA/RosTut/install/tuos_interfaces/share/tuos_interfaces/package.ps1'
[1.064s] INFO:colcon.colcon_core.shell:Creating package descriptor '/home/n3h4/Desktop/NEHA/SEDRICA/RosTut/install/tuos_interfaces/share/tuos_interfaces/package.dsv'
[1.064s] INFO:colcon.colcon_core.shell:Creating package script '/home/n3h4/Desktop/NEHA/SEDRICA/RosTut/install/tuos_interfaces/share/tuos_interfaces/package.sh'
[1.065s] INFO:colcon.colcon_core.shell:Creating package script '/home/n3h4/Desktop/NEHA/SEDRICA/RosTut/install/tuos_interfaces/share/tuos_interfaces/package.bash'
[1.065s] INFO:colcon.colcon_core.shell:Creating package script '/home/n3h4/Desktop/NEHA/SEDRICA/RosTut/install/tuos_interfaces/share/tuos_interfaces/package.zsh'
[1.066s] Level 1:colcon.colcon_core.environment:create_file_with_runtime_dependencies(/home/n3h4/Desktop/NEHA/SEDRICA/RosTut/install/tuos_interfaces/share/colcon-core/packages/tuos_interfaces)
[1.442s] DEBUG:colcon.colcon_core.event_handler.log_command:Invoked command in '/home/n3h4/Desktop/NEHA/SEDRICA/RosTut/build/tuos_simulations' returned '0': CMAKE_PREFIX_PATH=/opt/ros/humble /usr/bin/cmake /home/n3h4/Desktop/NEHA/SEDRICA/RosTut/tuos_ros/tuos_simulations -DCMAKE_INSTALL_PREFIX=/home/n3h4/Desktop/NEHA/SEDRICA/RosTut/install/tuos_simulations
[1.444s] DEBUG:colcon.colcon_core.event_handler.log_command:Invoking command in '/home/n3h4/Desktop/NEHA/SEDRICA/RosTut/build/tuos_simulations': CMAKE_PREFIX_PATH=/opt/ros/humble /usr/bin/cmake --build /home/n3h4/Desktop/NEHA/SEDRICA/RosTut/build/tuos_simulations -- -j12 -l12
[1.486s] DEBUG:colcon.colcon_core.event_handler.log_command:Invoked command in '/home/n3h4/Desktop/NEHA/SEDRICA/RosTut/build/tuos_simulations' returned '0': CMAKE_PREFIX_PATH=/opt/ros/humble /usr/bin/cmake --build /home/n3h4/Desktop/NEHA/SEDRICA/RosTut/build/tuos_simulations -- -j12 -l12
[1.488s] DEBUG:colcon.colcon_core.event_handler.log_command:Invoking command in '/home/n3h4/Desktop/NEHA/SEDRICA/RosTut/build/tuos_simulations': CMAKE_PREFIX_PATH=/opt/ros/humble /usr/bin/cmake --install /home/n3h4/Desktop/NEHA/SEDRICA/RosTut/build/tuos_simulations
[1.516s] Level 1:colcon.colcon_core.environment:create_environment_scripts_only(tuos_simulations)
[1.517s] Level 1:colcon.colcon_core.environment:checking '/home/n3h4/Desktop/NEHA/SEDRICA/RosTut/install/tuos_simulations' for CMake module files
[1.518s] DEBUG:colcon.colcon_core.event_handler.log_command:Invoked command in '/home/n3h4/Desktop/NEHA/SEDRICA/RosTut/build/tuos_simulations' returned '0': CMAKE_PREFIX_PATH=/opt/ros/humble /usr/bin/cmake --install /home/n3h4/Desktop/NEHA/SEDRICA/RosTut/build/tuos_simulations
[1.518s] Level 1:colcon.colcon_core.environment:checking '/home/n3h4/Desktop/NEHA/SEDRICA/RosTut/install/tuos_simulations' for CMake config files
[1.519s] Level 1:colcon.colcon_core.shell:create_environment_hook('tuos_simulations', 'cmake_prefix_path')
[1.519s] INFO:colcon.colcon_core.shell:Creating environment hook '/home/n3h4/Desktop/NEHA/SEDRICA/RosTut/install/tuos_simulations/share/tuos_simulations/hook/cmake_prefix_path.ps1'
[1.520s] INFO:colcon.colcon_core.shell:Creating environment descriptor '/home/n3h4/Desktop/NEHA/SEDRICA/RosTut/install/tuos_simulations/share/tuos_simulations/hook/cmake_prefix_path.dsv'
[1.520s] INFO:colcon.colcon_core.shell:Creating environment hook '/home/n3h4/Desktop/NEHA/SEDRICA/RosTut/install/tuos_simulations/share/tuos_simulations/hook/cmake_prefix_path.sh'
[1.521s] Level 1:colcon.colcon_core.environment:checking '/home/n3h4/Desktop/NEHA/SEDRICA/RosTut/install/tuos_simulations/bin'
[1.521s] Level 1:colcon.colcon_core.environment:checking '/home/n3h4/Desktop/NEHA/SEDRICA/RosTut/install/tuos_simulations/lib/pkgconfig/tuos_simulations.pc'
[1.522s] Level 1:colcon.colcon_core.environment:checking '/home/n3h4/Desktop/NEHA/SEDRICA/RosTut/install/tuos_simulations/lib/python3.10/site-packages'
[1.523s] Level 1:colcon.colcon_core.environment:checking '/home/n3h4/Desktop/NEHA/SEDRICA/RosTut/install/tuos_simulations/bin'
[1.523s] INFO:colcon.colcon_core.shell:Creating package script '/home/n3h4/Desktop/NEHA/SEDRICA/RosTut/install/tuos_simulations/share/tuos_simulations/package.ps1'
[1.524s] INFO:colcon.colcon_core.shell:Creating package descriptor '/home/n3h4/Desktop/NEHA/SEDRICA/RosTut/install/tuos_simulations/share/tuos_simulations/package.dsv'
[1.525s] INFO:colcon.colcon_core.shell:Creating package script '/home/n3h4/Desktop/NEHA/SEDRICA/RosTut/install/tuos_simulations/share/tuos_simulations/package.sh'
[1.525s] INFO:colcon.colcon_core.shell:Creating package script '/home/n3h4/Desktop/NEHA/SEDRICA/RosTut/install/tuos_simulations/share/tuos_simulations/package.bash'
[1.526s] INFO:colcon.colcon_core.shell:Creating package script '/home/n3h4/Desktop/NEHA/SEDRICA/RosTut/install/tuos_simulations/share/tuos_simulations/package.zsh'
[1.526s] Level 1:colcon.colcon_core.environment:create_file_with_runtime_dependencies(/home/n3h4/Desktop/NEHA/SEDRICA/RosTut/install/tuos_simulations/share/colcon-core/packages/tuos_simulations)
[1.527s] Level 1:colcon.colcon_core.environment:create_environment_scripts_only(tuos_simulations)
[1.528s] Level 1:colcon.colcon_core.environment:checking '/home/n3h4/Desktop/NEHA/SEDRICA/RosTut/install/tuos_simulations' for CMake module files
[1.528s] Level 1:colcon.colcon_core.environment:checking '/home/n3h4/Desktop/NEHA/SEDRICA/RosTut/install/tuos_simulations' for CMake config files
[1.529s] Level 1:colcon.colcon_core.shell:create_environment_hook('tuos_simulations', 'cmake_prefix_path')
[1.529s] INFO:colcon.colcon_core.shell:Creating environment hook '/home/n3h4/Desktop/NEHA/SEDRICA/RosTut/install/tuos_simulations/share/tuos_simulations/hook/cmake_prefix_path.ps1'
[1.529s] INFO:colcon.colcon_core.shell:Creating environment descriptor '/home/n3h4/Desktop/NEHA/SEDRICA/RosTut/install/tuos_simulations/share/tuos_simulations/hook/cmake_prefix_path.dsv'
[1.530s] INFO:colcon.colcon_core.shell:Creating environment hook '/home/n3h4/Desktop/NEHA/SEDRICA/RosTut/install/tuos_simulations/share/tuos_simulations/hook/cmake_prefix_path.sh'
[1.530s] Level 1:colcon.colcon_core.environment:checking '/home/n3h4/Desktop/NEHA/SEDRICA/RosTut/install/tuos_simulations/bin'
[1.530s] Level 1:colcon.colcon_core.environment:checking '/home/n3h4/Desktop/NEHA/SEDRICA/RosTut/install/tuos_simulations/lib/pkgconfig/tuos_simulations.pc'
[1.531s] Level 1:colcon.colcon_core.environment:checking '/home/n3h4/Desktop/NEHA/SEDRICA/RosTut/install/tuos_simulations/lib/python3.10/site-packages'
[1.531s] Level 1:colcon.colcon_core.environment:checking '/home/n3h4/Desktop/NEHA/SEDRICA/RosTut/install/tuos_simulations/bin'
[1.532s] INFO:colcon.colcon_core.shell:Creating package script '/home/n3h4/Desktop/NEHA/SEDRICA/RosTut/install/tuos_simulations/share/tuos_simulations/package.ps1'
[1.532s] INFO:colcon.colcon_core.shell:Creating package descriptor '/home/n3h4/Desktop/NEHA/SEDRICA/RosTut/install/tuos_simulations/share/tuos_simulations/package.dsv'
[1.533s] INFO:colcon.colcon_core.shell:Creating package script '/home/n3h4/Desktop/NEHA/SEDRICA/RosTut/install/tuos_simulations/share/tuos_simulations/package.sh'
[1.534s] INFO:colcon.colcon_core.shell:Creating package script '/home/n3h4/Desktop/NEHA/SEDRICA/RosTut/install/tuos_simulations/share/tuos_simulations/package.bash'
[1.534s] INFO:colcon.colcon_core.shell:Creating package script '/home/n3h4/Desktop/NEHA/SEDRICA/RosTut/install/tuos_simulations/share/tuos_simulations/package.zsh'
[1.535s] Level 1:colcon.colcon_core.environment:create_file_with_runtime_dependencies(/home/n3h4/Desktop/NEHA/SEDRICA/RosTut/install/tuos_simulations/share/colcon-core/packages/tuos_simulations)
[1.535s] INFO:colcon.colcon_ros.task.ament_cmake.build:Building ROS package in '/home/n3h4/Desktop/NEHA/SEDRICA/RosTut/tuos_ros/com2009_simulations' with build type 'ament_cmake'
[1.535s] INFO:colcon.colcon_cmake.task.cmake.build:Building CMake package in '/home/n3h4/Desktop/NEHA/SEDRICA/RosTut/tuos_ros/com2009_simulations'
[1.536s] INFO:colcon.colcon_core.shell:Skip shell extension 'powershell' for command environment: Not usable outside of PowerShell
[1.536s] DEBUG:colcon.colcon_core.shell:Skip shell extension 'dsv' for command environment
[1.546s] DEBUG:colcon.colcon_core.event_handler.log_command:Invoking command in '/home/n3h4/Desktop/NEHA/SEDRICA/RosTut/build/com2009_simulations': AMENT_PREFIX_PATH=/home/n3h4/Desktop/NEHA/SEDRICA/RosTut/install/tuos_simulations:${AMENT_PREFIX_PATH} CMAKE_PREFIX_PATH=/home/n3h4/Desktop/NEHA/SEDRICA/RosTut/install/tuos_simulations:/opt/ros/humble /usr/bin/cmake /home/n3h4/Desktop/NEHA/SEDRICA/RosTut/tuos_ros/com2009_simulations -DCMAKE_INSTALL_PREFIX=/home/n3h4/Desktop/NEHA/SEDRICA/RosTut/install/com2009_simulations
[2.848s] DEBUG:colcon.colcon_core.event_handler.log_command:Invoked command in '/home/n3h4/Desktop/NEHA/SEDRICA/RosTut/build/com2009_simulations' returned '0': AMENT_PREFIX_PATH=/home/n3h4/Desktop/NEHA/SEDRICA/RosTut/install/tuos_simulations:${AMENT_PREFIX_PATH} CMAKE_PREFIX_PATH=/home/n3h4/Desktop/NEHA/SEDRICA/RosTut/install/tuos_simulations:/opt/ros/humble /usr/bin/cmake /home/n3h4/Desktop/NEHA/SEDRICA/RosTut/tuos_ros/com2009_simulations -DCMAKE_INSTALL_PREFIX=/home/n3h4/Desktop/NEHA/SEDRICA/RosTut/install/com2009_simulations
[2.850s] DEBUG:colcon.colcon_core.event_handler.log_command:Invoking command in '/home/n3h4/Desktop/NEHA/SEDRICA/RosTut/build/com2009_simulations': AMENT_PREFIX_PATH=/home/n3h4/Desktop/NEHA/SEDRICA/RosTut/install/tuos_simulations:${AMENT_PREFIX_PATH} CMAKE_PREFIX_PATH=/home/n3h4/Desktop/NEHA/SEDRICA/RosTut/install/tuos_simulations:/opt/ros/humble /usr/bin/cmake --build /home/n3h4/Desktop/NEHA/SEDRICA/RosTut/build/com2009_simulations -- -j12 -l12
[2.896s] DEBUG:colcon.colcon_core.event_handler.log_command:Invoked command in '/home/n3h4/Desktop/NEHA/SEDRICA/RosTut/build/com2009_simulations' returned '0': AMENT_PREFIX_PATH=/home/n3h4/Desktop/NEHA/SEDRICA/RosTut/install/tuos_simulations:${AMENT_PREFIX_PATH} CMAKE_PREFIX_PATH=/home/n3h4/Desktop/NEHA/SEDRICA/RosTut/install/tuos_simulations:/opt/ros/humble /usr/bin/cmake --build /home/n3h4/Desktop/NEHA/SEDRICA/RosTut/build/com2009_simulations -- -j12 -l12
[2.898s] DEBUG:colcon.colcon_core.event_handler.log_command:Invoking command in '/home/n3h4/Desktop/NEHA/SEDRICA/RosTut/build/com2009_simulations': AMENT_PREFIX_PATH=/home/n3h4/Desktop/NEHA/SEDRICA/RosTut/install/tuos_simulations:${AMENT_PREFIX_PATH} CMAKE_PREFIX_PATH=/home/n3h4/Desktop/NEHA/SEDRICA/RosTut/install/tuos_simulations:/opt/ros/humble /usr/bin/cmake --install /home/n3h4/Desktop/NEHA/SEDRICA/RosTut/build/com2009_simulations
[2.923s] Level 1:colcon.colcon_core.environment:create_environment_scripts_only(com2009_simulations)
[2.924s] Level 1:colcon.colcon_core.environment:checking '/home/n3h4/Desktop/NEHA/SEDRICA/RosTut/install/com2009_simulations' for CMake module files
[2.924s] DEBUG:colcon.colcon_core.event_handler.log_command:Invoked command in '/home/n3h4/Desktop/NEHA/SEDRICA/RosTut/build/com2009_simulations' returned '0': AMENT_PREFIX_PATH=/home/n3h4/Desktop/NEHA/SEDRICA/RosTut/install/tuos_simulations:${AMENT_PREFIX_PATH} CMAKE_PREFIX_PATH=/home/n3h4/Desktop/NEHA/SEDRICA/RosTut/install/tuos_simulations:/opt/ros/humble /usr/bin/cmake --install /home/n3h4/Desktop/NEHA/SEDRICA/RosTut/build/com2009_simulations
[2.925s] Level 1:colcon.colcon_core.environment:checking '/home/n3h4/Desktop/NEHA/SEDRICA/RosTut/install/com2009_simulations' for CMake config files
[2.925s] Level 1:colcon.colcon_core.shell:create_environment_hook('com2009_simulations', 'cmake_prefix_path')
[2.926s] INFO:colcon.colcon_core.shell:Creating environment hook '/home/n3h4/Desktop/NEHA/SEDRICA/RosTut/install/com2009_simulations/share/com2009_simulations/hook/cmake_prefix_path.ps1'
[2.926s] INFO:colcon.colcon_core.shell:Creating environment descriptor '/home/n3h4/Desktop/NEHA/SEDRICA/RosTut/install/com2009_simulations/share/com2009_simulations/hook/cmake_prefix_path.dsv'
[2.927s] INFO:colcon.colcon_core.shell:Creating environment hook '/home/n3h4/Desktop/NEHA/SEDRICA/RosTut/install/com2009_simulations/share/com2009_simulations/hook/cmake_prefix_path.sh'
[2.927s] Level 1:colcon.colcon_core.environment:checking '/home/n3h4/Desktop/NEHA/SEDRICA/RosTut/install/com2009_simulations/bin'
[2.928s] Level 1:colcon.colcon_core.environment:checking '/home/n3h4/Desktop/NEHA/SEDRICA/RosTut/install/com2009_simulations/lib/pkgconfig/com2009_simulations.pc'
[2.928s] Level 1:colcon.colcon_core.environment:checking '/home/n3h4/Desktop/NEHA/SEDRICA/RosTut/install/com2009_simulations/lib/python3.10/site-packages'
[2.929s] Level 1:colcon.colcon_core.environment:checking '/home/n3h4/Desktop/NEHA/SEDRICA/RosTut/install/com2009_simulations/bin'
[2.929s] INFO:colcon.colcon_core.shell:Creating package script '/home/n3h4/Desktop/NEHA/SEDRICA/RosTut/install/com2009_simulations/share/com2009_simulations/package.ps1'
[2.930s] INFO:colcon.colcon_core.shell:Creating package descriptor '/home/n3h4/Desktop/NEHA/SEDRICA/RosTut/install/com2009_simulations/share/com2009_simulations/package.dsv'
[2.930s] INFO:colcon.colcon_core.shell:Creating package script '/home/n3h4/Desktop/NEHA/SEDRICA/RosTut/install/com2009_simulations/share/com2009_simulations/package.sh'
[2.931s] INFO:colcon.colcon_core.shell:Creating package script '/home/n3h4/Desktop/NEHA/SEDRICA/RosTut/install/com2009_simulations/share/com2009_simulations/package.bash'
[2.932s] INFO:colcon.colcon_core.shell:Creating package script '/home/n3h4/Desktop/NEHA/SEDRICA/RosTut/install/com2009_simulations/share/com2009_simulations/package.zsh'
[2.932s] Level 1:colcon.colcon_core.environment:create_file_with_runtime_dependencies(/home/n3h4/Desktop/NEHA/SEDRICA/RosTut/install/com2009_simulations/share/colcon-core/packages/com2009_simulations)
[2.933s] Level 1:colcon.colcon_core.environment:create_environment_scripts_only(com2009_simulations)
[2.933s] Level 1:colcon.colcon_core.environment:checking '/home/n3h4/Desktop/NEHA/SEDRICA/RosTut/install/com2009_simulations' for CMake module files
[2.934s] Level 1:colcon.colcon_core.environment:checking '/home/n3h4/Desktop/NEHA/SEDRICA/RosTut/install/com2009_simulations' for CMake config files
[2.934s] Level 1:colcon.colcon_core.shell:create_environment_hook('com2009_simulations', 'cmake_prefix_path')
[2.935s] INFO:colcon.colcon_core.shell:Creating environment hook '/home/n3h4/Desktop/NEHA/SEDRICA/RosTut/install/com2009_simulations/share/com2009_simulations/hook/cmake_prefix_path.ps1'
[2.935s] INFO:colcon.colcon_core.shell:Creating environment descriptor '/home/n3h4/Desktop/NEHA/SEDRICA/RosTut/install/com2009_simulations/share/com2009_simulations/hook/cmake_prefix_path.dsv'
[2.936s] INFO:colcon.colcon_core.shell:Creating environment hook '/home/n3h4/Desktop/NEHA/SEDRICA/RosTut/install/com2009_simulations/share/com2009_simulations/hook/cmake_prefix_path.sh'
[2.936s] Level 1:colcon.colcon_core.environment:checking '/home/n3h4/Desktop/NEHA/SEDRICA/RosTut/install/com2009_simulations/bin'
[2.936s] Level 1:colcon.colcon_core.environment:checking '/home/n3h4/Desktop/NEHA/SEDRICA/RosTut/install/com2009_simulations/lib/pkgconfig/com2009_simulations.pc'
[2.937s] Level 1:colcon.colcon_core.environment:checking '/home/n3h4/Desktop/NEHA/SEDRICA/RosTut/install/com2009_simulations/lib/python3.10/site-packages'
[2.937s] Level 1:colcon.colcon_core.environment:checking '/home/n3h4/Desktop/NEHA/SEDRICA/RosTut/install/com2009_simulations/bin'
[2.938s] INFO:colcon.colcon_core.shell:Creating package script '/home/n3h4/Desktop/NEHA/SEDRICA/RosTut/install/com2009_simulations/share/com2009_simulations/package.ps1'
[2.939s] INFO:colcon.colcon_core.shell:Creating package descriptor '/home/n3h4/Desktop/NEHA/SEDRICA/RosTut/install/com2009_simulations/share/com2009_simulations/package.dsv'
[2.939s] INFO:colcon.colcon_core.shell:Creating package script '/home/n3h4/Desktop/NEHA/SEDRICA/RosTut/install/com2009_simulations/share/com2009_simulations/package.sh'
[2.940s] INFO:colcon.colcon_core.shell:Creating package script '/home/n3h4/Desktop/NEHA/SEDRICA/RosTut/install/com2009_simulations/share/com2009_simulations/package.bash'
[2.940s] INFO:colcon.colcon_core.shell:Creating package script '/home/n3h4/Desktop/NEHA/SEDRICA/RosTut/install/com2009_simulations/share/com2009_simulations/package.zsh'
[2.941s] Level 1:colcon.colcon_core.environment:create_file_with_runtime_dependencies(/home/n3h4/Desktop/NEHA/SEDRICA/RosTut/install/com2009_simulations/share/colcon-core/packages/com2009_simulations)
[2.941s] INFO:colcon.colcon_ros.task.ament_cmake.build:Building ROS package in '/home/n3h4/Desktop/NEHA/SEDRICA/RosTut/tuos_ros/tuos_ros' with build type 'ament_cmake'
[2.942s] INFO:colcon.colcon_cmake.task.cmake.build:Building CMake package in '/home/n3h4/Desktop/NEHA/SEDRICA/RosTut/tuos_ros/tuos_ros'
[2.942s] INFO:colcon.colcon_core.shell:Skip shell extension 'powershell' for command environment: Not usable outside of PowerShell
[2.942s] DEBUG:colcon.colcon_core.shell:Skip shell extension 'dsv' for command environment
[2.957s] DEBUG:colcon.colcon_core.event_handler.log_command:Invoking command in '/home/n3h4/Desktop/NEHA/SEDRICA/RosTut/build/tuos_ros': AMENT_PREFIX_PATH=/home/n3h4/Desktop/NEHA/SEDRICA/RosTut/install/com2009_simulations:/home/n3h4/Desktop/NEHA/SEDRICA/RosTut/install/tuos_tb3_tools:/home/n3h4/Desktop/NEHA/SEDRICA/RosTut/install/tuos_simulations:/home/n3h4/Desktop/NEHA/SEDRICA/RosTut/install/tuos_interfaces:/home/n3h4/Desktop/NEHA/SEDRICA/RosTut/install/tuos_examples:${AMENT_PREFIX_PATH} CMAKE_PREFIX_PATH=/home/n3h4/Desktop/NEHA/SEDRICA/RosTut/install/com2009_simulations:/home/n3h4/Desktop/NEHA/SEDRICA/RosTut/install/tuos_tb3_tools:/home/n3h4/Desktop/NEHA/SEDRICA/RosTut/install/tuos_simulations:/home/n3h4/Desktop/NEHA/SEDRICA/RosTut/install/tuos_interfaces:/home/n3h4/Desktop/NEHA/SEDRICA/RosTut/install/tuos_examples:/opt/ros/humble LD_LIBRARY_PATH=/home/n3h4/Desktop/NEHA/SEDRICA/RosTut/install/tuos_interfaces/lib:${LD_LIBRARY_PATH} PYTHONPATH=/home/n3h4/Desktop/NEHA/SEDRICA/RosTut/install/tuos_interfaces/local/lib/python3.10/dist-packages:/home/n3h4/Desktop/NEHA/SEDRICA/RosTut/install/tuos_examples/local/lib/python3.10/dist-packages:${PYTHONPATH} /usr/bin/cmake /home/n3h4/Desktop/NEHA/SEDRICA/RosTut/tuos_ros/tuos_ros -DCMAKE_INSTALL_PREFIX=/home/n3h4/Desktop/NEHA/SEDRICA/RosTut/install/tuos_ros
[3.625s] DEBUG:colcon.colcon_core.event_handler.log_command:Invoked command in '/home/n3h4/Desktop/NEHA/SEDRICA/RosTut/build/tuos_ros' returned '0': AMENT_PREFIX_PATH=/home/n3h4/Desktop/NEHA/SEDRICA/RosTut/install/com2009_simulations:/home/n3h4/Desktop/NEHA/SEDRICA/RosTut/install/tuos_tb3_tools:/home/n3h4/Desktop/NEHA/SEDRICA/RosTut/install/tuos_simulations:/home/n3h4/Desktop/NEHA/SEDRICA/RosTut/install/tuos_interfaces:/home/n3h4/Desktop/NEHA/SEDRICA/RosTut/install/tuos_examples:${AMENT_PREFIX_PATH} CMAKE_PREFIX_PATH=/home/n3h4/Desktop/NEHA/SEDRICA/RosTut/install/com2009_simulations:/home/n3h4/Desktop/NEHA/SEDRICA/RosTut/install/tuos_tb3_tools:/home/n3h4/Desktop/NEHA/SEDRICA/RosTut/install/tuos_simulations:/home/n3h4/Desktop/NEHA/SEDRICA/RosTut/install/tuos_interfaces:/home/n3h4/Desktop/NEHA/SEDRICA/RosTut/install/tuos_examples:/opt/ros/humble LD_LIBRARY_PATH=/home/n3h4/Desktop/NEHA/SEDRICA/RosTut/install/tuos_interfaces/lib:${LD_LIBRARY_PATH} PYTHONPATH=/home/n3h4/Desktop/NEHA/SEDRICA/RosTut/install/tuos_interfaces/local/lib/python3.10/dist-packages:/home/n3h4/Desktop/NEHA/SEDRICA/RosTut/install/tuos_examples/local/lib/python3.10/dist-packages:${PYTHONPATH} /usr/bin/cmake /home/n3h4/Desktop/NEHA/SEDRICA/RosTut/tuos_ros/tuos_ros -DCMAKE_INSTALL_PREFIX=/home/n3h4/Desktop/NEHA/SEDRICA/RosTut/install/tuos_ros
[3.627s] DEBUG:colcon.colcon_core.event_handler.log_command:Invoking command in '/home/n3h4/Desktop/NEHA/SEDRICA/RosTut/build/tuos_ros': AMENT_PREFIX_PATH=/home/n3h4/Desktop/NEHA/SEDRICA/RosTut/install/com2009_simulations:/home/n3h4/Desktop/NEHA/SEDRICA/RosTut/install/tuos_tb3_tools:/home/n3h4/Desktop/NEHA/SEDRICA/RosTut/install/tuos_simulations:/home/n3h4/Desktop/NEHA/SEDRICA/RosTut/install/tuos_interfaces:/home/n3h4/Desktop/NEHA/SEDRICA/RosTut/install/tuos_examples:${AMENT_PREFIX_PATH} CMAKE_PREFIX_PATH=/home/n3h4/Desktop/NEHA/SEDRICA/RosTut/install/com2009_simulations:/home/n3h4/Desktop/NEHA/SEDRICA/RosTut/install/tuos_tb3_tools:/home/n3h4/Desktop/NEHA/SEDRICA/RosTut/install/tuos_simulations:/home/n3h4/Desktop/NEHA/SEDRICA/RosTut/install/tuos_interfaces:/home/n3h4/Desktop/NEHA/SEDRICA/RosTut/install/tuos_examples:/opt/ros/humble LD_LIBRARY_PATH=/home/n3h4/Desktop/NEHA/SEDRICA/RosTut/install/tuos_interfaces/lib:${LD_LIBRARY_PATH} PYTHONPATH=/home/n3h4/Desktop/NEHA/SEDRICA/RosTut/install/tuos_interfaces/local/lib/python3.10/dist-packages:/home/n3h4/Desktop/NEHA/SEDRICA/RosTut/install/tuos_examples/local/lib/python3.10/dist-packages:${PYTHONPATH} /usr/bin/cmake --build /home/n3h4/Desktop/NEHA/SEDRICA/RosTut/build/tuos_ros -- -j12 -l12
[3.669s] DEBUG:colcon.colcon_core.event_handler.log_command:Invoked command in '/home/n3h4/Desktop/NEHA/SEDRICA/RosTut/build/tuos_ros' returned '0': AMENT_PREFIX_PATH=/home/n3h4/Desktop/NEHA/SEDRICA/RosTut/install/com2009_simulations:/home/n3h4/Desktop/NEHA/SEDRICA/RosTut/install/tuos_tb3_tools:/home/n3h4/Desktop/NEHA/SEDRICA/RosTut/install/tuos_simulations:/home/n3h4/Desktop/NEHA/SEDRICA/RosTut/install/tuos_interfaces:/home/n3h4/Desktop/NEHA/SEDRICA/RosTut/install/tuos_examples:${AMENT_PREFIX_PATH} CMAKE_PREFIX_PATH=/home/n3h4/Desktop/NEHA/SEDRICA/RosTut/install/com2009_simulations:/home/n3h4/Desktop/NEHA/SEDRICA/RosTut/install/tuos_tb3_tools:/home/n3h4/Desktop/NEHA/SEDRICA/RosTut/install/tuos_simulations:/home/n3h4/Desktop/NEHA/SEDRICA/RosTut/install/tuos_interfaces:/home/n3h4/Desktop/NEHA/SEDRICA/RosTut/install/tuos_examples:/opt/ros/humble LD_LIBRARY_PATH=/home/n3h4/Desktop/NEHA/SEDRICA/RosTut/install/tuos_interfaces/lib:${LD_LIBRARY_PATH} PYTHONPATH=/home/n3h4/Desktop/NEHA/SEDRICA/RosTut/install/tuos_interfaces/local/lib/python3.10/dist-packages:/home/n3h4/Desktop/NEHA/SEDRICA/RosTut/install/tuos_examples/local/lib/python3.10/dist-packages:${PYTHONPATH} /usr/bin/cmake --build /home/n3h4/Desktop/NEHA/SEDRICA/RosTut/build/tuos_ros -- -j12 -l12
[3.671s] DEBUG:colcon.colcon_core.event_handler.log_command:Invoking command in '/home/n3h4/Desktop/NEHA/SEDRICA/RosTut/build/tuos_ros': AMENT_PREFIX_PATH=/home/n3h4/Desktop/NEHA/SEDRICA/RosTut/install/com2009_simulations:/home/n3h4/Desktop/NEHA/SEDRICA/RosTut/install/tuos_tb3_tools:/home/n3h4/Desktop/NEHA/SEDRICA/RosTut/install/tuos_simulations:/home/n3h4/Desktop/NEHA/SEDRICA/RosTut/install/tuos_interfaces:/home/n3h4/Desktop/NEHA/SEDRICA/RosTut/install/tuos_examples:${AMENT_PREFIX_PATH} CMAKE_PREFIX_PATH=/home/n3h4/Desktop/NEHA/SEDRICA/RosTut/install/com2009_simulations:/home/n3h4/Desktop/NEHA/SEDRICA/RosTut/install/tuos_tb3_tools:/home/n3h4/Desktop/NEHA/SEDRICA/RosTut/install/tuos_simulations:/home/n3h4/Desktop/NEHA/SEDRICA/RosTut/install/tuos_interfaces:/home/n3h4/Desktop/NEHA/SEDRICA/RosTut/install/tuos_examples:/opt/ros/humble LD_LIBRARY_PATH=/home/n3h4/Desktop/NEHA/SEDRICA/RosTut/install/tuos_interfaces/lib:${LD_LIBRARY_PATH} PYTHONPATH=/home/n3h4/Desktop/NEHA/SEDRICA/RosTut/install/tuos_interfaces/local/lib/python3.10/dist-packages:/home/n3h4/Desktop/NEHA/SEDRICA/RosTut/install/tuos_examples/local/lib/python3.10/dist-packages:${PYTHONPATH} /usr/bin/cmake --install /home/n3h4/Desktop/NEHA/SEDRICA/RosTut/build/tuos_ros
[3.684s] Level 1:colcon.colcon_core.environment:create_environment_scripts_only(tuos_ros)
[3.685s] DEBUG:colcon.colcon_core.event_handler.log_command:Invoked command in '/home/n3h4/Desktop/NEHA/SEDRICA/RosTut/build/tuos_ros' returned '0': AMENT_PREFIX_PATH=/home/n3h4/Desktop/NEHA/SEDRICA/RosTut/install/com2009_simulations:/home/n3h4/Desktop/NEHA/SEDRICA/RosTut/install/tuos_tb3_tools:/home/n3h4/Desktop/NEHA/SEDRICA/RosTut/install/tuos_simulations:/home/n3h4/Desktop/NEHA/SEDRICA/RosTut/install/tuos_interfaces:/home/n3h4/Desktop/NEHA/SEDRICA/RosTut/install/tuos_examples:${AMENT_PREFIX_PATH} CMAKE_PREFIX_PATH=/home/n3h4/Desktop/NEHA/SEDRICA/RosTut/install/com2009_simulations:/home/n3h4/Desktop/NEHA/SEDRICA/RosTut/install/tuos_tb3_tools:/home/n3h4/Desktop/NEHA/SEDRICA/RosTut/install/tuos_simulations:/home/n3h4/Desktop/NEHA/SEDRICA/RosTut/install/tuos_interfaces:/home/n3h4/Desktop/NEHA/SEDRICA/RosTut/install/tuos_examples:/opt/ros/humble LD_LIBRARY_PATH=/home/n3h4/Desktop/NEHA/SEDRICA/RosTut/install/tuos_interfaces/lib:${LD_LIBRARY_PATH} PYTHONPATH=/home/n3h4/Desktop/NEHA/SEDRICA/RosTut/install/tuos_interfaces/local/lib/python3.10/dist-packages:/home/n3h4/Desktop/NEHA/SEDRICA/RosTut/install/tuos_examples/local/lib/python3.10/dist-packages:${PYTHONPATH} /usr/bin/cmake --install /home/n3h4/Desktop/NEHA/SEDRICA/RosTut/build/tuos_ros
[3.685s] Level 1:colcon.colcon_core.environment:checking '/home/n3h4/Desktop/NEHA/SEDRICA/RosTut/install/tuos_ros' for CMake module files
[3.686s] Level 1:colcon.colcon_core.environment:checking '/home/n3h4/Desktop/NEHA/SEDRICA/RosTut/install/tuos_ros' for CMake config files
[3.686s] Level 1:colcon.colcon_core.shell:create_environment_hook('tuos_ros', 'cmake_prefix_path')
[3.686s] INFO:colcon.colcon_core.shell:Creating environment hook '/home/n3h4/Desktop/NEHA/SEDRICA/RosTut/install/tuos_ros/share/tuos_ros/hook/cmake_prefix_path.ps1'
[3.687s] INFO:colcon.colcon_core.shell:Creating environment descriptor '/home/n3h4/Desktop/NEHA/SEDRICA/RosTut/install/tuos_ros/share/tuos_ros/hook/cmake_prefix_path.dsv'
[3.687s] INFO:colcon.colcon_core.shell:Creating environment hook '/home/n3h4/Desktop/NEHA/SEDRICA/RosTut/install/tuos_ros/share/tuos_ros/hook/cmake_prefix_path.sh'
[3.688s] Level 1:colcon.colcon_core.environment:checking '/home/n3h4/Desktop/NEHA/SEDRICA/RosTut/install/tuos_ros/bin'
[3.688s] Level 1:colcon.colcon_core.environment:checking '/home/n3h4/Desktop/NEHA/SEDRICA/RosTut/install/tuos_ros/lib/pkgconfig/tuos_ros.pc'
[3.688s] Level 1:colcon.colcon_core.environment:checking '/home/n3h4/Desktop/NEHA/SEDRICA/RosTut/install/tuos_ros/lib/python3.10/site-packages'
[3.689s] Level 1:colcon.colcon_core.environment:checking '/home/n3h4/Desktop/NEHA/SEDRICA/RosTut/install/tuos_ros/bin'
[3.689s] INFO:colcon.colcon_core.shell:Creating package script '/home/n3h4/Desktop/NEHA/SEDRICA/RosTut/install/tuos_ros/share/tuos_ros/package.ps1'
[3.689s] INFO:colcon.colcon_core.shell:Creating package descriptor '/home/n3h4/Desktop/NEHA/SEDRICA/RosTut/install/tuos_ros/share/tuos_ros/package.dsv'
[3.690s] INFO:colcon.colcon_core.shell:Creating package script '/home/n3h4/Desktop/NEHA/SEDRICA/RosTut/install/tuos_ros/share/tuos_ros/package.sh'
[3.690s] INFO:colcon.colcon_core.shell:Creating package script '/home/n3h4/Desktop/NEHA/SEDRICA/RosTut/install/tuos_ros/share/tuos_ros/package.bash'
[3.691s] INFO:colcon.colcon_core.shell:Creating package script '/home/n3h4/Desktop/NEHA/SEDRICA/RosTut/install/tuos_ros/share/tuos_ros/package.zsh'
[3.691s] Level 1:colcon.colcon_core.environment:create_file_with_runtime_dependencies(/home/n3h4/Desktop/NEHA/SEDRICA/RosTut/install/tuos_ros/share/colcon-core/packages/tuos_ros)
[3.692s] Level 1:colcon.colcon_core.environment:create_environment_scripts_only(tuos_ros)
[3.692s] Level 1:colcon.colcon_core.environment:checking '/home/n3h4/Desktop/NEHA/SEDRICA/RosTut/install/tuos_ros' for CMake module files
[3.692s] Level 1:colcon.colcon_core.environment:checking '/home/n3h4/Desktop/NEHA/SEDRICA/RosTut/install/tuos_ros' for CMake config files
[3.693s] Level 1:colcon.colcon_core.shell:create_environment_hook('tuos_ros', 'cmake_prefix_path')
[3.693s] INFO:colcon.colcon_core.shell:Creating environment hook '/home/n3h4/Desktop/NEHA/SEDRICA/RosTut/install/tuos_ros/share/tuos_ros/hook/cmake_prefix_path.ps1'
[3.694s] INFO:colcon.colcon_core.shell:Creating environment descriptor '/home/n3h4/Desktop/NEHA/SEDRICA/RosTut/install/tuos_ros/share/tuos_ros/hook/cmake_prefix_path.dsv'
[3.694s] INFO:colcon.colcon_core.shell:Creating environment hook '/home/n3h4/Desktop/NEHA/SEDRICA/RosTut/install/tuos_ros/share/tuos_ros/hook/cmake_prefix_path.sh'
[3.694s] Level 1:colcon.colcon_core.environment:checking '/home/n3h4/Desktop/NEHA/SEDRICA/RosTut/install/tuos_ros/bin'
[3.695s] Level 1:colcon.colcon_core.environment:checking '/home/n3h4/Desktop/NEHA/SEDRICA/RosTut/install/tuos_ros/lib/pkgconfig/tuos_ros.pc'
[3.695s] Level 1:colcon.colcon_core.environment:checking '/home/n3h4/Desktop/NEHA/SEDRICA/RosTut/install/tuos_ros/lib/python3.10/site-packages'
[3.695s] Level 1:colcon.colcon_core.environment:checking '/home/n3h4/Desktop/NEHA/SEDRICA/RosTut/install/tuos_ros/bin'
[3.696s] INFO:colcon.colcon_core.shell:Creating package script '/home/n3h4/Desktop/NEHA/SEDRICA/RosTut/install/tuos_ros/share/tuos_ros/package.ps1'
[3.696s] INFO:colcon.colcon_core.shell:Creating package descriptor '/home/n3h4/Desktop/NEHA/SEDRICA/RosTut/install/tuos_ros/share/tuos_ros/package.dsv'
[3.697s] INFO:colcon.colcon_core.shell:Creating package script '/home/n3h4/Desktop/NEHA/SEDRICA/RosTut/install/tuos_ros/share/tuos_ros/package.sh'
[3.697s] INFO:colcon.colcon_core.shell:Creating package script '/home/n3h4/Desktop/NEHA/SEDRICA/RosTut/install/tuos_ros/share/tuos_ros/package.bash'
[3.698s] INFO:colcon.colcon_core.shell:Creating package script '/home/n3h4/Desktop/NEHA/SEDRICA/RosTut/install/tuos_ros/share/tuos_ros/package.zsh'
[3.698s] Level 1:colcon.colcon_core.environment:create_file_with_runtime_dependencies(/home/n3h4/Desktop/NEHA/SEDRICA/RosTut/install/tuos_ros/share/colcon-core/packages/tuos_ros)
[3.699s] DEBUG:colcon.colcon_parallel_executor.executor.parallel:closing loop
[3.699s] DEBUG:colcon.colcon_parallel_executor.executor.parallel:loop closed
[3.699s] DEBUG:colcon.colcon_parallel_executor.executor.parallel:run_until_complete finished with '0'
[3.699s] DEBUG:colcon.colcon_core.event_reactor:joining thread
[3.705s] INFO:colcon.colcon_core.plugin_system:Skipping extension 'colcon_notification.desktop_notification.terminal_notifier': Not used on non-Darwin systems
[3.706s] INFO:colcon.colcon_core.plugin_system:Skipping extension 'colcon_notification.desktop_notification.win32': Not used on non-Windows systems
[3.706s] INFO:colcon.colcon_notification.desktop_notification:Sending desktop notification using 'notify2'
[3.719s] DEBUG:colcon.colcon_core.event_reactor:joined thread
[3.719s] INFO:colcon.colcon_core.shell:Creating prefix script '/home/n3h4/Desktop/NEHA/SEDRICA/RosTut/install/local_setup.ps1'
[3.720s] INFO:colcon.colcon_core.shell:Creating prefix util module '/home/n3h4/Desktop/NEHA/SEDRICA/RosTut/install/_local_setup_util_ps1.py'
[3.722s] INFO:colcon.colcon_core.shell:Creating prefix chain script '/home/n3h4/Desktop/NEHA/SEDRICA/RosTut/install/setup.ps1'
[3.723s] INFO:colcon.colcon_core.shell:Creating prefix script '/home/n3h4/Desktop/NEHA/SEDRICA/RosTut/install/local_setup.sh'
[3.724s] INFO:colcon.colcon_core.shell:Creating prefix util module '/home/n3h4/Desktop/NEHA/SEDRICA/RosTut/install/_local_setup_util_sh.py'
[3.724s] INFO:colcon.colcon_core.shell:Creating prefix chain script '/home/n3h4/Desktop/NEHA/SEDRICA/RosTut/install/setup.sh'
[3.725s] INFO:colcon.colcon_core.shell:Creating prefix script '/home/n3h4/Desktop/NEHA/SEDRICA/RosTut/install/local_setup.bash'
[3.726s] INFO:colcon.colcon_core.shell:Creating prefix chain script '/home/n3h4/Desktop/NEHA/SEDRICA/RosTut/install/setup.bash'
[3.727s] INFO:colcon.colcon_core.shell:Creating prefix script '/home/n3h4/Desktop/NEHA/SEDRICA/RosTut/install/local_setup.zsh'
[3.728s] INFO:colcon.colcon_core.shell:Creating prefix chain script '/home/n3h4/Desktop/NEHA/SEDRICA/RosTut/install/setup.zsh'
