[35m[1mConsolidate compiler generated dependencies of target cpp_executable[0m
[100%] Built target cpp_executable
-- Install configuration: ""
-- Installing: /home/n3h4/Desktop/NEHA/SEDRICA/RosTut/install/tuos_tb3_tools/lib/tuos_tb3_tools/cpp_executable
-- Set runtime path of "/home/n3h4/Desktop/NEHA/SEDRICA/RosTut/install/tuos_tb3_tools/lib/tuos_tb3_tools/cpp_executable" to ""
-- Installing: /home/n3h4/Desktop/NEHA/SEDRICA/RosTut/install/tuos_tb3_tools/lib/tuos_tb3_tools/tb3_status.py
-- Installing: /home/n3h4/Desktop/NEHA/SEDRICA/RosTut/install/tuos_tb3_tools/share/tuos_tb3_tools/launch
-- Installing: /home/n3h4/Desktop/NEHA/SEDRICA/RosTut/install/tuos_tb3_tools/share/tuos_tb3_tools/launch/rviz.launch.py
-- Installing: /home/n3h4/Desktop/NEHA/SEDRICA/RosTut/install/tuos_tb3_tools/share/tuos_tb3_tools/launch/slam.launch.py
-- Installing: /home/n3h4/Desktop/NEHA/SEDRICA/RosTut/install/tuos_tb3_tools/share/tuos_tb3_tools/launch/ros.launch.py
-- Installing: /home/n3h4/Desktop/NEHA/SEDRICA/RosTut/install/tuos_tb3_tools/share/tuos_tb3_tools/rviz
-- Installing: /home/n3h4/Desktop/NEHA/SEDRICA/RosTut/install/tuos_tb3_tools/share/tuos_tb3_tools/rviz/waffle.rviz
-- Installing: /home/n3h4/Desktop/NEHA/SEDRICA/RosTut/install/tuos_tb3_tools/share/tuos_tb3_tools/rviz/waffle_slam.rviz
-- Installing: /home/n3h4/Desktop/NEHA/SEDRICA/RosTut/install/tuos_tb3_tools/share/ament_index/resource_index/package_run_dependencies/tuos_tb3_tools
-- Installing: /home/n3h4/Desktop/NEHA/SEDRICA/RosTut/install/tuos_tb3_tools/share/ament_index/resource_index/parent_prefix_path/tuos_tb3_tools
-- Installing: /home/n3h4/Desktop/NEHA/SEDRICA/RosTut/install/tuos_tb3_tools/share/tuos_tb3_tools/environment/ament_prefix_path.sh
-- Installing: /home/n3h4/Desktop/NEHA/SEDRICA/RosTut/install/tuos_tb3_tools/share/tuos_tb3_tools/environment/ament_prefix_path.dsv
-- Installing: /home/n3h4/Desktop/NEHA/SEDRICA/RosTut/install/tuos_tb3_tools/share/tuos_tb3_tools/environment/path.sh
-- Installing: /home/n3h4/Desktop/NEHA/SEDRICA/RosTut/install/tuos_tb3_tools/share/tuos_tb3_tools/environment/path.dsv
-- Installing: /home/n3h4/Desktop/NEHA/SEDRICA/RosTut/install/tuos_tb3_tools/share/tuos_tb3_tools/local_setup.bash
-- Installing: /home/n3h4/Desktop/NEHA/SEDRICA/RosTut/install/tuos_tb3_tools/share/tuos_tb3_tools/local_setup.sh
-- Installing: /home/n3h4/Desktop/NEHA/SEDRICA/RosTut/install/tuos_tb3_tools/share/tuos_tb3_tools/local_setup.zsh
-- Installing: /home/n3h4/Desktop/NEHA/SEDRICA/RosTut/install/tuos_tb3_tools/share/tuos_tb3_tools/local_setup.dsv
-- Installing: /home/n3h4/Desktop/NEHA/SEDRICA/RosTut/install/tuos_tb3_tools/share/tuos_tb3_tools/package.dsv
-- Installing: /home/n3h4/Desktop/NEHA/SEDRICA/RosTut/install/tuos_tb3_tools/share/ament_index/resource_index/packages/tuos_tb3_tools
-- Installing: /home/n3h4/Desktop/NEHA/SEDRICA/RosTut/install/tuos_tb3_tools/share/tuos_tb3_tools/cmake/tuos_tb3_toolsConfig.cmake
-- Installing: /home/n3h4/Desktop/NEHA/SEDRICA/RosTut/install/tuos_tb3_tools/share/tuos_tb3_tools/cmake/tuos_tb3_toolsConfig-version.cmake
-- Installing: /home/n3h4/Desktop/NEHA/SEDRICA/RosTut/install/tuos_tb3_tools/share/tuos_tb3_tools/package.xml
