[0.025s] Invoking command in '/home/n3h4/Desktop/NEHA/SEDRICA/RosTut/build/tuos_tb3_tools': CMAKE_PREFIX_PATH=/opt/ros/humble /usr/bin/cmake --build /home/n3h4/Desktop/NEHA/SEDRICA/RosTut/build/tuos_tb3_tools -- -j12 -l12
[0.081s] [35m[1mConsolidate compiler generated dependencies of target cpp_executable[0m
[0.115s] [100%] Built target cpp_executable
[0.135s] Invoked command in '/home/n3h4/Desktop/NEHA/SEDRICA/RosTut/build/tuos_tb3_tools' returned '0': CMAKE_PREFIX_PATH=/opt/ros/humble /usr/bin/cmake --build /home/n3h4/Desktop/NEHA/SEDRICA/RosTut/build/tuos_tb3_tools -- -j12 -l12
[0.150s] Invoking command in '/home/n3h4/Desktop/NEHA/SEDRICA/RosTut/build/tuos_tb3_tools': CMAKE_PREFIX_PATH=/opt/ros/humble /usr/bin/cmake --install /home/n3h4/Desktop/NEHA/SEDRICA/RosTut/build/tuos_tb3_tools
[0.158s] -- Install configuration: ""
[0.159s] -- Installing: /home/n3h4/Desktop/NEHA/SEDRICA/RosTut/install/tuos_tb3_tools/lib/tuos_tb3_tools/cpp_executable
[0.159s] -- Set runtime path of "/home/n3h4/Desktop/NEHA/SEDRICA/RosTut/install/tuos_tb3_tools/lib/tuos_tb3_tools/cpp_executable" to ""
[0.160s] -- Installing: /home/n3h4/Desktop/NEHA/SEDRICA/RosTut/install/tuos_tb3_tools/lib/tuos_tb3_tools/tb3_status.py
[0.160s] -- Installing: /home/n3h4/Desktop/NEHA/SEDRICA/RosTut/install/tuos_tb3_tools/share/tuos_tb3_tools/launch
[0.161s] -- Installing: /home/n3h4/Desktop/NEHA/SEDRICA/RosTut/install/tuos_tb3_tools/share/tuos_tb3_tools/launch/rviz.launch.py
[0.161s] -- Installing: /home/n3h4/Desktop/NEHA/SEDRICA/RosTut/install/tuos_tb3_tools/share/tuos_tb3_tools/launch/slam.launch.py
[0.161s] -- Installing: /home/n3h4/Desktop/NEHA/SEDRICA/RosTut/install/tuos_tb3_tools/share/tuos_tb3_tools/launch/ros.launch.py
[0.161s] -- Installing: /home/n3h4/Desktop/NEHA/SEDRICA/RosTut/install/tuos_tb3_tools/share/tuos_tb3_tools/rviz
[0.162s] -- Installing: /home/n3h4/Desktop/NEHA/SEDRICA/RosTut/install/tuos_tb3_tools/share/tuos_tb3_tools/rviz/waffle.rviz
[0.162s] -- Installing: /home/n3h4/Desktop/NEHA/SEDRICA/RosTut/install/tuos_tb3_tools/share/tuos_tb3_tools/rviz/waffle_slam.rviz
[0.162s] -- Installing: /home/n3h4/Desktop/NEHA/SEDRICA/RosTut/install/tuos_tb3_tools/share/ament_index/resource_index/package_run_dependencies/tuos_tb3_tools
[0.163s] -- Installing: /home/n3h4/Desktop/NEHA/SEDRICA/RosTut/install/tuos_tb3_tools/share/ament_index/resource_index/parent_prefix_path/tuos_tb3_tools
[0.163s] -- Installing: /home/n3h4/Desktop/NEHA/SEDRICA/RosTut/install/tuos_tb3_tools/share/tuos_tb3_tools/environment/ament_prefix_path.sh
[0.163s] -- Installing: /home/n3h4/Desktop/NEHA/SEDRICA/RosTut/install/tuos_tb3_tools/share/tuos_tb3_tools/environment/ament_prefix_path.dsv
[0.163s] -- Installing: /home/n3h4/Desktop/NEHA/SEDRICA/RosTut/install/tuos_tb3_tools/share/tuos_tb3_tools/environment/path.sh
[0.163s] -- Installing: /home/n3h4/Desktop/NEHA/SEDRICA/RosTut/install/tuos_tb3_tools/share/tuos_tb3_tools/environment/path.dsv
[0.163s] -- Installing: /home/n3h4/Desktop/NEHA/SEDRICA/RosTut/install/tuos_tb3_tools/share/tuos_tb3_tools/local_setup.bash
[0.164s] -- Installing: /home/n3h4/Desktop/NEHA/SEDRICA/RosTut/install/tuos_tb3_tools/share/tuos_tb3_tools/local_setup.sh
[0.164s] -- Installing: /home/n3h4/Desktop/NEHA/SEDRICA/RosTut/install/tuos_tb3_tools/share/tuos_tb3_tools/local_setup.zsh
[0.164s] -- Installing: /home/n3h4/Desktop/NEHA/SEDRICA/RosTut/install/tuos_tb3_tools/share/tuos_tb3_tools/local_setup.dsv
[0.164s] -- Installing: /home/n3h4/Desktop/NEHA/SEDRICA/RosTut/install/tuos_tb3_tools/share/tuos_tb3_tools/package.dsv
[0.164s] -- Installing: /home/n3h4/Desktop/NEHA/SEDRICA/RosTut/install/tuos_tb3_tools/share/ament_index/resource_index/packages/tuos_tb3_tools
[0.165s] -- Installing: /home/n3h4/Desktop/NEHA/SEDRICA/RosTut/install/tuos_tb3_tools/share/tuos_tb3_tools/cmake/tuos_tb3_toolsConfig.cmake
[0.165s] -- Installing: /home/n3h4/Desktop/NEHA/SEDRICA/RosTut/install/tuos_tb3_tools/share/tuos_tb3_tools/cmake/tuos_tb3_toolsConfig-version.cmake
[0.165s] -- Installing: /home/n3h4/Desktop/NEHA/SEDRICA/RosTut/install/tuos_tb3_tools/share/tuos_tb3_tools/package.xml
[0.168s] Invoked command in '/home/n3h4/Desktop/NEHA/SEDRICA/RosTut/build/tuos_tb3_tools' returned '0': CMAKE_PREFIX_PATH=/opt/ros/humble /usr/bin/cmake --install /home/n3h4/Desktop/NEHA/SEDRICA/RosTut/build/tuos_tb3_tools
