[35m[1mConsolidate compiler generated dependencies of target tuos_interfaces__rosidl_generator_c[0m
[  2%] Built target tuos_interfaces__cpp
[ 12%] Built target tuos_interfaces__rosidl_generator_c
[ 12%] Built target ament_cmake_python_copy_tuos_interfaces
[35m[1mConsolidate compiler generated dependencies of target tuos_interfaces__rosidl_typesupport_cpp[0m
[35m[1mConsolidate compiler generated dependencies of target tuos_interfaces__rosidl_typesupport_introspection_cpp[0m
[35m[1mConsolidate compiler generated dependencies of target tuos_interfaces__rosidl_typesupport_fastrtps_cpp[0m
[35m[1mConsolidate compiler generated dependencies of target tuos_interfaces__rosidl_typesupport_introspection_c[0m
[35m[1mConsolidate compiler generated dependencies of target tuos_interfaces__rosidl_typesupport_c[0m
[35m[1mConsolidate compiler generated dependencies of target tuos_interfaces__rosidl_typesupport_fastrtps_c[0m
[ 23%] Built target tuos_interfaces__rosidl_typesupport_introspection_c
[ 34%] Built target tuos_interfaces__rosidl_typesupport_cpp
[ 44%] Built target tuos_interfaces__rosidl_typesupport_introspection_cpp
[ 55%] Built target tuos_interfaces__rosidl_typesupport_c
[ 65%] Built target tuos_interfaces__rosidl_typesupport_fastrtps_cpp
[ 76%] Built target tuos_interfaces__rosidl_typesupport_fastrtps_c
[ 76%] Built target tuos_interfaces
[ 78%] Built target tuos_interfaces__py
[35m[1mConsolidate compiler generated dependencies of target tuos_interfaces__rosidl_generator_py[0m
[ 87%] Built target tuos_interfaces__rosidl_generator_py
[35m[1mConsolidate compiler generated dependencies of target tuos_interfaces__rosidl_typesupport_c__pyext[0m
[35m[1mConsolidate compiler generated dependencies of target tuos_interfaces__rosidl_typesupport_fastrtps_c__pyext[0m
[35m[1mConsolidate compiler generated dependencies of target tuos_interfaces__rosidl_typesupport_introspection_c__pyext[0m
[ 91%] Built target tuos_interfaces__rosidl_typesupport_fastrtps_c__pyext
[ 95%] Built target tuos_interfaces__rosidl_typesupport_c__pyext
[100%] Built target tuos_interfaces__rosidl_typesupport_introspection_c__pyext
running egg_info
writing tuos_interfaces.egg-info/PKG-INFO
writing dependency_links to tuos_interfaces.egg-info/dependency_links.txt
writing top-level names to tuos_interfaces.egg-info/top_level.txt
reading manifest file 'tuos_interfaces.egg-info/SOURCES.txt'
writing manifest file 'tuos_interfaces.egg-info/SOURCES.txt'
[100%] Built target ament_cmake_python_build_tuos_interfaces_egg
-- Install configuration: ""
-- Installing: /home/n3h4/Desktop/NEHA/SEDRICA/RosTut/install/tuos_interfaces/share/ament_index/resource_index/rosidl_interfaces/tuos_interfaces
-- Installing: /home/n3h4/Desktop/NEHA/SEDRICA/RosTut/install/tuos_interfaces/include/tuos_interfaces/tuos_interfaces
-- Installing: /home/n3h4/Desktop/NEHA/SEDRICA/RosTut/install/tuos_interfaces/include/tuos_interfaces/tuos_interfaces/msg
-- Installing: /home/n3h4/Desktop/NEHA/SEDRICA/RosTut/install/tuos_interfaces/include/tuos_interfaces/tuos_interfaces/msg/num.h
-- Installing: /home/n3h4/Desktop/NEHA/SEDRICA/RosTut/install/tuos_interfaces/include/tuos_interfaces/tuos_interfaces/msg/detail
-- Installing: /home/n3h4/Desktop/NEHA/SEDRICA/RosTut/install/tuos_interfaces/include/tuos_interfaces/tuos_interfaces/msg/detail/num__struct.h
-- Installing: /home/n3h4/Desktop/NEHA/SEDRICA/RosTut/install/tuos_interfaces/include/tuos_interfaces/tuos_interfaces/msg/detail/num__functions.c
-- Installing: /home/n3h4/Desktop/NEHA/SEDRICA/RosTut/install/tuos_interfaces/include/tuos_interfaces/tuos_interfaces/msg/detail/num__functions.h
-- Installing: /home/n3h4/Desktop/NEHA/SEDRICA/RosTut/install/tuos_interfaces/include/tuos_interfaces/tuos_interfaces/msg/detail/num__type_support.h
-- Installing: /home/n3h4/Desktop/NEHA/SEDRICA/RosTut/install/tuos_interfaces/include/tuos_interfaces/tuos_interfaces/msg/rosidl_generator_c__visibility_control.h
-- Installing: /home/n3h4/Desktop/NEHA/SEDRICA/RosTut/install/tuos_interfaces/include/tuos_interfaces/tuos_interfaces/action
-- Installing: /home/n3h4/Desktop/NEHA/SEDRICA/RosTut/install/tuos_interfaces/include/tuos_interfaces/tuos_interfaces/action/camera_sweep.h
-- Installing: /home/n3h4/Desktop/NEHA/SEDRICA/RosTut/install/tuos_interfaces/include/tuos_interfaces/tuos_interfaces/action/detail
-- Installing: /home/n3h4/Desktop/NEHA/SEDRICA/RosTut/install/tuos_interfaces/include/tuos_interfaces/tuos_interfaces/action/detail/camera_sweep__type_support.h
-- Installing: /home/n3h4/Desktop/NEHA/SEDRICA/RosTut/install/tuos_interfaces/include/tuos_interfaces/tuos_interfaces/action/detail/camera_sweep__struct.h
-- Installing: /home/n3h4/Desktop/NEHA/SEDRICA/RosTut/install/tuos_interfaces/include/tuos_interfaces/tuos_interfaces/action/detail/camera_sweep__functions.c
-- Installing: /home/n3h4/Desktop/NEHA/SEDRICA/RosTut/install/tuos_interfaces/include/tuos_interfaces/tuos_interfaces/action/detail/camera_sweep__functions.h
-- Installing: /home/n3h4/Desktop/NEHA/SEDRICA/RosTut/install/tuos_interfaces/include/tuos_interfaces/tuos_interfaces/srv
-- Installing: /home/n3h4/Desktop/NEHA/SEDRICA/RosTut/install/tuos_interfaces/include/tuos_interfaces/tuos_interfaces/srv/number_game.h
-- Installing: /home/n3h4/Desktop/NEHA/SEDRICA/RosTut/install/tuos_interfaces/include/tuos_interfaces/tuos_interfaces/srv/detail
-- Installing: /home/n3h4/Desktop/NEHA/SEDRICA/RosTut/install/tuos_interfaces/include/tuos_interfaces/tuos_interfaces/srv/detail/number_game__struct.h
-- Installing: /home/n3h4/Desktop/NEHA/SEDRICA/RosTut/install/tuos_interfaces/include/tuos_interfaces/tuos_interfaces/srv/detail/number_game__functions.h
-- Installing: /home/n3h4/Desktop/NEHA/SEDRICA/RosTut/install/tuos_interfaces/include/tuos_interfaces/tuos_interfaces/srv/detail/number_game__functions.c
-- Installing: /home/n3h4/Desktop/NEHA/SEDRICA/RosTut/install/tuos_interfaces/include/tuos_interfaces/tuos_interfaces/srv/detail/number_game__type_support.h
-- Installing: /home/n3h4/Desktop/NEHA/SEDRICA/RosTut/install/tuos_interfaces/share/tuos_interfaces/environment/library_path.sh
-- Installing: /home/n3h4/Desktop/NEHA/SEDRICA/RosTut/install/tuos_interfaces/share/tuos_interfaces/environment/library_path.dsv
-- Installing: /home/n3h4/Desktop/NEHA/SEDRICA/RosTut/install/tuos_interfaces/lib/libtuos_interfaces__rosidl_generator_c.so
-- Set runtime path of "/home/n3h4/Desktop/NEHA/SEDRICA/RosTut/install/tuos_interfaces/lib/libtuos_interfaces__rosidl_generator_c.so" to ""
-- Up-to-date: /home/n3h4/Desktop/NEHA/SEDRICA/RosTut/install/tuos_interfaces/include/tuos_interfaces/tuos_interfaces
-- Up-to-date: /home/n3h4/Desktop/NEHA/SEDRICA/RosTut/install/tuos_interfaces/include/tuos_interfaces/tuos_interfaces/msg
-- Installing: /home/n3h4/Desktop/NEHA/SEDRICA/RosTut/install/tuos_interfaces/include/tuos_interfaces/tuos_interfaces/msg/rosidl_typesupport_fastrtps_c__visibility_control.h
-- Up-to-date: /home/n3h4/Desktop/NEHA/SEDRICA/RosTut/install/tuos_interfaces/include/tuos_interfaces/tuos_interfaces/msg/detail
-- Installing: /home/n3h4/Desktop/NEHA/SEDRICA/RosTut/install/tuos_interfaces/include/tuos_interfaces/tuos_interfaces/msg/detail/num__rosidl_typesupport_fastrtps_c.h
-- Up-to-date: /home/n3h4/Desktop/NEHA/SEDRICA/RosTut/install/tuos_interfaces/include/tuos_interfaces/tuos_interfaces/action
-- Up-to-date: /home/n3h4/Desktop/NEHA/SEDRICA/RosTut/install/tuos_interfaces/include/tuos_interfaces/tuos_interfaces/action/detail
-- Installing: /home/n3h4/Desktop/NEHA/SEDRICA/RosTut/install/tuos_interfaces/include/tuos_interfaces/tuos_interfaces/action/detail/camera_sweep__rosidl_typesupport_fastrtps_c.h
-- Up-to-date: /home/n3h4/Desktop/NEHA/SEDRICA/RosTut/install/tuos_interfaces/include/tuos_interfaces/tuos_interfaces/srv
-- Up-to-date: /home/n3h4/Desktop/NEHA/SEDRICA/RosTut/install/tuos_interfaces/include/tuos_interfaces/tuos_interfaces/srv/detail
-- Installing: /home/n3h4/Desktop/NEHA/SEDRICA/RosTut/install/tuos_interfaces/include/tuos_interfaces/tuos_interfaces/srv/detail/number_game__rosidl_typesupport_fastrtps_c.h
-- Installing: /home/n3h4/Desktop/NEHA/SEDRICA/RosTut/install/tuos_interfaces/lib/libtuos_interfaces__rosidl_typesupport_fastrtps_c.so
-- Set runtime path of "/home/n3h4/Desktop/NEHA/SEDRICA/RosTut/install/tuos_interfaces/lib/libtuos_interfaces__rosidl_typesupport_fastrtps_c.so" to ""
-- Up-to-date: /home/n3h4/Desktop/NEHA/SEDRICA/RosTut/install/tuos_interfaces/include/tuos_interfaces/tuos_interfaces
-- Up-to-date: /home/n3h4/Desktop/NEHA/SEDRICA/RosTut/install/tuos_interfaces/include/tuos_interfaces/tuos_interfaces/msg
-- Installing: /home/n3h4/Desktop/NEHA/SEDRICA/RosTut/install/tuos_interfaces/include/tuos_interfaces/tuos_interfaces/msg/num.hpp
-- Up-to-date: /home/n3h4/Desktop/NEHA/SEDRICA/RosTut/install/tuos_interfaces/include/tuos_interfaces/tuos_interfaces/msg/detail
-- Installing: /home/n3h4/Desktop/NEHA/SEDRICA/RosTut/install/tuos_interfaces/include/tuos_interfaces/tuos_interfaces/msg/detail/num__traits.hpp
-- Installing: /home/n3h4/Desktop/NEHA/SEDRICA/RosTut/install/tuos_interfaces/include/tuos_interfaces/tuos_interfaces/msg/detail/num__type_support.hpp
-- Installing: /home/n3h4/Desktop/NEHA/SEDRICA/RosTut/install/tuos_interfaces/include/tuos_interfaces/tuos_interfaces/msg/detail/num__struct.hpp
-- Installing: /home/n3h4/Desktop/NEHA/SEDRICA/RosTut/install/tuos_interfaces/include/tuos_interfaces/tuos_interfaces/msg/detail/num__builder.hpp
-- Installing: /home/n3h4/Desktop/NEHA/SEDRICA/RosTut/install/tuos_interfaces/include/tuos_interfaces/tuos_interfaces/msg/rosidl_generator_cpp__visibility_control.hpp
-- Up-to-date: /home/n3h4/Desktop/NEHA/SEDRICA/RosTut/install/tuos_interfaces/include/tuos_interfaces/tuos_interfaces/action
-- Installing: /home/n3h4/Desktop/NEHA/SEDRICA/RosTut/install/tuos_interfaces/include/tuos_interfaces/tuos_interfaces/action/camera_sweep.hpp
-- Up-to-date: /home/n3h4/Desktop/NEHA/SEDRICA/RosTut/install/tuos_interfaces/include/tuos_interfaces/tuos_interfaces/action/detail
-- Installing: /home/n3h4/Desktop/NEHA/SEDRICA/RosTut/install/tuos_interfaces/include/tuos_interfaces/tuos_interfaces/action/detail/camera_sweep__builder.hpp
-- Installing: /home/n3h4/Desktop/NEHA/SEDRICA/RosTut/install/tuos_interfaces/include/tuos_interfaces/tuos_interfaces/action/detail/camera_sweep__type_support.hpp
-- Installing: /home/n3h4/Desktop/NEHA/SEDRICA/RosTut/install/tuos_interfaces/include/tuos_interfaces/tuos_interfaces/action/detail/camera_sweep__struct.hpp
-- Installing: /home/n3h4/Desktop/NEHA/SEDRICA/RosTut/install/tuos_interfaces/include/tuos_interfaces/tuos_interfaces/action/detail/camera_sweep__traits.hpp
-- Up-to-date: /home/n3h4/Desktop/NEHA/SEDRICA/RosTut/install/tuos_interfaces/include/tuos_interfaces/tuos_interfaces/srv
-- Installing: /home/n3h4/Desktop/NEHA/SEDRICA/RosTut/install/tuos_interfaces/include/tuos_interfaces/tuos_interfaces/srv/number_game.hpp
-- Up-to-date: /home/n3h4/Desktop/NEHA/SEDRICA/RosTut/install/tuos_interfaces/include/tuos_interfaces/tuos_interfaces/srv/detail
-- Installing: /home/n3h4/Desktop/NEHA/SEDRICA/RosTut/install/tuos_interfaces/include/tuos_interfaces/tuos_interfaces/srv/detail/number_game__type_support.hpp
-- Installing: /home/n3h4/Desktop/NEHA/SEDRICA/RosTut/install/tuos_interfaces/include/tuos_interfaces/tuos_interfaces/srv/detail/number_game__struct.hpp
-- Installing: /home/n3h4/Desktop/NEHA/SEDRICA/RosTut/install/tuos_interfaces/include/tuos_interfaces/tuos_interfaces/srv/detail/number_game__traits.hpp
-- Installing: /home/n3h4/Desktop/NEHA/SEDRICA/RosTut/install/tuos_interfaces/include/tuos_interfaces/tuos_interfaces/srv/detail/number_game__builder.hpp
-- Up-to-date: /home/n3h4/Desktop/NEHA/SEDRICA/RosTut/install/tuos_interfaces/include/tuos_interfaces/tuos_interfaces
-- Up-to-date: /home/n3h4/Desktop/NEHA/SEDRICA/RosTut/install/tuos_interfaces/include/tuos_interfaces/tuos_interfaces/msg
-- Installing: /home/n3h4/Desktop/NEHA/SEDRICA/RosTut/install/tuos_interfaces/include/tuos_interfaces/tuos_interfaces/msg/rosidl_typesupport_fastrtps_cpp__visibility_control.h
-- Up-to-date: /home/n3h4/Desktop/NEHA/SEDRICA/RosTut/install/tuos_interfaces/include/tuos_interfaces/tuos_interfaces/msg/detail
-- Installing: /home/n3h4/Desktop/NEHA/SEDRICA/RosTut/install/tuos_interfaces/include/tuos_interfaces/tuos_interfaces/msg/detail/dds_fastrtps
-- Installing: /home/n3h4/Desktop/NEHA/SEDRICA/RosTut/install/tuos_interfaces/include/tuos_interfaces/tuos_interfaces/msg/detail/num__rosidl_typesupport_fastrtps_cpp.hpp
-- Up-to-date: /home/n3h4/Desktop/NEHA/SEDRICA/RosTut/install/tuos_interfaces/include/tuos_interfaces/tuos_interfaces/action
-- Up-to-date: /home/n3h4/Desktop/NEHA/SEDRICA/RosTut/install/tuos_interfaces/include/tuos_interfaces/tuos_interfaces/action/detail
-- Installing: /home/n3h4/Desktop/NEHA/SEDRICA/RosTut/install/tuos_interfaces/include/tuos_interfaces/tuos_interfaces/action/detail/camera_sweep__rosidl_typesupport_fastrtps_cpp.hpp
-- Installing: /home/n3h4/Desktop/NEHA/SEDRICA/RosTut/install/tuos_interfaces/include/tuos_interfaces/tuos_interfaces/action/detail/dds_fastrtps
-- Up-to-date: /home/n3h4/Desktop/NEHA/SEDRICA/RosTut/install/tuos_interfaces/include/tuos_interfaces/tuos_interfaces/srv
-- Up-to-date: /home/n3h4/Desktop/NEHA/SEDRICA/RosTut/install/tuos_interfaces/include/tuos_interfaces/tuos_interfaces/srv/detail
-- Installing: /home/n3h4/Desktop/NEHA/SEDRICA/RosTut/install/tuos_interfaces/include/tuos_interfaces/tuos_interfaces/srv/detail/number_game__rosidl_typesupport_fastrtps_cpp.hpp
-- Installing: /home/n3h4/Desktop/NEHA/SEDRICA/RosTut/install/tuos_interfaces/include/tuos_interfaces/tuos_interfaces/srv/detail/dds_fastrtps
-- Installing: /home/n3h4/Desktop/NEHA/SEDRICA/RosTut/install/tuos_interfaces/lib/libtuos_interfaces__rosidl_typesupport_fastrtps_cpp.so
-- Set runtime path of "/home/n3h4/Desktop/NEHA/SEDRICA/RosTut/install/tuos_interfaces/lib/libtuos_interfaces__rosidl_typesupport_fastrtps_cpp.so" to ""
-- Up-to-date: /home/n3h4/Desktop/NEHA/SEDRICA/RosTut/install/tuos_interfaces/include/tuos_interfaces/tuos_interfaces
-- Up-to-date: /home/n3h4/Desktop/NEHA/SEDRICA/RosTut/install/tuos_interfaces/include/tuos_interfaces/tuos_interfaces/msg
-- Installing: /home/n3h4/Desktop/NEHA/SEDRICA/RosTut/install/tuos_interfaces/include/tuos_interfaces/tuos_interfaces/msg/rosidl_typesupport_introspection_c__visibility_control.h
-- Up-to-date: /home/n3h4/Desktop/NEHA/SEDRICA/RosTut/install/tuos_interfaces/include/tuos_interfaces/tuos_interfaces/msg/detail
-- Installing: /home/n3h4/Desktop/NEHA/SEDRICA/RosTut/install/tuos_interfaces/include/tuos_interfaces/tuos_interfaces/msg/detail/num__rosidl_typesupport_introspection_c.h
-- Installing: /home/n3h4/Desktop/NEHA/SEDRICA/RosTut/install/tuos_interfaces/include/tuos_interfaces/tuos_interfaces/msg/detail/num__type_support.c
-- Up-to-date: /home/n3h4/Desktop/NEHA/SEDRICA/RosTut/install/tuos_interfaces/include/tuos_interfaces/tuos_interfaces/action
-- Up-to-date: /home/n3h4/Desktop/NEHA/SEDRICA/RosTut/install/tuos_interfaces/include/tuos_interfaces/tuos_interfaces/action/detail
-- Installing: /home/n3h4/Desktop/NEHA/SEDRICA/RosTut/install/tuos_interfaces/include/tuos_interfaces/tuos_interfaces/action/detail/camera_sweep__rosidl_typesupport_introspection_c.h
-- Installing: /home/n3h4/Desktop/NEHA/SEDRICA/RosTut/install/tuos_interfaces/include/tuos_interfaces/tuos_interfaces/action/detail/camera_sweep__type_support.c
-- Up-to-date: /home/n3h4/Desktop/NEHA/SEDRICA/RosTut/install/tuos_interfaces/include/tuos_interfaces/tuos_interfaces/srv
-- Up-to-date: /home/n3h4/Desktop/NEHA/SEDRICA/RosTut/install/tuos_interfaces/include/tuos_interfaces/tuos_interfaces/srv/detail
-- Installing: /home/n3h4/Desktop/NEHA/SEDRICA/RosTut/install/tuos_interfaces/include/tuos_interfaces/tuos_interfaces/srv/detail/number_game__rosidl_typesupport_introspection_c.h
-- Installing: /home/n3h4/Desktop/NEHA/SEDRICA/RosTut/install/tuos_interfaces/include/tuos_interfaces/tuos_interfaces/srv/detail/number_game__type_support.c
-- Installing: /home/n3h4/Desktop/NEHA/SEDRICA/RosTut/install/tuos_interfaces/lib/libtuos_interfaces__rosidl_typesupport_introspection_c.so
-- Set runtime path of "/home/n3h4/Desktop/NEHA/SEDRICA/RosTut/install/tuos_interfaces/lib/libtuos_interfaces__rosidl_typesupport_introspection_c.so" to ""
-- Installing: /home/n3h4/Desktop/NEHA/SEDRICA/RosTut/install/tuos_interfaces/lib/libtuos_interfaces__rosidl_typesupport_c.so
-- Set runtime path of "/home/n3h4/Desktop/NEHA/SEDRICA/RosTut/install/tuos_interfaces/lib/libtuos_interfaces__rosidl_typesupport_c.so" to ""
-- Up-to-date: /home/n3h4/Desktop/NEHA/SEDRICA/RosTut/install/tuos_interfaces/include/tuos_interfaces/tuos_interfaces
-- Up-to-date: /home/n3h4/Desktop/NEHA/SEDRICA/RosTut/install/tuos_interfaces/include/tuos_interfaces/tuos_interfaces/msg
-- Up-to-date: /home/n3h4/Desktop/NEHA/SEDRICA/RosTut/install/tuos_interfaces/include/tuos_interfaces/tuos_interfaces/msg/detail
-- Installing: /home/n3h4/Desktop/NEHA/SEDRICA/RosTut/install/tuos_interfaces/include/tuos_interfaces/tuos_interfaces/msg/detail/num__type_support.cpp
-- Installing: /home/n3h4/Desktop/NEHA/SEDRICA/RosTut/install/tuos_interfaces/include/tuos_interfaces/tuos_interfaces/msg/detail/num__rosidl_typesupport_introspection_cpp.hpp
-- Up-to-date: /home/n3h4/Desktop/NEHA/SEDRICA/RosTut/install/tuos_interfaces/include/tuos_interfaces/tuos_interfaces/action
-- Up-to-date: /home/n3h4/Desktop/NEHA/SEDRICA/RosTut/install/tuos_interfaces/include/tuos_interfaces/tuos_interfaces/action/detail
-- Installing: /home/n3h4/Desktop/NEHA/SEDRICA/RosTut/install/tuos_interfaces/include/tuos_interfaces/tuos_interfaces/action/detail/camera_sweep__type_support.cpp
-- Installing: /home/n3h4/Desktop/NEHA/SEDRICA/RosTut/install/tuos_interfaces/include/tuos_interfaces/tuos_interfaces/action/detail/camera_sweep__rosidl_typesupport_introspection_cpp.hpp
-- Up-to-date: /home/n3h4/Desktop/NEHA/SEDRICA/RosTut/install/tuos_interfaces/include/tuos_interfaces/tuos_interfaces/srv
-- Up-to-date: /home/n3h4/Desktop/NEHA/SEDRICA/RosTut/install/tuos_interfaces/include/tuos_interfaces/tuos_interfaces/srv/detail
-- Installing: /home/n3h4/Desktop/NEHA/SEDRICA/RosTut/install/tuos_interfaces/include/tuos_interfaces/tuos_interfaces/srv/detail/number_game__rosidl_typesupport_introspection_cpp.hpp
-- Installing: /home/n3h4/Desktop/NEHA/SEDRICA/RosTut/install/tuos_interfaces/include/tuos_interfaces/tuos_interfaces/srv/detail/number_game__type_support.cpp
-- Installing: /home/n3h4/Desktop/NEHA/SEDRICA/RosTut/install/tuos_interfaces/lib/libtuos_interfaces__rosidl_typesupport_introspection_cpp.so
-- Set runtime path of "/home/n3h4/Desktop/NEHA/SEDRICA/RosTut/install/tuos_interfaces/lib/libtuos_interfaces__rosidl_typesupport_introspection_cpp.so" to ""
-- Installing: /home/n3h4/Desktop/NEHA/SEDRICA/RosTut/install/tuos_interfaces/lib/libtuos_interfaces__rosidl_typesupport_cpp.so
-- Set runtime path of "/home/n3h4/Desktop/NEHA/SEDRICA/RosTut/install/tuos_interfaces/lib/libtuos_interfaces__rosidl_typesupport_cpp.so" to ""
-- Installing: /home/n3h4/Desktop/NEHA/SEDRICA/RosTut/install/tuos_interfaces/share/tuos_interfaces/environment/pythonpath.sh
-- Installing: /home/n3h4/Desktop/NEHA/SEDRICA/RosTut/install/tuos_interfaces/share/tuos_interfaces/environment/pythonpath.dsv
-- Installing: /home/n3h4/Desktop/NEHA/SEDRICA/RosTut/install/tuos_interfaces/local/lib/python3.10/dist-packages/tuos_interfaces-0.0.0-py3.10.egg-info
-- Installing: /home/n3h4/Desktop/NEHA/SEDRICA/RosTut/install/tuos_interfaces/local/lib/python3.10/dist-packages/tuos_interfaces-0.0.0-py3.10.egg-info/top_level.txt
-- Installing: /home/n3h4/Desktop/NEHA/SEDRICA/RosTut/install/tuos_interfaces/local/lib/python3.10/dist-packages/tuos_interfaces-0.0.0-py3.10.egg-info/SOURCES.txt
-- Installing: /home/n3h4/Desktop/NEHA/SEDRICA/RosTut/install/tuos_interfaces/local/lib/python3.10/dist-packages/tuos_interfaces-0.0.0-py3.10.egg-info/dependency_links.txt
-- Installing: /home/n3h4/Desktop/NEHA/SEDRICA/RosTut/install/tuos_interfaces/local/lib/python3.10/dist-packages/tuos_interfaces-0.0.0-py3.10.egg-info/PKG-INFO
-- Installing: /home/n3h4/Desktop/NEHA/SEDRICA/RosTut/install/tuos_interfaces/local/lib/python3.10/dist-packages/tuos_interfaces
-- Installing: /home/n3h4/Desktop/NEHA/SEDRICA/RosTut/install/tuos_interfaces/local/lib/python3.10/dist-packages/tuos_interfaces/msg
-- Installing: /home/n3h4/Desktop/NEHA/SEDRICA/RosTut/install/tuos_interfaces/local/lib/python3.10/dist-packages/tuos_interfaces/msg/__init__.py
-- Installing: /home/n3h4/Desktop/NEHA/SEDRICA/RosTut/install/tuos_interfaces/local/lib/python3.10/dist-packages/tuos_interfaces/msg/_num_s.c
-- Installing: /home/n3h4/Desktop/NEHA/SEDRICA/RosTut/install/tuos_interfaces/local/lib/python3.10/dist-packages/tuos_interfaces/msg/_num.py
-- Installing: /home/n3h4/Desktop/NEHA/SEDRICA/RosTut/install/tuos_interfaces/local/lib/python3.10/dist-packages/tuos_interfaces/_tuos_interfaces_s.ep.rosidl_typesupport_c.c
-- Installing: /home/n3h4/Desktop/NEHA/SEDRICA/RosTut/install/tuos_interfaces/local/lib/python3.10/dist-packages/tuos_interfaces/__init__.py
-- Installing: /home/n3h4/Desktop/NEHA/SEDRICA/RosTut/install/tuos_interfaces/local/lib/python3.10/dist-packages/tuos_interfaces/tuos_interfaces_s__rosidl_typesupport_fastrtps_c.cpython-310-x86_64-linux-gnu.so
-- Installing: /home/n3h4/Desktop/NEHA/SEDRICA/RosTut/install/tuos_interfaces/local/lib/python3.10/dist-packages/tuos_interfaces/tuos_interfaces_s__rosidl_typesupport_c.cpython-310-x86_64-linux-gnu.so
-- Installing: /home/n3h4/Desktop/NEHA/SEDRICA/RosTut/install/tuos_interfaces/local/lib/python3.10/dist-packages/tuos_interfaces/_tuos_interfaces_s.ep.rosidl_typesupport_fastrtps_c.c
-- Installing: /home/n3h4/Desktop/NEHA/SEDRICA/RosTut/install/tuos_interfaces/local/lib/python3.10/dist-packages/tuos_interfaces/tuos_interfaces_s__rosidl_typesupport_introspection_c.cpython-310-x86_64-linux-gnu.so
-- Installing: /home/n3h4/Desktop/NEHA/SEDRICA/RosTut/install/tuos_interfaces/local/lib/python3.10/dist-packages/tuos_interfaces/action
-- Installing: /home/n3h4/Desktop/NEHA/SEDRICA/RosTut/install/tuos_interfaces/local/lib/python3.10/dist-packages/tuos_interfaces/action/_camera_sweep.py
-- Installing: /home/n3h4/Desktop/NEHA/SEDRICA/RosTut/install/tuos_interfaces/local/lib/python3.10/dist-packages/tuos_interfaces/action/_camera_sweep_s.c
-- Installing: /home/n3h4/Desktop/NEHA/SEDRICA/RosTut/install/tuos_interfaces/local/lib/python3.10/dist-packages/tuos_interfaces/action/__init__.py
-- Installing: /home/n3h4/Desktop/NEHA/SEDRICA/RosTut/install/tuos_interfaces/local/lib/python3.10/dist-packages/tuos_interfaces/libtuos_interfaces__rosidl_generator_py.so
-- Installing: /home/n3h4/Desktop/NEHA/SEDRICA/RosTut/install/tuos_interfaces/local/lib/python3.10/dist-packages/tuos_interfaces/srv
-- Installing: /home/n3h4/Desktop/NEHA/SEDRICA/RosTut/install/tuos_interfaces/local/lib/python3.10/dist-packages/tuos_interfaces/srv/__init__.py
-- Installing: /home/n3h4/Desktop/NEHA/SEDRICA/RosTut/install/tuos_interfaces/local/lib/python3.10/dist-packages/tuos_interfaces/srv/_number_game_s.c
-- Installing: /home/n3h4/Desktop/NEHA/SEDRICA/RosTut/install/tuos_interfaces/local/lib/python3.10/dist-packages/tuos_interfaces/srv/_number_game.py
-- Installing: /home/n3h4/Desktop/NEHA/SEDRICA/RosTut/install/tuos_interfaces/local/lib/python3.10/dist-packages/tuos_interfaces/_tuos_interfaces_s.ep.rosidl_typesupport_introspection_c.c
Listing '/home/n3h4/Desktop/NEHA/SEDRICA/RosTut/install/tuos_interfaces/local/lib/python3.10/dist-packages/tuos_interfaces'...
Compiling '/home/n3h4/Desktop/NEHA/SEDRICA/RosTut/install/tuos_interfaces/local/lib/python3.10/dist-packages/tuos_interfaces/__init__.py'...
Listing '/home/n3h4/Desktop/NEHA/SEDRICA/RosTut/install/tuos_interfaces/local/lib/python3.10/dist-packages/tuos_interfaces/action'...
Compiling '/home/n3h4/Desktop/NEHA/SEDRICA/RosTut/install/tuos_interfaces/local/lib/python3.10/dist-packages/tuos_interfaces/action/__init__.py'...
Compiling '/home/n3h4/Desktop/NEHA/SEDRICA/RosTut/install/tuos_interfaces/local/lib/python3.10/dist-packages/tuos_interfaces/action/_camera_sweep.py'...
Listing '/home/n3h4/Desktop/NEHA/SEDRICA/RosTut/install/tuos_interfaces/local/lib/python3.10/dist-packages/tuos_interfaces/msg'...
Compiling '/home/n3h4/Desktop/NEHA/SEDRICA/RosTut/install/tuos_interfaces/local/lib/python3.10/dist-packages/tuos_interfaces/msg/__init__.py'...
Compiling '/home/n3h4/Desktop/NEHA/SEDRICA/RosTut/install/tuos_interfaces/local/lib/python3.10/dist-packages/tuos_interfaces/msg/_num.py'...
Listing '/home/n3h4/Desktop/NEHA/SEDRICA/RosTut/install/tuos_interfaces/local/lib/python3.10/dist-packages/tuos_interfaces/srv'...
Compiling '/home/n3h4/Desktop/NEHA/SEDRICA/RosTut/install/tuos_interfaces/local/lib/python3.10/dist-packages/tuos_interfaces/srv/__init__.py'...
Compiling '/home/n3h4/Desktop/NEHA/SEDRICA/RosTut/install/tuos_interfaces/local/lib/python3.10/dist-packages/tuos_interfaces/srv/_number_game.py'...
-- Installing: /home/n3h4/Desktop/NEHA/SEDRICA/RosTut/install/tuos_interfaces/local/lib/python3.10/dist-packages/tuos_interfaces/tuos_interfaces_s__rosidl_typesupport_fastrtps_c.cpython-310-x86_64-linux-gnu.so
-- Set runtime path of "/home/n3h4/Desktop/NEHA/SEDRICA/RosTut/install/tuos_interfaces/local/lib/python3.10/dist-packages/tuos_interfaces/tuos_interfaces_s__rosidl_typesupport_fastrtps_c.cpython-310-x86_64-linux-gnu.so" to ""
-- Installing: /home/n3h4/Desktop/NEHA/SEDRICA/RosTut/install/tuos_interfaces/local/lib/python3.10/dist-packages/tuos_interfaces/tuos_interfaces_s__rosidl_typesupport_introspection_c.cpython-310-x86_64-linux-gnu.so
-- Set runtime path of "/home/n3h4/Desktop/NEHA/SEDRICA/RosTut/install/tuos_interfaces/local/lib/python3.10/dist-packages/tuos_interfaces/tuos_interfaces_s__rosidl_typesupport_introspection_c.cpython-310-x86_64-linux-gnu.so" to ""
-- Installing: /home/n3h4/Desktop/NEHA/SEDRICA/RosTut/install/tuos_interfaces/local/lib/python3.10/dist-packages/tuos_interfaces/tuos_interfaces_s__rosidl_typesupport_c.cpython-310-x86_64-linux-gnu.so
-- Set runtime path of "/home/n3h4/Desktop/NEHA/SEDRICA/RosTut/install/tuos_interfaces/local/lib/python3.10/dist-packages/tuos_interfaces/tuos_interfaces_s__rosidl_typesupport_c.cpython-310-x86_64-linux-gnu.so" to ""
-- Installing: /home/n3h4/Desktop/NEHA/SEDRICA/RosTut/install/tuos_interfaces/lib/libtuos_interfaces__rosidl_generator_py.so
-- Set runtime path of "/home/n3h4/Desktop/NEHA/SEDRICA/RosTut/install/tuos_interfaces/lib/libtuos_interfaces__rosidl_generator_py.so" to ""
-- Installing: /home/n3h4/Desktop/NEHA/SEDRICA/RosTut/install/tuos_interfaces/share/tuos_interfaces/msg/Num.idl
-- Installing: /home/n3h4/Desktop/NEHA/SEDRICA/RosTut/install/tuos_interfaces/share/tuos_interfaces/action/CameraSweep.idl
-- Installing: /home/n3h4/Desktop/NEHA/SEDRICA/RosTut/install/tuos_interfaces/share/tuos_interfaces/srv/NumberGame.idl
-- Installing: /home/n3h4/Desktop/NEHA/SEDRICA/RosTut/install/tuos_interfaces/share/tuos_interfaces/msg/Num.msg
-- Installing: /home/n3h4/Desktop/NEHA/SEDRICA/RosTut/install/tuos_interfaces/share/tuos_interfaces/action/CameraSweep.action
-- Installing: /home/n3h4/Desktop/NEHA/SEDRICA/RosTut/install/tuos_interfaces/share/tuos_interfaces/srv/NumberGame.srv
-- Installing: /home/n3h4/Desktop/NEHA/SEDRICA/RosTut/install/tuos_interfaces/share/tuos_interfaces/srv/NumberGame_Request.msg
-- Installing: /home/n3h4/Desktop/NEHA/SEDRICA/RosTut/install/tuos_interfaces/share/tuos_interfaces/srv/NumberGame_Response.msg
-- Installing: /home/n3h4/Desktop/NEHA/SEDRICA/RosTut/install/tuos_interfaces/share/ament_index/resource_index/package_run_dependencies/tuos_interfaces
-- Installing: /home/n3h4/Desktop/NEHA/SEDRICA/RosTut/install/tuos_interfaces/share/ament_index/resource_index/parent_prefix_path/tuos_interfaces
-- Installing: /home/n3h4/Desktop/NEHA/SEDRICA/RosTut/install/tuos_interfaces/share/tuos_interfaces/environment/ament_prefix_path.sh
-- Installing: /home/n3h4/Desktop/NEHA/SEDRICA/RosTut/install/tuos_interfaces/share/tuos_interfaces/environment/ament_prefix_path.dsv
-- Installing: /home/n3h4/Desktop/NEHA/SEDRICA/RosTut/install/tuos_interfaces/share/tuos_interfaces/environment/path.sh
-- Installing: /home/n3h4/Desktop/NEHA/SEDRICA/RosTut/install/tuos_interfaces/share/tuos_interfaces/environment/path.dsv
-- Installing: /home/n3h4/Desktop/NEHA/SEDRICA/RosTut/install/tuos_interfaces/share/tuos_interfaces/local_setup.bash
-- Installing: /home/n3h4/Desktop/NEHA/SEDRICA/RosTut/install/tuos_interfaces/share/tuos_interfaces/local_setup.sh
-- Installing: /home/n3h4/Desktop/NEHA/SEDRICA/RosTut/install/tuos_interfaces/share/tuos_interfaces/local_setup.zsh
-- Installing: /home/n3h4/Desktop/NEHA/SEDRICA/RosTut/install/tuos_interfaces/share/tuos_interfaces/local_setup.dsv
-- Installing: /home/n3h4/Desktop/NEHA/SEDRICA/RosTut/install/tuos_interfaces/share/tuos_interfaces/package.dsv
-- Installing: /home/n3h4/Desktop/NEHA/SEDRICA/RosTut/install/tuos_interfaces/share/ament_index/resource_index/packages/tuos_interfaces
-- Installing: /home/n3h4/Desktop/NEHA/SEDRICA/RosTut/install/tuos_interfaces/share/tuos_interfaces/cmake/export_tuos_interfaces__rosidl_generator_cExport.cmake
-- Installing: /home/n3h4/Desktop/NEHA/SEDRICA/RosTut/install/tuos_interfaces/share/tuos_interfaces/cmake/export_tuos_interfaces__rosidl_generator_cExport-noconfig.cmake
-- Installing: /home/n3h4/Desktop/NEHA/SEDRICA/RosTut/install/tuos_interfaces/share/tuos_interfaces/cmake/export_tuos_interfaces__rosidl_typesupport_fastrtps_cExport.cmake
-- Installing: /home/n3h4/Desktop/NEHA/SEDRICA/RosTut/install/tuos_interfaces/share/tuos_interfaces/cmake/export_tuos_interfaces__rosidl_typesupport_fastrtps_cExport-noconfig.cmake
-- Installing: /home/n3h4/Desktop/NEHA/SEDRICA/RosTut/install/tuos_interfaces/share/tuos_interfaces/cmake/export_tuos_interfaces__rosidl_generator_cppExport.cmake
-- Installing: /home/n3h4/Desktop/NEHA/SEDRICA/RosTut/install/tuos_interfaces/share/tuos_interfaces/cmake/export_tuos_interfaces__rosidl_typesupport_fastrtps_cppExport.cmake
-- Installing: /home/n3h4/Desktop/NEHA/SEDRICA/RosTut/install/tuos_interfaces/share/tuos_interfaces/cmake/export_tuos_interfaces__rosidl_typesupport_fastrtps_cppExport-noconfig.cmake
-- Installing: /home/n3h4/Desktop/NEHA/SEDRICA/RosTut/install/tuos_interfaces/share/tuos_interfaces/cmake/tuos_interfaces__rosidl_typesupport_introspection_cExport.cmake
-- Installing: /home/n3h4/Desktop/NEHA/SEDRICA/RosTut/install/tuos_interfaces/share/tuos_interfaces/cmake/tuos_interfaces__rosidl_typesupport_introspection_cExport-noconfig.cmake
-- Installing: /home/n3h4/Desktop/NEHA/SEDRICA/RosTut/install/tuos_interfaces/share/tuos_interfaces/cmake/tuos_interfaces__rosidl_typesupport_cExport.cmake
-- Installing: /home/n3h4/Desktop/NEHA/SEDRICA/RosTut/install/tuos_interfaces/share/tuos_interfaces/cmake/tuos_interfaces__rosidl_typesupport_cExport-noconfig.cmake
-- Installing: /home/n3h4/Desktop/NEHA/SEDRICA/RosTut/install/tuos_interfaces/share/tuos_interfaces/cmake/tuos_interfaces__rosidl_typesupport_introspection_cppExport.cmake
-- Installing: /home/n3h4/Desktop/NEHA/SEDRICA/RosTut/install/tuos_interfaces/share/tuos_interfaces/cmake/tuos_interfaces__rosidl_typesupport_introspection_cppExport-noconfig.cmake
-- Installing: /home/n3h4/Desktop/NEHA/SEDRICA/RosTut/install/tuos_interfaces/share/tuos_interfaces/cmake/tuos_interfaces__rosidl_typesupport_cppExport.cmake
-- Installing: /home/n3h4/Desktop/NEHA/SEDRICA/RosTut/install/tuos_interfaces/share/tuos_interfaces/cmake/tuos_interfaces__rosidl_typesupport_cppExport-noconfig.cmake
-- Installing: /home/n3h4/Desktop/NEHA/SEDRICA/RosTut/install/tuos_interfaces/share/tuos_interfaces/cmake/export_tuos_interfaces__rosidl_generator_pyExport.cmake
-- Installing: /home/n3h4/Desktop/NEHA/SEDRICA/RosTut/install/tuos_interfaces/share/tuos_interfaces/cmake/export_tuos_interfaces__rosidl_generator_pyExport-noconfig.cmake
-- Installing: /home/n3h4/Desktop/NEHA/SEDRICA/RosTut/install/tuos_interfaces/share/tuos_interfaces/cmake/rosidl_cmake-extras.cmake
-- Installing: /home/n3h4/Desktop/NEHA/SEDRICA/RosTut/install/tuos_interfaces/share/tuos_interfaces/cmake/ament_cmake_export_dependencies-extras.cmake
-- Installing: /home/n3h4/Desktop/NEHA/SEDRICA/RosTut/install/tuos_interfaces/share/tuos_interfaces/cmake/ament_cmake_export_include_directories-extras.cmake
-- Installing: /home/n3h4/Desktop/NEHA/SEDRICA/RosTut/install/tuos_interfaces/share/tuos_interfaces/cmake/ament_cmake_export_libraries-extras.cmake
-- Installing: /home/n3h4/Desktop/NEHA/SEDRICA/RosTut/install/tuos_interfaces/share/tuos_interfaces/cmake/ament_cmake_export_targets-extras.cmake
-- Installing: /home/n3h4/Desktop/NEHA/SEDRICA/RosTut/install/tuos_interfaces/share/tuos_interfaces/cmake/rosidl_cmake_export_typesupport_targets-extras.cmake
-- Installing: /home/n3h4/Desktop/NEHA/SEDRICA/RosTut/install/tuos_interfaces/share/tuos_interfaces/cmake/rosidl_cmake_export_typesupport_libraries-extras.cmake
-- Installing: /home/n3h4/Desktop/NEHA/SEDRICA/RosTut/install/tuos_interfaces/share/tuos_interfaces/cmake/tuos_interfacesConfig.cmake
-- Installing: /home/n3h4/Desktop/NEHA/SEDRICA/RosTut/install/tuos_interfaces/share/tuos_interfaces/cmake/tuos_interfacesConfig-version.cmake
-- Installing: /home/n3h4/Desktop/NEHA/SEDRICA/RosTut/install/tuos_interfaces/share/tuos_interfaces/package.xml
