[0.021s] Invoking command in '/home/n3h4/Desktop/NEHA/SEDRICA/RosTut/build/tuos_interfaces': CMAKE_PREFIX_PATH=/opt/ros/humble /usr/bin/cmake --build /home/n3h4/Desktop/NEHA/SEDRICA/RosTut/build/tuos_interfaces -- -j12 -l12
[0.074s] [35m[1mConsolidate compiler generated dependencies of target tuos_interfaces__rosidl_generator_c[0m
[0.086s] [  2%] Built target tuos_interfaces__cpp
[0.090s] [ 12%] Built target tuos_interfaces__rosidl_generator_c
[0.107s] [ 12%] Built target ament_cmake_python_copy_tuos_interfaces
[0.108s] [35m[1mConsolidate compiler generated dependencies of target tuos_interfaces__rosidl_typesupport_cpp[0m
[0.108s] [35m[1mConsolidate compiler generated dependencies of target tuos_interfaces__rosidl_typesupport_introspection_cpp[0m
[0.108s] [35m[1mConsolidate compiler generated dependencies of target tuos_interfaces__rosidl_typesupport_fastrtps_cpp[0m
[0.110s] [35m[1mConsolidate compiler generated dependencies of target tuos_interfaces__rosidl_typesupport_introspection_c[0m
[0.112s] [35m[1mConsolidate compiler generated dependencies of target tuos_interfaces__rosidl_typesupport_c[0m
[0.114s] [35m[1mConsolidate compiler generated dependencies of target tuos_interfaces__rosidl_typesupport_fastrtps_c[0m
[0.133s] [ 23%] Built target tuos_interfaces__rosidl_typesupport_introspection_c
[0.135s] [ 34%] Built target tuos_interfaces__rosidl_typesupport_cpp
[0.136s] [ 44%] Built target tuos_interfaces__rosidl_typesupport_introspection_cpp
[0.136s] [ 55%] Built target tuos_interfaces__rosidl_typesupport_c
[0.138s] [ 65%] Built target tuos_interfaces__rosidl_typesupport_fastrtps_cpp
[0.142s] [ 76%] Built target tuos_interfaces__rosidl_typesupport_fastrtps_c
[0.173s] [ 76%] Built target tuos_interfaces
[0.199s] [ 78%] Built target tuos_interfaces__py
[0.213s] [35m[1mConsolidate compiler generated dependencies of target tuos_interfaces__rosidl_generator_py[0m
[0.232s] [ 87%] Built target tuos_interfaces__rosidl_generator_py
[0.246s] [35m[1mConsolidate compiler generated dependencies of target tuos_interfaces__rosidl_typesupport_c__pyext[0m
[0.247s] [35m[1mConsolidate compiler generated dependencies of target tuos_interfaces__rosidl_typesupport_fastrtps_c__pyext[0m
[0.250s] [35m[1mConsolidate compiler generated dependencies of target tuos_interfaces__rosidl_typesupport_introspection_c__pyext[0m
[0.264s] [ 91%] Built target tuos_interfaces__rosidl_typesupport_fastrtps_c__pyext
[0.266s] [ 95%] Built target tuos_interfaces__rosidl_typesupport_c__pyext
[0.268s] [100%] Built target tuos_interfaces__rosidl_typesupport_introspection_c__pyext
[0.451s] running egg_info
[0.452s] writing tuos_interfaces.egg-info/PKG-INFO
[0.453s] writing dependency_links to tuos_interfaces.egg-info/dependency_links.txt
[0.453s] writing top-level names to tuos_interfaces.egg-info/top_level.txt
[0.457s] reading manifest file 'tuos_interfaces.egg-info/SOURCES.txt'
[0.458s] writing manifest file 'tuos_interfaces.egg-info/SOURCES.txt'
[0.490s] [100%] Built target ament_cmake_python_build_tuos_interfaces_egg
[0.506s] Invoked command in '/home/n3h4/Desktop/NEHA/SEDRICA/RosTut/build/tuos_interfaces' returned '0': CMAKE_PREFIX_PATH=/opt/ros/humble /usr/bin/cmake --build /home/n3h4/Desktop/NEHA/SEDRICA/RosTut/build/tuos_interfaces -- -j12 -l12
[0.508s] Invoking command in '/home/n3h4/Desktop/NEHA/SEDRICA/RosTut/build/tuos_interfaces': CMAKE_PREFIX_PATH=/opt/ros/humble /usr/bin/cmake --install /home/n3h4/Desktop/NEHA/SEDRICA/RosTut/build/tuos_interfaces
[0.520s] -- Install configuration: ""
[0.520s] -- Installing: /home/n3h4/Desktop/NEHA/SEDRICA/RosTut/install/tuos_interfaces/share/ament_index/resource_index/rosidl_interfaces/tuos_interfaces
[0.520s] -- Installing: /home/n3h4/Desktop/NEHA/SEDRICA/RosTut/install/tuos_interfaces/include/tuos_interfaces/tuos_interfaces
[0.521s] -- Installing: /home/n3h4/Desktop/NEHA/SEDRICA/RosTut/install/tuos_interfaces/include/tuos_interfaces/tuos_interfaces/msg
[0.521s] -- Installing: /home/n3h4/Desktop/NEHA/SEDRICA/RosTut/install/tuos_interfaces/include/tuos_interfaces/tuos_interfaces/msg/num.h
[0.522s] -- Installing: /home/n3h4/Desktop/NEHA/SEDRICA/RosTut/install/tuos_interfaces/include/tuos_interfaces/tuos_interfaces/msg/detail
[0.523s] -- Installing: /home/n3h4/Desktop/NEHA/SEDRICA/RosTut/install/tuos_interfaces/include/tuos_interfaces/tuos_interfaces/msg/detail/num__struct.h
[0.523s] -- Installing: /home/n3h4/Desktop/NEHA/SEDRICA/RosTut/install/tuos_interfaces/include/tuos_interfaces/tuos_interfaces/msg/detail/num__functions.c
[0.523s] -- Installing: /home/n3h4/Desktop/NEHA/SEDRICA/RosTut/install/tuos_interfaces/include/tuos_interfaces/tuos_interfaces/msg/detail/num__functions.h
[0.524s] -- Installing: /home/n3h4/Desktop/NEHA/SEDRICA/RosTut/install/tuos_interfaces/include/tuos_interfaces/tuos_interfaces/msg/detail/num__type_support.h
[0.525s] -- Installing: /home/n3h4/Desktop/NEHA/SEDRICA/RosTut/install/tuos_interfaces/include/tuos_interfaces/tuos_interfaces/msg/rosidl_generator_c__visibility_control.h
[0.525s] -- Installing: /home/n3h4/Desktop/NEHA/SEDRICA/RosTut/install/tuos_interfaces/include/tuos_interfaces/tuos_interfaces/action
[0.526s] -- Installing: /home/n3h4/Desktop/NEHA/SEDRICA/RosTut/install/tuos_interfaces/include/tuos_interfaces/tuos_interfaces/action/camera_sweep.h
[0.527s] -- Installing: /home/n3h4/Desktop/NEHA/SEDRICA/RosTut/install/tuos_interfaces/include/tuos_interfaces/tuos_interfaces/action/detail
[0.527s] -- Installing: /home/n3h4/Desktop/NEHA/SEDRICA/RosTut/install/tuos_interfaces/include/tuos_interfaces/tuos_interfaces/action/detail/camera_sweep__type_support.h
[0.528s] -- Installing: /home/n3h4/Desktop/NEHA/SEDRICA/RosTut/install/tuos_interfaces/include/tuos_interfaces/tuos_interfaces/action/detail/camera_sweep__struct.h
[0.529s] -- Installing: /home/n3h4/Desktop/NEHA/SEDRICA/RosTut/install/tuos_interfaces/include/tuos_interfaces/tuos_interfaces/action/detail/camera_sweep__functions.c
[0.529s] -- Installing: /home/n3h4/Desktop/NEHA/SEDRICA/RosTut/install/tuos_interfaces/include/tuos_interfaces/tuos_interfaces/action/detail/camera_sweep__functions.h
[0.530s] -- Installing: /home/n3h4/Desktop/NEHA/SEDRICA/RosTut/install/tuos_interfaces/include/tuos_interfaces/tuos_interfaces/srv
[0.530s] -- Installing: /home/n3h4/Desktop/NEHA/SEDRICA/RosTut/install/tuos_interfaces/include/tuos_interfaces/tuos_interfaces/srv/number_game.h
[0.531s] -- Installing: /home/n3h4/Desktop/NEHA/SEDRICA/RosTut/install/tuos_interfaces/include/tuos_interfaces/tuos_interfaces/srv/detail
[0.531s] -- Installing: /home/n3h4/Desktop/NEHA/SEDRICA/RosTut/install/tuos_interfaces/include/tuos_interfaces/tuos_interfaces/srv/detail/number_game__struct.h
[0.531s] -- Installing: /home/n3h4/Desktop/NEHA/SEDRICA/RosTut/install/tuos_interfaces/include/tuos_interfaces/tuos_interfaces/srv/detail/number_game__functions.h
[0.531s] -- Installing: /home/n3h4/Desktop/NEHA/SEDRICA/RosTut/install/tuos_interfaces/include/tuos_interfaces/tuos_interfaces/srv/detail/number_game__functions.c
[0.532s] -- Installing: /home/n3h4/Desktop/NEHA/SEDRICA/RosTut/install/tuos_interfaces/include/tuos_interfaces/tuos_interfaces/srv/detail/number_game__type_support.h
[0.532s] -- Installing: /home/n3h4/Desktop/NEHA/SEDRICA/RosTut/install/tuos_interfaces/share/tuos_interfaces/environment/library_path.sh
[0.532s] -- Installing: /home/n3h4/Desktop/NEHA/SEDRICA/RosTut/install/tuos_interfaces/share/tuos_interfaces/environment/library_path.dsv
[0.533s] -- Installing: /home/n3h4/Desktop/NEHA/SEDRICA/RosTut/install/tuos_interfaces/lib/libtuos_interfaces__rosidl_generator_c.so
[0.533s] -- Set runtime path of "/home/n3h4/Desktop/NEHA/SEDRICA/RosTut/install/tuos_interfaces/lib/libtuos_interfaces__rosidl_generator_c.so" to ""
[0.533s] -- Up-to-date: /home/n3h4/Desktop/NEHA/SEDRICA/RosTut/install/tuos_interfaces/include/tuos_interfaces/tuos_interfaces
[0.534s] -- Up-to-date: /home/n3h4/Desktop/NEHA/SEDRICA/RosTut/install/tuos_interfaces/include/tuos_interfaces/tuos_interfaces/msg
[0.534s] -- Installing: /home/n3h4/Desktop/NEHA/SEDRICA/RosTut/install/tuos_interfaces/include/tuos_interfaces/tuos_interfaces/msg/rosidl_typesupport_fastrtps_c__visibility_control.h
[0.534s] -- Up-to-date: /home/n3h4/Desktop/NEHA/SEDRICA/RosTut/install/tuos_interfaces/include/tuos_interfaces/tuos_interfaces/msg/detail
[0.534s] -- Installing: /home/n3h4/Desktop/NEHA/SEDRICA/RosTut/install/tuos_interfaces/include/tuos_interfaces/tuos_interfaces/msg/detail/num__rosidl_typesupport_fastrtps_c.h
[0.535s] -- Up-to-date: /home/n3h4/Desktop/NEHA/SEDRICA/RosTut/install/tuos_interfaces/include/tuos_interfaces/tuos_interfaces/action
[0.535s] -- Up-to-date: /home/n3h4/Desktop/NEHA/SEDRICA/RosTut/install/tuos_interfaces/include/tuos_interfaces/tuos_interfaces/action/detail
[0.535s] -- Installing: /home/n3h4/Desktop/NEHA/SEDRICA/RosTut/install/tuos_interfaces/include/tuos_interfaces/tuos_interfaces/action/detail/camera_sweep__rosidl_typesupport_fastrtps_c.h
[0.536s] -- Up-to-date: /home/n3h4/Desktop/NEHA/SEDRICA/RosTut/install/tuos_interfaces/include/tuos_interfaces/tuos_interfaces/srv
[0.536s] -- Up-to-date: /home/n3h4/Desktop/NEHA/SEDRICA/RosTut/install/tuos_interfaces/include/tuos_interfaces/tuos_interfaces/srv/detail
[0.536s] -- Installing: /home/n3h4/Desktop/NEHA/SEDRICA/RosTut/install/tuos_interfaces/include/tuos_interfaces/tuos_interfaces/srv/detail/number_game__rosidl_typesupport_fastrtps_c.h
[0.536s] -- Installing: /home/n3h4/Desktop/NEHA/SEDRICA/RosTut/install/tuos_interfaces/lib/libtuos_interfaces__rosidl_typesupport_fastrtps_c.so
[0.536s] -- Set runtime path of "/home/n3h4/Desktop/NEHA/SEDRICA/RosTut/install/tuos_interfaces/lib/libtuos_interfaces__rosidl_typesupport_fastrtps_c.so" to ""
[0.536s] -- Up-to-date: /home/n3h4/Desktop/NEHA/SEDRICA/RosTut/install/tuos_interfaces/include/tuos_interfaces/tuos_interfaces
[0.536s] -- Up-to-date: /home/n3h4/Desktop/NEHA/SEDRICA/RosTut/install/tuos_interfaces/include/tuos_interfaces/tuos_interfaces/msg
[0.537s] -- Installing: /home/n3h4/Desktop/NEHA/SEDRICA/RosTut/install/tuos_interfaces/include/tuos_interfaces/tuos_interfaces/msg/num.hpp
[0.537s] -- Up-to-date: /home/n3h4/Desktop/NEHA/SEDRICA/RosTut/install/tuos_interfaces/include/tuos_interfaces/tuos_interfaces/msg/detail
[0.537s] -- Installing: /home/n3h4/Desktop/NEHA/SEDRICA/RosTut/install/tuos_interfaces/include/tuos_interfaces/tuos_interfaces/msg/detail/num__traits.hpp
[0.537s] -- Installing: /home/n3h4/Desktop/NEHA/SEDRICA/RosTut/install/tuos_interfaces/include/tuos_interfaces/tuos_interfaces/msg/detail/num__type_support.hpp
[0.537s] -- Installing: /home/n3h4/Desktop/NEHA/SEDRICA/RosTut/install/tuos_interfaces/include/tuos_interfaces/tuos_interfaces/msg/detail/num__struct.hpp
[0.537s] -- Installing: /home/n3h4/Desktop/NEHA/SEDRICA/RosTut/install/tuos_interfaces/include/tuos_interfaces/tuos_interfaces/msg/detail/num__builder.hpp
[0.537s] -- Installing: /home/n3h4/Desktop/NEHA/SEDRICA/RosTut/install/tuos_interfaces/include/tuos_interfaces/tuos_interfaces/msg/rosidl_generator_cpp__visibility_control.hpp
[0.537s] -- Up-to-date: /home/n3h4/Desktop/NEHA/SEDRICA/RosTut/install/tuos_interfaces/include/tuos_interfaces/tuos_interfaces/action
[0.537s] -- Installing: /home/n3h4/Desktop/NEHA/SEDRICA/RosTut/install/tuos_interfaces/include/tuos_interfaces/tuos_interfaces/action/camera_sweep.hpp
[0.537s] -- Up-to-date: /home/n3h4/Desktop/NEHA/SEDRICA/RosTut/install/tuos_interfaces/include/tuos_interfaces/tuos_interfaces/action/detail
[0.537s] -- Installing: /home/n3h4/Desktop/NEHA/SEDRICA/RosTut/install/tuos_interfaces/include/tuos_interfaces/tuos_interfaces/action/detail/camera_sweep__builder.hpp
[0.537s] -- Installing: /home/n3h4/Desktop/NEHA/SEDRICA/RosTut/install/tuos_interfaces/include/tuos_interfaces/tuos_interfaces/action/detail/camera_sweep__type_support.hpp
[0.538s] -- Installing: /home/n3h4/Desktop/NEHA/SEDRICA/RosTut/install/tuos_interfaces/include/tuos_interfaces/tuos_interfaces/action/detail/camera_sweep__struct.hpp
[0.538s] -- Installing: /home/n3h4/Desktop/NEHA/SEDRICA/RosTut/install/tuos_interfaces/include/tuos_interfaces/tuos_interfaces/action/detail/camera_sweep__traits.hpp
[0.540s] -- Up-to-date: /home/n3h4/Desktop/NEHA/SEDRICA/RosTut/install/tuos_interfaces/include/tuos_interfaces/tuos_interfaces/srv
[0.540s] -- Installing: /home/n3h4/Desktop/NEHA/SEDRICA/RosTut/install/tuos_interfaces/include/tuos_interfaces/tuos_interfaces/srv/number_game.hpp
[0.540s] -- Up-to-date: /home/n3h4/Desktop/NEHA/SEDRICA/RosTut/install/tuos_interfaces/include/tuos_interfaces/tuos_interfaces/srv/detail
[0.541s] -- Installing: /home/n3h4/Desktop/NEHA/SEDRICA/RosTut/install/tuos_interfaces/include/tuos_interfaces/tuos_interfaces/srv/detail/number_game__type_support.hpp
[0.541s] -- Installing: /home/n3h4/Desktop/NEHA/SEDRICA/RosTut/install/tuos_interfaces/include/tuos_interfaces/tuos_interfaces/srv/detail/number_game__struct.hpp
[0.541s] -- Installing: /home/n3h4/Desktop/NEHA/SEDRICA/RosTut/install/tuos_interfaces/include/tuos_interfaces/tuos_interfaces/srv/detail/number_game__traits.hpp
[0.541s] -- Installing: /home/n3h4/Desktop/NEHA/SEDRICA/RosTut/install/tuos_interfaces/include/tuos_interfaces/tuos_interfaces/srv/detail/number_game__builder.hpp
[0.542s] -- Up-to-date: /home/n3h4/Desktop/NEHA/SEDRICA/RosTut/install/tuos_interfaces/include/tuos_interfaces/tuos_interfaces
[0.542s] -- Up-to-date: /home/n3h4/Desktop/NEHA/SEDRICA/RosTut/install/tuos_interfaces/include/tuos_interfaces/tuos_interfaces/msg
[0.542s] -- Installing: /home/n3h4/Desktop/NEHA/SEDRICA/RosTut/install/tuos_interfaces/include/tuos_interfaces/tuos_interfaces/msg/rosidl_typesupport_fastrtps_cpp__visibility_control.h
[0.542s] -- Up-to-date: /home/n3h4/Desktop/NEHA/SEDRICA/RosTut/install/tuos_interfaces/include/tuos_interfaces/tuos_interfaces/msg/detail
[0.543s] -- Installing: /home/n3h4/Desktop/NEHA/SEDRICA/RosTut/install/tuos_interfaces/include/tuos_interfaces/tuos_interfaces/msg/detail/dds_fastrtps
[0.543s] -- Installing: /home/n3h4/Desktop/NEHA/SEDRICA/RosTut/install/tuos_interfaces/include/tuos_interfaces/tuos_interfaces/msg/detail/num__rosidl_typesupport_fastrtps_cpp.hpp
[0.543s] -- Up-to-date: /home/n3h4/Desktop/NEHA/SEDRICA/RosTut/install/tuos_interfaces/include/tuos_interfaces/tuos_interfaces/action
[0.543s] -- Up-to-date: /home/n3h4/Desktop/NEHA/SEDRICA/RosTut/install/tuos_interfaces/include/tuos_interfaces/tuos_interfaces/action/detail
[0.543s] -- Installing: /home/n3h4/Desktop/NEHA/SEDRICA/RosTut/install/tuos_interfaces/include/tuos_interfaces/tuos_interfaces/action/detail/camera_sweep__rosidl_typesupport_fastrtps_cpp.hpp
[0.544s] -- Installing: /home/n3h4/Desktop/NEHA/SEDRICA/RosTut/install/tuos_interfaces/include/tuos_interfaces/tuos_interfaces/action/detail/dds_fastrtps
[0.544s] -- Up-to-date: /home/n3h4/Desktop/NEHA/SEDRICA/RosTut/install/tuos_interfaces/include/tuos_interfaces/tuos_interfaces/srv
[0.544s] -- Up-to-date: /home/n3h4/Desktop/NEHA/SEDRICA/RosTut/install/tuos_interfaces/include/tuos_interfaces/tuos_interfaces/srv/detail
[0.544s] -- Installing: /home/n3h4/Desktop/NEHA/SEDRICA/RosTut/install/tuos_interfaces/include/tuos_interfaces/tuos_interfaces/srv/detail/number_game__rosidl_typesupport_fastrtps_cpp.hpp
[0.545s] -- Installing: /home/n3h4/Desktop/NEHA/SEDRICA/RosTut/install/tuos_interfaces/include/tuos_interfaces/tuos_interfaces/srv/detail/dds_fastrtps
[0.545s] -- Installing: /home/n3h4/Desktop/NEHA/SEDRICA/RosTut/install/tuos_interfaces/lib/libtuos_interfaces__rosidl_typesupport_fastrtps_cpp.so
[0.545s] -- Set runtime path of "/home/n3h4/Desktop/NEHA/SEDRICA/RosTut/install/tuos_interfaces/lib/libtuos_interfaces__rosidl_typesupport_fastrtps_cpp.so" to ""
[0.545s] -- Up-to-date: /home/n3h4/Desktop/NEHA/SEDRICA/RosTut/install/tuos_interfaces/include/tuos_interfaces/tuos_interfaces
[0.546s] -- Up-to-date: /home/n3h4/Desktop/NEHA/SEDRICA/RosTut/install/tuos_interfaces/include/tuos_interfaces/tuos_interfaces/msg
[0.546s] -- Installing: /home/n3h4/Desktop/NEHA/SEDRICA/RosTut/install/tuos_interfaces/include/tuos_interfaces/tuos_interfaces/msg/rosidl_typesupport_introspection_c__visibility_control.h
[0.546s] -- Up-to-date: /home/n3h4/Desktop/NEHA/SEDRICA/RosTut/install/tuos_interfaces/include/tuos_interfaces/tuos_interfaces/msg/detail
[0.546s] -- Installing: /home/n3h4/Desktop/NEHA/SEDRICA/RosTut/install/tuos_interfaces/include/tuos_interfaces/tuos_interfaces/msg/detail/num__rosidl_typesupport_introspection_c.h
[0.546s] -- Installing: /home/n3h4/Desktop/NEHA/SEDRICA/RosTut/install/tuos_interfaces/include/tuos_interfaces/tuos_interfaces/msg/detail/num__type_support.c
[0.547s] -- Up-to-date: /home/n3h4/Desktop/NEHA/SEDRICA/RosTut/install/tuos_interfaces/include/tuos_interfaces/tuos_interfaces/action
[0.547s] -- Up-to-date: /home/n3h4/Desktop/NEHA/SEDRICA/RosTut/install/tuos_interfaces/include/tuos_interfaces/tuos_interfaces/action/detail
[0.547s] -- Installing: /home/n3h4/Desktop/NEHA/SEDRICA/RosTut/install/tuos_interfaces/include/tuos_interfaces/tuos_interfaces/action/detail/camera_sweep__rosidl_typesupport_introspection_c.h
[0.547s] -- Installing: /home/n3h4/Desktop/NEHA/SEDRICA/RosTut/install/tuos_interfaces/include/tuos_interfaces/tuos_interfaces/action/detail/camera_sweep__type_support.c
[0.548s] -- Up-to-date: /home/n3h4/Desktop/NEHA/SEDRICA/RosTut/install/tuos_interfaces/include/tuos_interfaces/tuos_interfaces/srv
[0.548s] -- Up-to-date: /home/n3h4/Desktop/NEHA/SEDRICA/RosTut/install/tuos_interfaces/include/tuos_interfaces/tuos_interfaces/srv/detail
[0.548s] -- Installing: /home/n3h4/Desktop/NEHA/SEDRICA/RosTut/install/tuos_interfaces/include/tuos_interfaces/tuos_interfaces/srv/detail/number_game__rosidl_typesupport_introspection_c.h
[0.548s] -- Installing: /home/n3h4/Desktop/NEHA/SEDRICA/RosTut/install/tuos_interfaces/include/tuos_interfaces/tuos_interfaces/srv/detail/number_game__type_support.c
[0.548s] -- Installing: /home/n3h4/Desktop/NEHA/SEDRICA/RosTut/install/tuos_interfaces/lib/libtuos_interfaces__rosidl_typesupport_introspection_c.so
[0.549s] -- Set runtime path of "/home/n3h4/Desktop/NEHA/SEDRICA/RosTut/install/tuos_interfaces/lib/libtuos_interfaces__rosidl_typesupport_introspection_c.so" to ""
[0.549s] -- Installing: /home/n3h4/Desktop/NEHA/SEDRICA/RosTut/install/tuos_interfaces/lib/libtuos_interfaces__rosidl_typesupport_c.so
[0.549s] -- Set runtime path of "/home/n3h4/Desktop/NEHA/SEDRICA/RosTut/install/tuos_interfaces/lib/libtuos_interfaces__rosidl_typesupport_c.so" to ""
[0.550s] -- Up-to-date: /home/n3h4/Desktop/NEHA/SEDRICA/RosTut/install/tuos_interfaces/include/tuos_interfaces/tuos_interfaces
[0.550s] -- Up-to-date: /home/n3h4/Desktop/NEHA/SEDRICA/RosTut/install/tuos_interfaces/include/tuos_interfaces/tuos_interfaces/msg
[0.550s] -- Up-to-date: /home/n3h4/Desktop/NEHA/SEDRICA/RosTut/install/tuos_interfaces/include/tuos_interfaces/tuos_interfaces/msg/detail
[0.550s] -- Installing: /home/n3h4/Desktop/NEHA/SEDRICA/RosTut/install/tuos_interfaces/include/tuos_interfaces/tuos_interfaces/msg/detail/num__type_support.cpp
[0.551s] -- Installing: /home/n3h4/Desktop/NEHA/SEDRICA/RosTut/install/tuos_interfaces/include/tuos_interfaces/tuos_interfaces/msg/detail/num__rosidl_typesupport_introspection_cpp.hpp
[0.551s] -- Up-to-date: /home/n3h4/Desktop/NEHA/SEDRICA/RosTut/install/tuos_interfaces/include/tuos_interfaces/tuos_interfaces/action
[0.551s] -- Up-to-date: /home/n3h4/Desktop/NEHA/SEDRICA/RosTut/install/tuos_interfaces/include/tuos_interfaces/tuos_interfaces/action/detail
[0.551s] -- Installing: /home/n3h4/Desktop/NEHA/SEDRICA/RosTut/install/tuos_interfaces/include/tuos_interfaces/tuos_interfaces/action/detail/camera_sweep__type_support.cpp
[0.552s] -- Installing: /home/n3h4/Desktop/NEHA/SEDRICA/RosTut/install/tuos_interfaces/include/tuos_interfaces/tuos_interfaces/action/detail/camera_sweep__rosidl_typesupport_introspection_cpp.hpp
[0.552s] -- Up-to-date: /home/n3h4/Desktop/NEHA/SEDRICA/RosTut/install/tuos_interfaces/include/tuos_interfaces/tuos_interfaces/srv
[0.552s] -- Up-to-date: /home/n3h4/Desktop/NEHA/SEDRICA/RosTut/install/tuos_interfaces/include/tuos_interfaces/tuos_interfaces/srv/detail
[0.552s] -- Installing: /home/n3h4/Desktop/NEHA/SEDRICA/RosTut/install/tuos_interfaces/include/tuos_interfaces/tuos_interfaces/srv/detail/number_game__rosidl_typesupport_introspection_cpp.hpp
[0.552s] -- Installing: /home/n3h4/Desktop/NEHA/SEDRICA/RosTut/install/tuos_interfaces/include/tuos_interfaces/tuos_interfaces/srv/detail/number_game__type_support.cpp
[0.553s] -- Installing: /home/n3h4/Desktop/NEHA/SEDRICA/RosTut/install/tuos_interfaces/lib/libtuos_interfaces__rosidl_typesupport_introspection_cpp.so
[0.553s] -- Set runtime path of "/home/n3h4/Desktop/NEHA/SEDRICA/RosTut/install/tuos_interfaces/lib/libtuos_interfaces__rosidl_typesupport_introspection_cpp.so" to ""
[0.553s] -- Installing: /home/n3h4/Desktop/NEHA/SEDRICA/RosTut/install/tuos_interfaces/lib/libtuos_interfaces__rosidl_typesupport_cpp.so
[0.554s] -- Set runtime path of "/home/n3h4/Desktop/NEHA/SEDRICA/RosTut/install/tuos_interfaces/lib/libtuos_interfaces__rosidl_typesupport_cpp.so" to ""
[0.554s] -- Installing: /home/n3h4/Desktop/NEHA/SEDRICA/RosTut/install/tuos_interfaces/share/tuos_interfaces/environment/pythonpath.sh
[0.554s] -- Installing: /home/n3h4/Desktop/NEHA/SEDRICA/RosTut/install/tuos_interfaces/share/tuos_interfaces/environment/pythonpath.dsv
[0.555s] -- Installing: /home/n3h4/Desktop/NEHA/SEDRICA/RosTut/install/tuos_interfaces/local/lib/python3.10/dist-packages/tuos_interfaces-0.0.0-py3.10.egg-info
[0.555s] -- Installing: /home/n3h4/Desktop/NEHA/SEDRICA/RosTut/install/tuos_interfaces/local/lib/python3.10/dist-packages/tuos_interfaces-0.0.0-py3.10.egg-info/top_level.txt
[0.555s] -- Installing: /home/n3h4/Desktop/NEHA/SEDRICA/RosTut/install/tuos_interfaces/local/lib/python3.10/dist-packages/tuos_interfaces-0.0.0-py3.10.egg-info/SOURCES.txt
[0.556s] -- Installing: /home/n3h4/Desktop/NEHA/SEDRICA/RosTut/install/tuos_interfaces/local/lib/python3.10/dist-packages/tuos_interfaces-0.0.0-py3.10.egg-info/dependency_links.txt
[0.556s] -- Installing: /home/n3h4/Desktop/NEHA/SEDRICA/RosTut/install/tuos_interfaces/local/lib/python3.10/dist-packages/tuos_interfaces-0.0.0-py3.10.egg-info/PKG-INFO
[0.556s] -- Installing: /home/n3h4/Desktop/NEHA/SEDRICA/RosTut/install/tuos_interfaces/local/lib/python3.10/dist-packages/tuos_interfaces
[0.556s] -- Installing: /home/n3h4/Desktop/NEHA/SEDRICA/RosTut/install/tuos_interfaces/local/lib/python3.10/dist-packages/tuos_interfaces/msg
[0.557s] -- Installing: /home/n3h4/Desktop/NEHA/SEDRICA/RosTut/install/tuos_interfaces/local/lib/python3.10/dist-packages/tuos_interfaces/msg/__init__.py
[0.557s] -- Installing: /home/n3h4/Desktop/NEHA/SEDRICA/RosTut/install/tuos_interfaces/local/lib/python3.10/dist-packages/tuos_interfaces/msg/_num_s.c
[0.557s] -- Installing: /home/n3h4/Desktop/NEHA/SEDRICA/RosTut/install/tuos_interfaces/local/lib/python3.10/dist-packages/tuos_interfaces/msg/_num.py
[0.557s] -- Installing: /home/n3h4/Desktop/NEHA/SEDRICA/RosTut/install/tuos_interfaces/local/lib/python3.10/dist-packages/tuos_interfaces/_tuos_interfaces_s.ep.rosidl_typesupport_c.c
[0.557s] -- Installing: /home/n3h4/Desktop/NEHA/SEDRICA/RosTut/install/tuos_interfaces/local/lib/python3.10/dist-packages/tuos_interfaces/__init__.py
[0.558s] -- Installing: /home/n3h4/Desktop/NEHA/SEDRICA/RosTut/install/tuos_interfaces/local/lib/python3.10/dist-packages/tuos_interfaces/tuos_interfaces_s__rosidl_typesupport_fastrtps_c.cpython-310-x86_64-linux-gnu.so
[0.558s] -- Installing: /home/n3h4/Desktop/NEHA/SEDRICA/RosTut/install/tuos_interfaces/local/lib/python3.10/dist-packages/tuos_interfaces/tuos_interfaces_s__rosidl_typesupport_c.cpython-310-x86_64-linux-gnu.so
[0.558s] -- Installing: /home/n3h4/Desktop/NEHA/SEDRICA/RosTut/install/tuos_interfaces/local/lib/python3.10/dist-packages/tuos_interfaces/_tuos_interfaces_s.ep.rosidl_typesupport_fastrtps_c.c
[0.559s] -- Installing: /home/n3h4/Desktop/NEHA/SEDRICA/RosTut/install/tuos_interfaces/local/lib/python3.10/dist-packages/tuos_interfaces/tuos_interfaces_s__rosidl_typesupport_introspection_c.cpython-310-x86_64-linux-gnu.so
[0.559s] -- Installing: /home/n3h4/Desktop/NEHA/SEDRICA/RosTut/install/tuos_interfaces/local/lib/python3.10/dist-packages/tuos_interfaces/action
[0.559s] -- Installing: /home/n3h4/Desktop/NEHA/SEDRICA/RosTut/install/tuos_interfaces/local/lib/python3.10/dist-packages/tuos_interfaces/action/_camera_sweep.py
[0.559s] -- Installing: /home/n3h4/Desktop/NEHA/SEDRICA/RosTut/install/tuos_interfaces/local/lib/python3.10/dist-packages/tuos_interfaces/action/_camera_sweep_s.c
[0.560s] -- Installing: /home/n3h4/Desktop/NEHA/SEDRICA/RosTut/install/tuos_interfaces/local/lib/python3.10/dist-packages/tuos_interfaces/action/__init__.py
[0.560s] -- Installing: /home/n3h4/Desktop/NEHA/SEDRICA/RosTut/install/tuos_interfaces/local/lib/python3.10/dist-packages/tuos_interfaces/libtuos_interfaces__rosidl_generator_py.so
[0.560s] -- Installing: /home/n3h4/Desktop/NEHA/SEDRICA/RosTut/install/tuos_interfaces/local/lib/python3.10/dist-packages/tuos_interfaces/srv
[0.561s] -- Installing: /home/n3h4/Desktop/NEHA/SEDRICA/RosTut/install/tuos_interfaces/local/lib/python3.10/dist-packages/tuos_interfaces/srv/__init__.py
[0.561s] -- Installing: /home/n3h4/Desktop/NEHA/SEDRICA/RosTut/install/tuos_interfaces/local/lib/python3.10/dist-packages/tuos_interfaces/srv/_number_game_s.c
[0.561s] -- Installing: /home/n3h4/Desktop/NEHA/SEDRICA/RosTut/install/tuos_interfaces/local/lib/python3.10/dist-packages/tuos_interfaces/srv/_number_game.py
[0.561s] -- Installing: /home/n3h4/Desktop/NEHA/SEDRICA/RosTut/install/tuos_interfaces/local/lib/python3.10/dist-packages/tuos_interfaces/_tuos_interfaces_s.ep.rosidl_typesupport_introspection_c.c
[0.617s] Listing '/home/n3h4/Desktop/NEHA/SEDRICA/RosTut/install/tuos_interfaces/local/lib/python3.10/dist-packages/tuos_interfaces'...
[0.617s] Compiling '/home/n3h4/Desktop/NEHA/SEDRICA/RosTut/install/tuos_interfaces/local/lib/python3.10/dist-packages/tuos_interfaces/__init__.py'...
[0.617s] Listing '/home/n3h4/Desktop/NEHA/SEDRICA/RosTut/install/tuos_interfaces/local/lib/python3.10/dist-packages/tuos_interfaces/action'...
[0.617s] Compiling '/home/n3h4/Desktop/NEHA/SEDRICA/RosTut/install/tuos_interfaces/local/lib/python3.10/dist-packages/tuos_interfaces/action/__init__.py'...
[0.617s] Compiling '/home/n3h4/Desktop/NEHA/SEDRICA/RosTut/install/tuos_interfaces/local/lib/python3.10/dist-packages/tuos_interfaces/action/_camera_sweep.py'...
[0.618s] Listing '/home/n3h4/Desktop/NEHA/SEDRICA/RosTut/install/tuos_interfaces/local/lib/python3.10/dist-packages/tuos_interfaces/msg'...
[0.618s] Compiling '/home/n3h4/Desktop/NEHA/SEDRICA/RosTut/install/tuos_interfaces/local/lib/python3.10/dist-packages/tuos_interfaces/msg/__init__.py'...
[0.618s] Compiling '/home/n3h4/Desktop/NEHA/SEDRICA/RosTut/install/tuos_interfaces/local/lib/python3.10/dist-packages/tuos_interfaces/msg/_num.py'...
[0.618s] Listing '/home/n3h4/Desktop/NEHA/SEDRICA/RosTut/install/tuos_interfaces/local/lib/python3.10/dist-packages/tuos_interfaces/srv'...
[0.618s] Compiling '/home/n3h4/Desktop/NEHA/SEDRICA/RosTut/install/tuos_interfaces/local/lib/python3.10/dist-packages/tuos_interfaces/srv/__init__.py'...
[0.618s] Compiling '/home/n3h4/Desktop/NEHA/SEDRICA/RosTut/install/tuos_interfaces/local/lib/python3.10/dist-packages/tuos_interfaces/srv/_number_game.py'...
[0.623s] -- Installing: /home/n3h4/Desktop/NEHA/SEDRICA/RosTut/install/tuos_interfaces/local/lib/python3.10/dist-packages/tuos_interfaces/tuos_interfaces_s__rosidl_typesupport_fastrtps_c.cpython-310-x86_64-linux-gnu.so
[0.624s] -- Set runtime path of "/home/n3h4/Desktop/NEHA/SEDRICA/RosTut/install/tuos_interfaces/local/lib/python3.10/dist-packages/tuos_interfaces/tuos_interfaces_s__rosidl_typesupport_fastrtps_c.cpython-310-x86_64-linux-gnu.so" to ""
[0.624s] -- Installing: /home/n3h4/Desktop/NEHA/SEDRICA/RosTut/install/tuos_interfaces/local/lib/python3.10/dist-packages/tuos_interfaces/tuos_interfaces_s__rosidl_typesupport_introspection_c.cpython-310-x86_64-linux-gnu.so
[0.625s] -- Set runtime path of "/home/n3h4/Desktop/NEHA/SEDRICA/RosTut/install/tuos_interfaces/local/lib/python3.10/dist-packages/tuos_interfaces/tuos_interfaces_s__rosidl_typesupport_introspection_c.cpython-310-x86_64-linux-gnu.so" to ""
[0.626s] -- Installing: /home/n3h4/Desktop/NEHA/SEDRICA/RosTut/install/tuos_interfaces/local/lib/python3.10/dist-packages/tuos_interfaces/tuos_interfaces_s__rosidl_typesupport_c.cpython-310-x86_64-linux-gnu.so
[0.626s] -- Set runtime path of "/home/n3h4/Desktop/NEHA/SEDRICA/RosTut/install/tuos_interfaces/local/lib/python3.10/dist-packages/tuos_interfaces/tuos_interfaces_s__rosidl_typesupport_c.cpython-310-x86_64-linux-gnu.so" to ""
[0.627s] -- Installing: /home/n3h4/Desktop/NEHA/SEDRICA/RosTut/install/tuos_interfaces/lib/libtuos_interfaces__rosidl_generator_py.so
[0.627s] -- Set runtime path of "/home/n3h4/Desktop/NEHA/SEDRICA/RosTut/install/tuos_interfaces/lib/libtuos_interfaces__rosidl_generator_py.so" to ""
[0.627s] -- Installing: /home/n3h4/Desktop/NEHA/SEDRICA/RosTut/install/tuos_interfaces/share/tuos_interfaces/msg/Num.idl
[0.628s] -- Installing: /home/n3h4/Desktop/NEHA/SEDRICA/RosTut/install/tuos_interfaces/share/tuos_interfaces/action/CameraSweep.idl
[0.628s] -- Installing: /home/n3h4/Desktop/NEHA/SEDRICA/RosTut/install/tuos_interfaces/share/tuos_interfaces/srv/NumberGame.idl
[0.628s] -- Installing: /home/n3h4/Desktop/NEHA/SEDRICA/RosTut/install/tuos_interfaces/share/tuos_interfaces/msg/Num.msg
[0.629s] -- Installing: /home/n3h4/Desktop/NEHA/SEDRICA/RosTut/install/tuos_interfaces/share/tuos_interfaces/action/CameraSweep.action
[0.629s] -- Installing: /home/n3h4/Desktop/NEHA/SEDRICA/RosTut/install/tuos_interfaces/share/tuos_interfaces/srv/NumberGame.srv
[0.629s] -- Installing: /home/n3h4/Desktop/NEHA/SEDRICA/RosTut/install/tuos_interfaces/share/tuos_interfaces/srv/NumberGame_Request.msg
[0.629s] -- Installing: /home/n3h4/Desktop/NEHA/SEDRICA/RosTut/install/tuos_interfaces/share/tuos_interfaces/srv/NumberGame_Response.msg
[0.630s] -- Installing: /home/n3h4/Desktop/NEHA/SEDRICA/RosTut/install/tuos_interfaces/share/ament_index/resource_index/package_run_dependencies/tuos_interfaces
[0.630s] -- Installing: /home/n3h4/Desktop/NEHA/SEDRICA/RosTut/install/tuos_interfaces/share/ament_index/resource_index/parent_prefix_path/tuos_interfaces
[0.630s] -- Installing: /home/n3h4/Desktop/NEHA/SEDRICA/RosTut/install/tuos_interfaces/share/tuos_interfaces/environment/ament_prefix_path.sh
[0.631s] -- Installing: /home/n3h4/Desktop/NEHA/SEDRICA/RosTut/install/tuos_interfaces/share/tuos_interfaces/environment/ament_prefix_path.dsv
[0.631s] -- Installing: /home/n3h4/Desktop/NEHA/SEDRICA/RosTut/install/tuos_interfaces/share/tuos_interfaces/environment/path.sh
[0.631s] -- Installing: /home/n3h4/Desktop/NEHA/SEDRICA/RosTut/install/tuos_interfaces/share/tuos_interfaces/environment/path.dsv
[0.632s] -- Installing: /home/n3h4/Desktop/NEHA/SEDRICA/RosTut/install/tuos_interfaces/share/tuos_interfaces/local_setup.bash
[0.632s] -- Installing: /home/n3h4/Desktop/NEHA/SEDRICA/RosTut/install/tuos_interfaces/share/tuos_interfaces/local_setup.sh
[0.632s] -- Installing: /home/n3h4/Desktop/NEHA/SEDRICA/RosTut/install/tuos_interfaces/share/tuos_interfaces/local_setup.zsh
[0.633s] -- Installing: /home/n3h4/Desktop/NEHA/SEDRICA/RosTut/install/tuos_interfaces/share/tuos_interfaces/local_setup.dsv
[0.633s] -- Installing: /home/n3h4/Desktop/NEHA/SEDRICA/RosTut/install/tuos_interfaces/share/tuos_interfaces/package.dsv
[0.633s] -- Installing: /home/n3h4/Desktop/NEHA/SEDRICA/RosTut/install/tuos_interfaces/share/ament_index/resource_index/packages/tuos_interfaces
[0.634s] -- Installing: /home/n3h4/Desktop/NEHA/SEDRICA/RosTut/install/tuos_interfaces/share/tuos_interfaces/cmake/export_tuos_interfaces__rosidl_generator_cExport.cmake
[0.634s] -- Installing: /home/n3h4/Desktop/NEHA/SEDRICA/RosTut/install/tuos_interfaces/share/tuos_interfaces/cmake/export_tuos_interfaces__rosidl_generator_cExport-noconfig.cmake
[0.634s] -- Installing: /home/n3h4/Desktop/NEHA/SEDRICA/RosTut/install/tuos_interfaces/share/tuos_interfaces/cmake/export_tuos_interfaces__rosidl_typesupport_fastrtps_cExport.cmake
[0.634s] -- Installing: /home/n3h4/Desktop/NEHA/SEDRICA/RosTut/install/tuos_interfaces/share/tuos_interfaces/cmake/export_tuos_interfaces__rosidl_typesupport_fastrtps_cExport-noconfig.cmake
[0.635s] -- Installing: /home/n3h4/Desktop/NEHA/SEDRICA/RosTut/install/tuos_interfaces/share/tuos_interfaces/cmake/export_tuos_interfaces__rosidl_generator_cppExport.cmake
[0.635s] -- Installing: /home/n3h4/Desktop/NEHA/SEDRICA/RosTut/install/tuos_interfaces/share/tuos_interfaces/cmake/export_tuos_interfaces__rosidl_typesupport_fastrtps_cppExport.cmake
[0.635s] -- Installing: /home/n3h4/Desktop/NEHA/SEDRICA/RosTut/install/tuos_interfaces/share/tuos_interfaces/cmake/export_tuos_interfaces__rosidl_typesupport_fastrtps_cppExport-noconfig.cmake
[0.636s] -- Installing: /home/n3h4/Desktop/NEHA/SEDRICA/RosTut/install/tuos_interfaces/share/tuos_interfaces/cmake/tuos_interfaces__rosidl_typesupport_introspection_cExport.cmake
[0.636s] -- Installing: /home/n3h4/Desktop/NEHA/SEDRICA/RosTut/install/tuos_interfaces/share/tuos_interfaces/cmake/tuos_interfaces__rosidl_typesupport_introspection_cExport-noconfig.cmake
[0.636s] -- Installing: /home/n3h4/Desktop/NEHA/SEDRICA/RosTut/install/tuos_interfaces/share/tuos_interfaces/cmake/tuos_interfaces__rosidl_typesupport_cExport.cmake
[0.637s] -- Installing: /home/n3h4/Desktop/NEHA/SEDRICA/RosTut/install/tuos_interfaces/share/tuos_interfaces/cmake/tuos_interfaces__rosidl_typesupport_cExport-noconfig.cmake
[0.637s] -- Installing: /home/n3h4/Desktop/NEHA/SEDRICA/RosTut/install/tuos_interfaces/share/tuos_interfaces/cmake/tuos_interfaces__rosidl_typesupport_introspection_cppExport.cmake
[0.637s] -- Installing: /home/n3h4/Desktop/NEHA/SEDRICA/RosTut/install/tuos_interfaces/share/tuos_interfaces/cmake/tuos_interfaces__rosidl_typesupport_introspection_cppExport-noconfig.cmake
[0.637s] -- Installing: /home/n3h4/Desktop/NEHA/SEDRICA/RosTut/install/tuos_interfaces/share/tuos_interfaces/cmake/tuos_interfaces__rosidl_typesupport_cppExport.cmake
[0.638s] -- Installing: /home/n3h4/Desktop/NEHA/SEDRICA/RosTut/install/tuos_interfaces/share/tuos_interfaces/cmake/tuos_interfaces__rosidl_typesupport_cppExport-noconfig.cmake
[0.638s] -- Installing: /home/n3h4/Desktop/NEHA/SEDRICA/RosTut/install/tuos_interfaces/share/tuos_interfaces/cmake/export_tuos_interfaces__rosidl_generator_pyExport.cmake
[0.638s] -- Installing: /home/n3h4/Desktop/NEHA/SEDRICA/RosTut/install/tuos_interfaces/share/tuos_interfaces/cmake/export_tuos_interfaces__rosidl_generator_pyExport-noconfig.cmake
[0.639s] -- Installing: /home/n3h4/Desktop/NEHA/SEDRICA/RosTut/install/tuos_interfaces/share/tuos_interfaces/cmake/rosidl_cmake-extras.cmake
[0.639s] -- Installing: /home/n3h4/Desktop/NEHA/SEDRICA/RosTut/install/tuos_interfaces/share/tuos_interfaces/cmake/ament_cmake_export_dependencies-extras.cmake
[0.639s] -- Installing: /home/n3h4/Desktop/NEHA/SEDRICA/RosTut/install/tuos_interfaces/share/tuos_interfaces/cmake/ament_cmake_export_include_directories-extras.cmake
[0.640s] -- Installing: /home/n3h4/Desktop/NEHA/SEDRICA/RosTut/install/tuos_interfaces/share/tuos_interfaces/cmake/ament_cmake_export_libraries-extras.cmake
[0.640s] -- Installing: /home/n3h4/Desktop/NEHA/SEDRICA/RosTut/install/tuos_interfaces/share/tuos_interfaces/cmake/ament_cmake_export_targets-extras.cmake
[0.640s] -- Installing: /home/n3h4/Desktop/NEHA/SEDRICA/RosTut/install/tuos_interfaces/share/tuos_interfaces/cmake/rosidl_cmake_export_typesupport_targets-extras.cmake
[0.640s] -- Installing: /home/n3h4/Desktop/NEHA/SEDRICA/RosTut/install/tuos_interfaces/share/tuos_interfaces/cmake/rosidl_cmake_export_typesupport_libraries-extras.cmake
[0.641s] -- Installing: /home/n3h4/Desktop/NEHA/SEDRICA/RosTut/install/tuos_interfaces/share/tuos_interfaces/cmake/tuos_interfacesConfig.cmake
[0.641s] -- Installing: /home/n3h4/Desktop/NEHA/SEDRICA/RosTut/install/tuos_interfaces/share/tuos_interfaces/cmake/tuos_interfacesConfig-version.cmake
[0.641s] -- Installing: /home/n3h4/Desktop/NEHA/SEDRICA/RosTut/install/tuos_interfaces/share/tuos_interfaces/package.xml
[0.645s] Invoked command in '/home/n3h4/Desktop/NEHA/SEDRICA/RosTut/build/tuos_interfaces' returned '0': CMAKE_PREFIX_PATH=/opt/ros/humble /usr/bin/cmake --install /home/n3h4/Desktop/NEHA/SEDRICA/RosTut/build/tuos_interfaces
