[0.024s] Invoking command in '/home/n3h4/Desktop/NEHA/SEDRICA/RosTut/build/part1_pubsub': CMAKE_PREFIX_PATH=${CMAKE_PREFIX_PATH}:/opt/ros/humble /usr/bin/cmake --build /home/n3h4/Desktop/NEHA/SEDRICA/RosTut/build/part1_pubsub -- -j12 -l12
[0.098s] [  9%] Built target part1_pubsub__rosidl_generator_c
[0.102s] [  9%] Built target ament_cmake_python_copy_part1_pubsub_modules
[0.102s] [ 12%] Built target part1_pubsub__cpp
[0.119s] [ 12%] Built target ament_cmake_python_copy_part1_pubsub
[0.140s] [ 22%] Built target part1_pubsub__rosidl_typesupport_fastrtps_c
[0.148s] [ 32%] Built target part1_pubsub__rosidl_typesupport_introspection_c
[0.148s] [ 41%] Built target part1_pubsub__rosidl_typesupport_c
[0.148s] [ 51%] Built target part1_pubsub__rosidl_typesupport_introspection_cpp
[0.159s] [ 61%] Built target part1_pubsub__rosidl_typesupport_fastrtps_cpp
[0.161s] [ 70%] Built target part1_pubsub__rosidl_typesupport_cpp
[0.190s] [ 70%] Built target part1_pubsub
[0.213s] [ 74%] Built target part1_pubsub__py
[0.264s] [ 80%] Built target part1_pubsub__rosidl_generator_py
[0.279s] [ 87%] Built target part1_pubsub__rosidl_typesupport_c__pyext
[0.279s] [ 93%] Built target part1_pubsub__rosidl_typesupport_introspection_c__pyext
[0.282s] [100%] Built target part1_pubsub__rosidl_typesupport_fastrtps_c__pyext
[0.469s] running egg_info
[0.470s] writing part1_pubsub.egg-info/PKG-INFO
[0.471s] writing dependency_links to part1_pubsub.egg-info/dependency_links.txt
[0.471s] writing top-level names to part1_pubsub.egg-info/top_level.txt
[0.474s] reading manifest file 'part1_pubsub.egg-info/SOURCES.txt'
[0.476s] writing manifest file 'part1_pubsub.egg-info/SOURCES.txt'
[0.476s] running egg_info
[0.476s] writing part1_pubsub_modules.egg-info/PKG-INFO
[0.478s] writing dependency_links to part1_pubsub_modules.egg-info/dependency_links.txt
[0.478s] writing top-level names to part1_pubsub_modules.egg-info/top_level.txt
[0.481s] reading manifest file 'part1_pubsub_modules.egg-info/SOURCES.txt'
[0.482s] writing manifest file 'part1_pubsub_modules.egg-info/SOURCES.txt'
[0.516s] [100%] Built target ament_cmake_python_build_part1_pubsub_modules_egg
[0.518s] [100%] Built target ament_cmake_python_build_part1_pubsub_egg
[0.539s] Invoked command in '/home/n3h4/Desktop/NEHA/SEDRICA/RosTut/build/part1_pubsub' returned '0': CMAKE_PREFIX_PATH=${CMAKE_PREFIX_PATH}:/opt/ros/humble /usr/bin/cmake --build /home/n3h4/Desktop/NEHA/SEDRICA/RosTut/build/part1_pubsub -- -j12 -l12
[0.540s] Invoking command in '/home/n3h4/Desktop/NEHA/SEDRICA/RosTut/build/part1_pubsub': CMAKE_PREFIX_PATH=${CMAKE_PREFIX_PATH}:/opt/ros/humble /usr/bin/cmake --install /home/n3h4/Desktop/NEHA/SEDRICA/RosTut/build/part1_pubsub
[0.545s] -- Install configuration: ""
[0.545s] -- Up-to-date: /home/n3h4/Desktop/NEHA/SEDRICA/RosTut/install/part1_pubsub/share/part1_pubsub/environment/pythonpath.sh
[0.545s] -- Up-to-date: /home/n3h4/Desktop/NEHA/SEDRICA/RosTut/install/part1_pubsub/share/part1_pubsub/environment/pythonpath.dsv
[0.545s] -- Up-to-date: /home/n3h4/Desktop/NEHA/SEDRICA/RosTut/install/part1_pubsub/local/lib/python3.10/dist-packages/part1_pubsub_modules-0.0.0-py3.10.egg-info
[0.545s] -- Installing: /home/n3h4/Desktop/NEHA/SEDRICA/RosTut/install/part1_pubsub/local/lib/python3.10/dist-packages/part1_pubsub_modules-0.0.0-py3.10.egg-info/top_level.txt
[0.546s] -- Installing: /home/n3h4/Desktop/NEHA/SEDRICA/RosTut/install/part1_pubsub/local/lib/python3.10/dist-packages/part1_pubsub_modules-0.0.0-py3.10.egg-info/SOURCES.txt
[0.546s] -- Installing: /home/n3h4/Desktop/NEHA/SEDRICA/RosTut/install/part1_pubsub/local/lib/python3.10/dist-packages/part1_pubsub_modules-0.0.0-py3.10.egg-info/dependency_links.txt
[0.546s] -- Installing: /home/n3h4/Desktop/NEHA/SEDRICA/RosTut/install/part1_pubsub/local/lib/python3.10/dist-packages/part1_pubsub_modules-0.0.0-py3.10.egg-info/PKG-INFO
[0.546s] -- Up-to-date: /home/n3h4/Desktop/NEHA/SEDRICA/RosTut/install/part1_pubsub/local/lib/python3.10/dist-packages/part1_pubsub_modules
[0.546s] -- Up-to-date: /home/n3h4/Desktop/NEHA/SEDRICA/RosTut/install/part1_pubsub/local/lib/python3.10/dist-packages/part1_pubsub_modules/__init__.py
[0.546s] -- Up-to-date: /home/n3h4/Desktop/NEHA/SEDRICA/RosTut/install/part1_pubsub/local/lib/python3.10/dist-packages/part1_pubsub_modules/tb3_tools.py
[0.590s] Listing '/home/n3h4/Desktop/NEHA/SEDRICA/RosTut/install/part1_pubsub/local/lib/python3.10/dist-packages/part1_pubsub_modules'...
[0.591s] -- Up-to-date: /home/n3h4/Desktop/NEHA/SEDRICA/RosTut/install/part1_pubsub/lib/part1_pubsub/basic_velocity_control.py
[0.591s] -- Up-to-date: /home/n3h4/Desktop/NEHA/SEDRICA/RosTut/install/part1_pubsub/lib/part1_pubsub/stop_me.py
[0.591s] -- Up-to-date: /home/n3h4/Desktop/NEHA/SEDRICA/RosTut/install/part1_pubsub/lib/part1_pubsub/publisher.py
[0.592s] -- Up-to-date: /home/n3h4/Desktop/NEHA/SEDRICA/RosTut/install/part1_pubsub/lib/part1_pubsub/subscriber.py
[0.592s] -- Installing: /home/n3h4/Desktop/NEHA/SEDRICA/RosTut/install/part1_pubsub/lib/part1_pubsub/custom_msg_publisher.py
[0.592s] -- Installing: /home/n3h4/Desktop/NEHA/SEDRICA/RosTut/install/part1_pubsub/lib/part1_pubsub/custom_msg_subscriber.py
[0.592s] -- Up-to-date: /home/n3h4/Desktop/NEHA/SEDRICA/RosTut/install/part1_pubsub/share/ament_index/resource_index/rosidl_interfaces/part1_pubsub
[0.592s] -- Up-to-date: /home/n3h4/Desktop/NEHA/SEDRICA/RosTut/install/part1_pubsub/include/part1_pubsub/part1_pubsub
[0.593s] -- Up-to-date: /home/n3h4/Desktop/NEHA/SEDRICA/RosTut/install/part1_pubsub/include/part1_pubsub/part1_pubsub/msg
[0.593s] -- Up-to-date: /home/n3h4/Desktop/NEHA/SEDRICA/RosTut/install/part1_pubsub/include/part1_pubsub/part1_pubsub/msg/eg.h
[0.593s] -- Up-to-date: /home/n3h4/Desktop/NEHA/SEDRICA/RosTut/install/part1_pubsub/include/part1_pubsub/part1_pubsub/msg/detail
[0.593s] -- Up-to-date: /home/n3h4/Desktop/NEHA/SEDRICA/RosTut/install/part1_pubsub/include/part1_pubsub/part1_pubsub/msg/detail/eg__functions.h
[0.593s] -- Up-to-date: /home/n3h4/Desktop/NEHA/SEDRICA/RosTut/install/part1_pubsub/include/part1_pubsub/part1_pubsub/msg/detail/eg__type_support.h
[0.593s] -- Up-to-date: /home/n3h4/Desktop/NEHA/SEDRICA/RosTut/install/part1_pubsub/include/part1_pubsub/part1_pubsub/msg/detail/eg__struct.h
[0.594s] -- Up-to-date: /home/n3h4/Desktop/NEHA/SEDRICA/RosTut/install/part1_pubsub/include/part1_pubsub/part1_pubsub/msg/detail/eg__functions.c
[0.594s] -- Up-to-date: /home/n3h4/Desktop/NEHA/SEDRICA/RosTut/install/part1_pubsub/include/part1_pubsub/part1_pubsub/msg/rosidl_generator_c__visibility_control.h
[0.594s] -- Up-to-date: /home/n3h4/Desktop/NEHA/SEDRICA/RosTut/install/part1_pubsub/share/part1_pubsub/environment/library_path.sh
[0.594s] -- Up-to-date: /home/n3h4/Desktop/NEHA/SEDRICA/RosTut/install/part1_pubsub/share/part1_pubsub/environment/library_path.dsv
[0.594s] -- Up-to-date: /home/n3h4/Desktop/NEHA/SEDRICA/RosTut/install/part1_pubsub/lib/libpart1_pubsub__rosidl_generator_c.so
[0.594s] -- Up-to-date: /home/n3h4/Desktop/NEHA/SEDRICA/RosTut/install/part1_pubsub/include/part1_pubsub/part1_pubsub
[0.595s] -- Up-to-date: /home/n3h4/Desktop/NEHA/SEDRICA/RosTut/install/part1_pubsub/include/part1_pubsub/part1_pubsub/msg
[0.595s] -- Up-to-date: /home/n3h4/Desktop/NEHA/SEDRICA/RosTut/install/part1_pubsub/include/part1_pubsub/part1_pubsub/msg/rosidl_typesupport_fastrtps_c__visibility_control.h
[0.595s] -- Up-to-date: /home/n3h4/Desktop/NEHA/SEDRICA/RosTut/install/part1_pubsub/include/part1_pubsub/part1_pubsub/msg/detail
[0.595s] -- Up-to-date: /home/n3h4/Desktop/NEHA/SEDRICA/RosTut/install/part1_pubsub/include/part1_pubsub/part1_pubsub/msg/detail/eg__rosidl_typesupport_fastrtps_c.h
[0.595s] -- Up-to-date: /home/n3h4/Desktop/NEHA/SEDRICA/RosTut/install/part1_pubsub/lib/libpart1_pubsub__rosidl_typesupport_fastrtps_c.so
[0.595s] -- Up-to-date: /home/n3h4/Desktop/NEHA/SEDRICA/RosTut/install/part1_pubsub/include/part1_pubsub/part1_pubsub
[0.596s] -- Up-to-date: /home/n3h4/Desktop/NEHA/SEDRICA/RosTut/install/part1_pubsub/include/part1_pubsub/part1_pubsub/msg
[0.596s] -- Up-to-date: /home/n3h4/Desktop/NEHA/SEDRICA/RosTut/install/part1_pubsub/include/part1_pubsub/part1_pubsub/msg/eg.hpp
[0.596s] -- Up-to-date: /home/n3h4/Desktop/NEHA/SEDRICA/RosTut/install/part1_pubsub/include/part1_pubsub/part1_pubsub/msg/detail
[0.596s] -- Up-to-date: /home/n3h4/Desktop/NEHA/SEDRICA/RosTut/install/part1_pubsub/include/part1_pubsub/part1_pubsub/msg/detail/eg__traits.hpp
[0.596s] -- Up-to-date: /home/n3h4/Desktop/NEHA/SEDRICA/RosTut/install/part1_pubsub/include/part1_pubsub/part1_pubsub/msg/detail/eg__struct.hpp
[0.596s] -- Up-to-date: /home/n3h4/Desktop/NEHA/SEDRICA/RosTut/install/part1_pubsub/include/part1_pubsub/part1_pubsub/msg/detail/eg__builder.hpp
[0.597s] -- Up-to-date: /home/n3h4/Desktop/NEHA/SEDRICA/RosTut/install/part1_pubsub/include/part1_pubsub/part1_pubsub/msg/detail/eg__type_support.hpp
[0.597s] -- Up-to-date: /home/n3h4/Desktop/NEHA/SEDRICA/RosTut/install/part1_pubsub/include/part1_pubsub/part1_pubsub/msg/rosidl_generator_cpp__visibility_control.hpp
[0.597s] -- Up-to-date: /home/n3h4/Desktop/NEHA/SEDRICA/RosTut/install/part1_pubsub/include/part1_pubsub/part1_pubsub
[0.597s] -- Up-to-date: /home/n3h4/Desktop/NEHA/SEDRICA/RosTut/install/part1_pubsub/include/part1_pubsub/part1_pubsub/msg
[0.597s] -- Up-to-date: /home/n3h4/Desktop/NEHA/SEDRICA/RosTut/install/part1_pubsub/include/part1_pubsub/part1_pubsub/msg/rosidl_typesupport_fastrtps_cpp__visibility_control.h
[0.597s] -- Up-to-date: /home/n3h4/Desktop/NEHA/SEDRICA/RosTut/install/part1_pubsub/include/part1_pubsub/part1_pubsub/msg/detail
[0.598s] -- Up-to-date: /home/n3h4/Desktop/NEHA/SEDRICA/RosTut/install/part1_pubsub/include/part1_pubsub/part1_pubsub/msg/detail/dds_fastrtps
[0.598s] -- Up-to-date: /home/n3h4/Desktop/NEHA/SEDRICA/RosTut/install/part1_pubsub/include/part1_pubsub/part1_pubsub/msg/detail/eg__rosidl_typesupport_fastrtps_cpp.hpp
[0.599s] -- Up-to-date: /home/n3h4/Desktop/NEHA/SEDRICA/RosTut/install/part1_pubsub/lib/libpart1_pubsub__rosidl_typesupport_fastrtps_cpp.so
[0.599s] -- Up-to-date: /home/n3h4/Desktop/NEHA/SEDRICA/RosTut/install/part1_pubsub/include/part1_pubsub/part1_pubsub
[0.599s] -- Up-to-date: /home/n3h4/Desktop/NEHA/SEDRICA/RosTut/install/part1_pubsub/include/part1_pubsub/part1_pubsub/msg
[0.599s] -- Up-to-date: /home/n3h4/Desktop/NEHA/SEDRICA/RosTut/install/part1_pubsub/include/part1_pubsub/part1_pubsub/msg/rosidl_typesupport_introspection_c__visibility_control.h
[0.600s] -- Up-to-date: /home/n3h4/Desktop/NEHA/SEDRICA/RosTut/install/part1_pubsub/include/part1_pubsub/part1_pubsub/msg/detail
[0.600s] -- Up-to-date: /home/n3h4/Desktop/NEHA/SEDRICA/RosTut/install/part1_pubsub/include/part1_pubsub/part1_pubsub/msg/detail/eg__rosidl_typesupport_introspection_c.h
[0.600s] -- Up-to-date: /home/n3h4/Desktop/NEHA/SEDRICA/RosTut/install/part1_pubsub/include/part1_pubsub/part1_pubsub/msg/detail/eg__type_support.c
[0.601s] -- Up-to-date: /home/n3h4/Desktop/NEHA/SEDRICA/RosTut/install/part1_pubsub/lib/libpart1_pubsub__rosidl_typesupport_introspection_c.so
[0.601s] -- Up-to-date: /home/n3h4/Desktop/NEHA/SEDRICA/RosTut/install/part1_pubsub/lib/libpart1_pubsub__rosidl_typesupport_c.so
[0.601s] -- Up-to-date: /home/n3h4/Desktop/NEHA/SEDRICA/RosTut/install/part1_pubsub/include/part1_pubsub/part1_pubsub
[0.601s] -- Up-to-date: /home/n3h4/Desktop/NEHA/SEDRICA/RosTut/install/part1_pubsub/include/part1_pubsub/part1_pubsub/msg
[0.602s] -- Up-to-date: /home/n3h4/Desktop/NEHA/SEDRICA/RosTut/install/part1_pubsub/include/part1_pubsub/part1_pubsub/msg/detail
[0.602s] -- Up-to-date: /home/n3h4/Desktop/NEHA/SEDRICA/RosTut/install/part1_pubsub/include/part1_pubsub/part1_pubsub/msg/detail/eg__rosidl_typesupport_introspection_cpp.hpp
[0.603s] -- Up-to-date: /home/n3h4/Desktop/NEHA/SEDRICA/RosTut/install/part1_pubsub/include/part1_pubsub/part1_pubsub/msg/detail/eg__type_support.cpp
[0.603s] -- Up-to-date: /home/n3h4/Desktop/NEHA/SEDRICA/RosTut/install/part1_pubsub/lib/libpart1_pubsub__rosidl_typesupport_introspection_cpp.so
[0.603s] -- Up-to-date: /home/n3h4/Desktop/NEHA/SEDRICA/RosTut/install/part1_pubsub/lib/libpart1_pubsub__rosidl_typesupport_cpp.so
[0.603s] -- Up-to-date: /home/n3h4/Desktop/NEHA/SEDRICA/RosTut/install/part1_pubsub/local/lib/python3.10/dist-packages/part1_pubsub-0.0.0-py3.10.egg-info
[0.604s] -- Installing: /home/n3h4/Desktop/NEHA/SEDRICA/RosTut/install/part1_pubsub/local/lib/python3.10/dist-packages/part1_pubsub-0.0.0-py3.10.egg-info/top_level.txt
[0.605s] -- Installing: /home/n3h4/Desktop/NEHA/SEDRICA/RosTut/install/part1_pubsub/local/lib/python3.10/dist-packages/part1_pubsub-0.0.0-py3.10.egg-info/SOURCES.txt
[0.605s] -- Installing: /home/n3h4/Desktop/NEHA/SEDRICA/RosTut/install/part1_pubsub/local/lib/python3.10/dist-packages/part1_pubsub-0.0.0-py3.10.egg-info/dependency_links.txt
[0.606s] -- Installing: /home/n3h4/Desktop/NEHA/SEDRICA/RosTut/install/part1_pubsub/local/lib/python3.10/dist-packages/part1_pubsub-0.0.0-py3.10.egg-info/PKG-INFO
[0.606s] -- Up-to-date: /home/n3h4/Desktop/NEHA/SEDRICA/RosTut/install/part1_pubsub/local/lib/python3.10/dist-packages/part1_pubsub
[0.606s] -- Up-to-date: /home/n3h4/Desktop/NEHA/SEDRICA/RosTut/install/part1_pubsub/local/lib/python3.10/dist-packages/part1_pubsub/msg
[0.607s] -- Up-to-date: /home/n3h4/Desktop/NEHA/SEDRICA/RosTut/install/part1_pubsub/local/lib/python3.10/dist-packages/part1_pubsub/msg/_eg.py
[0.607s] -- Up-to-date: /home/n3h4/Desktop/NEHA/SEDRICA/RosTut/install/part1_pubsub/local/lib/python3.10/dist-packages/part1_pubsub/msg/__init__.py
[0.608s] -- Up-to-date: /home/n3h4/Desktop/NEHA/SEDRICA/RosTut/install/part1_pubsub/local/lib/python3.10/dist-packages/part1_pubsub/msg/_eg_s.c
[0.608s] -- Up-to-date: /home/n3h4/Desktop/NEHA/SEDRICA/RosTut/install/part1_pubsub/local/lib/python3.10/dist-packages/part1_pubsub/part1_pubsub_s__rosidl_typesupport_introspection_c.cpython-310-x86_64-linux-gnu.so
[0.609s] -- Up-to-date: /home/n3h4/Desktop/NEHA/SEDRICA/RosTut/install/part1_pubsub/local/lib/python3.10/dist-packages/part1_pubsub/libpart1_pubsub__rosidl_generator_py.so
[0.609s] -- Up-to-date: /home/n3h4/Desktop/NEHA/SEDRICA/RosTut/install/part1_pubsub/local/lib/python3.10/dist-packages/part1_pubsub/part1_pubsub_s__rosidl_typesupport_c.cpython-310-x86_64-linux-gnu.so
[0.609s] -- Up-to-date: /home/n3h4/Desktop/NEHA/SEDRICA/RosTut/install/part1_pubsub/local/lib/python3.10/dist-packages/part1_pubsub/_part1_pubsub_s.ep.rosidl_typesupport_introspection_c.c
[0.609s] -- Up-to-date: /home/n3h4/Desktop/NEHA/SEDRICA/RosTut/install/part1_pubsub/local/lib/python3.10/dist-packages/part1_pubsub/_part1_pubsub_s.ep.rosidl_typesupport_c.c
[0.610s] -- Up-to-date: /home/n3h4/Desktop/NEHA/SEDRICA/RosTut/install/part1_pubsub/local/lib/python3.10/dist-packages/part1_pubsub/__init__.py
[0.610s] -- Up-to-date: /home/n3h4/Desktop/NEHA/SEDRICA/RosTut/install/part1_pubsub/local/lib/python3.10/dist-packages/part1_pubsub/_part1_pubsub_s.ep.rosidl_typesupport_fastrtps_c.c
[0.611s] -- Up-to-date: /home/n3h4/Desktop/NEHA/SEDRICA/RosTut/install/part1_pubsub/local/lib/python3.10/dist-packages/part1_pubsub/part1_pubsub_s__rosidl_typesupport_fastrtps_c.cpython-310-x86_64-linux-gnu.so
[0.625s] Listing '/home/n3h4/Desktop/NEHA/SEDRICA/RosTut/install/part1_pubsub/local/lib/python3.10/dist-packages/part1_pubsub'...
[0.625s] Listing '/home/n3h4/Desktop/NEHA/SEDRICA/RosTut/install/part1_pubsub/local/lib/python3.10/dist-packages/part1_pubsub/msg'...
[0.628s] -- Up-to-date: /home/n3h4/Desktop/NEHA/SEDRICA/RosTut/install/part1_pubsub/local/lib/python3.10/dist-packages/part1_pubsub/part1_pubsub_s__rosidl_typesupport_fastrtps_c.cpython-310-x86_64-linux-gnu.so
[0.630s] -- Up-to-date: /home/n3h4/Desktop/NEHA/SEDRICA/RosTut/install/part1_pubsub/local/lib/python3.10/dist-packages/part1_pubsub/part1_pubsub_s__rosidl_typesupport_introspection_c.cpython-310-x86_64-linux-gnu.so
[0.630s] -- Up-to-date: /home/n3h4/Desktop/NEHA/SEDRICA/RosTut/install/part1_pubsub/local/lib/python3.10/dist-packages/part1_pubsub/part1_pubsub_s__rosidl_typesupport_c.cpython-310-x86_64-linux-gnu.so
[0.630s] -- Up-to-date: /home/n3h4/Desktop/NEHA/SEDRICA/RosTut/install/part1_pubsub/lib/libpart1_pubsub__rosidl_generator_py.so
[0.630s] -- Up-to-date: /home/n3h4/Desktop/NEHA/SEDRICA/RosTut/install/part1_pubsub/share/part1_pubsub/msg/Eg.idl
[0.630s] -- Up-to-date: /home/n3h4/Desktop/NEHA/SEDRICA/RosTut/install/part1_pubsub/share/part1_pubsub/msg/Eg.msg
[0.630s] -- Up-to-date: /home/n3h4/Desktop/NEHA/SEDRICA/RosTut/install/part1_pubsub/share/ament_index/resource_index/package_run_dependencies/part1_pubsub
[0.631s] -- Up-to-date: /home/n3h4/Desktop/NEHA/SEDRICA/RosTut/install/part1_pubsub/share/ament_index/resource_index/parent_prefix_path/part1_pubsub
[0.631s] -- Up-to-date: /home/n3h4/Desktop/NEHA/SEDRICA/RosTut/install/part1_pubsub/share/part1_pubsub/environment/ament_prefix_path.sh
[0.631s] -- Up-to-date: /home/n3h4/Desktop/NEHA/SEDRICA/RosTut/install/part1_pubsub/share/part1_pubsub/environment/ament_prefix_path.dsv
[0.631s] -- Up-to-date: /home/n3h4/Desktop/NEHA/SEDRICA/RosTut/install/part1_pubsub/share/part1_pubsub/environment/path.sh
[0.631s] -- Up-to-date: /home/n3h4/Desktop/NEHA/SEDRICA/RosTut/install/part1_pubsub/share/part1_pubsub/environment/path.dsv
[0.631s] -- Up-to-date: /home/n3h4/Desktop/NEHA/SEDRICA/RosTut/install/part1_pubsub/share/part1_pubsub/local_setup.bash
[0.631s] -- Up-to-date: /home/n3h4/Desktop/NEHA/SEDRICA/RosTut/install/part1_pubsub/share/part1_pubsub/local_setup.sh
[0.632s] -- Up-to-date: /home/n3h4/Desktop/NEHA/SEDRICA/RosTut/install/part1_pubsub/share/part1_pubsub/local_setup.zsh
[0.632s] -- Up-to-date: /home/n3h4/Desktop/NEHA/SEDRICA/RosTut/install/part1_pubsub/share/part1_pubsub/local_setup.dsv
[0.632s] -- Up-to-date: /home/n3h4/Desktop/NEHA/SEDRICA/RosTut/install/part1_pubsub/share/part1_pubsub/package.dsv
[0.632s] -- Up-to-date: /home/n3h4/Desktop/NEHA/SEDRICA/RosTut/install/part1_pubsub/share/ament_index/resource_index/packages/part1_pubsub
[0.632s] -- Up-to-date: /home/n3h4/Desktop/NEHA/SEDRICA/RosTut/install/part1_pubsub/share/part1_pubsub/cmake/export_part1_pubsub__rosidl_generator_cExport.cmake
[0.632s] -- Up-to-date: /home/n3h4/Desktop/NEHA/SEDRICA/RosTut/install/part1_pubsub/share/part1_pubsub/cmake/export_part1_pubsub__rosidl_generator_cExport-noconfig.cmake
[0.633s] -- Up-to-date: /home/n3h4/Desktop/NEHA/SEDRICA/RosTut/install/part1_pubsub/share/part1_pubsub/cmake/export_part1_pubsub__rosidl_typesupport_fastrtps_cExport.cmake
[0.633s] -- Up-to-date: /home/n3h4/Desktop/NEHA/SEDRICA/RosTut/install/part1_pubsub/share/part1_pubsub/cmake/export_part1_pubsub__rosidl_typesupport_fastrtps_cExport-noconfig.cmake
[0.633s] -- Up-to-date: /home/n3h4/Desktop/NEHA/SEDRICA/RosTut/install/part1_pubsub/share/part1_pubsub/cmake/export_part1_pubsub__rosidl_generator_cppExport.cmake
[0.633s] -- Up-to-date: /home/n3h4/Desktop/NEHA/SEDRICA/RosTut/install/part1_pubsub/share/part1_pubsub/cmake/export_part1_pubsub__rosidl_typesupport_fastrtps_cppExport.cmake
[0.633s] -- Up-to-date: /home/n3h4/Desktop/NEHA/SEDRICA/RosTut/install/part1_pubsub/share/part1_pubsub/cmake/export_part1_pubsub__rosidl_typesupport_fastrtps_cppExport-noconfig.cmake
[0.633s] -- Up-to-date: /home/n3h4/Desktop/NEHA/SEDRICA/RosTut/install/part1_pubsub/share/part1_pubsub/cmake/part1_pubsub__rosidl_typesupport_introspection_cExport.cmake
[0.633s] -- Up-to-date: /home/n3h4/Desktop/NEHA/SEDRICA/RosTut/install/part1_pubsub/share/part1_pubsub/cmake/part1_pubsub__rosidl_typesupport_introspection_cExport-noconfig.cmake
[0.633s] -- Up-to-date: /home/n3h4/Desktop/NEHA/SEDRICA/RosTut/install/part1_pubsub/share/part1_pubsub/cmake/part1_pubsub__rosidl_typesupport_cExport.cmake
[0.634s] -- Up-to-date: /home/n3h4/Desktop/NEHA/SEDRICA/RosTut/install/part1_pubsub/share/part1_pubsub/cmake/part1_pubsub__rosidl_typesupport_cExport-noconfig.cmake
[0.634s] -- Up-to-date: /home/n3h4/Desktop/NEHA/SEDRICA/RosTut/install/part1_pubsub/share/part1_pubsub/cmake/part1_pubsub__rosidl_typesupport_introspection_cppExport.cmake
[0.634s] -- Up-to-date: /home/n3h4/Desktop/NEHA/SEDRICA/RosTut/install/part1_pubsub/share/part1_pubsub/cmake/part1_pubsub__rosidl_typesupport_introspection_cppExport-noconfig.cmake
[0.634s] -- Up-to-date: /home/n3h4/Desktop/NEHA/SEDRICA/RosTut/install/part1_pubsub/share/part1_pubsub/cmake/part1_pubsub__rosidl_typesupport_cppExport.cmake
[0.634s] -- Up-to-date: /home/n3h4/Desktop/NEHA/SEDRICA/RosTut/install/part1_pubsub/share/part1_pubsub/cmake/part1_pubsub__rosidl_typesupport_cppExport-noconfig.cmake
[0.634s] -- Up-to-date: /home/n3h4/Desktop/NEHA/SEDRICA/RosTut/install/part1_pubsub/share/part1_pubsub/cmake/export_part1_pubsub__rosidl_generator_pyExport.cmake
[0.634s] -- Up-to-date: /home/n3h4/Desktop/NEHA/SEDRICA/RosTut/install/part1_pubsub/share/part1_pubsub/cmake/export_part1_pubsub__rosidl_generator_pyExport-noconfig.cmake
[0.634s] -- Up-to-date: /home/n3h4/Desktop/NEHA/SEDRICA/RosTut/install/part1_pubsub/share/part1_pubsub/cmake/rosidl_cmake-extras.cmake
[0.635s] -- Up-to-date: /home/n3h4/Desktop/NEHA/SEDRICA/RosTut/install/part1_pubsub/share/part1_pubsub/cmake/ament_cmake_export_include_directories-extras.cmake
[0.640s] -- Up-to-date: /home/n3h4/Desktop/NEHA/SEDRICA/RosTut/install/part1_pubsub/share/part1_pubsub/cmake/ament_cmake_export_libraries-extras.cmake
[0.640s] -- Up-to-date: /home/n3h4/Desktop/NEHA/SEDRICA/RosTut/install/part1_pubsub/share/part1_pubsub/cmake/ament_cmake_export_targets-extras.cmake
[0.640s] -- Up-to-date: /home/n3h4/Desktop/NEHA/SEDRICA/RosTut/install/part1_pubsub/share/part1_pubsub/cmake/rosidl_cmake_export_typesupport_targets-extras.cmake
[0.640s] -- Up-to-date: /home/n3h4/Desktop/NEHA/SEDRICA/RosTut/install/part1_pubsub/share/part1_pubsub/cmake/ament_cmake_export_dependencies-extras.cmake
[0.641s] -- Up-to-date: /home/n3h4/Desktop/NEHA/SEDRICA/RosTut/install/part1_pubsub/share/part1_pubsub/cmake/rosidl_cmake_export_typesupport_libraries-extras.cmake
[0.641s] -- Up-to-date: /home/n3h4/Desktop/NEHA/SEDRICA/RosTut/install/part1_pubsub/share/part1_pubsub/cmake/part1_pubsubConfig.cmake
[0.641s] -- Up-to-date: /home/n3h4/Desktop/NEHA/SEDRICA/RosTut/install/part1_pubsub/share/part1_pubsub/cmake/part1_pubsubConfig-version.cmake
[0.641s] -- Up-to-date: /home/n3h4/Desktop/NEHA/SEDRICA/RosTut/install/part1_pubsub/share/part1_pubsub/package.xml
[0.641s] Invoked command in '/home/n3h4/Desktop/NEHA/SEDRICA/RosTut/build/part1_pubsub' returned '0': CMAKE_PREFIX_PATH=${CMAKE_PREFIX_PATH}:/opt/ros/humble /usr/bin/cmake --install /home/n3h4/Desktop/NEHA/SEDRICA/RosTut/build/part1_pubsub
