[0.028s] Invoking command in '/home/n3h4/Desktop/NEHA/SEDRICA/RosTut/build/part1_pubsub': CMAKE_PREFIX_PATH=/opt/ros/humble /usr/bin/cmake --build /home/n3h4/Desktop/NEHA/SEDRICA/RosTut/build/part1_pubsub -- -j12 -l12
[0.054s] -- Found ament_cmake: 1.3.13 (/opt/ros/humble/share/ament_cmake/cmake)
[0.297s] -- Found rclcpp: 16.0.18 (/opt/ros/humble/share/rclcpp/cmake)
[0.334s] -- Found rosidl_generator_c: 3.1.8 (/opt/ros/humble/share/rosidl_generator_c/cmake)
[0.337s] -- Found rosidl_adapter: 3.1.8 (/opt/ros/humble/share/rosidl_adapter/cmake)
[0.344s] -- Found rosidl_generator_cpp: 3.1.8 (/opt/ros/humble/share/rosidl_generator_cpp/cmake)
[0.355s] -- Using all available rosidl_typesupport_c: rosidl_typesupport_fastrtps_c;rosidl_typesupport_introspection_c
[0.369s] -- Using all available rosidl_typesupport_cpp: rosidl_typesupport_fastrtps_cpp;rosidl_typesupport_introspection_cpp
[0.405s] -- Found rmw_implementation_cmake: 6.1.2 (/opt/ros/humble/share/rmw_implementation_cmake/cmake)
[0.407s] -- Found rmw_fastrtps_cpp: 6.2.10 (/opt/ros/humble/share/rmw_fastrtps_cpp/cmake)
[0.530s] -- Using RMW implementation 'rmw_fastrtps_cpp' as default
[0.597s] -- Found rclpy: 3.3.20 (/opt/ros/humble/share/rclpy/cmake)
[0.722s] -- Configuring done
[0.727s] -- Generating done
[0.730s] -- Build files have been written to: /home/n3h4/Desktop/NEHA/SEDRICA/RosTut/build/part1_pubsub
[0.768s] Built target ament_cmake_python_copy_part1_pubsub_modules
[1.018s] running egg_info
[1.019s] writing part1_pubsub_modules.egg-info/PKG-INFO
[1.020s] writing dependency_links to part1_pubsub_modules.egg-info/dependency_links.txt
[1.020s] writing top-level names to part1_pubsub_modules.egg-info/top_level.txt
[1.022s] reading manifest file 'part1_pubsub_modules.egg-info/SOURCES.txt'
[1.024s] writing manifest file 'part1_pubsub_modules.egg-info/SOURCES.txt'
[1.052s] Built target ament_cmake_python_build_part1_pubsub_modules_egg
[1.063s] Invoked command in '/home/n3h4/Desktop/NEHA/SEDRICA/RosTut/build/part1_pubsub' returned '0': CMAKE_PREFIX_PATH=/opt/ros/humble /usr/bin/cmake --build /home/n3h4/Desktop/NEHA/SEDRICA/RosTut/build/part1_pubsub -- -j12 -l12
[1.065s] Invoking command in '/home/n3h4/Desktop/NEHA/SEDRICA/RosTut/build/part1_pubsub': CMAKE_PREFIX_PATH=/opt/ros/humble /usr/bin/cmake --install /home/n3h4/Desktop/NEHA/SEDRICA/RosTut/build/part1_pubsub
[1.074s] -- Install configuration: ""
[1.074s] -- Up-to-date: /home/n3h4/Desktop/NEHA/SEDRICA/RosTut/install/part1_pubsub/share/part1_pubsub/environment/pythonpath.sh
[1.074s] -- Installing: /home/n3h4/Desktop/NEHA/SEDRICA/RosTut/install/part1_pubsub/share/part1_pubsub/environment/pythonpath.dsv
[1.074s] -- Up-to-date: /home/n3h4/Desktop/NEHA/SEDRICA/RosTut/install/part1_pubsub/local/lib/python3.10/dist-packages/part1_pubsub_modules-0.0.0-py3.10.egg-info
[1.074s] -- Installing: /home/n3h4/Desktop/NEHA/SEDRICA/RosTut/install/part1_pubsub/local/lib/python3.10/dist-packages/part1_pubsub_modules-0.0.0-py3.10.egg-info/top_level.txt
[1.074s] -- Installing: /home/n3h4/Desktop/NEHA/SEDRICA/RosTut/install/part1_pubsub/local/lib/python3.10/dist-packages/part1_pubsub_modules-0.0.0-py3.10.egg-info/SOURCES.txt
[1.074s] -- Installing: /home/n3h4/Desktop/NEHA/SEDRICA/RosTut/install/part1_pubsub/local/lib/python3.10/dist-packages/part1_pubsub_modules-0.0.0-py3.10.egg-info/dependency_links.txt
[1.075s] -- Installing: /home/n3h4/Desktop/NEHA/SEDRICA/RosTut/install/part1_pubsub/local/lib/python3.10/dist-packages/part1_pubsub_modules-0.0.0-py3.10.egg-info/PKG-INFO
[1.075s] -- Up-to-date: /home/n3h4/Desktop/NEHA/SEDRICA/RosTut/install/part1_pubsub/local/lib/python3.10/dist-packages/part1_pubsub_modules
[1.075s] -- Up-to-date: /home/n3h4/Desktop/NEHA/SEDRICA/RosTut/install/part1_pubsub/local/lib/python3.10/dist-packages/part1_pubsub_modules/__init__.py
[1.075s] -- Up-to-date: /home/n3h4/Desktop/NEHA/SEDRICA/RosTut/install/part1_pubsub/local/lib/python3.10/dist-packages/part1_pubsub_modules/tb3_tools.py
[1.107s] Listing '/home/n3h4/Desktop/NEHA/SEDRICA/RosTut/install/part1_pubsub/local/lib/python3.10/dist-packages/part1_pubsub_modules'...
[1.112s] -- Up-to-date: /home/n3h4/Desktop/NEHA/SEDRICA/RosTut/install/part1_pubsub/lib/part1_pubsub/basic_velocity_control.py
[1.112s] -- Up-to-date: /home/n3h4/Desktop/NEHA/SEDRICA/RosTut/install/part1_pubsub/lib/part1_pubsub/stop_me.py
[1.112s] -- Up-to-date: /home/n3h4/Desktop/NEHA/SEDRICA/RosTut/install/part1_pubsub/lib/part1_pubsub/publisher.py
[1.112s] -- Installing: /home/n3h4/Desktop/NEHA/SEDRICA/RosTut/install/part1_pubsub/lib/part1_pubsub/subscriber.py
[1.112s] -- Up-to-date: /home/n3h4/Desktop/NEHA/SEDRICA/RosTut/install/part1_pubsub/share/ament_index/resource_index/package_run_dependencies/part1_pubsub
[1.113s] -- Up-to-date: /home/n3h4/Desktop/NEHA/SEDRICA/RosTut/install/part1_pubsub/share/ament_index/resource_index/parent_prefix_path/part1_pubsub
[1.113s] -- Up-to-date: /home/n3h4/Desktop/NEHA/SEDRICA/RosTut/install/part1_pubsub/share/part1_pubsub/environment/ament_prefix_path.sh
[1.113s] -- Installing: /home/n3h4/Desktop/NEHA/SEDRICA/RosTut/install/part1_pubsub/share/part1_pubsub/environment/ament_prefix_path.dsv
[1.114s] -- Up-to-date: /home/n3h4/Desktop/NEHA/SEDRICA/RosTut/install/part1_pubsub/share/part1_pubsub/environment/path.sh
[1.114s] -- Installing: /home/n3h4/Desktop/NEHA/SEDRICA/RosTut/install/part1_pubsub/share/part1_pubsub/environment/path.dsv
[1.114s] -- Up-to-date: /home/n3h4/Desktop/NEHA/SEDRICA/RosTut/install/part1_pubsub/share/part1_pubsub/local_setup.bash
[1.114s] -- Up-to-date: /home/n3h4/Desktop/NEHA/SEDRICA/RosTut/install/part1_pubsub/share/part1_pubsub/local_setup.sh
[1.114s] -- Up-to-date: /home/n3h4/Desktop/NEHA/SEDRICA/RosTut/install/part1_pubsub/share/part1_pubsub/local_setup.zsh
[1.115s] -- Installing: /home/n3h4/Desktop/NEHA/SEDRICA/RosTut/install/part1_pubsub/share/part1_pubsub/local_setup.dsv
[1.115s] -- Installing: /home/n3h4/Desktop/NEHA/SEDRICA/RosTut/install/part1_pubsub/share/part1_pubsub/package.dsv
[1.115s] -- Up-to-date: /home/n3h4/Desktop/NEHA/SEDRICA/RosTut/install/part1_pubsub/share/ament_index/resource_index/packages/part1_pubsub
[1.115s] -- Up-to-date: /home/n3h4/Desktop/NEHA/SEDRICA/RosTut/install/part1_pubsub/share/part1_pubsub/cmake/part1_pubsubConfig.cmake
[1.115s] -- Up-to-date: /home/n3h4/Desktop/NEHA/SEDRICA/RosTut/install/part1_pubsub/share/part1_pubsub/cmake/part1_pubsubConfig-version.cmake
[1.115s] -- Up-to-date: /home/n3h4/Desktop/NEHA/SEDRICA/RosTut/install/part1_pubsub/share/part1_pubsub/package.xml
[1.118s] Invoked command in '/home/n3h4/Desktop/NEHA/SEDRICA/RosTut/build/part1_pubsub' returned '0': CMAKE_PREFIX_PATH=/opt/ros/humble /usr/bin/cmake --install /home/n3h4/Desktop/NEHA/SEDRICA/RosTut/build/part1_pubsub
