[0.025s] Invoking command in '/home/n3h4/Desktop/NEHA/SEDRICA/RosTut/build/tuos_interfaces': CMAKE_PREFIX_PATH=${CMAKE_PREFIX_PATH}:/opt/ros/humble /usr/bin/cmake --build /home/n3h4/Desktop/NEHA/SEDRICA/RosTut/build/tuos_interfaces -- -j12 -l12
[0.079s] [  2%] Built target tuos_interfaces__cpp
[0.089s] [ 12%] Built target tuos_interfaces__rosidl_generator_c
[0.108s] [ 12%] Built target ament_cmake_python_copy_tuos_interfaces
[0.113s] [ 23%] Built target tuos_interfaces__rosidl_typesupport_fastrtps_cpp
[0.113s] [ 34%] Built target tuos_interfaces__rosidl_typesupport_c
[0.115s] [ 44%] Built target tuos_interfaces__rosidl_typesupport_cpp
[0.115s] [ 65%] Built target tuos_interfaces__rosidl_typesupport_introspection_c
[0.115s] [ 65%] Built target tuos_interfaces__rosidl_typesupport_introspection_cpp
[0.118s] [ 76%] Built target tuos_interfaces__rosidl_typesupport_fastrtps_c
[0.141s] [ 76%] Built target tuos_interfaces
[0.163s] [ 78%] Built target tuos_interfaces__py
[0.188s] [ 87%] Built target tuos_interfaces__rosidl_generator_py
[0.228s] [ 91%] Built target tuos_interfaces__rosidl_typesupport_introspection_c__pyext
[0.228s] [ 95%] Built target tuos_interfaces__rosidl_typesupport_c__pyext
[0.229s] [100%] Built target tuos_interfaces__rosidl_typesupport_fastrtps_c__pyext
[0.384s] running egg_info
[0.384s] writing tuos_interfaces.egg-info/PKG-INFO
[0.385s] writing dependency_links to tuos_interfaces.egg-info/dependency_links.txt
[0.385s] writing top-level names to tuos_interfaces.egg-info/top_level.txt
[0.387s] reading manifest file 'tuos_interfaces.egg-info/SOURCES.txt'
[0.388s] writing manifest file 'tuos_interfaces.egg-info/SOURCES.txt'
[0.416s] [100%] Built target ament_cmake_python_build_tuos_interfaces_egg
[0.428s] Invoked command in '/home/n3h4/Desktop/NEHA/SEDRICA/RosTut/build/tuos_interfaces' returned '0': CMAKE_PREFIX_PATH=${CMAKE_PREFIX_PATH}:/opt/ros/humble /usr/bin/cmake --build /home/n3h4/Desktop/NEHA/SEDRICA/RosTut/build/tuos_interfaces -- -j12 -l12
[0.430s] Invoking command in '/home/n3h4/Desktop/NEHA/SEDRICA/RosTut/build/tuos_interfaces': CMAKE_PREFIX_PATH=${CMAKE_PREFIX_PATH}:/opt/ros/humble /usr/bin/cmake --install /home/n3h4/Desktop/NEHA/SEDRICA/RosTut/build/tuos_interfaces
[0.437s] -- Install configuration: ""
[0.438s] -- Up-to-date: /home/n3h4/Desktop/NEHA/SEDRICA/RosTut/install/tuos_interfaces/share/ament_index/resource_index/rosidl_interfaces/tuos_interfaces
[0.438s] -- Up-to-date: /home/n3h4/Desktop/NEHA/SEDRICA/RosTut/install/tuos_interfaces/include/tuos_interfaces/tuos_interfaces
[0.438s] -- Up-to-date: /home/n3h4/Desktop/NEHA/SEDRICA/RosTut/install/tuos_interfaces/include/tuos_interfaces/tuos_interfaces/msg
[0.438s] -- Up-to-date: /home/n3h4/Desktop/NEHA/SEDRICA/RosTut/install/tuos_interfaces/include/tuos_interfaces/tuos_interfaces/msg/num.h
[0.438s] -- Up-to-date: /home/n3h4/Desktop/NEHA/SEDRICA/RosTut/install/tuos_interfaces/include/tuos_interfaces/tuos_interfaces/msg/detail
[0.438s] -- Up-to-date: /home/n3h4/Desktop/NEHA/SEDRICA/RosTut/install/tuos_interfaces/include/tuos_interfaces/tuos_interfaces/msg/detail/num__struct.h
[0.438s] -- Up-to-date: /home/n3h4/Desktop/NEHA/SEDRICA/RosTut/install/tuos_interfaces/include/tuos_interfaces/tuos_interfaces/msg/detail/num__functions.c
[0.438s] -- Up-to-date: /home/n3h4/Desktop/NEHA/SEDRICA/RosTut/install/tuos_interfaces/include/tuos_interfaces/tuos_interfaces/msg/detail/num__functions.h
[0.439s] -- Up-to-date: /home/n3h4/Desktop/NEHA/SEDRICA/RosTut/install/tuos_interfaces/include/tuos_interfaces/tuos_interfaces/msg/detail/num__type_support.h
[0.439s] -- Up-to-date: /home/n3h4/Desktop/NEHA/SEDRICA/RosTut/install/tuos_interfaces/include/tuos_interfaces/tuos_interfaces/msg/rosidl_generator_c__visibility_control.h
[0.439s] -- Up-to-date: /home/n3h4/Desktop/NEHA/SEDRICA/RosTut/install/tuos_interfaces/include/tuos_interfaces/tuos_interfaces/action
[0.439s] -- Up-to-date: /home/n3h4/Desktop/NEHA/SEDRICA/RosTut/install/tuos_interfaces/include/tuos_interfaces/tuos_interfaces/action/camera_sweep.h
[0.439s] -- Up-to-date: /home/n3h4/Desktop/NEHA/SEDRICA/RosTut/install/tuos_interfaces/include/tuos_interfaces/tuos_interfaces/action/detail
[0.439s] -- Up-to-date: /home/n3h4/Desktop/NEHA/SEDRICA/RosTut/install/tuos_interfaces/include/tuos_interfaces/tuos_interfaces/action/detail/camera_sweep__type_support.h
[0.439s] -- Up-to-date: /home/n3h4/Desktop/NEHA/SEDRICA/RosTut/install/tuos_interfaces/include/tuos_interfaces/tuos_interfaces/action/detail/camera_sweep__struct.h
[0.439s] -- Up-to-date: /home/n3h4/Desktop/NEHA/SEDRICA/RosTut/install/tuos_interfaces/include/tuos_interfaces/tuos_interfaces/action/detail/camera_sweep__functions.c
[0.440s] -- Up-to-date: /home/n3h4/Desktop/NEHA/SEDRICA/RosTut/install/tuos_interfaces/include/tuos_interfaces/tuos_interfaces/action/detail/camera_sweep__functions.h
[0.440s] -- Up-to-date: /home/n3h4/Desktop/NEHA/SEDRICA/RosTut/install/tuos_interfaces/include/tuos_interfaces/tuos_interfaces/srv
[0.440s] -- Up-to-date: /home/n3h4/Desktop/NEHA/SEDRICA/RosTut/install/tuos_interfaces/include/tuos_interfaces/tuos_interfaces/srv/number_game.h
[0.440s] -- Up-to-date: /home/n3h4/Desktop/NEHA/SEDRICA/RosTut/install/tuos_interfaces/include/tuos_interfaces/tuos_interfaces/srv/detail
[0.440s] -- Up-to-date: /home/n3h4/Desktop/NEHA/SEDRICA/RosTut/install/tuos_interfaces/include/tuos_interfaces/tuos_interfaces/srv/detail/number_game__struct.h
[0.441s] -- Up-to-date: /home/n3h4/Desktop/NEHA/SEDRICA/RosTut/install/tuos_interfaces/include/tuos_interfaces/tuos_interfaces/srv/detail/number_game__functions.h
[0.441s] -- Up-to-date: /home/n3h4/Desktop/NEHA/SEDRICA/RosTut/install/tuos_interfaces/include/tuos_interfaces/tuos_interfaces/srv/detail/number_game__functions.c
[0.441s] -- Up-to-date: /home/n3h4/Desktop/NEHA/SEDRICA/RosTut/install/tuos_interfaces/include/tuos_interfaces/tuos_interfaces/srv/detail/number_game__type_support.h
[0.441s] -- Up-to-date: /home/n3h4/Desktop/NEHA/SEDRICA/RosTut/install/tuos_interfaces/share/tuos_interfaces/environment/library_path.sh
[0.441s] -- Up-to-date: /home/n3h4/Desktop/NEHA/SEDRICA/RosTut/install/tuos_interfaces/share/tuos_interfaces/environment/library_path.dsv
[0.441s] -- Up-to-date: /home/n3h4/Desktop/NEHA/SEDRICA/RosTut/install/tuos_interfaces/lib/libtuos_interfaces__rosidl_generator_c.so
[0.441s] -- Up-to-date: /home/n3h4/Desktop/NEHA/SEDRICA/RosTut/install/tuos_interfaces/include/tuos_interfaces/tuos_interfaces
[0.442s] -- Up-to-date: /home/n3h4/Desktop/NEHA/SEDRICA/RosTut/install/tuos_interfaces/include/tuos_interfaces/tuos_interfaces/msg
[0.442s] -- Up-to-date: /home/n3h4/Desktop/NEHA/SEDRICA/RosTut/install/tuos_interfaces/include/tuos_interfaces/tuos_interfaces/msg/rosidl_typesupport_fastrtps_c__visibility_control.h
[0.442s] -- Up-to-date: /home/n3h4/Desktop/NEHA/SEDRICA/RosTut/install/tuos_interfaces/include/tuos_interfaces/tuos_interfaces/msg/detail
[0.442s] -- Up-to-date: /home/n3h4/Desktop/NEHA/SEDRICA/RosTut/install/tuos_interfaces/include/tuos_interfaces/tuos_interfaces/msg/detail/num__rosidl_typesupport_fastrtps_c.h
[0.442s] -- Up-to-date: /home/n3h4/Desktop/NEHA/SEDRICA/RosTut/install/tuos_interfaces/include/tuos_interfaces/tuos_interfaces/action
[0.443s] -- Up-to-date: /home/n3h4/Desktop/NEHA/SEDRICA/RosTut/install/tuos_interfaces/include/tuos_interfaces/tuos_interfaces/action/detail
[0.443s] -- Up-to-date: /home/n3h4/Desktop/NEHA/SEDRICA/RosTut/install/tuos_interfaces/include/tuos_interfaces/tuos_interfaces/action/detail/camera_sweep__rosidl_typesupport_fastrtps_c.h
[0.443s] -- Up-to-date: /home/n3h4/Desktop/NEHA/SEDRICA/RosTut/install/tuos_interfaces/include/tuos_interfaces/tuos_interfaces/srv
[0.443s] -- Up-to-date: /home/n3h4/Desktop/NEHA/SEDRICA/RosTut/install/tuos_interfaces/include/tuos_interfaces/tuos_interfaces/srv/detail
[0.443s] -- Up-to-date: /home/n3h4/Desktop/NEHA/SEDRICA/RosTut/install/tuos_interfaces/include/tuos_interfaces/tuos_interfaces/srv/detail/number_game__rosidl_typesupport_fastrtps_c.h
[0.443s] -- Up-to-date: /home/n3h4/Desktop/NEHA/SEDRICA/RosTut/install/tuos_interfaces/lib/libtuos_interfaces__rosidl_typesupport_fastrtps_c.so
[0.443s] -- Up-to-date: /home/n3h4/Desktop/NEHA/SEDRICA/RosTut/install/tuos_interfaces/include/tuos_interfaces/tuos_interfaces
[0.444s] -- Up-to-date: /home/n3h4/Desktop/NEHA/SEDRICA/RosTut/install/tuos_interfaces/include/tuos_interfaces/tuos_interfaces/msg
[0.444s] -- Up-to-date: /home/n3h4/Desktop/NEHA/SEDRICA/RosTut/install/tuos_interfaces/include/tuos_interfaces/tuos_interfaces/msg/num.hpp
[0.444s] -- Up-to-date: /home/n3h4/Desktop/NEHA/SEDRICA/RosTut/install/tuos_interfaces/include/tuos_interfaces/tuos_interfaces/msg/detail
[0.444s] -- Up-to-date: /home/n3h4/Desktop/NEHA/SEDRICA/RosTut/install/tuos_interfaces/include/tuos_interfaces/tuos_interfaces/msg/detail/num__traits.hpp
[0.444s] -- Up-to-date: /home/n3h4/Desktop/NEHA/SEDRICA/RosTut/install/tuos_interfaces/include/tuos_interfaces/tuos_interfaces/msg/detail/num__type_support.hpp
[0.445s] -- Up-to-date: /home/n3h4/Desktop/NEHA/SEDRICA/RosTut/install/tuos_interfaces/include/tuos_interfaces/tuos_interfaces/msg/detail/num__struct.hpp
[0.445s] -- Up-to-date: /home/n3h4/Desktop/NEHA/SEDRICA/RosTut/install/tuos_interfaces/include/tuos_interfaces/tuos_interfaces/msg/detail/num__builder.hpp
[0.445s] -- Up-to-date: /home/n3h4/Desktop/NEHA/SEDRICA/RosTut/install/tuos_interfaces/include/tuos_interfaces/tuos_interfaces/msg/rosidl_generator_cpp__visibility_control.hpp
[0.445s] -- Up-to-date: /home/n3h4/Desktop/NEHA/SEDRICA/RosTut/install/tuos_interfaces/include/tuos_interfaces/tuos_interfaces/action
[0.445s] -- Up-to-date: /home/n3h4/Desktop/NEHA/SEDRICA/RosTut/install/tuos_interfaces/include/tuos_interfaces/tuos_interfaces/action/camera_sweep.hpp
[0.445s] -- Up-to-date: /home/n3h4/Desktop/NEHA/SEDRICA/RosTut/install/tuos_interfaces/include/tuos_interfaces/tuos_interfaces/action/detail
[0.445s] -- Up-to-date: /home/n3h4/Desktop/NEHA/SEDRICA/RosTut/install/tuos_interfaces/include/tuos_interfaces/tuos_interfaces/action/detail/camera_sweep__builder.hpp
[0.445s] -- Up-to-date: /home/n3h4/Desktop/NEHA/SEDRICA/RosTut/install/tuos_interfaces/include/tuos_interfaces/tuos_interfaces/action/detail/camera_sweep__type_support.hpp
[0.445s] -- Up-to-date: /home/n3h4/Desktop/NEHA/SEDRICA/RosTut/install/tuos_interfaces/include/tuos_interfaces/tuos_interfaces/action/detail/camera_sweep__struct.hpp
[0.446s] -- Up-to-date: /home/n3h4/Desktop/NEHA/SEDRICA/RosTut/install/tuos_interfaces/include/tuos_interfaces/tuos_interfaces/action/detail/camera_sweep__traits.hpp
[0.446s] -- Up-to-date: /home/n3h4/Desktop/NEHA/SEDRICA/RosTut/install/tuos_interfaces/include/tuos_interfaces/tuos_interfaces/srv
[0.446s] -- Up-to-date: /home/n3h4/Desktop/NEHA/SEDRICA/RosTut/install/tuos_interfaces/include/tuos_interfaces/tuos_interfaces/srv/number_game.hpp
[0.446s] -- Up-to-date: /home/n3h4/Desktop/NEHA/SEDRICA/RosTut/install/tuos_interfaces/include/tuos_interfaces/tuos_interfaces/srv/detail
[0.446s] -- Up-to-date: /home/n3h4/Desktop/NEHA/SEDRICA/RosTut/install/tuos_interfaces/include/tuos_interfaces/tuos_interfaces/srv/detail/number_game__type_support.hpp
[0.446s] -- Up-to-date: /home/n3h4/Desktop/NEHA/SEDRICA/RosTut/install/tuos_interfaces/include/tuos_interfaces/tuos_interfaces/srv/detail/number_game__struct.hpp
[0.446s] -- Up-to-date: /home/n3h4/Desktop/NEHA/SEDRICA/RosTut/install/tuos_interfaces/include/tuos_interfaces/tuos_interfaces/srv/detail/number_game__traits.hpp
[0.446s] -- Up-to-date: /home/n3h4/Desktop/NEHA/SEDRICA/RosTut/install/tuos_interfaces/include/tuos_interfaces/tuos_interfaces/srv/detail/number_game__builder.hpp
[0.446s] -- Up-to-date: /home/n3h4/Desktop/NEHA/SEDRICA/RosTut/install/tuos_interfaces/include/tuos_interfaces/tuos_interfaces
[0.447s] -- Up-to-date: /home/n3h4/Desktop/NEHA/SEDRICA/RosTut/install/tuos_interfaces/include/tuos_interfaces/tuos_interfaces/msg
[0.447s] -- Up-to-date: /home/n3h4/Desktop/NEHA/SEDRICA/RosTut/install/tuos_interfaces/include/tuos_interfaces/tuos_interfaces/msg/rosidl_typesupport_fastrtps_cpp__visibility_control.h
[0.447s] -- Up-to-date: /home/n3h4/Desktop/NEHA/SEDRICA/RosTut/install/tuos_interfaces/include/tuos_interfaces/tuos_interfaces/msg/detail
[0.447s] -- Up-to-date: /home/n3h4/Desktop/NEHA/SEDRICA/RosTut/install/tuos_interfaces/include/tuos_interfaces/tuos_interfaces/msg/detail/dds_fastrtps
[0.447s] -- Up-to-date: /home/n3h4/Desktop/NEHA/SEDRICA/RosTut/install/tuos_interfaces/include/tuos_interfaces/tuos_interfaces/msg/detail/num__rosidl_typesupport_fastrtps_cpp.hpp
[0.447s] -- Up-to-date: /home/n3h4/Desktop/NEHA/SEDRICA/RosTut/install/tuos_interfaces/include/tuos_interfaces/tuos_interfaces/action
[0.447s] -- Up-to-date: /home/n3h4/Desktop/NEHA/SEDRICA/RosTut/install/tuos_interfaces/include/tuos_interfaces/tuos_interfaces/action/detail
[0.447s] -- Up-to-date: /home/n3h4/Desktop/NEHA/SEDRICA/RosTut/install/tuos_interfaces/include/tuos_interfaces/tuos_interfaces/action/detail/camera_sweep__rosidl_typesupport_fastrtps_cpp.hpp
[0.448s] -- Up-to-date: /home/n3h4/Desktop/NEHA/SEDRICA/RosTut/install/tuos_interfaces/include/tuos_interfaces/tuos_interfaces/action/detail/dds_fastrtps
[0.448s] -- Up-to-date: /home/n3h4/Desktop/NEHA/SEDRICA/RosTut/install/tuos_interfaces/include/tuos_interfaces/tuos_interfaces/srv
[0.448s] -- Up-to-date: /home/n3h4/Desktop/NEHA/SEDRICA/RosTut/install/tuos_interfaces/include/tuos_interfaces/tuos_interfaces/srv/detail
[0.448s] -- Up-to-date: /home/n3h4/Desktop/NEHA/SEDRICA/RosTut/install/tuos_interfaces/include/tuos_interfaces/tuos_interfaces/srv/detail/number_game__rosidl_typesupport_fastrtps_cpp.hpp
[0.448s] -- Up-to-date: /home/n3h4/Desktop/NEHA/SEDRICA/RosTut/install/tuos_interfaces/include/tuos_interfaces/tuos_interfaces/srv/detail/dds_fastrtps
[0.448s] -- Up-to-date: /home/n3h4/Desktop/NEHA/SEDRICA/RosTut/install/tuos_interfaces/lib/libtuos_interfaces__rosidl_typesupport_fastrtps_cpp.so
[0.448s] -- Up-to-date: /home/n3h4/Desktop/NEHA/SEDRICA/RosTut/install/tuos_interfaces/include/tuos_interfaces/tuos_interfaces
[0.448s] -- Up-to-date: /home/n3h4/Desktop/NEHA/SEDRICA/RosTut/install/tuos_interfaces/include/tuos_interfaces/tuos_interfaces/msg
[0.449s] -- Up-to-date: /home/n3h4/Desktop/NEHA/SEDRICA/RosTut/install/tuos_interfaces/include/tuos_interfaces/tuos_interfaces/msg/rosidl_typesupport_introspection_c__visibility_control.h
[0.449s] -- Up-to-date: /home/n3h4/Desktop/NEHA/SEDRICA/RosTut/install/tuos_interfaces/include/tuos_interfaces/tuos_interfaces/msg/detail
[0.449s] -- Up-to-date: /home/n3h4/Desktop/NEHA/SEDRICA/RosTut/install/tuos_interfaces/include/tuos_interfaces/tuos_interfaces/msg/detail/num__rosidl_typesupport_introspection_c.h
[0.449s] -- Up-to-date: /home/n3h4/Desktop/NEHA/SEDRICA/RosTut/install/tuos_interfaces/include/tuos_interfaces/tuos_interfaces/msg/detail/num__type_support.c
[0.449s] -- Up-to-date: /home/n3h4/Desktop/NEHA/SEDRICA/RosTut/install/tuos_interfaces/include/tuos_interfaces/tuos_interfaces/action
[0.449s] -- Up-to-date: /home/n3h4/Desktop/NEHA/SEDRICA/RosTut/install/tuos_interfaces/include/tuos_interfaces/tuos_interfaces/action/detail
[0.449s] -- Up-to-date: /home/n3h4/Desktop/NEHA/SEDRICA/RosTut/install/tuos_interfaces/include/tuos_interfaces/tuos_interfaces/action/detail/camera_sweep__rosidl_typesupport_introspection_c.h
[0.449s] -- Up-to-date: /home/n3h4/Desktop/NEHA/SEDRICA/RosTut/install/tuos_interfaces/include/tuos_interfaces/tuos_interfaces/action/detail/camera_sweep__type_support.c
[0.449s] -- Up-to-date: /home/n3h4/Desktop/NEHA/SEDRICA/RosTut/install/tuos_interfaces/include/tuos_interfaces/tuos_interfaces/srv
[0.450s] -- Up-to-date: /home/n3h4/Desktop/NEHA/SEDRICA/RosTut/install/tuos_interfaces/include/tuos_interfaces/tuos_interfaces/srv/detail
[0.450s] -- Up-to-date: /home/n3h4/Desktop/NEHA/SEDRICA/RosTut/install/tuos_interfaces/include/tuos_interfaces/tuos_interfaces/srv/detail/number_game__rosidl_typesupport_introspection_c.h
[0.450s] -- Up-to-date: /home/n3h4/Desktop/NEHA/SEDRICA/RosTut/install/tuos_interfaces/include/tuos_interfaces/tuos_interfaces/srv/detail/number_game__type_support.c
[0.450s] -- Up-to-date: /home/n3h4/Desktop/NEHA/SEDRICA/RosTut/install/tuos_interfaces/lib/libtuos_interfaces__rosidl_typesupport_introspection_c.so
[0.450s] -- Up-to-date: /home/n3h4/Desktop/NEHA/SEDRICA/RosTut/install/tuos_interfaces/lib/libtuos_interfaces__rosidl_typesupport_c.so
[0.450s] -- Up-to-date: /home/n3h4/Desktop/NEHA/SEDRICA/RosTut/install/tuos_interfaces/include/tuos_interfaces/tuos_interfaces
[0.450s] -- Up-to-date: /home/n3h4/Desktop/NEHA/SEDRICA/RosTut/install/tuos_interfaces/include/tuos_interfaces/tuos_interfaces/msg
[0.450s] -- Up-to-date: /home/n3h4/Desktop/NEHA/SEDRICA/RosTut/install/tuos_interfaces/include/tuos_interfaces/tuos_interfaces/msg/detail
[0.451s] -- Up-to-date: /home/n3h4/Desktop/NEHA/SEDRICA/RosTut/install/tuos_interfaces/include/tuos_interfaces/tuos_interfaces/msg/detail/num__type_support.cpp
[0.451s] -- Up-to-date: /home/n3h4/Desktop/NEHA/SEDRICA/RosTut/install/tuos_interfaces/include/tuos_interfaces/tuos_interfaces/msg/detail/num__rosidl_typesupport_introspection_cpp.hpp
[0.451s] -- Up-to-date: /home/n3h4/Desktop/NEHA/SEDRICA/RosTut/install/tuos_interfaces/include/tuos_interfaces/tuos_interfaces/action
[0.451s] -- Up-to-date: /home/n3h4/Desktop/NEHA/SEDRICA/RosTut/install/tuos_interfaces/include/tuos_interfaces/tuos_interfaces/action/detail
[0.451s] -- Up-to-date: /home/n3h4/Desktop/NEHA/SEDRICA/RosTut/install/tuos_interfaces/include/tuos_interfaces/tuos_interfaces/action/detail/camera_sweep__type_support.cpp
[0.451s] -- Up-to-date: /home/n3h4/Desktop/NEHA/SEDRICA/RosTut/install/tuos_interfaces/include/tuos_interfaces/tuos_interfaces/action/detail/camera_sweep__rosidl_typesupport_introspection_cpp.hpp
[0.451s] -- Up-to-date: /home/n3h4/Desktop/NEHA/SEDRICA/RosTut/install/tuos_interfaces/include/tuos_interfaces/tuos_interfaces/srv
[0.451s] -- Up-to-date: /home/n3h4/Desktop/NEHA/SEDRICA/RosTut/install/tuos_interfaces/include/tuos_interfaces/tuos_interfaces/srv/detail
[0.452s] -- Up-to-date: /home/n3h4/Desktop/NEHA/SEDRICA/RosTut/install/tuos_interfaces/include/tuos_interfaces/tuos_interfaces/srv/detail/number_game__rosidl_typesupport_introspection_cpp.hpp
[0.452s] -- Up-to-date: /home/n3h4/Desktop/NEHA/SEDRICA/RosTut/install/tuos_interfaces/include/tuos_interfaces/tuos_interfaces/srv/detail/number_game__type_support.cpp
[0.452s] -- Up-to-date: /home/n3h4/Desktop/NEHA/SEDRICA/RosTut/install/tuos_interfaces/lib/libtuos_interfaces__rosidl_typesupport_introspection_cpp.so
[0.452s] -- Up-to-date: /home/n3h4/Desktop/NEHA/SEDRICA/RosTut/install/tuos_interfaces/lib/libtuos_interfaces__rosidl_typesupport_cpp.so
[0.452s] -- Up-to-date: /home/n3h4/Desktop/NEHA/SEDRICA/RosTut/install/tuos_interfaces/share/tuos_interfaces/environment/pythonpath.sh
[0.452s] -- Up-to-date: /home/n3h4/Desktop/NEHA/SEDRICA/RosTut/install/tuos_interfaces/share/tuos_interfaces/environment/pythonpath.dsv
[0.452s] -- Up-to-date: /home/n3h4/Desktop/NEHA/SEDRICA/RosTut/install/tuos_interfaces/local/lib/python3.10/dist-packages/tuos_interfaces-0.0.0-py3.10.egg-info
[0.452s] -- Installing: /home/n3h4/Desktop/NEHA/SEDRICA/RosTut/install/tuos_interfaces/local/lib/python3.10/dist-packages/tuos_interfaces-0.0.0-py3.10.egg-info/top_level.txt
[0.452s] -- Installing: /home/n3h4/Desktop/NEHA/SEDRICA/RosTut/install/tuos_interfaces/local/lib/python3.10/dist-packages/tuos_interfaces-0.0.0-py3.10.egg-info/SOURCES.txt
[0.453s] -- Installing: /home/n3h4/Desktop/NEHA/SEDRICA/RosTut/install/tuos_interfaces/local/lib/python3.10/dist-packages/tuos_interfaces-0.0.0-py3.10.egg-info/dependency_links.txt
[0.453s] -- Installing: /home/n3h4/Desktop/NEHA/SEDRICA/RosTut/install/tuos_interfaces/local/lib/python3.10/dist-packages/tuos_interfaces-0.0.0-py3.10.egg-info/PKG-INFO
[0.453s] -- Up-to-date: /home/n3h4/Desktop/NEHA/SEDRICA/RosTut/install/tuos_interfaces/local/lib/python3.10/dist-packages/tuos_interfaces
[0.453s] -- Up-to-date: /home/n3h4/Desktop/NEHA/SEDRICA/RosTut/install/tuos_interfaces/local/lib/python3.10/dist-packages/tuos_interfaces/msg
[0.453s] -- Up-to-date: /home/n3h4/Desktop/NEHA/SEDRICA/RosTut/install/tuos_interfaces/local/lib/python3.10/dist-packages/tuos_interfaces/msg/__init__.py
[0.453s] -- Up-to-date: /home/n3h4/Desktop/NEHA/SEDRICA/RosTut/install/tuos_interfaces/local/lib/python3.10/dist-packages/tuos_interfaces/msg/_num_s.c
[0.453s] -- Up-to-date: /home/n3h4/Desktop/NEHA/SEDRICA/RosTut/install/tuos_interfaces/local/lib/python3.10/dist-packages/tuos_interfaces/msg/_num.py
[0.453s] -- Up-to-date: /home/n3h4/Desktop/NEHA/SEDRICA/RosTut/install/tuos_interfaces/local/lib/python3.10/dist-packages/tuos_interfaces/_tuos_interfaces_s.ep.rosidl_typesupport_c.c
[0.454s] -- Up-to-date: /home/n3h4/Desktop/NEHA/SEDRICA/RosTut/install/tuos_interfaces/local/lib/python3.10/dist-packages/tuos_interfaces/__init__.py
[0.454s] -- Up-to-date: /home/n3h4/Desktop/NEHA/SEDRICA/RosTut/install/tuos_interfaces/local/lib/python3.10/dist-packages/tuos_interfaces/tuos_interfaces_s__rosidl_typesupport_fastrtps_c.cpython-310-x86_64-linux-gnu.so
[0.454s] -- Up-to-date: /home/n3h4/Desktop/NEHA/SEDRICA/RosTut/install/tuos_interfaces/local/lib/python3.10/dist-packages/tuos_interfaces/tuos_interfaces_s__rosidl_typesupport_c.cpython-310-x86_64-linux-gnu.so
[0.454s] -- Up-to-date: /home/n3h4/Desktop/NEHA/SEDRICA/RosTut/install/tuos_interfaces/local/lib/python3.10/dist-packages/tuos_interfaces/_tuos_interfaces_s.ep.rosidl_typesupport_fastrtps_c.c
[0.454s] -- Up-to-date: /home/n3h4/Desktop/NEHA/SEDRICA/RosTut/install/tuos_interfaces/local/lib/python3.10/dist-packages/tuos_interfaces/tuos_interfaces_s__rosidl_typesupport_introspection_c.cpython-310-x86_64-linux-gnu.so
[0.454s] -- Up-to-date: /home/n3h4/Desktop/NEHA/SEDRICA/RosTut/install/tuos_interfaces/local/lib/python3.10/dist-packages/tuos_interfaces/action
[0.454s] -- Up-to-date: /home/n3h4/Desktop/NEHA/SEDRICA/RosTut/install/tuos_interfaces/local/lib/python3.10/dist-packages/tuos_interfaces/action/_camera_sweep.py
[0.454s] -- Up-to-date: /home/n3h4/Desktop/NEHA/SEDRICA/RosTut/install/tuos_interfaces/local/lib/python3.10/dist-packages/tuos_interfaces/action/_camera_sweep_s.c
[0.454s] -- Up-to-date: /home/n3h4/Desktop/NEHA/SEDRICA/RosTut/install/tuos_interfaces/local/lib/python3.10/dist-packages/tuos_interfaces/action/__init__.py
[0.455s] -- Up-to-date: /home/n3h4/Desktop/NEHA/SEDRICA/RosTut/install/tuos_interfaces/local/lib/python3.10/dist-packages/tuos_interfaces/libtuos_interfaces__rosidl_generator_py.so
[0.455s] -- Up-to-date: /home/n3h4/Desktop/NEHA/SEDRICA/RosTut/install/tuos_interfaces/local/lib/python3.10/dist-packages/tuos_interfaces/srv
[0.455s] -- Up-to-date: /home/n3h4/Desktop/NEHA/SEDRICA/RosTut/install/tuos_interfaces/local/lib/python3.10/dist-packages/tuos_interfaces/srv/__init__.py
[0.455s] -- Up-to-date: /home/n3h4/Desktop/NEHA/SEDRICA/RosTut/install/tuos_interfaces/local/lib/python3.10/dist-packages/tuos_interfaces/srv/_number_game_s.c
[0.455s] -- Up-to-date: /home/n3h4/Desktop/NEHA/SEDRICA/RosTut/install/tuos_interfaces/local/lib/python3.10/dist-packages/tuos_interfaces/srv/_number_game.py
[0.455s] -- Up-to-date: /home/n3h4/Desktop/NEHA/SEDRICA/RosTut/install/tuos_interfaces/local/lib/python3.10/dist-packages/tuos_interfaces/_tuos_interfaces_s.ep.rosidl_typesupport_introspection_c.c
[0.479s] Listing '/home/n3h4/Desktop/NEHA/SEDRICA/RosTut/install/tuos_interfaces/local/lib/python3.10/dist-packages/tuos_interfaces'...
[0.480s] Listing '/home/n3h4/Desktop/NEHA/SEDRICA/RosTut/install/tuos_interfaces/local/lib/python3.10/dist-packages/tuos_interfaces/action'...
[0.480s] Listing '/home/n3h4/Desktop/NEHA/SEDRICA/RosTut/install/tuos_interfaces/local/lib/python3.10/dist-packages/tuos_interfaces/msg'...
[0.480s] Listing '/home/n3h4/Desktop/NEHA/SEDRICA/RosTut/install/tuos_interfaces/local/lib/python3.10/dist-packages/tuos_interfaces/srv'...
[0.484s] -- Up-to-date: /home/n3h4/Desktop/NEHA/SEDRICA/RosTut/install/tuos_interfaces/local/lib/python3.10/dist-packages/tuos_interfaces/tuos_interfaces_s__rosidl_typesupport_fastrtps_c.cpython-310-x86_64-linux-gnu.so
[0.484s] -- Up-to-date: /home/n3h4/Desktop/NEHA/SEDRICA/RosTut/install/tuos_interfaces/local/lib/python3.10/dist-packages/tuos_interfaces/tuos_interfaces_s__rosidl_typesupport_introspection_c.cpython-310-x86_64-linux-gnu.so
[0.485s] -- Up-to-date: /home/n3h4/Desktop/NEHA/SEDRICA/RosTut/install/tuos_interfaces/local/lib/python3.10/dist-packages/tuos_interfaces/tuos_interfaces_s__rosidl_typesupport_c.cpython-310-x86_64-linux-gnu.so
[0.485s] -- Up-to-date: /home/n3h4/Desktop/NEHA/SEDRICA/RosTut/install/tuos_interfaces/lib/libtuos_interfaces__rosidl_generator_py.so
[0.485s] -- Up-to-date: /home/n3h4/Desktop/NEHA/SEDRICA/RosTut/install/tuos_interfaces/share/tuos_interfaces/msg/Num.idl
[0.486s] -- Up-to-date: /home/n3h4/Desktop/NEHA/SEDRICA/RosTut/install/tuos_interfaces/share/tuos_interfaces/action/CameraSweep.idl
[0.486s] -- Up-to-date: /home/n3h4/Desktop/NEHA/SEDRICA/RosTut/install/tuos_interfaces/share/tuos_interfaces/srv/NumberGame.idl
[0.487s] -- Up-to-date: /home/n3h4/Desktop/NEHA/SEDRICA/RosTut/install/tuos_interfaces/share/tuos_interfaces/msg/Num.msg
[0.487s] -- Up-to-date: /home/n3h4/Desktop/NEHA/SEDRICA/RosTut/install/tuos_interfaces/share/tuos_interfaces/action/CameraSweep.action
[0.487s] -- Up-to-date: /home/n3h4/Desktop/NEHA/SEDRICA/RosTut/install/tuos_interfaces/share/tuos_interfaces/srv/NumberGame.srv
[0.487s] -- Up-to-date: /home/n3h4/Desktop/NEHA/SEDRICA/RosTut/install/tuos_interfaces/share/tuos_interfaces/srv/NumberGame_Request.msg
[0.487s] -- Up-to-date: /home/n3h4/Desktop/NEHA/SEDRICA/RosTut/install/tuos_interfaces/share/tuos_interfaces/srv/NumberGame_Response.msg
[0.488s] -- Up-to-date: /home/n3h4/Desktop/NEHA/SEDRICA/RosTut/install/tuos_interfaces/share/ament_index/resource_index/package_run_dependencies/tuos_interfaces
[0.488s] -- Up-to-date: /home/n3h4/Desktop/NEHA/SEDRICA/RosTut/install/tuos_interfaces/share/ament_index/resource_index/parent_prefix_path/tuos_interfaces
[0.488s] -- Up-to-date: /home/n3h4/Desktop/NEHA/SEDRICA/RosTut/install/tuos_interfaces/share/tuos_interfaces/environment/ament_prefix_path.sh
[0.488s] -- Up-to-date: /home/n3h4/Desktop/NEHA/SEDRICA/RosTut/install/tuos_interfaces/share/tuos_interfaces/environment/ament_prefix_path.dsv
[0.488s] -- Up-to-date: /home/n3h4/Desktop/NEHA/SEDRICA/RosTut/install/tuos_interfaces/share/tuos_interfaces/environment/path.sh
[0.488s] -- Up-to-date: /home/n3h4/Desktop/NEHA/SEDRICA/RosTut/install/tuos_interfaces/share/tuos_interfaces/environment/path.dsv
[0.488s] -- Up-to-date: /home/n3h4/Desktop/NEHA/SEDRICA/RosTut/install/tuos_interfaces/share/tuos_interfaces/local_setup.bash
[0.488s] -- Up-to-date: /home/n3h4/Desktop/NEHA/SEDRICA/RosTut/install/tuos_interfaces/share/tuos_interfaces/local_setup.sh
[0.489s] -- Up-to-date: /home/n3h4/Desktop/NEHA/SEDRICA/RosTut/install/tuos_interfaces/share/tuos_interfaces/local_setup.zsh
[0.489s] -- Up-to-date: /home/n3h4/Desktop/NEHA/SEDRICA/RosTut/install/tuos_interfaces/share/tuos_interfaces/local_setup.dsv
[0.489s] -- Installing: /home/n3h4/Desktop/NEHA/SEDRICA/RosTut/install/tuos_interfaces/share/tuos_interfaces/package.dsv
[0.489s] -- Up-to-date: /home/n3h4/Desktop/NEHA/SEDRICA/RosTut/install/tuos_interfaces/share/ament_index/resource_index/packages/tuos_interfaces
[0.489s] -- Up-to-date: /home/n3h4/Desktop/NEHA/SEDRICA/RosTut/install/tuos_interfaces/share/tuos_interfaces/cmake/export_tuos_interfaces__rosidl_generator_cExport.cmake
[0.489s] -- Up-to-date: /home/n3h4/Desktop/NEHA/SEDRICA/RosTut/install/tuos_interfaces/share/tuos_interfaces/cmake/export_tuos_interfaces__rosidl_generator_cExport-noconfig.cmake
[0.489s] -- Up-to-date: /home/n3h4/Desktop/NEHA/SEDRICA/RosTut/install/tuos_interfaces/share/tuos_interfaces/cmake/export_tuos_interfaces__rosidl_typesupport_fastrtps_cExport.cmake
[0.490s] -- Up-to-date: /home/n3h4/Desktop/NEHA/SEDRICA/RosTut/install/tuos_interfaces/share/tuos_interfaces/cmake/export_tuos_interfaces__rosidl_typesupport_fastrtps_cExport-noconfig.cmake
[0.490s] -- Up-to-date: /home/n3h4/Desktop/NEHA/SEDRICA/RosTut/install/tuos_interfaces/share/tuos_interfaces/cmake/export_tuos_interfaces__rosidl_generator_cppExport.cmake
[0.490s] -- Up-to-date: /home/n3h4/Desktop/NEHA/SEDRICA/RosTut/install/tuos_interfaces/share/tuos_interfaces/cmake/export_tuos_interfaces__rosidl_typesupport_fastrtps_cppExport.cmake
[0.491s] -- Up-to-date: /home/n3h4/Desktop/NEHA/SEDRICA/RosTut/install/tuos_interfaces/share/tuos_interfaces/cmake/export_tuos_interfaces__rosidl_typesupport_fastrtps_cppExport-noconfig.cmake
[0.491s] -- Up-to-date: /home/n3h4/Desktop/NEHA/SEDRICA/RosTut/install/tuos_interfaces/share/tuos_interfaces/cmake/tuos_interfaces__rosidl_typesupport_introspection_cExport.cmake
[0.492s] -- Up-to-date: /home/n3h4/Desktop/NEHA/SEDRICA/RosTut/install/tuos_interfaces/share/tuos_interfaces/cmake/tuos_interfaces__rosidl_typesupport_introspection_cExport-noconfig.cmake
[0.492s] -- Up-to-date: /home/n3h4/Desktop/NEHA/SEDRICA/RosTut/install/tuos_interfaces/share/tuos_interfaces/cmake/tuos_interfaces__rosidl_typesupport_cExport.cmake
[0.493s] -- Up-to-date: /home/n3h4/Desktop/NEHA/SEDRICA/RosTut/install/tuos_interfaces/share/tuos_interfaces/cmake/tuos_interfaces__rosidl_typesupport_cExport-noconfig.cmake
[0.493s] -- Up-to-date: /home/n3h4/Desktop/NEHA/SEDRICA/RosTut/install/tuos_interfaces/share/tuos_interfaces/cmake/tuos_interfaces__rosidl_typesupport_introspection_cppExport.cmake
[0.493s] -- Up-to-date: /home/n3h4/Desktop/NEHA/SEDRICA/RosTut/install/tuos_interfaces/share/tuos_interfaces/cmake/tuos_interfaces__rosidl_typesupport_introspection_cppExport-noconfig.cmake
[0.493s] -- Up-to-date: /home/n3h4/Desktop/NEHA/SEDRICA/RosTut/install/tuos_interfaces/share/tuos_interfaces/cmake/tuos_interfaces__rosidl_typesupport_cppExport.cmake
[0.494s] -- Up-to-date: /home/n3h4/Desktop/NEHA/SEDRICA/RosTut/install/tuos_interfaces/share/tuos_interfaces/cmake/tuos_interfaces__rosidl_typesupport_cppExport-noconfig.cmake
[0.494s] -- Up-to-date: /home/n3h4/Desktop/NEHA/SEDRICA/RosTut/install/tuos_interfaces/share/tuos_interfaces/cmake/export_tuos_interfaces__rosidl_generator_pyExport.cmake
[0.494s] -- Up-to-date: /home/n3h4/Desktop/NEHA/SEDRICA/RosTut/install/tuos_interfaces/share/tuos_interfaces/cmake/export_tuos_interfaces__rosidl_generator_pyExport-noconfig.cmake
[0.494s] -- Up-to-date: /home/n3h4/Desktop/NEHA/SEDRICA/RosTut/install/tuos_interfaces/share/tuos_interfaces/cmake/rosidl_cmake-extras.cmake
[0.494s] -- Up-to-date: /home/n3h4/Desktop/NEHA/SEDRICA/RosTut/install/tuos_interfaces/share/tuos_interfaces/cmake/ament_cmake_export_dependencies-extras.cmake
[0.494s] -- Up-to-date: /home/n3h4/Desktop/NEHA/SEDRICA/RosTut/install/tuos_interfaces/share/tuos_interfaces/cmake/ament_cmake_export_include_directories-extras.cmake
[0.494s] -- Up-to-date: /home/n3h4/Desktop/NEHA/SEDRICA/RosTut/install/tuos_interfaces/share/tuos_interfaces/cmake/ament_cmake_export_libraries-extras.cmake
[0.495s] -- Up-to-date: /home/n3h4/Desktop/NEHA/SEDRICA/RosTut/install/tuos_interfaces/share/tuos_interfaces/cmake/ament_cmake_export_targets-extras.cmake
[0.495s] -- Up-to-date: /home/n3h4/Desktop/NEHA/SEDRICA/RosTut/install/tuos_interfaces/share/tuos_interfaces/cmake/rosidl_cmake_export_typesupport_targets-extras.cmake
[0.495s] -- Up-to-date: /home/n3h4/Desktop/NEHA/SEDRICA/RosTut/install/tuos_interfaces/share/tuos_interfaces/cmake/rosidl_cmake_export_typesupport_libraries-extras.cmake
[0.495s] -- Up-to-date: /home/n3h4/Desktop/NEHA/SEDRICA/RosTut/install/tuos_interfaces/share/tuos_interfaces/cmake/tuos_interfacesConfig.cmake
[0.495s] -- Up-to-date: /home/n3h4/Desktop/NEHA/SEDRICA/RosTut/install/tuos_interfaces/share/tuos_interfaces/cmake/tuos_interfacesConfig-version.cmake
[0.495s] -- Up-to-date: /home/n3h4/Desktop/NEHA/SEDRICA/RosTut/install/tuos_interfaces/share/tuos_interfaces/package.xml
[0.495s] Invoked command in '/home/n3h4/Desktop/NEHA/SEDRICA/RosTut/build/tuos_interfaces' returned '0': CMAKE_PREFIX_PATH=${CMAKE_PREFIX_PATH}:/opt/ros/humble /usr/bin/cmake --install /home/n3h4/Desktop/NEHA/SEDRICA/RosTut/build/tuos_interfaces
