[0.098s] DEBUG:colcon:Command line arguments: ['/usr/bin/colcon', 'build', '--packages-select', 'part2_navigation', '--symlink-install']
[0.098s] DEBUG:colcon:Parsed command line arguments: Namespace(log_base=None, log_level=None, verb_name='build', build_base='build', install_base='install', merge_install=False, symlink_install=True, test_result_base=None, continue_on_error=False, executor='parallel', parallel_workers=12, event_handlers=None, ignore_user_meta=False, metas=['./colcon.meta'], base_paths=['.'], packages_ignore=None, packages_ignore_regex=None, paths=None, packages_up_to=None, packages_up_to_regex=None, packages_above=None, packages_above_and_dependencies=None, packages_above_depth=None, packages_select_by_dep=None, packages_skip_by_dep=None, packages_skip_up_to=None, packages_select_build_failed=False, packages_skip_build_finished=False, packages_select_test_failures=False, packages_skip_test_passed=False, packages_select=['part2_navigation'], packages_skip=None, packages_select_regex=None, packages_skip_regex=None, packages_start=None, packages_end=None, allow_overriding=[], cmake_args=None, cmake_target=None, cmake_target_skip_unavailable=False, cmake_clean_cache=False, cmake_clean_first=False, cmake_force_configure=False, ament_cmake_args=None, catkin_cmake_args=None, catkin_skip_building_tests=False, verb_parser=<colcon_defaults.argument_parser.defaults.DefaultArgumentsDecorator object at 0x70879a875030>, verb_extension=<colcon_core.verb.build.BuildVerb object at 0x70879a976500>, main=<bound method BuildVerb.main of <colcon_core.verb.build.BuildVerb object at 0x70879a976500>>)
[0.268s] Level 1:colcon.colcon_core.package_discovery:discover_packages(colcon_meta) check parameters
[0.268s] Level 1:colcon.colcon_core.package_discovery:discover_packages(recursive) check parameters
[0.268s] Level 1:colcon.colcon_core.package_discovery:discover_packages(ignore) check parameters
[0.268s] Level 1:colcon.colcon_core.package_discovery:discover_packages(path) check parameters
[0.268s] Level 1:colcon.colcon_core.package_discovery:discover_packages(colcon_meta) discover
[0.268s] Level 1:colcon.colcon_core.package_discovery:discover_packages(recursive) discover
[0.268s] INFO:colcon.colcon_core.package_discovery:Crawling recursively for packages in '/home/n3h4/Desktop/NEHA/SEDRICA/STAR/week0/RosTut'
[0.268s] Level 1:colcon.colcon_core.package_identification:_identify(.) by extensions ['ignore', 'ignore_ament_install']
[0.268s] Level 1:colcon.colcon_core.package_identification:_identify(.) by extension 'ignore'
[0.268s] Level 1:colcon.colcon_core.package_identification:_identify(.) by extension 'ignore_ament_install'
[0.268s] Level 1:colcon.colcon_core.package_identification:_identify(.) by extensions ['colcon_pkg']
[0.268s] Level 1:colcon.colcon_core.package_identification:_identify(.) by extension 'colcon_pkg'
[0.268s] Level 1:colcon.colcon_core.package_identification:_identify(.) by extensions ['colcon_meta']
[0.268s] Level 1:colcon.colcon_core.package_identification:_identify(.) by extension 'colcon_meta'
[0.268s] Level 1:colcon.colcon_core.package_identification:_identify(.) by extensions ['ros']
[0.268s] Level 1:colcon.colcon_core.package_identification:_identify(.) by extension 'ros'
[0.279s] Level 1:colcon.colcon_core.package_identification:_identify(.) by extensions ['cmake', 'python']
[0.279s] Level 1:colcon.colcon_core.package_identification:_identify(.) by extension 'cmake'
[0.279s] Level 1:colcon.colcon_core.package_identification:_identify(.) by extension 'python'
[0.279s] Level 1:colcon.colcon_core.package_identification:_identify(.) by extensions ['python_setup_py']
[0.279s] Level 1:colcon.colcon_core.package_identification:_identify(.) by extension 'python_setup_py'
[0.279s] Level 1:colcon.colcon_core.package_identification:_identify(build) by extensions ['ignore', 'ignore_ament_install']
[0.279s] Level 1:colcon.colcon_core.package_identification:_identify(build) by extension 'ignore'
[0.279s] Level 1:colcon.colcon_core.package_identification:_identify(build) ignored
[0.279s] Level 1:colcon.colcon_core.package_identification:_identify(install) by extensions ['ignore', 'ignore_ament_install']
[0.280s] Level 1:colcon.colcon_core.package_identification:_identify(install) by extension 'ignore'
[0.280s] Level 1:colcon.colcon_core.package_identification:_identify(install) ignored
[0.280s] Level 1:colcon.colcon_core.package_identification:_identify(log) by extensions ['ignore', 'ignore_ament_install']
[0.280s] Level 1:colcon.colcon_core.package_identification:_identify(log) by extension 'ignore'
[0.280s] Level 1:colcon.colcon_core.package_identification:_identify(log) ignored
[0.280s] Level 1:colcon.colcon_core.package_identification:_identify(part1_pubsub) by extensions ['ignore', 'ignore_ament_install']
[0.280s] Level 1:colcon.colcon_core.package_identification:_identify(part1_pubsub) by extension 'ignore'
[0.280s] Level 1:colcon.colcon_core.package_identification:_identify(part1_pubsub) by extension 'ignore_ament_install'
[0.280s] Level 1:colcon.colcon_core.package_identification:_identify(part1_pubsub) by extensions ['colcon_pkg']
[0.280s] Level 1:colcon.colcon_core.package_identification:_identify(part1_pubsub) by extension 'colcon_pkg'
[0.280s] Level 1:colcon.colcon_core.package_identification:_identify(part1_pubsub) by extensions ['colcon_meta']
[0.280s] Level 1:colcon.colcon_core.package_identification:_identify(part1_pubsub) by extension 'colcon_meta'
[0.280s] Level 1:colcon.colcon_core.package_identification:_identify(part1_pubsub) by extensions ['ros']
[0.280s] Level 1:colcon.colcon_core.package_identification:_identify(part1_pubsub) by extension 'ros'
[0.283s] DEBUG:colcon.colcon_core.package_identification:Package 'part1_pubsub' with type 'ros.ament_cmake' and name 'part1_pubsub'
[0.283s] Level 1:colcon.colcon_core.package_identification:_identify(part2_navigation) by extensions ['ignore', 'ignore_ament_install']
[0.283s] Level 1:colcon.colcon_core.package_identification:_identify(part2_navigation) by extension 'ignore'
[0.283s] Level 1:colcon.colcon_core.package_identification:_identify(part2_navigation) by extension 'ignore_ament_install'
[0.283s] Level 1:colcon.colcon_core.package_identification:_identify(part2_navigation) by extensions ['colcon_pkg']
[0.283s] Level 1:colcon.colcon_core.package_identification:_identify(part2_navigation) by extension 'colcon_pkg'
[0.283s] Level 1:colcon.colcon_core.package_identification:_identify(part2_navigation) by extensions ['colcon_meta']
[0.283s] Level 1:colcon.colcon_core.package_identification:_identify(part2_navigation) by extension 'colcon_meta'
[0.284s] Level 1:colcon.colcon_core.package_identification:_identify(part2_navigation) by extensions ['ros']
[0.284s] Level 1:colcon.colcon_core.package_identification:_identify(part2_navigation) by extension 'ros'
[0.284s] DEBUG:colcon.colcon_core.package_identification:Package 'part2_navigation' with type 'ros.ament_cmake' and name 'part2_navigation'
[0.284s] Level 1:colcon.colcon_core.package_identification:_identify(tuos_ros) by extensions ['ignore', 'ignore_ament_install']
[0.284s] Level 1:colcon.colcon_core.package_identification:_identify(tuos_ros) by extension 'ignore'
[0.284s] Level 1:colcon.colcon_core.package_identification:_identify(tuos_ros) by extension 'ignore_ament_install'
[0.284s] Level 1:colcon.colcon_core.package_identification:_identify(tuos_ros) by extensions ['colcon_pkg']
[0.284s] Level 1:colcon.colcon_core.package_identification:_identify(tuos_ros) by extension 'colcon_pkg'
[0.285s] Level 1:colcon.colcon_core.package_identification:_identify(tuos_ros) by extensions ['colcon_meta']
[0.285s] Level 1:colcon.colcon_core.package_identification:_identify(tuos_ros) by extension 'colcon_meta'
[0.285s] Level 1:colcon.colcon_core.package_identification:_identify(tuos_ros) by extensions ['ros']
[0.285s] Level 1:colcon.colcon_core.package_identification:_identify(tuos_ros) by extension 'ros'
[0.285s] Level 1:colcon.colcon_core.package_identification:_identify(tuos_ros) by extensions ['cmake', 'python']
[0.285s] Level 1:colcon.colcon_core.package_identification:_identify(tuos_ros) by extension 'cmake'
[0.285s] Level 1:colcon.colcon_core.package_identification:_identify(tuos_ros) by extension 'python'
[0.285s] Level 1:colcon.colcon_core.package_identification:_identify(tuos_ros) by extensions ['python_setup_py']
[0.285s] Level 1:colcon.colcon_core.package_identification:_identify(tuos_ros) by extension 'python_setup_py'
[0.285s] Level 1:colcon.colcon_core.package_identification:_identify(tuos_ros/com2009_simulations) by extensions ['ignore', 'ignore_ament_install']
[0.285s] Level 1:colcon.colcon_core.package_identification:_identify(tuos_ros/com2009_simulations) by extension 'ignore'
[0.285s] Level 1:colcon.colcon_core.package_identification:_identify(tuos_ros/com2009_simulations) by extension 'ignore_ament_install'
[0.285s] Level 1:colcon.colcon_core.package_identification:_identify(tuos_ros/com2009_simulations) by extensions ['colcon_pkg']
[0.285s] Level 1:colcon.colcon_core.package_identification:_identify(tuos_ros/com2009_simulations) by extension 'colcon_pkg'
[0.285s] Level 1:colcon.colcon_core.package_identification:_identify(tuos_ros/com2009_simulations) by extensions ['colcon_meta']
[0.285s] Level 1:colcon.colcon_core.package_identification:_identify(tuos_ros/com2009_simulations) by extension 'colcon_meta'
[0.285s] Level 1:colcon.colcon_core.package_identification:_identify(tuos_ros/com2009_simulations) by extensions ['ros']
[0.285s] Level 1:colcon.colcon_core.package_identification:_identify(tuos_ros/com2009_simulations) by extension 'ros'
[0.286s] DEBUG:colcon.colcon_core.package_identification:Package 'tuos_ros/com2009_simulations' with type 'ros.ament_cmake' and name 'com2009_simulations'
[0.286s] Level 1:colcon.colcon_core.package_identification:_identify(tuos_ros/tuos_examples) by extensions ['ignore', 'ignore_ament_install']
[0.286s] Level 1:colcon.colcon_core.package_identification:_identify(tuos_ros/tuos_examples) by extension 'ignore'
[0.286s] Level 1:colcon.colcon_core.package_identification:_identify(tuos_ros/tuos_examples) by extension 'ignore_ament_install'
[0.286s] Level 1:colcon.colcon_core.package_identification:_identify(tuos_ros/tuos_examples) by extensions ['colcon_pkg']
[0.286s] Level 1:colcon.colcon_core.package_identification:_identify(tuos_ros/tuos_examples) by extension 'colcon_pkg'
[0.286s] Level 1:colcon.colcon_core.package_identification:_identify(tuos_ros/tuos_examples) by extensions ['colcon_meta']
[0.286s] Level 1:colcon.colcon_core.package_identification:_identify(tuos_ros/tuos_examples) by extension 'colcon_meta'
[0.286s] Level 1:colcon.colcon_core.package_identification:_identify(tuos_ros/tuos_examples) by extensions ['ros']
[0.286s] Level 1:colcon.colcon_core.package_identification:_identify(tuos_ros/tuos_examples) by extension 'ros'
[0.287s] DEBUG:colcon.colcon_core.package_identification:Package 'tuos_ros/tuos_examples' with type 'ros.ament_cmake' and name 'tuos_examples'
[0.287s] Level 1:colcon.colcon_core.package_identification:_identify(tuos_ros/tuos_interfaces) by extensions ['ignore', 'ignore_ament_install']
[0.287s] Level 1:colcon.colcon_core.package_identification:_identify(tuos_ros/tuos_interfaces) by extension 'ignore'
[0.287s] Level 1:colcon.colcon_core.package_identification:_identify(tuos_ros/tuos_interfaces) by extension 'ignore_ament_install'
[0.287s] Level 1:colcon.colcon_core.package_identification:_identify(tuos_ros/tuos_interfaces) by extensions ['colcon_pkg']
[0.287s] Level 1:colcon.colcon_core.package_identification:_identify(tuos_ros/tuos_interfaces) by extension 'colcon_pkg'
[0.287s] Level 1:colcon.colcon_core.package_identification:_identify(tuos_ros/tuos_interfaces) by extensions ['colcon_meta']
[0.287s] Level 1:colcon.colcon_core.package_identification:_identify(tuos_ros/tuos_interfaces) by extension 'colcon_meta'
[0.287s] Level 1:colcon.colcon_core.package_identification:_identify(tuos_ros/tuos_interfaces) by extensions ['ros']
[0.287s] Level 1:colcon.colcon_core.package_identification:_identify(tuos_ros/tuos_interfaces) by extension 'ros'
[0.288s] DEBUG:colcon.colcon_core.package_identification:Package 'tuos_ros/tuos_interfaces' with type 'ros.ament_cmake' and name 'tuos_interfaces'
[0.288s] Level 1:colcon.colcon_core.package_identification:_identify(tuos_ros/tuos_ros) by extensions ['ignore', 'ignore_ament_install']
[0.288s] Level 1:colcon.colcon_core.package_identification:_identify(tuos_ros/tuos_ros) by extension 'ignore'
[0.288s] Level 1:colcon.colcon_core.package_identification:_identify(tuos_ros/tuos_ros) by extension 'ignore_ament_install'
[0.288s] Level 1:colcon.colcon_core.package_identification:_identify(tuos_ros/tuos_ros) by extensions ['colcon_pkg']
[0.288s] Level 1:colcon.colcon_core.package_identification:_identify(tuos_ros/tuos_ros) by extension 'colcon_pkg'
[0.288s] Level 1:colcon.colcon_core.package_identification:_identify(tuos_ros/tuos_ros) by extensions ['colcon_meta']
[0.288s] Level 1:colcon.colcon_core.package_identification:_identify(tuos_ros/tuos_ros) by extension 'colcon_meta'
[0.288s] Level 1:colcon.colcon_core.package_identification:_identify(tuos_ros/tuos_ros) by extensions ['ros']
[0.288s] Level 1:colcon.colcon_core.package_identification:_identify(tuos_ros/tuos_ros) by extension 'ros'
[0.289s] DEBUG:colcon.colcon_core.package_identification:Package 'tuos_ros/tuos_ros' with type 'ros.ament_cmake' and name 'tuos_ros'
[0.289s] Level 1:colcon.colcon_core.package_identification:_identify(tuos_ros/tuos_simulations) by extensions ['ignore', 'ignore_ament_install']
[0.289s] Level 1:colcon.colcon_core.package_identification:_identify(tuos_ros/tuos_simulations) by extension 'ignore'
[0.289s] Level 1:colcon.colcon_core.package_identification:_identify(tuos_ros/tuos_simulations) by extension 'ignore_ament_install'
[0.289s] Level 1:colcon.colcon_core.package_identification:_identify(tuos_ros/tuos_simulations) by extensions ['colcon_pkg']
[0.289s] Level 1:colcon.colcon_core.package_identification:_identify(tuos_ros/tuos_simulations) by extension 'colcon_pkg'
[0.289s] Level 1:colcon.colcon_core.package_identification:_identify(tuos_ros/tuos_simulations) by extensions ['colcon_meta']
[0.289s] Level 1:colcon.colcon_core.package_identification:_identify(tuos_ros/tuos_simulations) by extension 'colcon_meta'
[0.289s] Level 1:colcon.colcon_core.package_identification:_identify(tuos_ros/tuos_simulations) by extensions ['ros']
[0.289s] Level 1:colcon.colcon_core.package_identification:_identify(tuos_ros/tuos_simulations) by extension 'ros'
[0.290s] DEBUG:colcon.colcon_core.package_identification:Package 'tuos_ros/tuos_simulations' with type 'ros.ament_cmake' and name 'tuos_simulations'
[0.290s] Level 1:colcon.colcon_core.package_identification:_identify(tuos_ros/tuos_tb3_tools) by extensions ['ignore', 'ignore_ament_install']
[0.290s] Level 1:colcon.colcon_core.package_identification:_identify(tuos_ros/tuos_tb3_tools) by extension 'ignore'
[0.290s] Level 1:colcon.colcon_core.package_identification:_identify(tuos_ros/tuos_tb3_tools) by extension 'ignore_ament_install'
[0.290s] Level 1:colcon.colcon_core.package_identification:_identify(tuos_ros/tuos_tb3_tools) by extensions ['colcon_pkg']
[0.290s] Level 1:colcon.colcon_core.package_identification:_identify(tuos_ros/tuos_tb3_tools) by extension 'colcon_pkg'
[0.290s] Level 1:colcon.colcon_core.package_identification:_identify(tuos_ros/tuos_tb3_tools) by extensions ['colcon_meta']
[0.290s] Level 1:colcon.colcon_core.package_identification:_identify(tuos_ros/tuos_tb3_tools) by extension 'colcon_meta'
[0.290s] Level 1:colcon.colcon_core.package_identification:_identify(tuos_ros/tuos_tb3_tools) by extensions ['ros']
[0.290s] Level 1:colcon.colcon_core.package_identification:_identify(tuos_ros/tuos_tb3_tools) by extension 'ros'
[0.291s] DEBUG:colcon.colcon_core.package_identification:Package 'tuos_ros/tuos_tb3_tools' with type 'ros.ament_cmake' and name 'tuos_tb3_tools'
[0.291s] Level 1:colcon.colcon_core.package_discovery:discover_packages(recursive) using defaults
[0.291s] Level 1:colcon.colcon_core.package_discovery:discover_packages(ignore) discover
[0.291s] Level 1:colcon.colcon_core.package_discovery:discover_packages(ignore) using defaults
[0.291s] Level 1:colcon.colcon_core.package_discovery:discover_packages(path) discover
[0.291s] Level 1:colcon.colcon_core.package_discovery:discover_packages(path) using defaults
[0.319s] INFO:colcon.colcon_core.package_selection:Skipping not selected package 'part1_pubsub' in 'part1_pubsub'
[0.319s] INFO:colcon.colcon_core.package_selection:Skipping not selected package 'tuos_examples' in 'tuos_ros/tuos_examples'
[0.319s] INFO:colcon.colcon_core.package_selection:Skipping not selected package 'tuos_interfaces' in 'tuos_ros/tuos_interfaces'
[0.319s] INFO:colcon.colcon_core.package_selection:Skipping not selected package 'tuos_simulations' in 'tuos_ros/tuos_simulations'
[0.319s] INFO:colcon.colcon_core.package_selection:Skipping not selected package 'tuos_tb3_tools' in 'tuos_ros/tuos_tb3_tools'
[0.319s] INFO:colcon.colcon_core.package_selection:Skipping not selected package 'com2009_simulations' in 'tuos_ros/com2009_simulations'
[0.319s] INFO:colcon.colcon_core.package_selection:Skipping not selected package 'tuos_ros' in 'tuos_ros/tuos_ros'
[0.319s] Level 1:colcon.colcon_core.package_discovery:discover_packages(prefix_path) check parameters
[0.319s] Level 1:colcon.colcon_core.package_discovery:discover_packages(prefix_path) discover
[0.321s] DEBUG:colcon.colcon_installed_package_information.package_discovery:Found 8 installed packages in /home/n3h4/Desktop/NEHA/SEDRICA/STAR/week0/RosTut/install
[0.323s] DEBUG:colcon.colcon_installed_package_information.package_discovery:Found 349 installed packages in /opt/ros/humble
[0.324s] Level 1:colcon.colcon_core.package_discovery:discover_packages(prefix_path) using defaults
[0.372s] Level 5:colcon.colcon_core.verb:set package 'part2_navigation' build argument 'cmake_args' from command line to 'None'
[0.372s] Level 5:colcon.colcon_core.verb:set package 'part2_navigation' build argument 'cmake_target' from command line to 'None'
[0.372s] Level 5:colcon.colcon_core.verb:set package 'part2_navigation' build argument 'cmake_target_skip_unavailable' from command line to 'False'
[0.372s] Level 5:colcon.colcon_core.verb:set package 'part2_navigation' build argument 'cmake_clean_cache' from command line to 'False'
[0.372s] Level 5:colcon.colcon_core.verb:set package 'part2_navigation' build argument 'cmake_clean_first' from command line to 'False'
[0.372s] Level 5:colcon.colcon_core.verb:set package 'part2_navigation' build argument 'cmake_force_configure' from command line to 'False'
[0.373s] Level 5:colcon.colcon_core.verb:set package 'part2_navigation' build argument 'ament_cmake_args' from command line to 'None'
[0.373s] Level 5:colcon.colcon_core.verb:set package 'part2_navigation' build argument 'catkin_cmake_args' from command line to 'None'
[0.373s] Level 5:colcon.colcon_core.verb:set package 'part2_navigation' build argument 'catkin_skip_building_tests' from command line to 'False'
[0.373s] DEBUG:colcon.colcon_core.verb:Building package 'part2_navigation' with the following arguments: {'ament_cmake_args': None, 'build_base': '/home/n3h4/Desktop/NEHA/SEDRICA/STAR/week0/RosTut/build/part2_navigation', 'catkin_cmake_args': None, 'catkin_skip_building_tests': False, 'cmake_args': None, 'cmake_clean_cache': False, 'cmake_clean_first': False, 'cmake_force_configure': False, 'cmake_target': None, 'cmake_target_skip_unavailable': False, 'install_base': '/home/n3h4/Desktop/NEHA/SEDRICA/STAR/week0/RosTut/install/part2_navigation', 'merge_install': False, 'path': '/home/n3h4/Desktop/NEHA/SEDRICA/STAR/week0/RosTut/part2_navigation', 'symlink_install': True, 'test_result_base': None}
[0.373s] INFO:colcon.colcon_core.executor:Executing jobs using 'parallel' executor
[0.374s] DEBUG:colcon.colcon_parallel_executor.executor.parallel:run_until_complete
[0.374s] INFO:colcon.colcon_ros.task.ament_cmake.build:Building ROS package in '/home/n3h4/Desktop/NEHA/SEDRICA/STAR/week0/RosTut/part2_navigation' with build type 'ament_cmake'
[0.374s] INFO:colcon.colcon_cmake.task.cmake.build:Building CMake package in '/home/n3h4/Desktop/NEHA/SEDRICA/STAR/week0/RosTut/part2_navigation'
[0.376s] INFO:colcon.colcon_core.plugin_system:Skipping extension 'colcon_core.shell.bat': Not used on non-Windows systems
[0.377s] INFO:colcon.colcon_core.shell:Skip shell extension 'powershell' for command environment: Not usable outside of PowerShell
[0.377s] DEBUG:colcon.colcon_core.shell:Skip shell extension 'dsv' for command environment
[0.384s] DEBUG:colcon.colcon_core.event_handler.log_command:Invoking command in '/home/n3h4/Desktop/NEHA/SEDRICA/STAR/week0/RosTut/build/part2_navigation': CMAKE_PREFIX_PATH=${CMAKE_PREFIX_PATH}:/opt/ros/humble /usr/bin/cmake --build /home/n3h4/Desktop/NEHA/SEDRICA/STAR/week0/RosTut/build/part2_navigation -- -j12 -l12
[0.713s] DEBUG:colcon.colcon_core.event_handler.log_command:Invoked command in '/home/n3h4/Desktop/NEHA/SEDRICA/STAR/week0/RosTut/build/part2_navigation' returned '0': CMAKE_PREFIX_PATH=${CMAKE_PREFIX_PATH}:/opt/ros/humble /usr/bin/cmake --build /home/n3h4/Desktop/NEHA/SEDRICA/STAR/week0/RosTut/build/part2_navigation -- -j12 -l12
[0.722s] DEBUG:colcon.colcon_core.event_handler.log_command:Invoking command in '/home/n3h4/Desktop/NEHA/SEDRICA/STAR/week0/RosTut/build/part2_navigation': CMAKE_PREFIX_PATH=${CMAKE_PREFIX_PATH}:/opt/ros/humble /usr/bin/cmake --install /home/n3h4/Desktop/NEHA/SEDRICA/STAR/week0/RosTut/build/part2_navigation
[0.776s] Level 1:colcon.colcon_core.environment:create_environment_scripts_only(part2_navigation)
[0.777s] DEBUG:colcon.colcon_core.event_handler.log_command:Invoked command in '/home/n3h4/Desktop/NEHA/SEDRICA/STAR/week0/RosTut/build/part2_navigation' returned '0': CMAKE_PREFIX_PATH=${CMAKE_PREFIX_PATH}:/opt/ros/humble /usr/bin/cmake --install /home/n3h4/Desktop/NEHA/SEDRICA/STAR/week0/RosTut/build/part2_navigation
[0.779s] Level 1:colcon.colcon_core.environment:checking '/home/n3h4/Desktop/NEHA/SEDRICA/STAR/week0/RosTut/install/part2_navigation' for CMake module files
[0.779s] Level 1:colcon.colcon_core.environment:checking '/home/n3h4/Desktop/NEHA/SEDRICA/STAR/week0/RosTut/install/part2_navigation' for CMake config files
[0.780s] Level 1:colcon.colcon_core.shell:create_environment_hook('part2_navigation', 'cmake_prefix_path')
[0.780s] INFO:colcon.colcon_core.shell:Creating environment hook '/home/n3h4/Desktop/NEHA/SEDRICA/STAR/week0/RosTut/install/part2_navigation/share/part2_navigation/hook/cmake_prefix_path.ps1'
[0.781s] INFO:colcon.colcon_core.shell:Creating environment descriptor '/home/n3h4/Desktop/NEHA/SEDRICA/STAR/week0/RosTut/install/part2_navigation/share/part2_navigation/hook/cmake_prefix_path.dsv'
[0.781s] INFO:colcon.colcon_core.shell:Creating environment hook '/home/n3h4/Desktop/NEHA/SEDRICA/STAR/week0/RosTut/install/part2_navigation/share/part2_navigation/hook/cmake_prefix_path.sh'
[0.782s] Level 1:colcon.colcon_core.environment:checking '/home/n3h4/Desktop/NEHA/SEDRICA/STAR/week0/RosTut/install/part2_navigation/lib'
[0.782s] Level 1:colcon.colcon_core.environment:checking '/home/n3h4/Desktop/NEHA/SEDRICA/STAR/week0/RosTut/install/part2_navigation/bin'
[0.782s] Level 1:colcon.colcon_core.environment:checking '/home/n3h4/Desktop/NEHA/SEDRICA/STAR/week0/RosTut/install/part2_navigation/lib/pkgconfig/part2_navigation.pc'
[0.782s] Level 1:colcon.colcon_core.environment:checking '/home/n3h4/Desktop/NEHA/SEDRICA/STAR/week0/RosTut/install/part2_navigation/lib/python3.10/site-packages'
[0.782s] Level 1:colcon.colcon_core.environment:checking '/home/n3h4/Desktop/NEHA/SEDRICA/STAR/week0/RosTut/install/part2_navigation/bin'
[0.783s] INFO:colcon.colcon_core.shell:Creating package script '/home/n3h4/Desktop/NEHA/SEDRICA/STAR/week0/RosTut/install/part2_navigation/share/part2_navigation/package.ps1'
[0.784s] INFO:colcon.colcon_core.shell:Creating package descriptor '/home/n3h4/Desktop/NEHA/SEDRICA/STAR/week0/RosTut/install/part2_navigation/share/part2_navigation/package.dsv'
[0.784s] INFO:colcon.colcon_core.shell:Creating package script '/home/n3h4/Desktop/NEHA/SEDRICA/STAR/week0/RosTut/install/part2_navigation/share/part2_navigation/package.sh'
[0.785s] INFO:colcon.colcon_core.shell:Creating package script '/home/n3h4/Desktop/NEHA/SEDRICA/STAR/week0/RosTut/install/part2_navigation/share/part2_navigation/package.bash'
[0.785s] INFO:colcon.colcon_core.shell:Creating package script '/home/n3h4/Desktop/NEHA/SEDRICA/STAR/week0/RosTut/install/part2_navigation/share/part2_navigation/package.zsh'
[0.786s] Level 1:colcon.colcon_core.environment:create_file_with_runtime_dependencies(/home/n3h4/Desktop/NEHA/SEDRICA/STAR/week0/RosTut/install/part2_navigation/share/colcon-core/packages/part2_navigation)
[0.786s] Level 1:colcon.colcon_core.environment:create_environment_scripts_only(part2_navigation)
[0.787s] Level 1:colcon.colcon_core.environment:checking '/home/n3h4/Desktop/NEHA/SEDRICA/STAR/week0/RosTut/install/part2_navigation' for CMake module files
[0.787s] Level 1:colcon.colcon_core.environment:checking '/home/n3h4/Desktop/NEHA/SEDRICA/STAR/week0/RosTut/install/part2_navigation' for CMake config files
[0.787s] Level 1:colcon.colcon_core.shell:create_environment_hook('part2_navigation', 'cmake_prefix_path')
[0.788s] INFO:colcon.colcon_core.shell:Creating environment hook '/home/n3h4/Desktop/NEHA/SEDRICA/STAR/week0/RosTut/install/part2_navigation/share/part2_navigation/hook/cmake_prefix_path.ps1'
[0.788s] INFO:colcon.colcon_core.shell:Creating environment descriptor '/home/n3h4/Desktop/NEHA/SEDRICA/STAR/week0/RosTut/install/part2_navigation/share/part2_navigation/hook/cmake_prefix_path.dsv'
[0.788s] INFO:colcon.colcon_core.shell:Creating environment hook '/home/n3h4/Desktop/NEHA/SEDRICA/STAR/week0/RosTut/install/part2_navigation/share/part2_navigation/hook/cmake_prefix_path.sh'
[0.789s] Level 1:colcon.colcon_core.environment:checking '/home/n3h4/Desktop/NEHA/SEDRICA/STAR/week0/RosTut/install/part2_navigation/lib'
[0.789s] Level 1:colcon.colcon_core.environment:checking '/home/n3h4/Desktop/NEHA/SEDRICA/STAR/week0/RosTut/install/part2_navigation/bin'
[0.789s] Level 1:colcon.colcon_core.environment:checking '/home/n3h4/Desktop/NEHA/SEDRICA/STAR/week0/RosTut/install/part2_navigation/lib/pkgconfig/part2_navigation.pc'
[0.789s] Level 1:colcon.colcon_core.environment:checking '/home/n3h4/Desktop/NEHA/SEDRICA/STAR/week0/RosTut/install/part2_navigation/lib/python3.10/site-packages'
[0.789s] Level 1:colcon.colcon_core.environment:checking '/home/n3h4/Desktop/NEHA/SEDRICA/STAR/week0/RosTut/install/part2_navigation/bin'
[0.790s] INFO:colcon.colcon_core.shell:Creating package script '/home/n3h4/Desktop/NEHA/SEDRICA/STAR/week0/RosTut/install/part2_navigation/share/part2_navigation/package.ps1'
[0.790s] INFO:colcon.colcon_core.shell:Creating package descriptor '/home/n3h4/Desktop/NEHA/SEDRICA/STAR/week0/RosTut/install/part2_navigation/share/part2_navigation/package.dsv'
[0.790s] INFO:colcon.colcon_core.shell:Creating package script '/home/n3h4/Desktop/NEHA/SEDRICA/STAR/week0/RosTut/install/part2_navigation/share/part2_navigation/package.sh'
[0.791s] INFO:colcon.colcon_core.shell:Creating package script '/home/n3h4/Desktop/NEHA/SEDRICA/STAR/week0/RosTut/install/part2_navigation/share/part2_navigation/package.bash'
[0.791s] INFO:colcon.colcon_core.shell:Creating package script '/home/n3h4/Desktop/NEHA/SEDRICA/STAR/week0/RosTut/install/part2_navigation/share/part2_navigation/package.zsh'
[0.791s] Level 1:colcon.colcon_core.environment:create_file_with_runtime_dependencies(/home/n3h4/Desktop/NEHA/SEDRICA/STAR/week0/RosTut/install/part2_navigation/share/colcon-core/packages/part2_navigation)
[0.792s] DEBUG:colcon.colcon_parallel_executor.executor.parallel:closing loop
[0.792s] DEBUG:colcon.colcon_parallel_executor.executor.parallel:loop closed
[0.792s] DEBUG:colcon.colcon_parallel_executor.executor.parallel:run_until_complete finished with '0'
[0.792s] DEBUG:colcon.colcon_core.event_reactor:joining thread
[0.796s] INFO:colcon.colcon_core.plugin_system:Skipping extension 'colcon_notification.desktop_notification.terminal_notifier': Not used on non-Darwin systems
[0.797s] INFO:colcon.colcon_core.plugin_system:Skipping extension 'colcon_notification.desktop_notification.win32': Not used on non-Windows systems
[0.797s] INFO:colcon.colcon_notification.desktop_notification:Sending desktop notification using 'notify2'
[0.806s] DEBUG:colcon.colcon_core.event_reactor:joined thread
[0.807s] INFO:colcon.colcon_core.shell:Creating prefix script '/home/n3h4/Desktop/NEHA/SEDRICA/STAR/week0/RosTut/install/local_setup.ps1'
[0.808s] INFO:colcon.colcon_core.shell:Creating prefix util module '/home/n3h4/Desktop/NEHA/SEDRICA/STAR/week0/RosTut/install/_local_setup_util_ps1.py'
[0.809s] INFO:colcon.colcon_core.shell:Creating prefix chain script '/home/n3h4/Desktop/NEHA/SEDRICA/STAR/week0/RosTut/install/setup.ps1'
[0.810s] INFO:colcon.colcon_core.shell:Creating prefix script '/home/n3h4/Desktop/NEHA/SEDRICA/STAR/week0/RosTut/install/local_setup.sh'
[0.811s] INFO:colcon.colcon_core.shell:Creating prefix util module '/home/n3h4/Desktop/NEHA/SEDRICA/STAR/week0/RosTut/install/_local_setup_util_sh.py'
[0.811s] INFO:colcon.colcon_core.shell:Creating prefix chain script '/home/n3h4/Desktop/NEHA/SEDRICA/STAR/week0/RosTut/install/setup.sh'
[0.812s] INFO:colcon.colcon_core.shell:Creating prefix script '/home/n3h4/Desktop/NEHA/SEDRICA/STAR/week0/RosTut/install/local_setup.bash'
[0.813s] INFO:colcon.colcon_core.shell:Creating prefix chain script '/home/n3h4/Desktop/NEHA/SEDRICA/STAR/week0/RosTut/install/setup.bash'
[0.814s] INFO:colcon.colcon_core.shell:Creating prefix script '/home/n3h4/Desktop/NEHA/SEDRICA/STAR/week0/RosTut/install/local_setup.zsh'
[0.814s] INFO:colcon.colcon_core.shell:Creating prefix chain script '/home/n3h4/Desktop/NEHA/SEDRICA/STAR/week0/RosTut/install/setup.zsh'
