[0.021s] Invoking command in '/home/n3h4/Desktop/NEHA/SEDRICA/RosTut/build/tuos_interfaces': CMAKE_PREFIX_PATH=/opt/ros/humble /usr/bin/cmake --build /home/n3h4/Desktop/NEHA/SEDRICA/RosTut/build/tuos_interfaces -- -j12 -l12
[0.072s] [  2%] [34m[1mGenerating C code for ROS interfaces[0m
[0.091s] [  4%] [34m[1mGenerating C++ code for ROS interfaces[0m
[0.099s] [  4%] Built target ament_cmake_python_copy_tuos_interfaces
[0.517s] running egg_info
[0.518s] creating tuos_interfaces.egg-info
[0.518s] writing tuos_interfaces.egg-info/PKG-INFO
[0.518s] writing dependency_links to tuos_interfaces.egg-info/dependency_links.txt
[0.519s] writing top-level names to tuos_interfaces.egg-info/top_level.txt
[0.519s] writing manifest file 'tuos_interfaces.egg-info/SOURCES.txt'
[0.522s] reading manifest file 'tuos_interfaces.egg-info/SOURCES.txt'
[0.523s] writing manifest file 'tuos_interfaces.egg-info/SOURCES.txt'
[0.556s] [  4%] Built target ament_cmake_python_build_tuos_interfaces_egg
[0.988s] [ 10%] [32mBuilding C object CMakeFiles/tuos_interfaces__rosidl_generator_c.dir/rosidl_generator_c/tuos_interfaces/msg/detail/num__functions.c.o[0m
[0.988s] [ 10%] [32mBuilding C object CMakeFiles/tuos_interfaces__rosidl_generator_c.dir/rosidl_generator_c/tuos_interfaces/srv/detail/number_game__functions.c.o[0m
[0.988s] [ 10%] [32mBuilding C object CMakeFiles/tuos_interfaces__rosidl_generator_c.dir/rosidl_generator_c/tuos_interfaces/action/detail/camera_sweep__functions.c.o[0m
[1.095s] [ 10%] Built target tuos_interfaces__cpp
[1.108s] [ 12%] [34m[1mGenerating C++ type support dispatch for ROS interfaces[0m
[1.108s] [ 14%] [34m[1mGenerating C++ type support for eProsima Fast-RTPS[0m
[1.109s] [ 17%] [34m[1mGenerating C++ introspection for ROS interfaces[0m
[1.180s] [ 19%] [32m[1mLinking C shared library libtuos_interfaces__rosidl_generator_c.so[0m
[1.234s] [ 19%] Built target tuos_interfaces__rosidl_generator_c
[1.252s] [ 23%] [34m[1mGenerating C introspection for ROS interfaces[0m
[1.253s] [ 25%] [34m[1mGenerating C type support for eProsima Fast-RTPS[0m
[1.253s] [ 25%] [34m[1mGenerating C type support dispatch for ROS interfaces[0m
[1.826s] [ 27%] [32mBuilding CXX object CMakeFiles/tuos_interfaces__rosidl_typesupport_introspection_cpp.dir/rosidl_typesupport_introspection_cpp/tuos_interfaces/srv/detail/number_game__type_support.cpp.o[0m
[1.828s] [ 29%] [32mBuilding CXX object CMakeFiles/tuos_interfaces__rosidl_typesupport_introspection_cpp.dir/rosidl_typesupport_introspection_cpp/tuos_interfaces/msg/detail/num__type_support.cpp.o[0m
[1.829s] [ 31%] [32mBuilding CXX object CMakeFiles/tuos_interfaces__rosidl_typesupport_introspection_cpp.dir/rosidl_typesupport_introspection_cpp/tuos_interfaces/action/detail/camera_sweep__type_support.cpp.o[0m
[1.999s] [ 34%] [32mBuilding CXX object CMakeFiles/tuos_interfaces__rosidl_typesupport_cpp.dir/rosidl_typesupport_cpp/tuos_interfaces/msg/num__type_support.cpp.o[0m
[1.999s] [ 36%] [32mBuilding CXX object CMakeFiles/tuos_interfaces__rosidl_typesupport_cpp.dir/rosidl_typesupport_cpp/tuos_interfaces/action/camera_sweep__type_support.cpp.o[0m
[2.001s] [ 38%] [32mBuilding CXX object CMakeFiles/tuos_interfaces__rosidl_typesupport_cpp.dir/rosidl_typesupport_cpp/tuos_interfaces/srv/number_game__type_support.cpp.o[0m
[2.108s] [ 40%] [32mBuilding C object CMakeFiles/tuos_interfaces__rosidl_typesupport_introspection_c.dir/rosidl_typesupport_introspection_c/tuos_interfaces/msg/detail/num__type_support.c.o[0m
[2.126s] [ 42%] [32mBuilding C object CMakeFiles/tuos_interfaces__rosidl_typesupport_introspection_c.dir/rosidl_typesupport_introspection_c/tuos_interfaces/action/detail/camera_sweep__type_support.c.o[0m
[2.131s] [ 44%] [32mBuilding C object CMakeFiles/tuos_interfaces__rosidl_typesupport_introspection_c.dir/rosidl_typesupport_introspection_c/tuos_interfaces/srv/detail/number_game__type_support.c.o[0m
[2.265s] [ 46%] [32mBuilding CXX object CMakeFiles/tuos_interfaces__rosidl_typesupport_c.dir/rosidl_typesupport_c/tuos_interfaces/msg/num__type_support.cpp.o[0m
[2.280s] [ 48%] [32mBuilding CXX object CMakeFiles/tuos_interfaces__rosidl_typesupport_c.dir/rosidl_typesupport_c/tuos_interfaces/action/camera_sweep__type_support.cpp.o[0m
[2.288s] [ 51%] [32mBuilding CXX object CMakeFiles/tuos_interfaces__rosidl_typesupport_c.dir/rosidl_typesupport_c/tuos_interfaces/srv/number_game__type_support.cpp.o[0m
[2.308s] [ 53%] [32m[1mLinking C shared library libtuos_interfaces__rosidl_typesupport_introspection_c.so[0m
[2.399s] [ 55%] [32m[1mLinking CXX shared library libtuos_interfaces__rosidl_typesupport_c.so[0m
[2.415s] [ 55%] Built target tuos_interfaces__rosidl_typesupport_introspection_c
[2.486s] [ 57%] [32mBuilding CXX object CMakeFiles/tuos_interfaces__rosidl_typesupport_fastrtps_cpp.dir/rosidl_typesupport_fastrtps_cpp/tuos_interfaces/msg/detail/dds_fastrtps/num__type_support.cpp.o[0m
[2.500s] [ 59%] [32mBuilding CXX object CMakeFiles/tuos_interfaces__rosidl_typesupport_fastrtps_cpp.dir/rosidl_typesupport_fastrtps_cpp/tuos_interfaces/srv/detail/dds_fastrtps/number_game__type_support.cpp.o[0m
[2.500s] [ 61%] [32mBuilding CXX object CMakeFiles/tuos_interfaces__rosidl_typesupport_fastrtps_cpp.dir/rosidl_typesupport_fastrtps_cpp/tuos_interfaces/action/detail/dds_fastrtps/camera_sweep__type_support.cpp.o[0m
[2.513s] [ 61%] Built target tuos_interfaces__rosidl_typesupport_c
[2.699s] [ 63%] [32mBuilding CXX object CMakeFiles/tuos_interfaces__rosidl_typesupport_fastrtps_c.dir/rosidl_typesupport_fastrtps_c/tuos_interfaces/msg/detail/num__type_support_c.cpp.o[0m
[2.712s] [ 65%] [32mBuilding CXX object CMakeFiles/tuos_interfaces__rosidl_typesupport_fastrtps_c.dir/rosidl_typesupport_fastrtps_c/tuos_interfaces/action/detail/camera_sweep__type_support_c.cpp.o[0m
[2.716s] [ 68%] [32mBuilding CXX object CMakeFiles/tuos_interfaces__rosidl_typesupport_fastrtps_c.dir/rosidl_typesupport_fastrtps_c/tuos_interfaces/srv/detail/number_game__type_support_c.cpp.o[0m
[3.054s] [ 70%] [32m[1mLinking CXX shared library libtuos_interfaces__rosidl_typesupport_cpp.so[0m
[3.148s] [ 70%] Built target tuos_interfaces__rosidl_typesupport_cpp
[3.217s] [ 72%] [32m[1mLinking CXX shared library libtuos_interfaces__rosidl_typesupport_introspection_cpp.so[0m
[3.327s] [ 72%] Built target tuos_interfaces__rosidl_typesupport_introspection_cpp
[3.511s] [ 74%] [32m[1mLinking CXX shared library libtuos_interfaces__rosidl_typesupport_fastrtps_c.so[0m
[3.612s] [ 74%] Built target tuos_interfaces__rosidl_typesupport_fastrtps_c
[3.630s] [ 76%] [32m[1mLinking CXX shared library libtuos_interfaces__rosidl_typesupport_fastrtps_cpp.so[0m
[3.720s] [ 76%] Built target tuos_interfaces__rosidl_typesupport_fastrtps_cpp
[3.746s] [ 76%] Built target tuos_interfaces
[3.771s] [ 78%] [34m[1mGenerating Python code for ROS interfaces[0m
[5.081s] [ 78%] Built target tuos_interfaces__py
[5.104s] [ 82%] [32mBuilding C object CMakeFiles/tuos_interfaces__rosidl_generator_py.dir/rosidl_generator_py/tuos_interfaces/msg/_num_s.c.o[0m
[5.104s] [ 82%] [32mBuilding C object CMakeFiles/tuos_interfaces__rosidl_generator_py.dir/rosidl_generator_py/tuos_interfaces/action/_camera_sweep_s.c.o[0m
[5.104s] [ 85%] [32mBuilding C object CMakeFiles/tuos_interfaces__rosidl_generator_py.dir/rosidl_generator_py/tuos_interfaces/srv/_number_game_s.c.o[0m
[5.329s] [ 87%] [32m[1mLinking C shared library rosidl_generator_py/tuos_interfaces/libtuos_interfaces__rosidl_generator_py.so[0m
[5.381s] [ 87%] Built target tuos_interfaces__rosidl_generator_py
[5.407s] [ 93%] [32mBuilding C object CMakeFiles/tuos_interfaces__rosidl_typesupport_introspection_c__pyext.dir/rosidl_generator_py/tuos_interfaces/_tuos_interfaces_s.ep.rosidl_typesupport_introspection_c.c.o[0m
[5.407s] [ 93%] [32mBuilding C object CMakeFiles/tuos_interfaces__rosidl_typesupport_c__pyext.dir/rosidl_generator_py/tuos_interfaces/_tuos_interfaces_s.ep.rosidl_typesupport_c.c.o[0m
[5.407s] [ 93%] [32mBuilding C object CMakeFiles/tuos_interfaces__rosidl_typesupport_fastrtps_c__pyext.dir/rosidl_generator_py/tuos_interfaces/_tuos_interfaces_s.ep.rosidl_typesupport_fastrtps_c.c.o[0m
[5.571s] [ 97%] [32m[1mLinking C shared library rosidl_generator_py/tuos_interfaces/tuos_interfaces_s__rosidl_typesupport_c.cpython-310-x86_64-linux-gnu.so[0m
[5.571s] [ 97%] [32m[1mLinking C shared library rosidl_generator_py/tuos_interfaces/tuos_interfaces_s__rosidl_typesupport_fastrtps_c.cpython-310-x86_64-linux-gnu.so[0m
[5.576s] [100%] [32m[1mLinking C shared library rosidl_generator_py/tuos_interfaces/tuos_interfaces_s__rosidl_typesupport_introspection_c.cpython-310-x86_64-linux-gnu.so[0m
[5.624s] [100%] Built target tuos_interfaces__rosidl_typesupport_fastrtps_c__pyext
[5.624s] [100%] Built target tuos_interfaces__rosidl_typesupport_c__pyext
[5.629s] [100%] Built target tuos_interfaces__rosidl_typesupport_introspection_c__pyext
