[0.024s] Invoking command in '/home/n3h4/Desktop/NEHA/SEDRICA/RosTut/build/part1_pubsub': CMAKE_PREFIX_PATH=${CMAKE_PREFIX_PATH}:/opt/ros/humble /usr/bin/cmake --build /home/n3h4/Desktop/NEHA/SEDRICA/RosTut/build/part1_pubsub -- -j12 -l12
[0.046s] -- Found ament_cmake: 1.3.13 (/opt/ros/humble/share/ament_cmake/cmake)
[0.222s] -- Found rclcpp: 16.0.18 (/opt/ros/humble/share/rclcpp/cmake)
[0.245s] -- Found rosidl_generator_c: 3.1.8 (/opt/ros/humble/share/rosidl_generator_c/cmake)
[0.248s] -- Found rosidl_adapter: 3.1.8 (/opt/ros/humble/share/rosidl_adapter/cmake)
[0.255s] -- Found rosidl_generator_cpp: 3.1.8 (/opt/ros/humble/share/rosidl_generator_cpp/cmake)
[0.264s] -- Using all available rosidl_typesupport_c: rosidl_typesupport_fastrtps_c;rosidl_typesupport_introspection_c
[0.278s] -- Using all available rosidl_typesupport_cpp: rosidl_typesupport_fastrtps_cpp;rosidl_typesupport_introspection_cpp
[0.312s] -- Found rmw_implementation_cmake: 6.1.2 (/opt/ros/humble/share/rmw_implementation_cmake/cmake)
[0.313s] -- Found rmw_fastrtps_cpp: 6.2.10 (/opt/ros/humble/share/rmw_fastrtps_cpp/cmake)
[0.425s] -- Using RMW implementation 'rmw_fastrtps_cpp' as default
[0.505s] -- Found rclpy: 3.3.20 (/opt/ros/humble/share/rclpy/cmake)
[0.574s] -- Found rosidl_default_generators: 1.2.0 (/opt/ros/humble/share/rosidl_default_generators/cmake)
[0.585s] [31mCMake Error at /opt/ros/humble/share/rosidl_cmake/cmake/rosidl_generate_interfaces.cmake:93 (message):
[0.585s]   rosidl_generate_interfaces() the passed file 'msg/Example.msg' doesn't
[0.585s]   exist relative to the CMAKE_CURRENT_SOURCE_DIR
[0.585s]   '/home/n3h4/Desktop/NEHA/SEDRICA/RosTut/part1_pubsub'
[0.585s] Call Stack (most recent call first):
[0.585s]   CMakeLists.txt:32 (rosidl_generate_interfaces)
[0.585s] 
[0.585s] [0m
[0.585s] -- Configuring incomplete, errors occurred!
[0.585s] See also "/home/n3h4/Desktop/NEHA/SEDRICA/RosTut/build/part1_pubsub/CMakeFiles/CMakeOutput.log".
[0.593s] gmake: *** [Makefile:254: cmake_check_build_system] Error 1
[0.594s] Invoked command in '/home/n3h4/Desktop/NEHA/SEDRICA/RosTut/build/part1_pubsub' returned '2': CMAKE_PREFIX_PATH=${CMAKE_PREFIX_PATH}:/opt/ros/humble /usr/bin/cmake --build /home/n3h4/Desktop/NEHA/SEDRICA/RosTut/build/part1_pubsub -- -j12 -l12
