[0.020s] Invoking command in '/home/n3h4/Desktop/NEHA/SEDRICA/RosTut/build/tuos_examples': CMAKE_PREFIX_PATH=/opt/ros/humble /usr/bin/cmake --build /home/n3h4/Desktop/NEHA/SEDRICA/RosTut/build/tuos_examples -- -j12 -l12
[0.071s] [35m[1mConsolidate compiler generated dependencies of target cpp_executable[0m
[0.096s] [  0%] Built target ament_cmake_python_copy_tuos_examples
[0.104s] [100%] Built target cpp_executable
[0.458s] running egg_info
[0.459s] writing tuos_examples.egg-info/PKG-INFO
[0.460s] writing dependency_links to tuos_examples.egg-info/dependency_links.txt
[0.460s] writing top-level names to tuos_examples.egg-info/top_level.txt
[0.463s] reading manifest file 'tuos_examples.egg-info/SOURCES.txt'
[0.463s] writing manifest file 'tuos_examples.egg-info/SOURCES.txt'
[0.494s] [100%] Built target ament_cmake_python_build_tuos_examples_egg
[0.513s] Invoked command in '/home/n3h4/Desktop/NEHA/SEDRICA/RosTut/build/tuos_examples' returned '0': CMAKE_PREFIX_PATH=/opt/ros/humble /usr/bin/cmake --build /home/n3h4/Desktop/NEHA/SEDRICA/RosTut/build/tuos_examples -- -j12 -l12
[0.515s] Invoking command in '/home/n3h4/Desktop/NEHA/SEDRICA/RosTut/build/tuos_examples': CMAKE_PREFIX_PATH=/opt/ros/humble /usr/bin/cmake --install /home/n3h4/Desktop/NEHA/SEDRICA/RosTut/build/tuos_examples
[0.524s] -- Install configuration: ""
[0.525s] -- Installing: /home/n3h4/Desktop/NEHA/SEDRICA/RosTut/install/tuos_examples/lib/tuos_examples/cpp_executable
[0.527s] -- Set runtime path of "/home/n3h4/Desktop/NEHA/SEDRICA/RosTut/install/tuos_examples/lib/tuos_examples/cpp_executable" to ""
[0.527s] -- Installing: /home/n3h4/Desktop/NEHA/SEDRICA/RosTut/install/tuos_examples/share/tuos_examples/environment/pythonpath.sh
[0.528s] -- Installing: /home/n3h4/Desktop/NEHA/SEDRICA/RosTut/install/tuos_examples/share/tuos_examples/environment/pythonpath.dsv
[0.529s] -- Installing: /home/n3h4/Desktop/NEHA/SEDRICA/RosTut/install/tuos_examples/local/lib/python3.10/dist-packages/tuos_examples-0.0.0-py3.10.egg-info
[0.530s] -- Installing: /home/n3h4/Desktop/NEHA/SEDRICA/RosTut/install/tuos_examples/local/lib/python3.10/dist-packages/tuos_examples-0.0.0-py3.10.egg-info/top_level.txt
[0.531s] -- Installing: /home/n3h4/Desktop/NEHA/SEDRICA/RosTut/install/tuos_examples/local/lib/python3.10/dist-packages/tuos_examples-0.0.0-py3.10.egg-info/SOURCES.txt
[0.531s] -- Installing: /home/n3h4/Desktop/NEHA/SEDRICA/RosTut/install/tuos_examples/local/lib/python3.10/dist-packages/tuos_examples-0.0.0-py3.10.egg-info/dependency_links.txt
[0.531s] -- Installing: /home/n3h4/Desktop/NEHA/SEDRICA/RosTut/install/tuos_examples/local/lib/python3.10/dist-packages/tuos_examples-0.0.0-py3.10.egg-info/PKG-INFO
[0.532s] -- Installing: /home/n3h4/Desktop/NEHA/SEDRICA/RosTut/install/tuos_examples/local/lib/python3.10/dist-packages/tuos_examples
[0.533s] -- Installing: /home/n3h4/Desktop/NEHA/SEDRICA/RosTut/install/tuos_examples/local/lib/python3.10/dist-packages/tuos_examples/__init__.py
[0.534s] -- Installing: /home/n3h4/Desktop/NEHA/SEDRICA/RosTut/install/tuos_examples/local/lib/python3.10/dist-packages/tuos_examples/tb3_tools.py
[0.576s] Listing '/home/n3h4/Desktop/NEHA/SEDRICA/RosTut/install/tuos_examples/local/lib/python3.10/dist-packages/tuos_examples'...
[0.576s] Compiling '/home/n3h4/Desktop/NEHA/SEDRICA/RosTut/install/tuos_examples/local/lib/python3.10/dist-packages/tuos_examples/__init__.py'...
[0.576s] Compiling '/home/n3h4/Desktop/NEHA/SEDRICA/RosTut/install/tuos_examples/local/lib/python3.10/dist-packages/tuos_examples/tb3_tools.py'...
[0.582s] -- Installing: /home/n3h4/Desktop/NEHA/SEDRICA/RosTut/install/tuos_examples/lib/tuos_examples/odom_subscriber_template.py
[0.582s] -- Installing: /home/n3h4/Desktop/NEHA/SEDRICA/RosTut/install/tuos_examples/lib/tuos_examples/robot_pose.py
[0.582s] -- Installing: /home/n3h4/Desktop/NEHA/SEDRICA/RosTut/install/tuos_examples/lib/tuos_examples/camera_sweep_action_server.py
[0.582s] -- Installing: /home/n3h4/Desktop/NEHA/SEDRICA/RosTut/install/tuos_examples/lib/tuos_examples/waffle_yaw_action_server.py
[0.582s] -- Installing: /home/n3h4/Desktop/NEHA/SEDRICA/RosTut/install/tuos_examples/lib/tuos_examples/image_colours.py
[0.583s] -- Installing: /home/n3h4/Desktop/NEHA/SEDRICA/RosTut/install/tuos_examples/lib/tuos_examples/colour_search.py
[0.583s] -- Installing: /home/n3h4/Desktop/NEHA/SEDRICA/RosTut/install/tuos_examples/lib/tuos_examples/number_game.py
[0.583s] -- Installing: /home/n3h4/Desktop/NEHA/SEDRICA/RosTut/install/tuos_examples/lib/tuos_examples/param_publisher.py
[0.583s] -- Installing: /home/n3h4/Desktop/NEHA/SEDRICA/RosTut/install/tuos_examples/share/tuos_examples/launch
[0.583s] -- Installing: /home/n3h4/Desktop/NEHA/SEDRICA/RosTut/install/tuos_examples/share/tuos_examples/launch/cli_example.launch.py
[0.584s] -- Installing: /home/n3h4/Desktop/NEHA/SEDRICA/RosTut/install/tuos_examples/share/ament_index/resource_index/package_run_dependencies/tuos_examples
[0.584s] -- Installing: /home/n3h4/Desktop/NEHA/SEDRICA/RosTut/install/tuos_examples/share/ament_index/resource_index/parent_prefix_path/tuos_examples
[0.584s] -- Installing: /home/n3h4/Desktop/NEHA/SEDRICA/RosTut/install/tuos_examples/share/tuos_examples/environment/ament_prefix_path.sh
[0.584s] -- Installing: /home/n3h4/Desktop/NEHA/SEDRICA/RosTut/install/tuos_examples/share/tuos_examples/environment/ament_prefix_path.dsv
[0.585s] -- Installing: /home/n3h4/Desktop/NEHA/SEDRICA/RosTut/install/tuos_examples/share/tuos_examples/environment/path.sh
[0.585s] -- Installing: /home/n3h4/Desktop/NEHA/SEDRICA/RosTut/install/tuos_examples/share/tuos_examples/environment/path.dsv
[0.585s] -- Installing: /home/n3h4/Desktop/NEHA/SEDRICA/RosTut/install/tuos_examples/share/tuos_examples/local_setup.bash
[0.585s] -- Installing: /home/n3h4/Desktop/NEHA/SEDRICA/RosTut/install/tuos_examples/share/tuos_examples/local_setup.sh
[0.586s] -- Installing: /home/n3h4/Desktop/NEHA/SEDRICA/RosTut/install/tuos_examples/share/tuos_examples/local_setup.zsh
[0.586s] -- Installing: /home/n3h4/Desktop/NEHA/SEDRICA/RosTut/install/tuos_examples/share/tuos_examples/local_setup.dsv
[0.586s] -- Installing: /home/n3h4/Desktop/NEHA/SEDRICA/RosTut/install/tuos_examples/share/tuos_examples/package.dsv
[0.587s] -- Installing: /home/n3h4/Desktop/NEHA/SEDRICA/RosTut/install/tuos_examples/share/ament_index/resource_index/packages/tuos_examples
[0.587s] -- Installing: /home/n3h4/Desktop/NEHA/SEDRICA/RosTut/install/tuos_examples/share/tuos_examples/cmake/tuos_examplesConfig.cmake
[0.587s] -- Installing: /home/n3h4/Desktop/NEHA/SEDRICA/RosTut/install/tuos_examples/share/tuos_examples/cmake/tuos_examplesConfig-version.cmake
[0.587s] -- Installing: /home/n3h4/Desktop/NEHA/SEDRICA/RosTut/install/tuos_examples/share/tuos_examples/package.xml
[0.591s] Invoked command in '/home/n3h4/Desktop/NEHA/SEDRICA/RosTut/build/tuos_examples' returned '0': CMAKE_PREFIX_PATH=/opt/ros/humble /usr/bin/cmake --install /home/n3h4/Desktop/NEHA/SEDRICA/RosTut/build/tuos_examples
