[0.140s] DEBUG:colcon:Command line arguments: ['/usr/bin/colcon', 'build', '--packages-select', 'part2_navigation', '--symlink-install']
[0.140s] DEBUG:colcon:Parsed command line arguments: Namespace(log_base=None, log_level=None, verb_name='build', build_base='build', install_base='install', merge_install=False, symlink_install=True, test_result_base=None, continue_on_error=False, executor='parallel', parallel_workers=12, event_handlers=None, ignore_user_meta=False, metas=['./colcon.meta'], base_paths=['.'], packages_ignore=None, packages_ignore_regex=None, paths=None, packages_up_to=None, packages_up_to_regex=None, packages_above=None, packages_above_and_dependencies=None, packages_above_depth=None, packages_select_by_dep=None, packages_skip_by_dep=None, packages_skip_up_to=None, packages_select_build_failed=False, packages_skip_build_finished=False, packages_select_test_failures=False, packages_skip_test_passed=False, packages_select=['part2_navigation'], packages_skip=None, packages_select_regex=None, packages_skip_regex=None, packages_start=None, packages_end=None, allow_overriding=[], cmake_args=None, cmake_target=None, cmake_target_skip_unavailable=False, cmake_clean_cache=False, cmake_clean_first=False, cmake_force_configure=False, ament_cmake_args=None, catkin_cmake_args=None, catkin_skip_building_tests=False, verb_parser=<colcon_defaults.argument_parser.defaults.DefaultArgumentsDecorator object at 0x7e447a724100>, verb_extension=<colcon_core.verb.build.BuildVerb object at 0x7e447a8755d0>, main=<bound method BuildVerb.main of <colcon_core.verb.build.BuildVerb object at 0x7e447a8755d0>>)
[0.363s] Level 1:colcon.colcon_core.package_discovery:discover_packages(colcon_meta) check parameters
[0.363s] Level 1:colcon.colcon_core.package_discovery:discover_packages(recursive) check parameters
[0.363s] Level 1:colcon.colcon_core.package_discovery:discover_packages(ignore) check parameters
[0.363s] Level 1:colcon.colcon_core.package_discovery:discover_packages(path) check parameters
[0.363s] Level 1:colcon.colcon_core.package_discovery:discover_packages(colcon_meta) discover
[0.363s] Level 1:colcon.colcon_core.package_discovery:discover_packages(recursive) discover
[0.363s] INFO:colcon.colcon_core.package_discovery:Crawling recursively for packages in '/home/n3h4/Desktop/NEHA/SEDRICA/STAR/week0/RosTut'
[0.363s] Level 1:colcon.colcon_core.package_identification:_identify(.) by extensions ['ignore', 'ignore_ament_install']
[0.363s] Level 1:colcon.colcon_core.package_identification:_identify(.) by extension 'ignore'
[0.363s] Level 1:colcon.colcon_core.package_identification:_identify(.) by extension 'ignore_ament_install'
[0.363s] Level 1:colcon.colcon_core.package_identification:_identify(.) by extensions ['colcon_pkg']
[0.364s] Level 1:colcon.colcon_core.package_identification:_identify(.) by extension 'colcon_pkg'
[0.364s] Level 1:colcon.colcon_core.package_identification:_identify(.) by extensions ['colcon_meta']
[0.364s] Level 1:colcon.colcon_core.package_identification:_identify(.) by extension 'colcon_meta'
[0.364s] Level 1:colcon.colcon_core.package_identification:_identify(.) by extensions ['ros']
[0.364s] Level 1:colcon.colcon_core.package_identification:_identify(.) by extension 'ros'
[0.378s] Level 1:colcon.colcon_core.package_identification:_identify(.) by extensions ['cmake', 'python']
[0.378s] Level 1:colcon.colcon_core.package_identification:_identify(.) by extension 'cmake'
[0.378s] Level 1:colcon.colcon_core.package_identification:_identify(.) by extension 'python'
[0.378s] Level 1:colcon.colcon_core.package_identification:_identify(.) by extensions ['python_setup_py']
[0.378s] Level 1:colcon.colcon_core.package_identification:_identify(.) by extension 'python_setup_py'
[0.378s] Level 1:colcon.colcon_core.package_identification:_identify(build) by extensions ['ignore', 'ignore_ament_install']
[0.378s] Level 1:colcon.colcon_core.package_identification:_identify(build) by extension 'ignore'
[0.378s] Level 1:colcon.colcon_core.package_identification:_identify(build) ignored
[0.378s] Level 1:colcon.colcon_core.package_identification:_identify(install) by extensions ['ignore', 'ignore_ament_install']
[0.378s] Level 1:colcon.colcon_core.package_identification:_identify(install) by extension 'ignore'
[0.378s] Level 1:colcon.colcon_core.package_identification:_identify(install) ignored
[0.378s] Level 1:colcon.colcon_core.package_identification:_identify(log) by extensions ['ignore', 'ignore_ament_install']
[0.379s] Level 1:colcon.colcon_core.package_identification:_identify(log) by extension 'ignore'
[0.379s] Level 1:colcon.colcon_core.package_identification:_identify(log) ignored
[0.379s] Level 1:colcon.colcon_core.package_identification:_identify(part1_pubsub) by extensions ['ignore', 'ignore_ament_install']
[0.379s] Level 1:colcon.colcon_core.package_identification:_identify(part1_pubsub) by extension 'ignore'
[0.379s] Level 1:colcon.colcon_core.package_identification:_identify(part1_pubsub) by extension 'ignore_ament_install'
[0.379s] Level 1:colcon.colcon_core.package_identification:_identify(part1_pubsub) by extensions ['colcon_pkg']
[0.379s] Level 1:colcon.colcon_core.package_identification:_identify(part1_pubsub) by extension 'colcon_pkg'
[0.379s] Level 1:colcon.colcon_core.package_identification:_identify(part1_pubsub) by extensions ['colcon_meta']
[0.379s] Level 1:colcon.colcon_core.package_identification:_identify(part1_pubsub) by extension 'colcon_meta'
[0.379s] Level 1:colcon.colcon_core.package_identification:_identify(part1_pubsub) by extensions ['ros']
[0.379s] Level 1:colcon.colcon_core.package_identification:_identify(part1_pubsub) by extension 'ros'
[0.382s] DEBUG:colcon.colcon_core.package_identification:Package 'part1_pubsub' with type 'ros.ament_cmake' and name 'part1_pubsub'
[0.382s] Level 1:colcon.colcon_core.package_identification:_identify(part2_navigation) by extensions ['ignore', 'ignore_ament_install']
[0.382s] Level 1:colcon.colcon_core.package_identification:_identify(part2_navigation) by extension 'ignore'
[0.382s] Level 1:colcon.colcon_core.package_identification:_identify(part2_navigation) by extension 'ignore_ament_install'
[0.382s] Level 1:colcon.colcon_core.package_identification:_identify(part2_navigation) by extensions ['colcon_pkg']
[0.383s] Level 1:colcon.colcon_core.package_identification:_identify(part2_navigation) by extension 'colcon_pkg'
[0.383s] Level 1:colcon.colcon_core.package_identification:_identify(part2_navigation) by extensions ['colcon_meta']
[0.383s] Level 1:colcon.colcon_core.package_identification:_identify(part2_navigation) by extension 'colcon_meta'
[0.383s] Level 1:colcon.colcon_core.package_identification:_identify(part2_navigation) by extensions ['ros']
[0.383s] Level 1:colcon.colcon_core.package_identification:_identify(part2_navigation) by extension 'ros'
[0.383s] DEBUG:colcon.colcon_core.package_identification:Package 'part2_navigation' with type 'ros.ament_cmake' and name 'part2_navigation'
[0.383s] Level 1:colcon.colcon_core.package_identification:_identify(tuos_ros) by extensions ['ignore', 'ignore_ament_install']
[0.383s] Level 1:colcon.colcon_core.package_identification:_identify(tuos_ros) by extension 'ignore'
[0.384s] Level 1:colcon.colcon_core.package_identification:_identify(tuos_ros) by extension 'ignore_ament_install'
[0.384s] Level 1:colcon.colcon_core.package_identification:_identify(tuos_ros) by extensions ['colcon_pkg']
[0.384s] Level 1:colcon.colcon_core.package_identification:_identify(tuos_ros) by extension 'colcon_pkg'
[0.384s] Level 1:colcon.colcon_core.package_identification:_identify(tuos_ros) by extensions ['colcon_meta']
[0.384s] Level 1:colcon.colcon_core.package_identification:_identify(tuos_ros) by extension 'colcon_meta'
[0.384s] Level 1:colcon.colcon_core.package_identification:_identify(tuos_ros) by extensions ['ros']
[0.384s] Level 1:colcon.colcon_core.package_identification:_identify(tuos_ros) by extension 'ros'
[0.384s] Level 1:colcon.colcon_core.package_identification:_identify(tuos_ros) by extensions ['cmake', 'python']
[0.384s] Level 1:colcon.colcon_core.package_identification:_identify(tuos_ros) by extension 'cmake'
[0.384s] Level 1:colcon.colcon_core.package_identification:_identify(tuos_ros) by extension 'python'
[0.384s] Level 1:colcon.colcon_core.package_identification:_identify(tuos_ros) by extensions ['python_setup_py']
[0.384s] Level 1:colcon.colcon_core.package_identification:_identify(tuos_ros) by extension 'python_setup_py'
[0.384s] Level 1:colcon.colcon_core.package_identification:_identify(tuos_ros/com2009_simulations) by extensions ['ignore', 'ignore_ament_install']
[0.384s] Level 1:colcon.colcon_core.package_identification:_identify(tuos_ros/com2009_simulations) by extension 'ignore'
[0.384s] Level 1:colcon.colcon_core.package_identification:_identify(tuos_ros/com2009_simulations) by extension 'ignore_ament_install'
[0.384s] Level 1:colcon.colcon_core.package_identification:_identify(tuos_ros/com2009_simulations) by extensions ['colcon_pkg']
[0.384s] Level 1:colcon.colcon_core.package_identification:_identify(tuos_ros/com2009_simulations) by extension 'colcon_pkg'
[0.384s] Level 1:colcon.colcon_core.package_identification:_identify(tuos_ros/com2009_simulations) by extensions ['colcon_meta']
[0.384s] Level 1:colcon.colcon_core.package_identification:_identify(tuos_ros/com2009_simulations) by extension 'colcon_meta'
[0.385s] Level 1:colcon.colcon_core.package_identification:_identify(tuos_ros/com2009_simulations) by extensions ['ros']
[0.385s] Level 1:colcon.colcon_core.package_identification:_identify(tuos_ros/com2009_simulations) by extension 'ros'
[0.385s] DEBUG:colcon.colcon_core.package_identification:Package 'tuos_ros/com2009_simulations' with type 'ros.ament_cmake' and name 'com2009_simulations'
[0.385s] Level 1:colcon.colcon_core.package_identification:_identify(tuos_ros/tuos_examples) by extensions ['ignore', 'ignore_ament_install']
[0.385s] Level 1:colcon.colcon_core.package_identification:_identify(tuos_ros/tuos_examples) by extension 'ignore'
[0.385s] Level 1:colcon.colcon_core.package_identification:_identify(tuos_ros/tuos_examples) by extension 'ignore_ament_install'
[0.386s] Level 1:colcon.colcon_core.package_identification:_identify(tuos_ros/tuos_examples) by extensions ['colcon_pkg']
[0.386s] Level 1:colcon.colcon_core.package_identification:_identify(tuos_ros/tuos_examples) by extension 'colcon_pkg'
[0.386s] Level 1:colcon.colcon_core.package_identification:_identify(tuos_ros/tuos_examples) by extensions ['colcon_meta']
[0.386s] Level 1:colcon.colcon_core.package_identification:_identify(tuos_ros/tuos_examples) by extension 'colcon_meta'
[0.386s] Level 1:colcon.colcon_core.package_identification:_identify(tuos_ros/tuos_examples) by extensions ['ros']
[0.386s] Level 1:colcon.colcon_core.package_identification:_identify(tuos_ros/tuos_examples) by extension 'ros'
[0.386s] DEBUG:colcon.colcon_core.package_identification:Package 'tuos_ros/tuos_examples' with type 'ros.ament_cmake' and name 'tuos_examples'
[0.386s] Level 1:colcon.colcon_core.package_identification:_identify(tuos_ros/tuos_interfaces) by extensions ['ignore', 'ignore_ament_install']
[0.387s] Level 1:colcon.colcon_core.package_identification:_identify(tuos_ros/tuos_interfaces) by extension 'ignore'
[0.387s] Level 1:colcon.colcon_core.package_identification:_identify(tuos_ros/tuos_interfaces) by extension 'ignore_ament_install'
[0.387s] Level 1:colcon.colcon_core.package_identification:_identify(tuos_ros/tuos_interfaces) by extensions ['colcon_pkg']
[0.387s] Level 1:colcon.colcon_core.package_identification:_identify(tuos_ros/tuos_interfaces) by extension 'colcon_pkg'
[0.387s] Level 1:colcon.colcon_core.package_identification:_identify(tuos_ros/tuos_interfaces) by extensions ['colcon_meta']
[0.387s] Level 1:colcon.colcon_core.package_identification:_identify(tuos_ros/tuos_interfaces) by extension 'colcon_meta'
[0.387s] Level 1:colcon.colcon_core.package_identification:_identify(tuos_ros/tuos_interfaces) by extensions ['ros']
[0.387s] Level 1:colcon.colcon_core.package_identification:_identify(tuos_ros/tuos_interfaces) by extension 'ros'
[0.388s] DEBUG:colcon.colcon_core.package_identification:Package 'tuos_ros/tuos_interfaces' with type 'ros.ament_cmake' and name 'tuos_interfaces'
[0.388s] Level 1:colcon.colcon_core.package_identification:_identify(tuos_ros/tuos_ros) by extensions ['ignore', 'ignore_ament_install']
[0.388s] Level 1:colcon.colcon_core.package_identification:_identify(tuos_ros/tuos_ros) by extension 'ignore'
[0.388s] Level 1:colcon.colcon_core.package_identification:_identify(tuos_ros/tuos_ros) by extension 'ignore_ament_install'
[0.388s] Level 1:colcon.colcon_core.package_identification:_identify(tuos_ros/tuos_ros) by extensions ['colcon_pkg']
[0.388s] Level 1:colcon.colcon_core.package_identification:_identify(tuos_ros/tuos_ros) by extension 'colcon_pkg'
[0.388s] Level 1:colcon.colcon_core.package_identification:_identify(tuos_ros/tuos_ros) by extensions ['colcon_meta']
[0.388s] Level 1:colcon.colcon_core.package_identification:_identify(tuos_ros/tuos_ros) by extension 'colcon_meta'
[0.389s] Level 1:colcon.colcon_core.package_identification:_identify(tuos_ros/tuos_ros) by extensions ['ros']
[0.389s] Level 1:colcon.colcon_core.package_identification:_identify(tuos_ros/tuos_ros) by extension 'ros'
[0.390s] DEBUG:colcon.colcon_core.package_identification:Package 'tuos_ros/tuos_ros' with type 'ros.ament_cmake' and name 'tuos_ros'
[0.390s] Level 1:colcon.colcon_core.package_identification:_identify(tuos_ros/tuos_simulations) by extensions ['ignore', 'ignore_ament_install']
[0.390s] Level 1:colcon.colcon_core.package_identification:_identify(tuos_ros/tuos_simulations) by extension 'ignore'
[0.390s] Level 1:colcon.colcon_core.package_identification:_identify(tuos_ros/tuos_simulations) by extension 'ignore_ament_install'
[0.390s] Level 1:colcon.colcon_core.package_identification:_identify(tuos_ros/tuos_simulations) by extensions ['colcon_pkg']
[0.390s] Level 1:colcon.colcon_core.package_identification:_identify(tuos_ros/tuos_simulations) by extension 'colcon_pkg'
[0.390s] Level 1:colcon.colcon_core.package_identification:_identify(tuos_ros/tuos_simulations) by extensions ['colcon_meta']
[0.390s] Level 1:colcon.colcon_core.package_identification:_identify(tuos_ros/tuos_simulations) by extension 'colcon_meta'
[0.390s] Level 1:colcon.colcon_core.package_identification:_identify(tuos_ros/tuos_simulations) by extensions ['ros']
[0.390s] Level 1:colcon.colcon_core.package_identification:_identify(tuos_ros/tuos_simulations) by extension 'ros'
[0.391s] DEBUG:colcon.colcon_core.package_identification:Package 'tuos_ros/tuos_simulations' with type 'ros.ament_cmake' and name 'tuos_simulations'
[0.391s] Level 1:colcon.colcon_core.package_identification:_identify(tuos_ros/tuos_tb3_tools) by extensions ['ignore', 'ignore_ament_install']
[0.391s] Level 1:colcon.colcon_core.package_identification:_identify(tuos_ros/tuos_tb3_tools) by extension 'ignore'
[0.391s] Level 1:colcon.colcon_core.package_identification:_identify(tuos_ros/tuos_tb3_tools) by extension 'ignore_ament_install'
[0.391s] Level 1:colcon.colcon_core.package_identification:_identify(tuos_ros/tuos_tb3_tools) by extensions ['colcon_pkg']
[0.391s] Level 1:colcon.colcon_core.package_identification:_identify(tuos_ros/tuos_tb3_tools) by extension 'colcon_pkg'
[0.391s] Level 1:colcon.colcon_core.package_identification:_identify(tuos_ros/tuos_tb3_tools) by extensions ['colcon_meta']
[0.391s] Level 1:colcon.colcon_core.package_identification:_identify(tuos_ros/tuos_tb3_tools) by extension 'colcon_meta'
[0.391s] Level 1:colcon.colcon_core.package_identification:_identify(tuos_ros/tuos_tb3_tools) by extensions ['ros']
[0.391s] Level 1:colcon.colcon_core.package_identification:_identify(tuos_ros/tuos_tb3_tools) by extension 'ros'
[0.392s] DEBUG:colcon.colcon_core.package_identification:Package 'tuos_ros/tuos_tb3_tools' with type 'ros.ament_cmake' and name 'tuos_tb3_tools'
[0.392s] Level 1:colcon.colcon_core.package_discovery:discover_packages(recursive) using defaults
[0.392s] Level 1:colcon.colcon_core.package_discovery:discover_packages(ignore) discover
[0.392s] Level 1:colcon.colcon_core.package_discovery:discover_packages(ignore) using defaults
[0.392s] Level 1:colcon.colcon_core.package_discovery:discover_packages(path) discover
[0.392s] Level 1:colcon.colcon_core.package_discovery:discover_packages(path) using defaults
[0.427s] INFO:colcon.colcon_core.package_selection:Skipping not selected package 'part1_pubsub' in 'part1_pubsub'
[0.427s] INFO:colcon.colcon_core.package_selection:Skipping not selected package 'tuos_examples' in 'tuos_ros/tuos_examples'
[0.427s] INFO:colcon.colcon_core.package_selection:Skipping not selected package 'tuos_interfaces' in 'tuos_ros/tuos_interfaces'
[0.427s] INFO:colcon.colcon_core.package_selection:Skipping not selected package 'tuos_simulations' in 'tuos_ros/tuos_simulations'
[0.427s] INFO:colcon.colcon_core.package_selection:Skipping not selected package 'tuos_tb3_tools' in 'tuos_ros/tuos_tb3_tools'
[0.427s] INFO:colcon.colcon_core.package_selection:Skipping not selected package 'com2009_simulations' in 'tuos_ros/com2009_simulations'
[0.427s] INFO:colcon.colcon_core.package_selection:Skipping not selected package 'tuos_ros' in 'tuos_ros/tuos_ros'
[0.428s] Level 1:colcon.colcon_core.package_discovery:discover_packages(prefix_path) check parameters
[0.428s] Level 1:colcon.colcon_core.package_discovery:discover_packages(prefix_path) discover
[0.431s] DEBUG:colcon.colcon_installed_package_information.package_discovery:Found 349 installed packages in /opt/ros/humble
[0.433s] Level 1:colcon.colcon_core.package_discovery:discover_packages(prefix_path) using defaults
[0.490s] Level 5:colcon.colcon_core.verb:set package 'part2_navigation' build argument 'cmake_args' from command line to 'None'
[0.490s] Level 5:colcon.colcon_core.verb:set package 'part2_navigation' build argument 'cmake_target' from command line to 'None'
[0.490s] Level 5:colcon.colcon_core.verb:set package 'part2_navigation' build argument 'cmake_target_skip_unavailable' from command line to 'False'
[0.490s] Level 5:colcon.colcon_core.verb:set package 'part2_navigation' build argument 'cmake_clean_cache' from command line to 'False'
[0.491s] Level 5:colcon.colcon_core.verb:set package 'part2_navigation' build argument 'cmake_clean_first' from command line to 'False'
[0.491s] Level 5:colcon.colcon_core.verb:set package 'part2_navigation' build argument 'cmake_force_configure' from command line to 'False'
[0.491s] Level 5:colcon.colcon_core.verb:set package 'part2_navigation' build argument 'ament_cmake_args' from command line to 'None'
[0.491s] Level 5:colcon.colcon_core.verb:set package 'part2_navigation' build argument 'catkin_cmake_args' from command line to 'None'
[0.491s] Level 5:colcon.colcon_core.verb:set package 'part2_navigation' build argument 'catkin_skip_building_tests' from command line to 'False'
[0.491s] DEBUG:colcon.colcon_core.verb:Building package 'part2_navigation' with the following arguments: {'ament_cmake_args': None, 'build_base': '/home/n3h4/Desktop/NEHA/SEDRICA/STAR/week0/RosTut/build/part2_navigation', 'catkin_cmake_args': None, 'catkin_skip_building_tests': False, 'cmake_args': None, 'cmake_clean_cache': False, 'cmake_clean_first': False, 'cmake_force_configure': False, 'cmake_target': None, 'cmake_target_skip_unavailable': False, 'install_base': '/home/n3h4/Desktop/NEHA/SEDRICA/STAR/week0/RosTut/install/part2_navigation', 'merge_install': False, 'path': '/home/n3h4/Desktop/NEHA/SEDRICA/STAR/week0/RosTut/part2_navigation', 'symlink_install': True, 'test_result_base': None}
[0.491s] INFO:colcon.colcon_core.executor:Executing jobs using 'parallel' executor
[0.492s] DEBUG:colcon.colcon_parallel_executor.executor.parallel:run_until_complete
[0.493s] INFO:colcon.colcon_ros.task.ament_cmake.build:Building ROS package in '/home/n3h4/Desktop/NEHA/SEDRICA/STAR/week0/RosTut/part2_navigation' with build type 'ament_cmake'
[0.493s] INFO:colcon.colcon_cmake.task.cmake.build:Building CMake package in '/home/n3h4/Desktop/NEHA/SEDRICA/STAR/week0/RosTut/part2_navigation'
[0.496s] INFO:colcon.colcon_core.plugin_system:Skipping extension 'colcon_core.shell.bat': Not used on non-Windows systems
[0.496s] INFO:colcon.colcon_core.shell:Skip shell extension 'powershell' for command environment: Not usable outside of PowerShell
[0.496s] DEBUG:colcon.colcon_core.shell:Skip shell extension 'dsv' for command environment
[0.508s] DEBUG:colcon.colcon_core.event_handler.log_command:Invoking command in '/home/n3h4/Desktop/NEHA/SEDRICA/STAR/week0/RosTut/build/part2_navigation': CMAKE_PREFIX_PATH=/opt/ros/humble /usr/bin/cmake --build /home/n3h4/Desktop/NEHA/SEDRICA/STAR/week0/RosTut/build/part2_navigation -- -j12 -l12
[0.953s] DEBUG:colcon.colcon_core.event_handler.log_command:Invoked command in '/home/n3h4/Desktop/NEHA/SEDRICA/STAR/week0/RosTut/build/part2_navigation' returned '0': CMAKE_PREFIX_PATH=/opt/ros/humble /usr/bin/cmake --build /home/n3h4/Desktop/NEHA/SEDRICA/STAR/week0/RosTut/build/part2_navigation -- -j12 -l12
[0.966s] DEBUG:colcon.colcon_core.event_handler.log_command:Invoking command in '/home/n3h4/Desktop/NEHA/SEDRICA/STAR/week0/RosTut/build/part2_navigation': CMAKE_PREFIX_PATH=/opt/ros/humble /usr/bin/cmake --install /home/n3h4/Desktop/NEHA/SEDRICA/STAR/week0/RosTut/build/part2_navigation
[1.042s] Level 1:colcon.colcon_core.environment:create_environment_scripts_only(part2_navigation)
[1.042s] DEBUG:colcon.colcon_core.event_handler.log_command:Invoked command in '/home/n3h4/Desktop/NEHA/SEDRICA/STAR/week0/RosTut/build/part2_navigation' returned '0': CMAKE_PREFIX_PATH=/opt/ros/humble /usr/bin/cmake --install /home/n3h4/Desktop/NEHA/SEDRICA/STAR/week0/RosTut/build/part2_navigation
[1.045s] Level 1:colcon.colcon_core.environment:checking '/home/n3h4/Desktop/NEHA/SEDRICA/STAR/week0/RosTut/install/part2_navigation' for CMake module files
[1.046s] Level 1:colcon.colcon_core.environment:checking '/home/n3h4/Desktop/NEHA/SEDRICA/STAR/week0/RosTut/install/part2_navigation' for CMake config files
[1.046s] Level 1:colcon.colcon_core.shell:create_environment_hook('part2_navigation', 'cmake_prefix_path')
[1.047s] INFO:colcon.colcon_core.shell:Creating environment hook '/home/n3h4/Desktop/NEHA/SEDRICA/STAR/week0/RosTut/install/part2_navigation/share/part2_navigation/hook/cmake_prefix_path.ps1'
[1.047s] INFO:colcon.colcon_core.shell:Creating environment descriptor '/home/n3h4/Desktop/NEHA/SEDRICA/STAR/week0/RosTut/install/part2_navigation/share/part2_navigation/hook/cmake_prefix_path.dsv'
[1.048s] INFO:colcon.colcon_core.shell:Creating environment hook '/home/n3h4/Desktop/NEHA/SEDRICA/STAR/week0/RosTut/install/part2_navigation/share/part2_navigation/hook/cmake_prefix_path.sh'
[1.049s] Level 1:colcon.colcon_core.environment:checking '/home/n3h4/Desktop/NEHA/SEDRICA/STAR/week0/RosTut/install/part2_navigation/lib'
[1.049s] Level 1:colcon.colcon_core.environment:checking '/home/n3h4/Desktop/NEHA/SEDRICA/STAR/week0/RosTut/install/part2_navigation/bin'
[1.049s] Level 1:colcon.colcon_core.environment:checking '/home/n3h4/Desktop/NEHA/SEDRICA/STAR/week0/RosTut/install/part2_navigation/lib/pkgconfig/part2_navigation.pc'
[1.050s] Level 1:colcon.colcon_core.environment:checking '/home/n3h4/Desktop/NEHA/SEDRICA/STAR/week0/RosTut/install/part2_navigation/lib/python3.10/site-packages'
[1.050s] Level 1:colcon.colcon_core.environment:checking '/home/n3h4/Desktop/NEHA/SEDRICA/STAR/week0/RosTut/install/part2_navigation/bin'
[1.050s] INFO:colcon.colcon_core.shell:Creating package script '/home/n3h4/Desktop/NEHA/SEDRICA/STAR/week0/RosTut/install/part2_navigation/share/part2_navigation/package.ps1'
[1.052s] INFO:colcon.colcon_core.shell:Creating package descriptor '/home/n3h4/Desktop/NEHA/SEDRICA/STAR/week0/RosTut/install/part2_navigation/share/part2_navigation/package.dsv'
[1.052s] INFO:colcon.colcon_core.shell:Creating package script '/home/n3h4/Desktop/NEHA/SEDRICA/STAR/week0/RosTut/install/part2_navigation/share/part2_navigation/package.sh'
[1.053s] INFO:colcon.colcon_core.shell:Creating package script '/home/n3h4/Desktop/NEHA/SEDRICA/STAR/week0/RosTut/install/part2_navigation/share/part2_navigation/package.bash'
[1.054s] INFO:colcon.colcon_core.shell:Creating package script '/home/n3h4/Desktop/NEHA/SEDRICA/STAR/week0/RosTut/install/part2_navigation/share/part2_navigation/package.zsh'
[1.055s] Level 1:colcon.colcon_core.environment:create_file_with_runtime_dependencies(/home/n3h4/Desktop/NEHA/SEDRICA/STAR/week0/RosTut/install/part2_navigation/share/colcon-core/packages/part2_navigation)
[1.056s] Level 1:colcon.colcon_core.environment:create_environment_scripts_only(part2_navigation)
[1.057s] Level 1:colcon.colcon_core.environment:checking '/home/n3h4/Desktop/NEHA/SEDRICA/STAR/week0/RosTut/install/part2_navigation' for CMake module files
[1.057s] Level 1:colcon.colcon_core.environment:checking '/home/n3h4/Desktop/NEHA/SEDRICA/STAR/week0/RosTut/install/part2_navigation' for CMake config files
[1.058s] Level 1:colcon.colcon_core.shell:create_environment_hook('part2_navigation', 'cmake_prefix_path')
[1.058s] INFO:colcon.colcon_core.shell:Creating environment hook '/home/n3h4/Desktop/NEHA/SEDRICA/STAR/week0/RosTut/install/part2_navigation/share/part2_navigation/hook/cmake_prefix_path.ps1'
[1.059s] INFO:colcon.colcon_core.shell:Creating environment descriptor '/home/n3h4/Desktop/NEHA/SEDRICA/STAR/week0/RosTut/install/part2_navigation/share/part2_navigation/hook/cmake_prefix_path.dsv'
[1.059s] INFO:colcon.colcon_core.shell:Creating environment hook '/home/n3h4/Desktop/NEHA/SEDRICA/STAR/week0/RosTut/install/part2_navigation/share/part2_navigation/hook/cmake_prefix_path.sh'
[1.060s] Level 1:colcon.colcon_core.environment:checking '/home/n3h4/Desktop/NEHA/SEDRICA/STAR/week0/RosTut/install/part2_navigation/lib'
[1.060s] Level 1:colcon.colcon_core.environment:checking '/home/n3h4/Desktop/NEHA/SEDRICA/STAR/week0/RosTut/install/part2_navigation/bin'
[1.060s] Level 1:colcon.colcon_core.environment:checking '/home/n3h4/Desktop/NEHA/SEDRICA/STAR/week0/RosTut/install/part2_navigation/lib/pkgconfig/part2_navigation.pc'
[1.060s] Level 1:colcon.colcon_core.environment:checking '/home/n3h4/Desktop/NEHA/SEDRICA/STAR/week0/RosTut/install/part2_navigation/lib/python3.10/site-packages'
[1.061s] Level 1:colcon.colcon_core.environment:checking '/home/n3h4/Desktop/NEHA/SEDRICA/STAR/week0/RosTut/install/part2_navigation/bin'
[1.061s] INFO:colcon.colcon_core.shell:Creating package script '/home/n3h4/Desktop/NEHA/SEDRICA/STAR/week0/RosTut/install/part2_navigation/share/part2_navigation/package.ps1'
[1.062s] INFO:colcon.colcon_core.shell:Creating package descriptor '/home/n3h4/Desktop/NEHA/SEDRICA/STAR/week0/RosTut/install/part2_navigation/share/part2_navigation/package.dsv'
[1.062s] INFO:colcon.colcon_core.shell:Creating package script '/home/n3h4/Desktop/NEHA/SEDRICA/STAR/week0/RosTut/install/part2_navigation/share/part2_navigation/package.sh'
[1.063s] INFO:colcon.colcon_core.shell:Creating package script '/home/n3h4/Desktop/NEHA/SEDRICA/STAR/week0/RosTut/install/part2_navigation/share/part2_navigation/package.bash'
[1.064s] INFO:colcon.colcon_core.shell:Creating package script '/home/n3h4/Desktop/NEHA/SEDRICA/STAR/week0/RosTut/install/part2_navigation/share/part2_navigation/package.zsh'
[1.064s] Level 1:colcon.colcon_core.environment:create_file_with_runtime_dependencies(/home/n3h4/Desktop/NEHA/SEDRICA/STAR/week0/RosTut/install/part2_navigation/share/colcon-core/packages/part2_navigation)
[1.064s] DEBUG:colcon.colcon_parallel_executor.executor.parallel:closing loop
[1.065s] DEBUG:colcon.colcon_parallel_executor.executor.parallel:loop closed
[1.065s] DEBUG:colcon.colcon_parallel_executor.executor.parallel:run_until_complete finished with '0'
[1.065s] DEBUG:colcon.colcon_core.event_reactor:joining thread
[1.072s] INFO:colcon.colcon_core.plugin_system:Skipping extension 'colcon_notification.desktop_notification.terminal_notifier': Not used on non-Darwin systems
[1.072s] INFO:colcon.colcon_core.plugin_system:Skipping extension 'colcon_notification.desktop_notification.win32': Not used on non-Windows systems
[1.072s] INFO:colcon.colcon_notification.desktop_notification:Sending desktop notification using 'notify2'
[1.095s] DEBUG:colcon.colcon_core.event_reactor:joined thread
[1.095s] INFO:colcon.colcon_core.shell:Creating prefix script '/home/n3h4/Desktop/NEHA/SEDRICA/STAR/week0/RosTut/install/local_setup.ps1'
[1.097s] INFO:colcon.colcon_core.shell:Creating prefix util module '/home/n3h4/Desktop/NEHA/SEDRICA/STAR/week0/RosTut/install/_local_setup_util_ps1.py'
[1.099s] INFO:colcon.colcon_core.shell:Creating prefix chain script '/home/n3h4/Desktop/NEHA/SEDRICA/STAR/week0/RosTut/install/setup.ps1'
[1.100s] INFO:colcon.colcon_core.shell:Creating prefix script '/home/n3h4/Desktop/NEHA/SEDRICA/STAR/week0/RosTut/install/local_setup.sh'
[1.101s] INFO:colcon.colcon_core.shell:Creating prefix util module '/home/n3h4/Desktop/NEHA/SEDRICA/STAR/week0/RosTut/install/_local_setup_util_sh.py'
[1.102s] INFO:colcon.colcon_core.shell:Creating prefix chain script '/home/n3h4/Desktop/NEHA/SEDRICA/STAR/week0/RosTut/install/setup.sh'
[1.103s] INFO:colcon.colcon_core.shell:Creating prefix script '/home/n3h4/Desktop/NEHA/SEDRICA/STAR/week0/RosTut/install/local_setup.bash'
[1.104s] INFO:colcon.colcon_core.shell:Creating prefix chain script '/home/n3h4/Desktop/NEHA/SEDRICA/STAR/week0/RosTut/install/setup.bash'
[1.105s] INFO:colcon.colcon_core.shell:Creating prefix script '/home/n3h4/Desktop/NEHA/SEDRICA/STAR/week0/RosTut/install/local_setup.zsh'
[1.106s] INFO:colcon.colcon_core.shell:Creating prefix chain script '/home/n3h4/Desktop/NEHA/SEDRICA/STAR/week0/RosTut/install/setup.zsh'
