[0.014s] Invoking command in '/home/n3h4/Desktop/NEHA/SEDRICA/RosTut/build/tuos_ros': AMENT_PREFIX_PATH=/home/n3h4/Desktop/NEHA/SEDRICA/RosTut/install/com2009_simulations:/home/n3h4/Desktop/NEHA/SEDRICA/RosTut/install/tuos_tb3_tools:/home/n3h4/Desktop/NEHA/SEDRICA/RosTut/install/tuos_simulations:/home/n3h4/Desktop/NEHA/SEDRICA/RosTut/install/tuos_interfaces:/home/n3h4/Desktop/NEHA/SEDRICA/RosTut/install/tuos_examples:${AMENT_PREFIX_PATH} CMAKE_PREFIX_PATH=/home/n3h4/Desktop/NEHA/SEDRICA/RosTut/install/com2009_simulations:/home/n3h4/Desktop/NEHA/SEDRICA/RosTut/install/tuos_tb3_tools:/home/n3h4/Desktop/NEHA/SEDRICA/RosTut/install/tuos_simulations:/home/n3h4/Desktop/NEHA/SEDRICA/RosTut/install/tuos_interfaces:/home/n3h4/Desktop/NEHA/SEDRICA/RosTut/install/tuos_examples:/opt/ros/humble LD_LIBRARY_PATH=/home/n3h4/Desktop/NEHA/SEDRICA/RosTut/install/tuos_interfaces/lib:${LD_LIBRARY_PATH} PYTHONPATH=/home/n3h4/Desktop/NEHA/SEDRICA/RosTut/install/tuos_interfaces/local/lib/python3.10/dist-packages:/home/n3h4/Desktop/NEHA/SEDRICA/RosTut/install/tuos_examples/local/lib/python3.10/dist-packages:${PYTHONPATH} /usr/bin/cmake /home/n3h4/Desktop/NEHA/SEDRICA/RosTut/tuos_ros/tuos_ros -DCMAKE_INSTALL_PREFIX=/home/n3h4/Desktop/NEHA/SEDRICA/RosTut/install/tuos_ros
[0.078s] -- The C compiler identification is GNU 11.4.0
[0.144s] -- The CXX compiler identification is GNU 11.4.0
[0.152s] -- Detecting C compiler ABI info
[0.231s] -- Detecting C compiler ABI info - done
[0.240s] -- Check for working C compiler: /usr/bin/cc - skipped
[0.241s] -- Detecting C compile features
[0.241s] -- Detecting C compile features - done
[0.245s] -- Detecting CXX compiler ABI info
[0.338s] -- Detecting CXX compiler ABI info - done
[0.347s] -- Check for working CXX compiler: /usr/bin/c++ - skipped
[0.347s] -- Detecting CXX compile features
[0.348s] -- Detecting CXX compile features - done
[0.351s] -- Found ament_cmake: 1.3.13 (/opt/ros/humble/share/ament_cmake/cmake)
[0.514s] -- Found Python3: /usr/bin/python3 (found version "3.10.12") found components: Interpreter 
[0.672s] -- Configuring done
[0.675s] -- Generating done
[0.677s] -- Build files have been written to: /home/n3h4/Desktop/NEHA/SEDRICA/RosTut/build/tuos_ros
[0.682s] Invoked command in '/home/n3h4/Desktop/NEHA/SEDRICA/RosTut/build/tuos_ros' returned '0': AMENT_PREFIX_PATH=/home/n3h4/Desktop/NEHA/SEDRICA/RosTut/install/com2009_simulations:/home/n3h4/Desktop/NEHA/SEDRICA/RosTut/install/tuos_tb3_tools:/home/n3h4/Desktop/NEHA/SEDRICA/RosTut/install/tuos_simulations:/home/n3h4/Desktop/NEHA/SEDRICA/RosTut/install/tuos_interfaces:/home/n3h4/Desktop/NEHA/SEDRICA/RosTut/install/tuos_examples:${AMENT_PREFIX_PATH} CMAKE_PREFIX_PATH=/home/n3h4/Desktop/NEHA/SEDRICA/RosTut/install/com2009_simulations:/home/n3h4/Desktop/NEHA/SEDRICA/RosTut/install/tuos_tb3_tools:/home/n3h4/Desktop/NEHA/SEDRICA/RosTut/install/tuos_simulations:/home/n3h4/Desktop/NEHA/SEDRICA/RosTut/install/tuos_interfaces:/home/n3h4/Desktop/NEHA/SEDRICA/RosTut/install/tuos_examples:/opt/ros/humble LD_LIBRARY_PATH=/home/n3h4/Desktop/NEHA/SEDRICA/RosTut/install/tuos_interfaces/lib:${LD_LIBRARY_PATH} PYTHONPATH=/home/n3h4/Desktop/NEHA/SEDRICA/RosTut/install/tuos_interfaces/local/lib/python3.10/dist-packages:/home/n3h4/Desktop/NEHA/SEDRICA/RosTut/install/tuos_examples/local/lib/python3.10/dist-packages:${PYTHONPATH} /usr/bin/cmake /home/n3h4/Desktop/NEHA/SEDRICA/RosTut/tuos_ros/tuos_ros -DCMAKE_INSTALL_PREFIX=/home/n3h4/Desktop/NEHA/SEDRICA/RosTut/install/tuos_ros
[0.683s] Invoking command in '/home/n3h4/Desktop/NEHA/SEDRICA/RosTut/build/tuos_ros': AMENT_PREFIX_PATH=/home/n3h4/Desktop/NEHA/SEDRICA/RosTut/install/com2009_simulations:/home/n3h4/Desktop/NEHA/SEDRICA/RosTut/install/tuos_tb3_tools:/home/n3h4/Desktop/NEHA/SEDRICA/RosTut/install/tuos_simulations:/home/n3h4/Desktop/NEHA/SEDRICA/RosTut/install/tuos_interfaces:/home/n3h4/Desktop/NEHA/SEDRICA/RosTut/install/tuos_examples:${AMENT_PREFIX_PATH} CMAKE_PREFIX_PATH=/home/n3h4/Desktop/NEHA/SEDRICA/RosTut/install/com2009_simulations:/home/n3h4/Desktop/NEHA/SEDRICA/RosTut/install/tuos_tb3_tools:/home/n3h4/Desktop/NEHA/SEDRICA/RosTut/install/tuos_simulations:/home/n3h4/Desktop/NEHA/SEDRICA/RosTut/install/tuos_interfaces:/home/n3h4/Desktop/NEHA/SEDRICA/RosTut/install/tuos_examples:/opt/ros/humble LD_LIBRARY_PATH=/home/n3h4/Desktop/NEHA/SEDRICA/RosTut/install/tuos_interfaces/lib:${LD_LIBRARY_PATH} PYTHONPATH=/home/n3h4/Desktop/NEHA/SEDRICA/RosTut/install/tuos_interfaces/local/lib/python3.10/dist-packages:/home/n3h4/Desktop/NEHA/SEDRICA/RosTut/install/tuos_examples/local/lib/python3.10/dist-packages:${PYTHONPATH} /usr/bin/cmake --build /home/n3h4/Desktop/NEHA/SEDRICA/RosTut/build/tuos_ros -- -j12 -l12
[0.726s] Invoked command in '/home/n3h4/Desktop/NEHA/SEDRICA/RosTut/build/tuos_ros' returned '0': AMENT_PREFIX_PATH=/home/n3h4/Desktop/NEHA/SEDRICA/RosTut/install/com2009_simulations:/home/n3h4/Desktop/NEHA/SEDRICA/RosTut/install/tuos_tb3_tools:/home/n3h4/Desktop/NEHA/SEDRICA/RosTut/install/tuos_simulations:/home/n3h4/Desktop/NEHA/SEDRICA/RosTut/install/tuos_interfaces:/home/n3h4/Desktop/NEHA/SEDRICA/RosTut/install/tuos_examples:${AMENT_PREFIX_PATH} CMAKE_PREFIX_PATH=/home/n3h4/Desktop/NEHA/SEDRICA/RosTut/install/com2009_simulations:/home/n3h4/Desktop/NEHA/SEDRICA/RosTut/install/tuos_tb3_tools:/home/n3h4/Desktop/NEHA/SEDRICA/RosTut/install/tuos_simulations:/home/n3h4/Desktop/NEHA/SEDRICA/RosTut/install/tuos_interfaces:/home/n3h4/Desktop/NEHA/SEDRICA/RosTut/install/tuos_examples:/opt/ros/humble LD_LIBRARY_PATH=/home/n3h4/Desktop/NEHA/SEDRICA/RosTut/install/tuos_interfaces/lib:${LD_LIBRARY_PATH} PYTHONPATH=/home/n3h4/Desktop/NEHA/SEDRICA/RosTut/install/tuos_interfaces/local/lib/python3.10/dist-packages:/home/n3h4/Desktop/NEHA/SEDRICA/RosTut/install/tuos_examples/local/lib/python3.10/dist-packages:${PYTHONPATH} /usr/bin/cmake --build /home/n3h4/Desktop/NEHA/SEDRICA/RosTut/build/tuos_ros -- -j12 -l12
[0.728s] Invoking command in '/home/n3h4/Desktop/NEHA/SEDRICA/RosTut/build/tuos_ros': AMENT_PREFIX_PATH=/home/n3h4/Desktop/NEHA/SEDRICA/RosTut/install/com2009_simulations:/home/n3h4/Desktop/NEHA/SEDRICA/RosTut/install/tuos_tb3_tools:/home/n3h4/Desktop/NEHA/SEDRICA/RosTut/install/tuos_simulations:/home/n3h4/Desktop/NEHA/SEDRICA/RosTut/install/tuos_interfaces:/home/n3h4/Desktop/NEHA/SEDRICA/RosTut/install/tuos_examples:${AMENT_PREFIX_PATH} CMAKE_PREFIX_PATH=/home/n3h4/Desktop/NEHA/SEDRICA/RosTut/install/com2009_simulations:/home/n3h4/Desktop/NEHA/SEDRICA/RosTut/install/tuos_tb3_tools:/home/n3h4/Desktop/NEHA/SEDRICA/RosTut/install/tuos_simulations:/home/n3h4/Desktop/NEHA/SEDRICA/RosTut/install/tuos_interfaces:/home/n3h4/Desktop/NEHA/SEDRICA/RosTut/install/tuos_examples:/opt/ros/humble LD_LIBRARY_PATH=/home/n3h4/Desktop/NEHA/SEDRICA/RosTut/install/tuos_interfaces/lib:${LD_LIBRARY_PATH} PYTHONPATH=/home/n3h4/Desktop/NEHA/SEDRICA/RosTut/install/tuos_interfaces/local/lib/python3.10/dist-packages:/home/n3h4/Desktop/NEHA/SEDRICA/RosTut/install/tuos_examples/local/lib/python3.10/dist-packages:${PYTHONPATH} /usr/bin/cmake --install /home/n3h4/Desktop/NEHA/SEDRICA/RosTut/build/tuos_ros
[0.735s] -- Install configuration: ""
[0.736s] -- Installing: /home/n3h4/Desktop/NEHA/SEDRICA/RosTut/install/tuos_ros/share/ament_index/resource_index/package_run_dependencies/tuos_ros
[0.736s] -- Installing: /home/n3h4/Desktop/NEHA/SEDRICA/RosTut/install/tuos_ros/share/ament_index/resource_index/parent_prefix_path/tuos_ros
[0.736s] -- Installing: /home/n3h4/Desktop/NEHA/SEDRICA/RosTut/install/tuos_ros/share/tuos_ros/environment/ament_prefix_path.sh
[0.737s] -- Installing: /home/n3h4/Desktop/NEHA/SEDRICA/RosTut/install/tuos_ros/share/tuos_ros/environment/ament_prefix_path.dsv
[0.737s] -- Installing: /home/n3h4/Desktop/NEHA/SEDRICA/RosTut/install/tuos_ros/share/tuos_ros/environment/path.sh
[0.737s] -- Installing: /home/n3h4/Desktop/NEHA/SEDRICA/RosTut/install/tuos_ros/share/tuos_ros/environment/path.dsv
[0.737s] -- Installing: /home/n3h4/Desktop/NEHA/SEDRICA/RosTut/install/tuos_ros/share/tuos_ros/local_setup.bash
[0.738s] -- Installing: /home/n3h4/Desktop/NEHA/SEDRICA/RosTut/install/tuos_ros/share/tuos_ros/local_setup.sh
[0.738s] -- Installing: /home/n3h4/Desktop/NEHA/SEDRICA/RosTut/install/tuos_ros/share/tuos_ros/local_setup.zsh
[0.738s] -- Installing: /home/n3h4/Desktop/NEHA/SEDRICA/RosTut/install/tuos_ros/share/tuos_ros/local_setup.dsv
[0.738s] -- Installing: /home/n3h4/Desktop/NEHA/SEDRICA/RosTut/install/tuos_ros/share/tuos_ros/package.dsv
[0.738s] -- Installing: /home/n3h4/Desktop/NEHA/SEDRICA/RosTut/install/tuos_ros/share/ament_index/resource_index/packages/tuos_ros
[0.739s] -- Installing: /home/n3h4/Desktop/NEHA/SEDRICA/RosTut/install/tuos_ros/share/tuos_ros/cmake/tuos_rosConfig.cmake
[0.739s] -- Installing: /home/n3h4/Desktop/NEHA/SEDRICA/RosTut/install/tuos_ros/share/tuos_ros/cmake/tuos_rosConfig-version.cmake
[0.739s] -- Installing: /home/n3h4/Desktop/NEHA/SEDRICA/RosTut/install/tuos_ros/share/tuos_ros/package.xml
[0.742s] Invoked command in '/home/n3h4/Desktop/NEHA/SEDRICA/RosTut/build/tuos_ros' returned '0': AMENT_PREFIX_PATH=/home/n3h4/Desktop/NEHA/SEDRICA/RosTut/install/com2009_simulations:/home/n3h4/Desktop/NEHA/SEDRICA/RosTut/install/tuos_tb3_tools:/home/n3h4/Desktop/NEHA/SEDRICA/RosTut/install/tuos_simulations:/home/n3h4/Desktop/NEHA/SEDRICA/RosTut/install/tuos_interfaces:/home/n3h4/Desktop/NEHA/SEDRICA/RosTut/install/tuos_examples:${AMENT_PREFIX_PATH} CMAKE_PREFIX_PATH=/home/n3h4/Desktop/NEHA/SEDRICA/RosTut/install/com2009_simulations:/home/n3h4/Desktop/NEHA/SEDRICA/RosTut/install/tuos_tb3_tools:/home/n3h4/Desktop/NEHA/SEDRICA/RosTut/install/tuos_simulations:/home/n3h4/Desktop/NEHA/SEDRICA/RosTut/install/tuos_interfaces:/home/n3h4/Desktop/NEHA/SEDRICA/RosTut/install/tuos_examples:/opt/ros/humble LD_LIBRARY_PATH=/home/n3h4/Desktop/NEHA/SEDRICA/RosTut/install/tuos_interfaces/lib:${LD_LIBRARY_PATH} PYTHONPATH=/home/n3h4/Desktop/NEHA/SEDRICA/RosTut/install/tuos_interfaces/local/lib/python3.10/dist-packages:/home/n3h4/Desktop/NEHA/SEDRICA/RosTut/install/tuos_examples/local/lib/python3.10/dist-packages:${PYTHONPATH} /usr/bin/cmake --install /home/n3h4/Desktop/NEHA/SEDRICA/RosTut/build/tuos_ros
