[0.089s] DEBUG:colcon:Command line arguments: ['/usr/bin/colcon', 'build']
[0.089s] DEBUG:colcon:Parsed command line arguments: Namespace(log_base=None, log_level=None, verb_name='build', build_base='build', install_base='install', merge_install=False, symlink_install=False, test_result_base=None, continue_on_error=False, executor='parallel', parallel_workers=12, event_handlers=None, ignore_user_meta=False, metas=['./colcon.meta'], base_paths=['.'], packages_ignore=None, packages_ignore_regex=None, paths=None, packages_up_to=None, packages_up_to_regex=None, packages_above=None, packages_above_and_dependencies=None, packages_above_depth=None, packages_select_by_dep=None, packages_skip_by_dep=None, packages_skip_up_to=None, packages_select_build_failed=False, packages_skip_build_finished=False, packages_select_test_failures=False, packages_skip_test_passed=False, packages_select=None, packages_skip=None, packages_select_regex=None, packages_skip_regex=None, packages_start=None, packages_end=None, allow_overriding=[], cmake_args=None, cmake_target=None, cmake_target_skip_unavailable=False, cmake_clean_cache=False, cmake_clean_first=False, cmake_force_configure=False, ament_cmake_args=None, catkin_cmake_args=None, catkin_skip_building_tests=False, verb_parser=<colcon_defaults.argument_parser.defaults.DefaultArgumentsDecorator object at 0x7dc25e7ebe80>, verb_extension=<colcon_core.verb.build.BuildVerb object at 0x7dc25e969390>, main=<bound method BuildVerb.main of <colcon_core.verb.build.BuildVerb object at 0x7dc25e969390>>)
[0.239s] Level 1:colcon.colcon_core.package_discovery:discover_packages(colcon_meta) check parameters
[0.240s] Level 1:colcon.colcon_core.package_discovery:discover_packages(recursive) check parameters
[0.240s] Level 1:colcon.colcon_core.package_discovery:discover_packages(ignore) check parameters
[0.240s] Level 1:colcon.colcon_core.package_discovery:discover_packages(path) check parameters
[0.240s] Level 1:colcon.colcon_core.package_discovery:discover_packages(colcon_meta) discover
[0.240s] Level 1:colcon.colcon_core.package_discovery:discover_packages(recursive) discover
[0.240s] INFO:colcon.colcon_core.package_discovery:Crawling recursively for packages in '/home/n3h4/Desktop/NEHA/SEDRICA/RosTut'
[0.240s] Level 1:colcon.colcon_core.package_identification:_identify(.) by extensions ['ignore', 'ignore_ament_install']
[0.240s] Level 1:colcon.colcon_core.package_identification:_identify(.) by extension 'ignore'
[0.240s] Level 1:colcon.colcon_core.package_identification:_identify(.) by extension 'ignore_ament_install'
[0.240s] Level 1:colcon.colcon_core.package_identification:_identify(.) by extensions ['colcon_pkg']
[0.240s] Level 1:colcon.colcon_core.package_identification:_identify(.) by extension 'colcon_pkg'
[0.240s] Level 1:colcon.colcon_core.package_identification:_identify(.) by extensions ['colcon_meta']
[0.240s] Level 1:colcon.colcon_core.package_identification:_identify(.) by extension 'colcon_meta'
[0.240s] Level 1:colcon.colcon_core.package_identification:_identify(.) by extensions ['ros']
[0.240s] Level 1:colcon.colcon_core.package_identification:_identify(.) by extension 'ros'
[0.249s] Level 1:colcon.colcon_core.package_identification:_identify(.) by extensions ['cmake', 'python']
[0.249s] Level 1:colcon.colcon_core.package_identification:_identify(.) by extension 'cmake'
[0.249s] Level 1:colcon.colcon_core.package_identification:_identify(.) by extension 'python'
[0.249s] Level 1:colcon.colcon_core.package_identification:_identify(.) by extensions ['python_setup_py']
[0.249s] Level 1:colcon.colcon_core.package_identification:_identify(.) by extension 'python_setup_py'
[0.249s] Level 1:colcon.colcon_core.package_identification:_identify(build) by extensions ['ignore', 'ignore_ament_install']
[0.250s] Level 1:colcon.colcon_core.package_identification:_identify(build) by extension 'ignore'
[0.250s] Level 1:colcon.colcon_core.package_identification:_identify(build) ignored
[0.250s] Level 1:colcon.colcon_core.package_identification:_identify(install) by extensions ['ignore', 'ignore_ament_install']
[0.250s] Level 1:colcon.colcon_core.package_identification:_identify(install) by extension 'ignore'
[0.250s] Level 1:colcon.colcon_core.package_identification:_identify(install) ignored
[0.250s] Level 1:colcon.colcon_core.package_identification:_identify(log) by extensions ['ignore', 'ignore_ament_install']
[0.250s] Level 1:colcon.colcon_core.package_identification:_identify(log) by extension 'ignore'
[0.250s] Level 1:colcon.colcon_core.package_identification:_identify(log) ignored
[0.250s] Level 1:colcon.colcon_core.package_identification:_identify(part1_pubsub) by extensions ['ignore', 'ignore_ament_install']
[0.250s] Level 1:colcon.colcon_core.package_identification:_identify(part1_pubsub) by extension 'ignore'
[0.250s] Level 1:colcon.colcon_core.package_identification:_identify(part1_pubsub) by extension 'ignore_ament_install'
[0.250s] Level 1:colcon.colcon_core.package_identification:_identify(part1_pubsub) by extensions ['colcon_pkg']
[0.250s] Level 1:colcon.colcon_core.package_identification:_identify(part1_pubsub) by extension 'colcon_pkg'
[0.250s] Level 1:colcon.colcon_core.package_identification:_identify(part1_pubsub) by extensions ['colcon_meta']
[0.250s] Level 1:colcon.colcon_core.package_identification:_identify(part1_pubsub) by extension 'colcon_meta'
[0.250s] Level 1:colcon.colcon_core.package_identification:_identify(part1_pubsub) by extensions ['ros']
[0.250s] Level 1:colcon.colcon_core.package_identification:_identify(part1_pubsub) by extension 'ros'
[0.252s] DEBUG:colcon.colcon_core.package_identification:Package 'part1_pubsub' with type 'ros.ament_cmake' and name 'part1_pubsub'
[0.252s] Level 1:colcon.colcon_core.package_identification:_identify(tuos_ros) by extensions ['ignore', 'ignore_ament_install']
[0.253s] Level 1:colcon.colcon_core.package_identification:_identify(tuos_ros) by extension 'ignore'
[0.253s] Level 1:colcon.colcon_core.package_identification:_identify(tuos_ros) by extension 'ignore_ament_install'
[0.253s] Level 1:colcon.colcon_core.package_identification:_identify(tuos_ros) by extensions ['colcon_pkg']
[0.253s] Level 1:colcon.colcon_core.package_identification:_identify(tuos_ros) by extension 'colcon_pkg'
[0.253s] Level 1:colcon.colcon_core.package_identification:_identify(tuos_ros) by extensions ['colcon_meta']
[0.253s] Level 1:colcon.colcon_core.package_identification:_identify(tuos_ros) by extension 'colcon_meta'
[0.253s] Level 1:colcon.colcon_core.package_identification:_identify(tuos_ros) by extensions ['ros']
[0.253s] Level 1:colcon.colcon_core.package_identification:_identify(tuos_ros) by extension 'ros'
[0.253s] Level 1:colcon.colcon_core.package_identification:_identify(tuos_ros) by extensions ['cmake', 'python']
[0.253s] Level 1:colcon.colcon_core.package_identification:_identify(tuos_ros) by extension 'cmake'
[0.253s] Level 1:colcon.colcon_core.package_identification:_identify(tuos_ros) by extension 'python'
[0.253s] Level 1:colcon.colcon_core.package_identification:_identify(tuos_ros) by extensions ['python_setup_py']
[0.253s] Level 1:colcon.colcon_core.package_identification:_identify(tuos_ros) by extension 'python_setup_py'
[0.253s] Level 1:colcon.colcon_core.package_identification:_identify(tuos_ros/com2009_simulations) by extensions ['ignore', 'ignore_ament_install']
[0.253s] Level 1:colcon.colcon_core.package_identification:_identify(tuos_ros/com2009_simulations) by extension 'ignore'
[0.253s] Level 1:colcon.colcon_core.package_identification:_identify(tuos_ros/com2009_simulations) by extension 'ignore_ament_install'
[0.253s] Level 1:colcon.colcon_core.package_identification:_identify(tuos_ros/com2009_simulations) by extensions ['colcon_pkg']
[0.253s] Level 1:colcon.colcon_core.package_identification:_identify(tuos_ros/com2009_simulations) by extension 'colcon_pkg'
[0.253s] Level 1:colcon.colcon_core.package_identification:_identify(tuos_ros/com2009_simulations) by extensions ['colcon_meta']
[0.253s] Level 1:colcon.colcon_core.package_identification:_identify(tuos_ros/com2009_simulations) by extension 'colcon_meta'
[0.253s] Level 1:colcon.colcon_core.package_identification:_identify(tuos_ros/com2009_simulations) by extensions ['ros']
[0.254s] Level 1:colcon.colcon_core.package_identification:_identify(tuos_ros/com2009_simulations) by extension 'ros'
[0.254s] DEBUG:colcon.colcon_core.package_identification:Package 'tuos_ros/com2009_simulations' with type 'ros.ament_cmake' and name 'com2009_simulations'
[0.254s] Level 1:colcon.colcon_core.package_identification:_identify(tuos_ros/tuos_examples) by extensions ['ignore', 'ignore_ament_install']
[0.254s] Level 1:colcon.colcon_core.package_identification:_identify(tuos_ros/tuos_examples) by extension 'ignore'
[0.254s] Level 1:colcon.colcon_core.package_identification:_identify(tuos_ros/tuos_examples) by extension 'ignore_ament_install'
[0.255s] Level 1:colcon.colcon_core.package_identification:_identify(tuos_ros/tuos_examples) by extensions ['colcon_pkg']
[0.255s] Level 1:colcon.colcon_core.package_identification:_identify(tuos_ros/tuos_examples) by extension 'colcon_pkg'
[0.255s] Level 1:colcon.colcon_core.package_identification:_identify(tuos_ros/tuos_examples) by extensions ['colcon_meta']
[0.255s] Level 1:colcon.colcon_core.package_identification:_identify(tuos_ros/tuos_examples) by extension 'colcon_meta'
[0.255s] Level 1:colcon.colcon_core.package_identification:_identify(tuos_ros/tuos_examples) by extensions ['ros']
[0.255s] Level 1:colcon.colcon_core.package_identification:_identify(tuos_ros/tuos_examples) by extension 'ros'
[0.255s] DEBUG:colcon.colcon_core.package_identification:Package 'tuos_ros/tuos_examples' with type 'ros.ament_cmake' and name 'tuos_examples'
[0.255s] Level 1:colcon.colcon_core.package_identification:_identify(tuos_ros/tuos_interfaces) by extensions ['ignore', 'ignore_ament_install']
[0.255s] Level 1:colcon.colcon_core.package_identification:_identify(tuos_ros/tuos_interfaces) by extension 'ignore'
[0.255s] Level 1:colcon.colcon_core.package_identification:_identify(tuos_ros/tuos_interfaces) by extension 'ignore_ament_install'
[0.255s] Level 1:colcon.colcon_core.package_identification:_identify(tuos_ros/tuos_interfaces) by extensions ['colcon_pkg']
[0.255s] Level 1:colcon.colcon_core.package_identification:_identify(tuos_ros/tuos_interfaces) by extension 'colcon_pkg'
[0.256s] Level 1:colcon.colcon_core.package_identification:_identify(tuos_ros/tuos_interfaces) by extensions ['colcon_meta']
[0.256s] Level 1:colcon.colcon_core.package_identification:_identify(tuos_ros/tuos_interfaces) by extension 'colcon_meta'
[0.256s] Level 1:colcon.colcon_core.package_identification:_identify(tuos_ros/tuos_interfaces) by extensions ['ros']
[0.256s] Level 1:colcon.colcon_core.package_identification:_identify(tuos_ros/tuos_interfaces) by extension 'ros'
[0.256s] DEBUG:colcon.colcon_core.package_identification:Package 'tuos_ros/tuos_interfaces' with type 'ros.ament_cmake' and name 'tuos_interfaces'
[0.256s] Level 1:colcon.colcon_core.package_identification:_identify(tuos_ros/tuos_ros) by extensions ['ignore', 'ignore_ament_install']
[0.256s] Level 1:colcon.colcon_core.package_identification:_identify(tuos_ros/tuos_ros) by extension 'ignore'
[0.256s] Level 1:colcon.colcon_core.package_identification:_identify(tuos_ros/tuos_ros) by extension 'ignore_ament_install'
[0.256s] Level 1:colcon.colcon_core.package_identification:_identify(tuos_ros/tuos_ros) by extensions ['colcon_pkg']
[0.256s] Level 1:colcon.colcon_core.package_identification:_identify(tuos_ros/tuos_ros) by extension 'colcon_pkg'
[0.257s] Level 1:colcon.colcon_core.package_identification:_identify(tuos_ros/tuos_ros) by extensions ['colcon_meta']
[0.257s] Level 1:colcon.colcon_core.package_identification:_identify(tuos_ros/tuos_ros) by extension 'colcon_meta'
[0.257s] Level 1:colcon.colcon_core.package_identification:_identify(tuos_ros/tuos_ros) by extensions ['ros']
[0.257s] Level 1:colcon.colcon_core.package_identification:_identify(tuos_ros/tuos_ros) by extension 'ros'
[0.257s] DEBUG:colcon.colcon_core.package_identification:Package 'tuos_ros/tuos_ros' with type 'ros.ament_cmake' and name 'tuos_ros'
[0.257s] Level 1:colcon.colcon_core.package_identification:_identify(tuos_ros/tuos_simulations) by extensions ['ignore', 'ignore_ament_install']
[0.257s] Level 1:colcon.colcon_core.package_identification:_identify(tuos_ros/tuos_simulations) by extension 'ignore'
[0.257s] Level 1:colcon.colcon_core.package_identification:_identify(tuos_ros/tuos_simulations) by extension 'ignore_ament_install'
[0.257s] Level 1:colcon.colcon_core.package_identification:_identify(tuos_ros/tuos_simulations) by extensions ['colcon_pkg']
[0.257s] Level 1:colcon.colcon_core.package_identification:_identify(tuos_ros/tuos_simulations) by extension 'colcon_pkg'
[0.257s] Level 1:colcon.colcon_core.package_identification:_identify(tuos_ros/tuos_simulations) by extensions ['colcon_meta']
[0.257s] Level 1:colcon.colcon_core.package_identification:_identify(tuos_ros/tuos_simulations) by extension 'colcon_meta'
[0.258s] Level 1:colcon.colcon_core.package_identification:_identify(tuos_ros/tuos_simulations) by extensions ['ros']
[0.258s] Level 1:colcon.colcon_core.package_identification:_identify(tuos_ros/tuos_simulations) by extension 'ros'
[0.258s] DEBUG:colcon.colcon_core.package_identification:Package 'tuos_ros/tuos_simulations' with type 'ros.ament_cmake' and name 'tuos_simulations'
[0.258s] Level 1:colcon.colcon_core.package_identification:_identify(tuos_ros/tuos_tb3_tools) by extensions ['ignore', 'ignore_ament_install']
[0.258s] Level 1:colcon.colcon_core.package_identification:_identify(tuos_ros/tuos_tb3_tools) by extension 'ignore'
[0.258s] Level 1:colcon.colcon_core.package_identification:_identify(tuos_ros/tuos_tb3_tools) by extension 'ignore_ament_install'
[0.258s] Level 1:colcon.colcon_core.package_identification:_identify(tuos_ros/tuos_tb3_tools) by extensions ['colcon_pkg']
[0.258s] Level 1:colcon.colcon_core.package_identification:_identify(tuos_ros/tuos_tb3_tools) by extension 'colcon_pkg'
[0.258s] Level 1:colcon.colcon_core.package_identification:_identify(tuos_ros/tuos_tb3_tools) by extensions ['colcon_meta']
[0.258s] Level 1:colcon.colcon_core.package_identification:_identify(tuos_ros/tuos_tb3_tools) by extension 'colcon_meta'
[0.258s] Level 1:colcon.colcon_core.package_identification:_identify(tuos_ros/tuos_tb3_tools) by extensions ['ros']
[0.258s] Level 1:colcon.colcon_core.package_identification:_identify(tuos_ros/tuos_tb3_tools) by extension 'ros'
[0.259s] DEBUG:colcon.colcon_core.package_identification:Package 'tuos_ros/tuos_tb3_tools' with type 'ros.ament_cmake' and name 'tuos_tb3_tools'
[0.259s] Level 1:colcon.colcon_core.package_discovery:discover_packages(recursive) using defaults
[0.259s] Level 1:colcon.colcon_core.package_discovery:discover_packages(ignore) discover
[0.259s] Level 1:colcon.colcon_core.package_discovery:discover_packages(ignore) using defaults
[0.259s] Level 1:colcon.colcon_core.package_discovery:discover_packages(path) discover
[0.259s] Level 1:colcon.colcon_core.package_discovery:discover_packages(path) using defaults
[0.283s] Level 1:colcon.colcon_core.package_discovery:discover_packages(prefix_path) check parameters
[0.283s] Level 1:colcon.colcon_core.package_discovery:discover_packages(prefix_path) discover
[0.286s] DEBUG:colcon.colcon_installed_package_information.package_discovery:Found 349 installed packages in /opt/ros/humble
[0.287s] Level 1:colcon.colcon_core.package_discovery:discover_packages(prefix_path) using defaults
[0.326s] Level 5:colcon.colcon_core.verb:set package 'part1_pubsub' build argument 'cmake_args' from command line to 'None'
[0.326s] Level 5:colcon.colcon_core.verb:set package 'part1_pubsub' build argument 'cmake_target' from command line to 'None'
[0.326s] Level 5:colcon.colcon_core.verb:set package 'part1_pubsub' build argument 'cmake_target_skip_unavailable' from command line to 'False'
[0.326s] Level 5:colcon.colcon_core.verb:set package 'part1_pubsub' build argument 'cmake_clean_cache' from command line to 'False'
[0.326s] Level 5:colcon.colcon_core.verb:set package 'part1_pubsub' build argument 'cmake_clean_first' from command line to 'False'
[0.326s] Level 5:colcon.colcon_core.verb:set package 'part1_pubsub' build argument 'cmake_force_configure' from command line to 'False'
[0.326s] Level 5:colcon.colcon_core.verb:set package 'part1_pubsub' build argument 'ament_cmake_args' from command line to 'None'
[0.326s] Level 5:colcon.colcon_core.verb:set package 'part1_pubsub' build argument 'catkin_cmake_args' from command line to 'None'
[0.326s] Level 5:colcon.colcon_core.verb:set package 'part1_pubsub' build argument 'catkin_skip_building_tests' from command line to 'False'
[0.326s] DEBUG:colcon.colcon_core.verb:Building package 'part1_pubsub' with the following arguments: {'ament_cmake_args': None, 'build_base': '/home/n3h4/Desktop/NEHA/SEDRICA/RosTut/build/part1_pubsub', 'catkin_cmake_args': None, 'catkin_skip_building_tests': False, 'cmake_args': None, 'cmake_clean_cache': False, 'cmake_clean_first': False, 'cmake_force_configure': False, 'cmake_target': None, 'cmake_target_skip_unavailable': False, 'install_base': '/home/n3h4/Desktop/NEHA/SEDRICA/RosTut/install/part1_pubsub', 'merge_install': False, 'path': '/home/n3h4/Desktop/NEHA/SEDRICA/RosTut/part1_pubsub', 'symlink_install': False, 'test_result_base': None}
[0.326s] Level 5:colcon.colcon_core.verb:set package 'tuos_examples' build argument 'cmake_args' from command line to 'None'
[0.326s] Level 5:colcon.colcon_core.verb:set package 'tuos_examples' build argument 'cmake_target' from command line to 'None'
[0.326s] Level 5:colcon.colcon_core.verb:set package 'tuos_examples' build argument 'cmake_target_skip_unavailable' from command line to 'False'
[0.326s] Level 5:colcon.colcon_core.verb:set package 'tuos_examples' build argument 'cmake_clean_cache' from command line to 'False'
[0.326s] Level 5:colcon.colcon_core.verb:set package 'tuos_examples' build argument 'cmake_clean_first' from command line to 'False'
[0.326s] Level 5:colcon.colcon_core.verb:set package 'tuos_examples' build argument 'cmake_force_configure' from command line to 'False'
[0.326s] Level 5:colcon.colcon_core.verb:set package 'tuos_examples' build argument 'ament_cmake_args' from command line to 'None'
[0.326s] Level 5:colcon.colcon_core.verb:set package 'tuos_examples' build argument 'catkin_cmake_args' from command line to 'None'
[0.326s] Level 5:colcon.colcon_core.verb:set package 'tuos_examples' build argument 'catkin_skip_building_tests' from command line to 'False'
[0.326s] DEBUG:colcon.colcon_core.verb:Building package 'tuos_examples' with the following arguments: {'ament_cmake_args': None, 'build_base': '/home/n3h4/Desktop/NEHA/SEDRICA/RosTut/build/tuos_examples', 'catkin_cmake_args': None, 'catkin_skip_building_tests': False, 'cmake_args': None, 'cmake_clean_cache': False, 'cmake_clean_first': False, 'cmake_force_configure': False, 'cmake_target': None, 'cmake_target_skip_unavailable': False, 'install_base': '/home/n3h4/Desktop/NEHA/SEDRICA/RosTut/install/tuos_examples', 'merge_install': False, 'path': '/home/n3h4/Desktop/NEHA/SEDRICA/RosTut/tuos_ros/tuos_examples', 'symlink_install': False, 'test_result_base': None}
[0.327s] Level 5:colcon.colcon_core.verb:set package 'tuos_interfaces' build argument 'cmake_args' from command line to 'None'
[0.327s] Level 5:colcon.colcon_core.verb:set package 'tuos_interfaces' build argument 'cmake_target' from command line to 'None'
[0.327s] Level 5:colcon.colcon_core.verb:set package 'tuos_interfaces' build argument 'cmake_target_skip_unavailable' from command line to 'False'
[0.327s] Level 5:colcon.colcon_core.verb:set package 'tuos_interfaces' build argument 'cmake_clean_cache' from command line to 'False'
[0.327s] Level 5:colcon.colcon_core.verb:set package 'tuos_interfaces' build argument 'cmake_clean_first' from command line to 'False'
[0.327s] Level 5:colcon.colcon_core.verb:set package 'tuos_interfaces' build argument 'cmake_force_configure' from command line to 'False'
[0.327s] Level 5:colcon.colcon_core.verb:set package 'tuos_interfaces' build argument 'ament_cmake_args' from command line to 'None'
[0.327s] Level 5:colcon.colcon_core.verb:set package 'tuos_interfaces' build argument 'catkin_cmake_args' from command line to 'None'
[0.327s] Level 5:colcon.colcon_core.verb:set package 'tuos_interfaces' build argument 'catkin_skip_building_tests' from command line to 'False'
[0.327s] DEBUG:colcon.colcon_core.verb:Building package 'tuos_interfaces' with the following arguments: {'ament_cmake_args': None, 'build_base': '/home/n3h4/Desktop/NEHA/SEDRICA/RosTut/build/tuos_interfaces', 'catkin_cmake_args': None, 'catkin_skip_building_tests': False, 'cmake_args': None, 'cmake_clean_cache': False, 'cmake_clean_first': False, 'cmake_force_configure': False, 'cmake_target': None, 'cmake_target_skip_unavailable': False, 'install_base': '/home/n3h4/Desktop/NEHA/SEDRICA/RosTut/install/tuos_interfaces', 'merge_install': False, 'path': '/home/n3h4/Desktop/NEHA/SEDRICA/RosTut/tuos_ros/tuos_interfaces', 'symlink_install': False, 'test_result_base': None}
[0.327s] Level 5:colcon.colcon_core.verb:set package 'tuos_simulations' build argument 'cmake_args' from command line to 'None'
[0.327s] Level 5:colcon.colcon_core.verb:set package 'tuos_simulations' build argument 'cmake_target' from command line to 'None'
[0.327s] Level 5:colcon.colcon_core.verb:set package 'tuos_simulations' build argument 'cmake_target_skip_unavailable' from command line to 'False'
[0.327s] Level 5:colcon.colcon_core.verb:set package 'tuos_simulations' build argument 'cmake_clean_cache' from command line to 'False'
[0.327s] Level 5:colcon.colcon_core.verb:set package 'tuos_simulations' build argument 'cmake_clean_first' from command line to 'False'
[0.327s] Level 5:colcon.colcon_core.verb:set package 'tuos_simulations' build argument 'cmake_force_configure' from command line to 'False'
[0.327s] Level 5:colcon.colcon_core.verb:set package 'tuos_simulations' build argument 'ament_cmake_args' from command line to 'None'
[0.327s] Level 5:colcon.colcon_core.verb:set package 'tuos_simulations' build argument 'catkin_cmake_args' from command line to 'None'
[0.327s] Level 5:colcon.colcon_core.verb:set package 'tuos_simulations' build argument 'catkin_skip_building_tests' from command line to 'False'
[0.328s] DEBUG:colcon.colcon_core.verb:Building package 'tuos_simulations' with the following arguments: {'ament_cmake_args': None, 'build_base': '/home/n3h4/Desktop/NEHA/SEDRICA/RosTut/build/tuos_simulations', 'catkin_cmake_args': None, 'catkin_skip_building_tests': False, 'cmake_args': None, 'cmake_clean_cache': False, 'cmake_clean_first': False, 'cmake_force_configure': False, 'cmake_target': None, 'cmake_target_skip_unavailable': False, 'install_base': '/home/n3h4/Desktop/NEHA/SEDRICA/RosTut/install/tuos_simulations', 'merge_install': False, 'path': '/home/n3h4/Desktop/NEHA/SEDRICA/RosTut/tuos_ros/tuos_simulations', 'symlink_install': False, 'test_result_base': None}
[0.328s] Level 5:colcon.colcon_core.verb:set package 'tuos_tb3_tools' build argument 'cmake_args' from command line to 'None'
[0.328s] Level 5:colcon.colcon_core.verb:set package 'tuos_tb3_tools' build argument 'cmake_target' from command line to 'None'
[0.328s] Level 5:colcon.colcon_core.verb:set package 'tuos_tb3_tools' build argument 'cmake_target_skip_unavailable' from command line to 'False'
[0.328s] Level 5:colcon.colcon_core.verb:set package 'tuos_tb3_tools' build argument 'cmake_clean_cache' from command line to 'False'
[0.328s] Level 5:colcon.colcon_core.verb:set package 'tuos_tb3_tools' build argument 'cmake_clean_first' from command line to 'False'
[0.328s] Level 5:colcon.colcon_core.verb:set package 'tuos_tb3_tools' build argument 'cmake_force_configure' from command line to 'False'
[0.328s] Level 5:colcon.colcon_core.verb:set package 'tuos_tb3_tools' build argument 'ament_cmake_args' from command line to 'None'
[0.328s] Level 5:colcon.colcon_core.verb:set package 'tuos_tb3_tools' build argument 'catkin_cmake_args' from command line to 'None'
[0.328s] Level 5:colcon.colcon_core.verb:set package 'tuos_tb3_tools' build argument 'catkin_skip_building_tests' from command line to 'False'
[0.328s] DEBUG:colcon.colcon_core.verb:Building package 'tuos_tb3_tools' with the following arguments: {'ament_cmake_args': None, 'build_base': '/home/n3h4/Desktop/NEHA/SEDRICA/RosTut/build/tuos_tb3_tools', 'catkin_cmake_args': None, 'catkin_skip_building_tests': False, 'cmake_args': None, 'cmake_clean_cache': False, 'cmake_clean_first': False, 'cmake_force_configure': False, 'cmake_target': None, 'cmake_target_skip_unavailable': False, 'install_base': '/home/n3h4/Desktop/NEHA/SEDRICA/RosTut/install/tuos_tb3_tools', 'merge_install': False, 'path': '/home/n3h4/Desktop/NEHA/SEDRICA/RosTut/tuos_ros/tuos_tb3_tools', 'symlink_install': False, 'test_result_base': None}
[0.328s] Level 5:colcon.colcon_core.verb:set package 'com2009_simulations' build argument 'cmake_args' from command line to 'None'
[0.328s] Level 5:colcon.colcon_core.verb:set package 'com2009_simulations' build argument 'cmake_target' from command line to 'None'
[0.328s] Level 5:colcon.colcon_core.verb:set package 'com2009_simulations' build argument 'cmake_target_skip_unavailable' from command line to 'False'
[0.328s] Level 5:colcon.colcon_core.verb:set package 'com2009_simulations' build argument 'cmake_clean_cache' from command line to 'False'
[0.328s] Level 5:colcon.colcon_core.verb:set package 'com2009_simulations' build argument 'cmake_clean_first' from command line to 'False'
[0.328s] Level 5:colcon.colcon_core.verb:set package 'com2009_simulations' build argument 'cmake_force_configure' from command line to 'False'
[0.328s] Level 5:colcon.colcon_core.verb:set package 'com2009_simulations' build argument 'ament_cmake_args' from command line to 'None'
[0.328s] Level 5:colcon.colcon_core.verb:set package 'com2009_simulations' build argument 'catkin_cmake_args' from command line to 'None'
[0.328s] Level 5:colcon.colcon_core.verb:set package 'com2009_simulations' build argument 'catkin_skip_building_tests' from command line to 'False'
[0.329s] DEBUG:colcon.colcon_core.verb:Building package 'com2009_simulations' with the following arguments: {'ament_cmake_args': None, 'build_base': '/home/n3h4/Desktop/NEHA/SEDRICA/RosTut/build/com2009_simulations', 'catkin_cmake_args': None, 'catkin_skip_building_tests': False, 'cmake_args': None, 'cmake_clean_cache': False, 'cmake_clean_first': False, 'cmake_force_configure': False, 'cmake_target': None, 'cmake_target_skip_unavailable': False, 'install_base': '/home/n3h4/Desktop/NEHA/SEDRICA/RosTut/install/com2009_simulations', 'merge_install': False, 'path': '/home/n3h4/Desktop/NEHA/SEDRICA/RosTut/tuos_ros/com2009_simulations', 'symlink_install': False, 'test_result_base': None}
[0.329s] Level 5:colcon.colcon_core.verb:set package 'tuos_ros' build argument 'cmake_args' from command line to 'None'
[0.329s] Level 5:colcon.colcon_core.verb:set package 'tuos_ros' build argument 'cmake_target' from command line to 'None'
[0.329s] Level 5:colcon.colcon_core.verb:set package 'tuos_ros' build argument 'cmake_target_skip_unavailable' from command line to 'False'
[0.329s] Level 5:colcon.colcon_core.verb:set package 'tuos_ros' build argument 'cmake_clean_cache' from command line to 'False'
[0.329s] Level 5:colcon.colcon_core.verb:set package 'tuos_ros' build argument 'cmake_clean_first' from command line to 'False'
[0.329s] Level 5:colcon.colcon_core.verb:set package 'tuos_ros' build argument 'cmake_force_configure' from command line to 'False'
[0.329s] Level 5:colcon.colcon_core.verb:set package 'tuos_ros' build argument 'ament_cmake_args' from command line to 'None'
[0.329s] Level 5:colcon.colcon_core.verb:set package 'tuos_ros' build argument 'catkin_cmake_args' from command line to 'None'
[0.329s] Level 5:colcon.colcon_core.verb:set package 'tuos_ros' build argument 'catkin_skip_building_tests' from command line to 'False'
[0.329s] DEBUG:colcon.colcon_core.verb:Building package 'tuos_ros' with the following arguments: {'ament_cmake_args': None, 'build_base': '/home/n3h4/Desktop/NEHA/SEDRICA/RosTut/build/tuos_ros', 'catkin_cmake_args': None, 'catkin_skip_building_tests': False, 'cmake_args': None, 'cmake_clean_cache': False, 'cmake_clean_first': False, 'cmake_force_configure': False, 'cmake_target': None, 'cmake_target_skip_unavailable': False, 'install_base': '/home/n3h4/Desktop/NEHA/SEDRICA/RosTut/install/tuos_ros', 'merge_install': False, 'path': '/home/n3h4/Desktop/NEHA/SEDRICA/RosTut/tuos_ros/tuos_ros', 'symlink_install': False, 'test_result_base': None}
[0.329s] INFO:colcon.colcon_core.executor:Executing jobs using 'parallel' executor
[0.330s] DEBUG:colcon.colcon_parallel_executor.executor.parallel:run_until_complete
[0.330s] INFO:colcon.colcon_ros.task.ament_cmake.build:Building ROS package in '/home/n3h4/Desktop/NEHA/SEDRICA/RosTut/tuos_ros/tuos_simulations' with build type 'ament_cmake'
[0.330s] INFO:colcon.colcon_cmake.task.cmake.build:Building CMake package in '/home/n3h4/Desktop/NEHA/SEDRICA/RosTut/tuos_ros/tuos_simulations'
[0.332s] INFO:colcon.colcon_core.plugin_system:Skipping extension 'colcon_core.shell.bat': Not used on non-Windows systems
[0.333s] INFO:colcon.colcon_core.shell:Skip shell extension 'powershell' for command environment: Not usable outside of PowerShell
[0.333s] DEBUG:colcon.colcon_core.shell:Skip shell extension 'dsv' for command environment
[0.335s] INFO:colcon.colcon_ros.task.ament_cmake.build:Building ROS package in '/home/n3h4/Desktop/NEHA/SEDRICA/RosTut/tuos_ros/tuos_examples' with build type 'ament_cmake'
[0.335s] INFO:colcon.colcon_cmake.task.cmake.build:Building CMake package in '/home/n3h4/Desktop/NEHA/SEDRICA/RosTut/tuos_ros/tuos_examples'
[0.336s] INFO:colcon.colcon_core.shell:Skip shell extension 'powershell' for command environment: Not usable outside of PowerShell
[0.336s] DEBUG:colcon.colcon_core.shell:Skip shell extension 'dsv' for command environment
[0.338s] INFO:colcon.colcon_ros.task.ament_cmake.build:Building ROS package in '/home/n3h4/Desktop/NEHA/SEDRICA/RosTut/tuos_ros/tuos_interfaces' with build type 'ament_cmake'
[0.339s] INFO:colcon.colcon_cmake.task.cmake.build:Building CMake package in '/home/n3h4/Desktop/NEHA/SEDRICA/RosTut/tuos_ros/tuos_interfaces'
[0.339s] INFO:colcon.colcon_core.shell:Skip shell extension 'powershell' for command environment: Not usable outside of PowerShell
[0.339s] DEBUG:colcon.colcon_core.shell:Skip shell extension 'dsv' for command environment
[0.341s] INFO:colcon.colcon_ros.task.ament_cmake.build:Building ROS package in '/home/n3h4/Desktop/NEHA/SEDRICA/RosTut/tuos_ros/tuos_tb3_tools' with build type 'ament_cmake'
[0.341s] INFO:colcon.colcon_cmake.task.cmake.build:Building CMake package in '/home/n3h4/Desktop/NEHA/SEDRICA/RosTut/tuos_ros/tuos_tb3_tools'
[0.342s] INFO:colcon.colcon_core.shell:Skip shell extension 'powershell' for command environment: Not usable outside of PowerShell
[0.342s] DEBUG:colcon.colcon_core.shell:Skip shell extension 'dsv' for command environment
[0.345s] INFO:colcon.colcon_ros.task.ament_cmake.build:Building ROS package in '/home/n3h4/Desktop/NEHA/SEDRICA/RosTut/part1_pubsub' with build type 'ament_cmake'
[0.346s] INFO:colcon.colcon_cmake.task.cmake.build:Building CMake package in '/home/n3h4/Desktop/NEHA/SEDRICA/RosTut/part1_pubsub'
[0.346s] INFO:colcon.colcon_core.shell:Skip shell extension 'powershell' for command environment: Not usable outside of PowerShell
[0.346s] DEBUG:colcon.colcon_core.shell:Skip shell extension 'dsv' for command environment
[0.355s] DEBUG:colcon.colcon_core.event_handler.log_command:Invoking command in '/home/n3h4/Desktop/NEHA/SEDRICA/RosTut/build/tuos_simulations': CMAKE_PREFIX_PATH=/opt/ros/humble /usr/bin/cmake --build /home/n3h4/Desktop/NEHA/SEDRICA/RosTut/build/tuos_simulations -- -j12 -l12
[0.359s] DEBUG:colcon.colcon_core.event_handler.log_command:Invoking command in '/home/n3h4/Desktop/NEHA/SEDRICA/RosTut/build/tuos_examples': CMAKE_PREFIX_PATH=/opt/ros/humble /usr/bin/cmake --build /home/n3h4/Desktop/NEHA/SEDRICA/RosTut/build/tuos_examples -- -j12 -l12
[0.363s] DEBUG:colcon.colcon_core.event_handler.log_command:Invoking command in '/home/n3h4/Desktop/NEHA/SEDRICA/RosTut/build/tuos_interfaces': CMAKE_PREFIX_PATH=/opt/ros/humble /usr/bin/cmake --build /home/n3h4/Desktop/NEHA/SEDRICA/RosTut/build/tuos_interfaces -- -j12 -l12
[0.368s] DEBUG:colcon.colcon_core.event_handler.log_command:Invoking command in '/home/n3h4/Desktop/NEHA/SEDRICA/RosTut/build/tuos_tb3_tools': CMAKE_PREFIX_PATH=/opt/ros/humble /usr/bin/cmake --build /home/n3h4/Desktop/NEHA/SEDRICA/RosTut/build/tuos_tb3_tools -- -j12 -l12
[0.374s] DEBUG:colcon.colcon_core.event_handler.log_command:Invoking command in '/home/n3h4/Desktop/NEHA/SEDRICA/RosTut/build/part1_pubsub': CMAKE_PREFIX_PATH=/opt/ros/humble /usr/bin/cmake --build /home/n3h4/Desktop/NEHA/SEDRICA/RosTut/build/part1_pubsub -- -j12 -l12
[0.408s] DEBUG:colcon.colcon_core.event_handler.log_command:Invoked command in '/home/n3h4/Desktop/NEHA/SEDRICA/RosTut/build/tuos_simulations' returned '0': CMAKE_PREFIX_PATH=/opt/ros/humble /usr/bin/cmake --build /home/n3h4/Desktop/NEHA/SEDRICA/RosTut/build/tuos_simulations -- -j12 -l12
[0.422s] DEBUG:colcon.colcon_core.event_handler.log_command:Invoking command in '/home/n3h4/Desktop/NEHA/SEDRICA/RosTut/build/tuos_simulations': CMAKE_PREFIX_PATH=/opt/ros/humble /usr/bin/cmake --install /home/n3h4/Desktop/NEHA/SEDRICA/RosTut/build/tuos_simulations
[0.458s] Level 1:colcon.colcon_core.environment:create_environment_scripts_only(tuos_simulations)
[0.464s] Level 1:colcon.colcon_core.environment:checking '/home/n3h4/Desktop/NEHA/SEDRICA/RosTut/install/tuos_simulations' for CMake module files
[0.468s] Level 1:colcon.colcon_core.environment:checking '/home/n3h4/Desktop/NEHA/SEDRICA/RosTut/install/tuos_simulations' for CMake config files
[0.478s] Level 1:colcon.colcon_core.shell:create_environment_hook('tuos_simulations', 'cmake_prefix_path')
[0.479s] INFO:colcon.colcon_core.shell:Creating environment hook '/home/n3h4/Desktop/NEHA/SEDRICA/RosTut/install/tuos_simulations/share/tuos_simulations/hook/cmake_prefix_path.ps1'
[0.480s] INFO:colcon.colcon_core.shell:Creating environment descriptor '/home/n3h4/Desktop/NEHA/SEDRICA/RosTut/install/tuos_simulations/share/tuos_simulations/hook/cmake_prefix_path.dsv'
[0.482s] INFO:colcon.colcon_core.shell:Creating environment hook '/home/n3h4/Desktop/NEHA/SEDRICA/RosTut/install/tuos_simulations/share/tuos_simulations/hook/cmake_prefix_path.sh'
[0.483s] DEBUG:colcon.colcon_core.event_handler.log_command:Invoked command in '/home/n3h4/Desktop/NEHA/SEDRICA/RosTut/build/tuos_simulations' returned '0': CMAKE_PREFIX_PATH=/opt/ros/humble /usr/bin/cmake --install /home/n3h4/Desktop/NEHA/SEDRICA/RosTut/build/tuos_simulations
[0.485s] Level 1:colcon.colcon_core.environment:checking '/home/n3h4/Desktop/NEHA/SEDRICA/RosTut/install/tuos_simulations/bin'
[0.485s] Level 1:colcon.colcon_core.environment:checking '/home/n3h4/Desktop/NEHA/SEDRICA/RosTut/install/tuos_simulations/lib/pkgconfig/tuos_simulations.pc'
[0.486s] Level 1:colcon.colcon_core.environment:checking '/home/n3h4/Desktop/NEHA/SEDRICA/RosTut/install/tuos_simulations/lib/python3.10/site-packages'
[0.487s] Level 1:colcon.colcon_core.environment:checking '/home/n3h4/Desktop/NEHA/SEDRICA/RosTut/install/tuos_simulations/bin'
[0.488s] INFO:colcon.colcon_core.shell:Creating package script '/home/n3h4/Desktop/NEHA/SEDRICA/RosTut/install/tuos_simulations/share/tuos_simulations/package.ps1'
[0.489s] INFO:colcon.colcon_core.shell:Creating package descriptor '/home/n3h4/Desktop/NEHA/SEDRICA/RosTut/install/tuos_simulations/share/tuos_simulations/package.dsv'
[0.490s] INFO:colcon.colcon_core.shell:Creating package script '/home/n3h4/Desktop/NEHA/SEDRICA/RosTut/install/tuos_simulations/share/tuos_simulations/package.sh'
[0.491s] INFO:colcon.colcon_core.shell:Creating package script '/home/n3h4/Desktop/NEHA/SEDRICA/RosTut/install/tuos_simulations/share/tuos_simulations/package.bash'
[0.492s] INFO:colcon.colcon_core.shell:Creating package script '/home/n3h4/Desktop/NEHA/SEDRICA/RosTut/install/tuos_simulations/share/tuos_simulations/package.zsh'
[0.493s] Level 1:colcon.colcon_core.environment:create_file_with_runtime_dependencies(/home/n3h4/Desktop/NEHA/SEDRICA/RosTut/install/tuos_simulations/share/colcon-core/packages/tuos_simulations)
[0.494s] Level 1:colcon.colcon_core.environment:create_environment_scripts_only(tuos_simulations)
[0.494s] Level 1:colcon.colcon_core.environment:checking '/home/n3h4/Desktop/NEHA/SEDRICA/RosTut/install/tuos_simulations' for CMake module files
[0.495s] Level 1:colcon.colcon_core.environment:checking '/home/n3h4/Desktop/NEHA/SEDRICA/RosTut/install/tuos_simulations' for CMake config files
[0.495s] Level 1:colcon.colcon_core.shell:create_environment_hook('tuos_simulations', 'cmake_prefix_path')
[0.495s] INFO:colcon.colcon_core.shell:Creating environment hook '/home/n3h4/Desktop/NEHA/SEDRICA/RosTut/install/tuos_simulations/share/tuos_simulations/hook/cmake_prefix_path.ps1'
[0.496s] INFO:colcon.colcon_core.shell:Creating environment descriptor '/home/n3h4/Desktop/NEHA/SEDRICA/RosTut/install/tuos_simulations/share/tuos_simulations/hook/cmake_prefix_path.dsv'
[0.497s] INFO:colcon.colcon_core.shell:Creating environment hook '/home/n3h4/Desktop/NEHA/SEDRICA/RosTut/install/tuos_simulations/share/tuos_simulations/hook/cmake_prefix_path.sh'
[0.497s] Level 1:colcon.colcon_core.environment:checking '/home/n3h4/Desktop/NEHA/SEDRICA/RosTut/install/tuos_simulations/bin'
[0.497s] Level 1:colcon.colcon_core.environment:checking '/home/n3h4/Desktop/NEHA/SEDRICA/RosTut/install/tuos_simulations/lib/pkgconfig/tuos_simulations.pc'
[0.498s] Level 1:colcon.colcon_core.environment:checking '/home/n3h4/Desktop/NEHA/SEDRICA/RosTut/install/tuos_simulations/lib/python3.10/site-packages'
[0.498s] Level 1:colcon.colcon_core.environment:checking '/home/n3h4/Desktop/NEHA/SEDRICA/RosTut/install/tuos_simulations/bin'
[0.499s] INFO:colcon.colcon_core.shell:Creating package script '/home/n3h4/Desktop/NEHA/SEDRICA/RosTut/install/tuos_simulations/share/tuos_simulations/package.ps1'
[0.499s] INFO:colcon.colcon_core.shell:Creating package descriptor '/home/n3h4/Desktop/NEHA/SEDRICA/RosTut/install/tuos_simulations/share/tuos_simulations/package.dsv'
[0.500s] INFO:colcon.colcon_core.shell:Creating package script '/home/n3h4/Desktop/NEHA/SEDRICA/RosTut/install/tuos_simulations/share/tuos_simulations/package.sh'
[0.500s] INFO:colcon.colcon_core.shell:Creating package script '/home/n3h4/Desktop/NEHA/SEDRICA/RosTut/install/tuos_simulations/share/tuos_simulations/package.bash'
[0.501s] INFO:colcon.colcon_core.shell:Creating package script '/home/n3h4/Desktop/NEHA/SEDRICA/RosTut/install/tuos_simulations/share/tuos_simulations/package.zsh'
[0.502s] Level 1:colcon.colcon_core.environment:create_file_with_runtime_dependencies(/home/n3h4/Desktop/NEHA/SEDRICA/RosTut/install/tuos_simulations/share/colcon-core/packages/tuos_simulations)
[0.502s] INFO:colcon.colcon_ros.task.ament_cmake.build:Building ROS package in '/home/n3h4/Desktop/NEHA/SEDRICA/RosTut/tuos_ros/com2009_simulations' with build type 'ament_cmake'
[0.502s] INFO:colcon.colcon_cmake.task.cmake.build:Building CMake package in '/home/n3h4/Desktop/NEHA/SEDRICA/RosTut/tuos_ros/com2009_simulations'
[0.502s] INFO:colcon.colcon_core.shell:Skip shell extension 'powershell' for command environment: Not usable outside of PowerShell
[0.503s] DEBUG:colcon.colcon_core.shell:Skip shell extension 'dsv' for command environment
[0.511s] DEBUG:colcon.colcon_core.event_handler.log_command:Invoked command in '/home/n3h4/Desktop/NEHA/SEDRICA/RosTut/build/tuos_tb3_tools' returned '0': CMAKE_PREFIX_PATH=/opt/ros/humble /usr/bin/cmake --build /home/n3h4/Desktop/NEHA/SEDRICA/RosTut/build/tuos_tb3_tools -- -j12 -l12
[0.513s] DEBUG:colcon.colcon_core.event_handler.log_command:Invoking command in '/home/n3h4/Desktop/NEHA/SEDRICA/RosTut/build/tuos_tb3_tools': CMAKE_PREFIX_PATH=/opt/ros/humble /usr/bin/cmake --install /home/n3h4/Desktop/NEHA/SEDRICA/RosTut/build/tuos_tb3_tools
[0.522s] DEBUG:colcon.colcon_core.event_handler.log_command:Invoking command in '/home/n3h4/Desktop/NEHA/SEDRICA/RosTut/build/com2009_simulations': AMENT_PREFIX_PATH=/home/n3h4/Desktop/NEHA/SEDRICA/RosTut/install/tuos_simulations:${AMENT_PREFIX_PATH} CMAKE_PREFIX_PATH=/home/n3h4/Desktop/NEHA/SEDRICA/RosTut/install/tuos_simulations:/opt/ros/humble /usr/bin/cmake --build /home/n3h4/Desktop/NEHA/SEDRICA/RosTut/build/com2009_simulations -- -j12 -l12
[0.529s] Level 1:colcon.colcon_core.environment:create_environment_scripts_only(tuos_tb3_tools)
[0.530s] Level 1:colcon.colcon_core.environment:checking '/home/n3h4/Desktop/NEHA/SEDRICA/RosTut/install/tuos_tb3_tools' for CMake module files
[0.533s] Level 1:colcon.colcon_core.environment:checking '/home/n3h4/Desktop/NEHA/SEDRICA/RosTut/install/tuos_tb3_tools' for CMake config files
[0.535s] DEBUG:colcon.colcon_core.event_handler.log_command:Invoked command in '/home/n3h4/Desktop/NEHA/SEDRICA/RosTut/build/tuos_tb3_tools' returned '0': CMAKE_PREFIX_PATH=/opt/ros/humble /usr/bin/cmake --install /home/n3h4/Desktop/NEHA/SEDRICA/RosTut/build/tuos_tb3_tools
[0.535s] Level 1:colcon.colcon_core.shell:create_environment_hook('tuos_tb3_tools', 'cmake_prefix_path')
[0.536s] INFO:colcon.colcon_core.shell:Creating environment hook '/home/n3h4/Desktop/NEHA/SEDRICA/RosTut/install/tuos_tb3_tools/share/tuos_tb3_tools/hook/cmake_prefix_path.ps1'
[0.537s] INFO:colcon.colcon_core.shell:Creating environment descriptor '/home/n3h4/Desktop/NEHA/SEDRICA/RosTut/install/tuos_tb3_tools/share/tuos_tb3_tools/hook/cmake_prefix_path.dsv'
[0.537s] INFO:colcon.colcon_core.shell:Creating environment hook '/home/n3h4/Desktop/NEHA/SEDRICA/RosTut/install/tuos_tb3_tools/share/tuos_tb3_tools/hook/cmake_prefix_path.sh'
[0.538s] Level 1:colcon.colcon_core.environment:checking '/home/n3h4/Desktop/NEHA/SEDRICA/RosTut/install/tuos_tb3_tools/lib'
[0.539s] Level 1:colcon.colcon_core.environment:checking '/home/n3h4/Desktop/NEHA/SEDRICA/RosTut/install/tuos_tb3_tools/bin'
[0.539s] Level 1:colcon.colcon_core.environment:checking '/home/n3h4/Desktop/NEHA/SEDRICA/RosTut/install/tuos_tb3_tools/lib/pkgconfig/tuos_tb3_tools.pc'
[0.539s] Level 1:colcon.colcon_core.environment:checking '/home/n3h4/Desktop/NEHA/SEDRICA/RosTut/install/tuos_tb3_tools/lib/python3.10/site-packages'
[0.540s] Level 1:colcon.colcon_core.environment:checking '/home/n3h4/Desktop/NEHA/SEDRICA/RosTut/install/tuos_tb3_tools/bin'
[0.541s] INFO:colcon.colcon_core.shell:Creating package script '/home/n3h4/Desktop/NEHA/SEDRICA/RosTut/install/tuos_tb3_tools/share/tuos_tb3_tools/package.ps1'
[0.542s] INFO:colcon.colcon_core.shell:Creating package descriptor '/home/n3h4/Desktop/NEHA/SEDRICA/RosTut/install/tuos_tb3_tools/share/tuos_tb3_tools/package.dsv'
[0.543s] INFO:colcon.colcon_core.shell:Creating package script '/home/n3h4/Desktop/NEHA/SEDRICA/RosTut/install/tuos_tb3_tools/share/tuos_tb3_tools/package.sh'
[0.543s] INFO:colcon.colcon_core.shell:Creating package script '/home/n3h4/Desktop/NEHA/SEDRICA/RosTut/install/tuos_tb3_tools/share/tuos_tb3_tools/package.bash'
[0.544s] INFO:colcon.colcon_core.shell:Creating package script '/home/n3h4/Desktop/NEHA/SEDRICA/RosTut/install/tuos_tb3_tools/share/tuos_tb3_tools/package.zsh'
[0.545s] Level 1:colcon.colcon_core.environment:create_file_with_runtime_dependencies(/home/n3h4/Desktop/NEHA/SEDRICA/RosTut/install/tuos_tb3_tools/share/colcon-core/packages/tuos_tb3_tools)
[0.546s] Level 1:colcon.colcon_core.environment:create_environment_scripts_only(tuos_tb3_tools)
[0.546s] Level 1:colcon.colcon_core.environment:checking '/home/n3h4/Desktop/NEHA/SEDRICA/RosTut/install/tuos_tb3_tools' for CMake module files
[0.547s] Level 1:colcon.colcon_core.environment:checking '/home/n3h4/Desktop/NEHA/SEDRICA/RosTut/install/tuos_tb3_tools' for CMake config files
[0.548s] Level 1:colcon.colcon_core.shell:create_environment_hook('tuos_tb3_tools', 'cmake_prefix_path')
[0.548s] INFO:colcon.colcon_core.shell:Creating environment hook '/home/n3h4/Desktop/NEHA/SEDRICA/RosTut/install/tuos_tb3_tools/share/tuos_tb3_tools/hook/cmake_prefix_path.ps1'
[0.549s] INFO:colcon.colcon_core.shell:Creating environment descriptor '/home/n3h4/Desktop/NEHA/SEDRICA/RosTut/install/tuos_tb3_tools/share/tuos_tb3_tools/hook/cmake_prefix_path.dsv'
[0.550s] INFO:colcon.colcon_core.shell:Creating environment hook '/home/n3h4/Desktop/NEHA/SEDRICA/RosTut/install/tuos_tb3_tools/share/tuos_tb3_tools/hook/cmake_prefix_path.sh'
[0.551s] Level 1:colcon.colcon_core.environment:checking '/home/n3h4/Desktop/NEHA/SEDRICA/RosTut/install/tuos_tb3_tools/lib'
[0.551s] Level 1:colcon.colcon_core.environment:checking '/home/n3h4/Desktop/NEHA/SEDRICA/RosTut/install/tuos_tb3_tools/bin'
[0.551s] Level 1:colcon.colcon_core.environment:checking '/home/n3h4/Desktop/NEHA/SEDRICA/RosTut/install/tuos_tb3_tools/lib/pkgconfig/tuos_tb3_tools.pc'
[0.551s] Level 1:colcon.colcon_core.environment:checking '/home/n3h4/Desktop/NEHA/SEDRICA/RosTut/install/tuos_tb3_tools/lib/python3.10/site-packages'
[0.552s] Level 1:colcon.colcon_core.environment:checking '/home/n3h4/Desktop/NEHA/SEDRICA/RosTut/install/tuos_tb3_tools/bin'
[0.553s] INFO:colcon.colcon_core.shell:Creating package script '/home/n3h4/Desktop/NEHA/SEDRICA/RosTut/install/tuos_tb3_tools/share/tuos_tb3_tools/package.ps1'
[0.554s] INFO:colcon.colcon_core.shell:Creating package descriptor '/home/n3h4/Desktop/NEHA/SEDRICA/RosTut/install/tuos_tb3_tools/share/tuos_tb3_tools/package.dsv'
[0.555s] INFO:colcon.colcon_core.shell:Creating package script '/home/n3h4/Desktop/NEHA/SEDRICA/RosTut/install/tuos_tb3_tools/share/tuos_tb3_tools/package.sh'
[0.555s] INFO:colcon.colcon_core.shell:Creating package script '/home/n3h4/Desktop/NEHA/SEDRICA/RosTut/install/tuos_tb3_tools/share/tuos_tb3_tools/package.bash'
[0.556s] INFO:colcon.colcon_core.shell:Creating package script '/home/n3h4/Desktop/NEHA/SEDRICA/RosTut/install/tuos_tb3_tools/share/tuos_tb3_tools/package.zsh'
[0.557s] Level 1:colcon.colcon_core.environment:create_file_with_runtime_dependencies(/home/n3h4/Desktop/NEHA/SEDRICA/RosTut/install/tuos_tb3_tools/share/colcon-core/packages/tuos_tb3_tools)
[0.569s] DEBUG:colcon.colcon_core.event_handler.log_command:Invoked command in '/home/n3h4/Desktop/NEHA/SEDRICA/RosTut/build/com2009_simulations' returned '0': AMENT_PREFIX_PATH=/home/n3h4/Desktop/NEHA/SEDRICA/RosTut/install/tuos_simulations:${AMENT_PREFIX_PATH} CMAKE_PREFIX_PATH=/home/n3h4/Desktop/NEHA/SEDRICA/RosTut/install/tuos_simulations:/opt/ros/humble /usr/bin/cmake --build /home/n3h4/Desktop/NEHA/SEDRICA/RosTut/build/com2009_simulations -- -j12 -l12
[0.572s] DEBUG:colcon.colcon_core.event_handler.log_command:Invoking command in '/home/n3h4/Desktop/NEHA/SEDRICA/RosTut/build/com2009_simulations': AMENT_PREFIX_PATH=/home/n3h4/Desktop/NEHA/SEDRICA/RosTut/install/tuos_simulations:${AMENT_PREFIX_PATH} CMAKE_PREFIX_PATH=/home/n3h4/Desktop/NEHA/SEDRICA/RosTut/install/tuos_simulations:/opt/ros/humble /usr/bin/cmake --install /home/n3h4/Desktop/NEHA/SEDRICA/RosTut/build/com2009_simulations
[0.594s] Level 1:colcon.colcon_core.environment:create_environment_scripts_only(com2009_simulations)
[0.594s] Level 1:colcon.colcon_core.environment:checking '/home/n3h4/Desktop/NEHA/SEDRICA/RosTut/install/com2009_simulations' for CMake module files
[0.602s] Level 1:colcon.colcon_core.environment:checking '/home/n3h4/Desktop/NEHA/SEDRICA/RosTut/install/com2009_simulations' for CMake config files
[0.607s] Level 1:colcon.colcon_core.shell:create_environment_hook('com2009_simulations', 'cmake_prefix_path')
[0.608s] INFO:colcon.colcon_core.shell:Creating environment hook '/home/n3h4/Desktop/NEHA/SEDRICA/RosTut/install/com2009_simulations/share/com2009_simulations/hook/cmake_prefix_path.ps1'
[0.609s] INFO:colcon.colcon_core.shell:Creating environment descriptor '/home/n3h4/Desktop/NEHA/SEDRICA/RosTut/install/com2009_simulations/share/com2009_simulations/hook/cmake_prefix_path.dsv'
[0.610s] INFO:colcon.colcon_core.shell:Creating environment hook '/home/n3h4/Desktop/NEHA/SEDRICA/RosTut/install/com2009_simulations/share/com2009_simulations/hook/cmake_prefix_path.sh'
[0.611s] Level 1:colcon.colcon_core.environment:checking '/home/n3h4/Desktop/NEHA/SEDRICA/RosTut/install/com2009_simulations/bin'
[0.612s] Level 1:colcon.colcon_core.environment:checking '/home/n3h4/Desktop/NEHA/SEDRICA/RosTut/install/com2009_simulations/lib/pkgconfig/com2009_simulations.pc'
[0.612s] Level 1:colcon.colcon_core.environment:checking '/home/n3h4/Desktop/NEHA/SEDRICA/RosTut/install/com2009_simulations/lib/python3.10/site-packages'
[0.613s] Level 1:colcon.colcon_core.environment:checking '/home/n3h4/Desktop/NEHA/SEDRICA/RosTut/install/com2009_simulations/bin'
[0.613s] INFO:colcon.colcon_core.shell:Creating package script '/home/n3h4/Desktop/NEHA/SEDRICA/RosTut/install/com2009_simulations/share/com2009_simulations/package.ps1'
[0.615s] INFO:colcon.colcon_core.shell:Creating package descriptor '/home/n3h4/Desktop/NEHA/SEDRICA/RosTut/install/com2009_simulations/share/com2009_simulations/package.dsv'
[0.616s] INFO:colcon.colcon_core.shell:Creating package script '/home/n3h4/Desktop/NEHA/SEDRICA/RosTut/install/com2009_simulations/share/com2009_simulations/package.sh'
[0.618s] DEBUG:colcon.colcon_core.event_handler.log_command:Invoked command in '/home/n3h4/Desktop/NEHA/SEDRICA/RosTut/build/com2009_simulations' returned '0': AMENT_PREFIX_PATH=/home/n3h4/Desktop/NEHA/SEDRICA/RosTut/install/tuos_simulations:${AMENT_PREFIX_PATH} CMAKE_PREFIX_PATH=/home/n3h4/Desktop/NEHA/SEDRICA/RosTut/install/tuos_simulations:/opt/ros/humble /usr/bin/cmake --install /home/n3h4/Desktop/NEHA/SEDRICA/RosTut/build/com2009_simulations
[0.618s] INFO:colcon.colcon_core.shell:Creating package script '/home/n3h4/Desktop/NEHA/SEDRICA/RosTut/install/com2009_simulations/share/com2009_simulations/package.bash'
[0.619s] INFO:colcon.colcon_core.shell:Creating package script '/home/n3h4/Desktop/NEHA/SEDRICA/RosTut/install/com2009_simulations/share/com2009_simulations/package.zsh'
[0.619s] Level 1:colcon.colcon_core.environment:create_file_with_runtime_dependencies(/home/n3h4/Desktop/NEHA/SEDRICA/RosTut/install/com2009_simulations/share/colcon-core/packages/com2009_simulations)
[0.620s] Level 1:colcon.colcon_core.environment:create_environment_scripts_only(com2009_simulations)
[0.621s] Level 1:colcon.colcon_core.environment:checking '/home/n3h4/Desktop/NEHA/SEDRICA/RosTut/install/com2009_simulations' for CMake module files
[0.622s] Level 1:colcon.colcon_core.environment:checking '/home/n3h4/Desktop/NEHA/SEDRICA/RosTut/install/com2009_simulations' for CMake config files
[0.622s] Level 1:colcon.colcon_core.shell:create_environment_hook('com2009_simulations', 'cmake_prefix_path')
[0.623s] INFO:colcon.colcon_core.shell:Creating environment hook '/home/n3h4/Desktop/NEHA/SEDRICA/RosTut/install/com2009_simulations/share/com2009_simulations/hook/cmake_prefix_path.ps1'
[0.623s] INFO:colcon.colcon_core.shell:Creating environment descriptor '/home/n3h4/Desktop/NEHA/SEDRICA/RosTut/install/com2009_simulations/share/com2009_simulations/hook/cmake_prefix_path.dsv'
[0.624s] INFO:colcon.colcon_core.shell:Creating environment hook '/home/n3h4/Desktop/NEHA/SEDRICA/RosTut/install/com2009_simulations/share/com2009_simulations/hook/cmake_prefix_path.sh'
[0.625s] Level 1:colcon.colcon_core.environment:checking '/home/n3h4/Desktop/NEHA/SEDRICA/RosTut/install/com2009_simulations/bin'
[0.625s] Level 1:colcon.colcon_core.environment:checking '/home/n3h4/Desktop/NEHA/SEDRICA/RosTut/install/com2009_simulations/lib/pkgconfig/com2009_simulations.pc'
[0.625s] Level 1:colcon.colcon_core.environment:checking '/home/n3h4/Desktop/NEHA/SEDRICA/RosTut/install/com2009_simulations/lib/python3.10/site-packages'
[0.626s] Level 1:colcon.colcon_core.environment:checking '/home/n3h4/Desktop/NEHA/SEDRICA/RosTut/install/com2009_simulations/bin'
[0.627s] INFO:colcon.colcon_core.shell:Creating package script '/home/n3h4/Desktop/NEHA/SEDRICA/RosTut/install/com2009_simulations/share/com2009_simulations/package.ps1'
[0.627s] INFO:colcon.colcon_core.shell:Creating package descriptor '/home/n3h4/Desktop/NEHA/SEDRICA/RosTut/install/com2009_simulations/share/com2009_simulations/package.dsv'
[0.628s] INFO:colcon.colcon_core.shell:Creating package script '/home/n3h4/Desktop/NEHA/SEDRICA/RosTut/install/com2009_simulations/share/com2009_simulations/package.sh'
[0.629s] INFO:colcon.colcon_core.shell:Creating package script '/home/n3h4/Desktop/NEHA/SEDRICA/RosTut/install/com2009_simulations/share/com2009_simulations/package.bash'
[0.630s] INFO:colcon.colcon_core.shell:Creating package script '/home/n3h4/Desktop/NEHA/SEDRICA/RosTut/install/com2009_simulations/share/com2009_simulations/package.zsh'
[0.630s] Level 1:colcon.colcon_core.environment:create_file_with_runtime_dependencies(/home/n3h4/Desktop/NEHA/SEDRICA/RosTut/install/com2009_simulations/share/colcon-core/packages/com2009_simulations)
[0.851s] DEBUG:colcon.colcon_core.event_handler.log_command:Invoked command in '/home/n3h4/Desktop/NEHA/SEDRICA/RosTut/build/tuos_interfaces' returned '0': CMAKE_PREFIX_PATH=/opt/ros/humble /usr/bin/cmake --build /home/n3h4/Desktop/NEHA/SEDRICA/RosTut/build/tuos_interfaces -- -j12 -l12
[0.852s] DEBUG:colcon.colcon_core.event_handler.log_command:Invoking command in '/home/n3h4/Desktop/NEHA/SEDRICA/RosTut/build/tuos_interfaces': CMAKE_PREFIX_PATH=/opt/ros/humble /usr/bin/cmake --install /home/n3h4/Desktop/NEHA/SEDRICA/RosTut/build/tuos_interfaces
[0.882s] DEBUG:colcon.colcon_core.event_handler.log_command:Invoked command in '/home/n3h4/Desktop/NEHA/SEDRICA/RosTut/build/tuos_examples' returned '0': CMAKE_PREFIX_PATH=/opt/ros/humble /usr/bin/cmake --build /home/n3h4/Desktop/NEHA/SEDRICA/RosTut/build/tuos_examples -- -j12 -l12
[0.884s] DEBUG:colcon.colcon_core.event_handler.log_command:Invoking command in '/home/n3h4/Desktop/NEHA/SEDRICA/RosTut/build/tuos_examples': CMAKE_PREFIX_PATH=/opt/ros/humble /usr/bin/cmake --install /home/n3h4/Desktop/NEHA/SEDRICA/RosTut/build/tuos_examples
[0.926s] Level 1:colcon.colcon_core.environment:create_environment_scripts_only(tuos_interfaces)
[0.927s] Level 1:colcon.colcon_core.environment:checking '/home/n3h4/Desktop/NEHA/SEDRICA/RosTut/install/tuos_interfaces' for CMake module files
[0.928s] DEBUG:colcon.colcon_core.event_handler.log_command:Invoked command in '/home/n3h4/Desktop/NEHA/SEDRICA/RosTut/build/tuos_interfaces' returned '0': CMAKE_PREFIX_PATH=/opt/ros/humble /usr/bin/cmake --install /home/n3h4/Desktop/NEHA/SEDRICA/RosTut/build/tuos_interfaces
[0.929s] Level 1:colcon.colcon_core.environment:checking '/home/n3h4/Desktop/NEHA/SEDRICA/RosTut/install/tuos_interfaces' for CMake config files
[0.930s] Level 1:colcon.colcon_core.shell:create_environment_hook('tuos_interfaces', 'cmake_prefix_path')
[0.931s] INFO:colcon.colcon_core.shell:Creating environment hook '/home/n3h4/Desktop/NEHA/SEDRICA/RosTut/install/tuos_interfaces/share/tuos_interfaces/hook/cmake_prefix_path.ps1'
[0.931s] INFO:colcon.colcon_core.shell:Creating environment descriptor '/home/n3h4/Desktop/NEHA/SEDRICA/RosTut/install/tuos_interfaces/share/tuos_interfaces/hook/cmake_prefix_path.dsv'
[0.932s] INFO:colcon.colcon_core.shell:Creating environment hook '/home/n3h4/Desktop/NEHA/SEDRICA/RosTut/install/tuos_interfaces/share/tuos_interfaces/hook/cmake_prefix_path.sh'
[0.933s] Level 1:colcon.colcon_core.environment:checking '/home/n3h4/Desktop/NEHA/SEDRICA/RosTut/install/tuos_interfaces/lib'
[0.934s] Level 1:colcon.colcon_core.shell:create_environment_hook('tuos_interfaces', 'ld_library_path_lib')
[0.934s] INFO:colcon.colcon_core.shell:Creating environment hook '/home/n3h4/Desktop/NEHA/SEDRICA/RosTut/install/tuos_interfaces/share/tuos_interfaces/hook/ld_library_path_lib.ps1'
[0.936s] INFO:colcon.colcon_core.shell:Creating environment descriptor '/home/n3h4/Desktop/NEHA/SEDRICA/RosTut/install/tuos_interfaces/share/tuos_interfaces/hook/ld_library_path_lib.dsv'
[0.936s] INFO:colcon.colcon_core.shell:Creating environment hook '/home/n3h4/Desktop/NEHA/SEDRICA/RosTut/install/tuos_interfaces/share/tuos_interfaces/hook/ld_library_path_lib.sh'
[0.937s] Level 1:colcon.colcon_core.environment:checking '/home/n3h4/Desktop/NEHA/SEDRICA/RosTut/install/tuos_interfaces/bin'
[0.937s] Level 1:colcon.colcon_core.environment:checking '/home/n3h4/Desktop/NEHA/SEDRICA/RosTut/install/tuos_interfaces/lib/pkgconfig/tuos_interfaces.pc'
[0.938s] Level 1:colcon.colcon_core.environment:checking '/home/n3h4/Desktop/NEHA/SEDRICA/RosTut/install/tuos_interfaces/lib/python3.10/site-packages'
[0.938s] Level 1:colcon.colcon_core.environment:checking '/home/n3h4/Desktop/NEHA/SEDRICA/RosTut/install/tuos_interfaces/bin'
[0.938s] INFO:colcon.colcon_core.shell:Creating package script '/home/n3h4/Desktop/NEHA/SEDRICA/RosTut/install/tuos_interfaces/share/tuos_interfaces/package.ps1'
[0.939s] INFO:colcon.colcon_core.shell:Creating package descriptor '/home/n3h4/Desktop/NEHA/SEDRICA/RosTut/install/tuos_interfaces/share/tuos_interfaces/package.dsv'
[0.940s] INFO:colcon.colcon_core.shell:Creating package script '/home/n3h4/Desktop/NEHA/SEDRICA/RosTut/install/tuos_interfaces/share/tuos_interfaces/package.sh'
[0.941s] INFO:colcon.colcon_core.shell:Creating package script '/home/n3h4/Desktop/NEHA/SEDRICA/RosTut/install/tuos_interfaces/share/tuos_interfaces/package.bash'
[0.942s] INFO:colcon.colcon_core.shell:Creating package script '/home/n3h4/Desktop/NEHA/SEDRICA/RosTut/install/tuos_interfaces/share/tuos_interfaces/package.zsh'
[0.942s] Level 1:colcon.colcon_core.environment:create_file_with_runtime_dependencies(/home/n3h4/Desktop/NEHA/SEDRICA/RosTut/install/tuos_interfaces/share/colcon-core/packages/tuos_interfaces)
[0.943s] Level 1:colcon.colcon_core.environment:create_environment_scripts_only(tuos_interfaces)
[0.943s] Level 1:colcon.colcon_core.environment:checking '/home/n3h4/Desktop/NEHA/SEDRICA/RosTut/install/tuos_interfaces' for CMake module files
[0.944s] Level 1:colcon.colcon_core.environment:checking '/home/n3h4/Desktop/NEHA/SEDRICA/RosTut/install/tuos_interfaces' for CMake config files
[0.945s] Level 1:colcon.colcon_core.shell:create_environment_hook('tuos_interfaces', 'cmake_prefix_path')
[0.945s] INFO:colcon.colcon_core.shell:Creating environment hook '/home/n3h4/Desktop/NEHA/SEDRICA/RosTut/install/tuos_interfaces/share/tuos_interfaces/hook/cmake_prefix_path.ps1'
[0.945s] INFO:colcon.colcon_core.shell:Creating environment descriptor '/home/n3h4/Desktop/NEHA/SEDRICA/RosTut/install/tuos_interfaces/share/tuos_interfaces/hook/cmake_prefix_path.dsv'
[0.946s] INFO:colcon.colcon_core.shell:Creating environment hook '/home/n3h4/Desktop/NEHA/SEDRICA/RosTut/install/tuos_interfaces/share/tuos_interfaces/hook/cmake_prefix_path.sh'
[0.946s] Level 1:colcon.colcon_core.environment:checking '/home/n3h4/Desktop/NEHA/SEDRICA/RosTut/install/tuos_interfaces/lib'
[0.946s] Level 1:colcon.colcon_core.shell:create_environment_hook('tuos_interfaces', 'ld_library_path_lib')
[0.946s] INFO:colcon.colcon_core.shell:Creating environment hook '/home/n3h4/Desktop/NEHA/SEDRICA/RosTut/install/tuos_interfaces/share/tuos_interfaces/hook/ld_library_path_lib.ps1'
[0.947s] INFO:colcon.colcon_core.shell:Creating environment descriptor '/home/n3h4/Desktop/NEHA/SEDRICA/RosTut/install/tuos_interfaces/share/tuos_interfaces/hook/ld_library_path_lib.dsv'
[0.947s] INFO:colcon.colcon_core.shell:Creating environment hook '/home/n3h4/Desktop/NEHA/SEDRICA/RosTut/install/tuos_interfaces/share/tuos_interfaces/hook/ld_library_path_lib.sh'
[0.948s] Level 1:colcon.colcon_core.environment:checking '/home/n3h4/Desktop/NEHA/SEDRICA/RosTut/install/tuos_interfaces/bin'
[0.948s] Level 1:colcon.colcon_core.environment:checking '/home/n3h4/Desktop/NEHA/SEDRICA/RosTut/install/tuos_interfaces/lib/pkgconfig/tuos_interfaces.pc'
[0.948s] Level 1:colcon.colcon_core.environment:checking '/home/n3h4/Desktop/NEHA/SEDRICA/RosTut/install/tuos_interfaces/lib/python3.10/site-packages'
[0.948s] Level 1:colcon.colcon_core.environment:checking '/home/n3h4/Desktop/NEHA/SEDRICA/RosTut/install/tuos_interfaces/bin'
[0.949s] INFO:colcon.colcon_core.shell:Creating package script '/home/n3h4/Desktop/NEHA/SEDRICA/RosTut/install/tuos_interfaces/share/tuos_interfaces/package.ps1'
[0.949s] INFO:colcon.colcon_core.shell:Creating package descriptor '/home/n3h4/Desktop/NEHA/SEDRICA/RosTut/install/tuos_interfaces/share/tuos_interfaces/package.dsv'
[0.950s] INFO:colcon.colcon_core.shell:Creating package script '/home/n3h4/Desktop/NEHA/SEDRICA/RosTut/install/tuos_interfaces/share/tuos_interfaces/package.sh'
[0.950s] INFO:colcon.colcon_core.shell:Creating package script '/home/n3h4/Desktop/NEHA/SEDRICA/RosTut/install/tuos_interfaces/share/tuos_interfaces/package.bash'
[0.951s] INFO:colcon.colcon_core.shell:Creating package script '/home/n3h4/Desktop/NEHA/SEDRICA/RosTut/install/tuos_interfaces/share/tuos_interfaces/package.zsh'
[0.951s] Level 1:colcon.colcon_core.environment:create_file_with_runtime_dependencies(/home/n3h4/Desktop/NEHA/SEDRICA/RosTut/install/tuos_interfaces/share/colcon-core/packages/tuos_interfaces)
[0.952s] Level 1:colcon.colcon_core.environment:create_environment_scripts_only(tuos_examples)
[0.953s] Level 1:colcon.colcon_core.environment:checking '/home/n3h4/Desktop/NEHA/SEDRICA/RosTut/install/tuos_examples' for CMake module files
[0.953s] DEBUG:colcon.colcon_core.event_handler.log_command:Invoked command in '/home/n3h4/Desktop/NEHA/SEDRICA/RosTut/build/tuos_examples' returned '0': CMAKE_PREFIX_PATH=/opt/ros/humble /usr/bin/cmake --install /home/n3h4/Desktop/NEHA/SEDRICA/RosTut/build/tuos_examples
[0.954s] Level 1:colcon.colcon_core.environment:checking '/home/n3h4/Desktop/NEHA/SEDRICA/RosTut/install/tuos_examples' for CMake config files
[0.954s] Level 1:colcon.colcon_core.shell:create_environment_hook('tuos_examples', 'cmake_prefix_path')
[0.954s] INFO:colcon.colcon_core.shell:Creating environment hook '/home/n3h4/Desktop/NEHA/SEDRICA/RosTut/install/tuos_examples/share/tuos_examples/hook/cmake_prefix_path.ps1'
[0.955s] INFO:colcon.colcon_core.shell:Creating environment descriptor '/home/n3h4/Desktop/NEHA/SEDRICA/RosTut/install/tuos_examples/share/tuos_examples/hook/cmake_prefix_path.dsv'
[0.955s] INFO:colcon.colcon_core.shell:Creating environment hook '/home/n3h4/Desktop/NEHA/SEDRICA/RosTut/install/tuos_examples/share/tuos_examples/hook/cmake_prefix_path.sh'
[0.955s] Level 1:colcon.colcon_core.environment:checking '/home/n3h4/Desktop/NEHA/SEDRICA/RosTut/install/tuos_examples/lib'
[0.956s] Level 1:colcon.colcon_core.environment:checking '/home/n3h4/Desktop/NEHA/SEDRICA/RosTut/install/tuos_examples/bin'
[0.956s] Level 1:colcon.colcon_core.environment:checking '/home/n3h4/Desktop/NEHA/SEDRICA/RosTut/install/tuos_examples/lib/pkgconfig/tuos_examples.pc'
[0.956s] Level 1:colcon.colcon_core.environment:checking '/home/n3h4/Desktop/NEHA/SEDRICA/RosTut/install/tuos_examples/lib/python3.10/site-packages'
[0.956s] Level 1:colcon.colcon_core.environment:checking '/home/n3h4/Desktop/NEHA/SEDRICA/RosTut/install/tuos_examples/bin'
[0.957s] INFO:colcon.colcon_core.shell:Creating package script '/home/n3h4/Desktop/NEHA/SEDRICA/RosTut/install/tuos_examples/share/tuos_examples/package.ps1'
[0.957s] INFO:colcon.colcon_core.shell:Creating package descriptor '/home/n3h4/Desktop/NEHA/SEDRICA/RosTut/install/tuos_examples/share/tuos_examples/package.dsv'
[0.957s] INFO:colcon.colcon_core.shell:Creating package script '/home/n3h4/Desktop/NEHA/SEDRICA/RosTut/install/tuos_examples/share/tuos_examples/package.sh'
[0.958s] INFO:colcon.colcon_core.shell:Creating package script '/home/n3h4/Desktop/NEHA/SEDRICA/RosTut/install/tuos_examples/share/tuos_examples/package.bash'
[0.958s] INFO:colcon.colcon_core.shell:Creating package script '/home/n3h4/Desktop/NEHA/SEDRICA/RosTut/install/tuos_examples/share/tuos_examples/package.zsh'
[0.958s] Level 1:colcon.colcon_core.environment:create_file_with_runtime_dependencies(/home/n3h4/Desktop/NEHA/SEDRICA/RosTut/install/tuos_examples/share/colcon-core/packages/tuos_examples)
[0.959s] Level 1:colcon.colcon_core.environment:create_environment_scripts_only(tuos_examples)
[0.959s] Level 1:colcon.colcon_core.environment:checking '/home/n3h4/Desktop/NEHA/SEDRICA/RosTut/install/tuos_examples' for CMake module files
[0.960s] Level 1:colcon.colcon_core.environment:checking '/home/n3h4/Desktop/NEHA/SEDRICA/RosTut/install/tuos_examples' for CMake config files
[0.960s] Level 1:colcon.colcon_core.shell:create_environment_hook('tuos_examples', 'cmake_prefix_path')
[0.961s] INFO:colcon.colcon_core.shell:Creating environment hook '/home/n3h4/Desktop/NEHA/SEDRICA/RosTut/install/tuos_examples/share/tuos_examples/hook/cmake_prefix_path.ps1'
[0.961s] INFO:colcon.colcon_core.shell:Creating environment descriptor '/home/n3h4/Desktop/NEHA/SEDRICA/RosTut/install/tuos_examples/share/tuos_examples/hook/cmake_prefix_path.dsv'
[0.961s] INFO:colcon.colcon_core.shell:Creating environment hook '/home/n3h4/Desktop/NEHA/SEDRICA/RosTut/install/tuos_examples/share/tuos_examples/hook/cmake_prefix_path.sh'
[0.962s] Level 1:colcon.colcon_core.environment:checking '/home/n3h4/Desktop/NEHA/SEDRICA/RosTut/install/tuos_examples/lib'
[0.962s] Level 1:colcon.colcon_core.environment:checking '/home/n3h4/Desktop/NEHA/SEDRICA/RosTut/install/tuos_examples/bin'
[0.962s] Level 1:colcon.colcon_core.environment:checking '/home/n3h4/Desktop/NEHA/SEDRICA/RosTut/install/tuos_examples/lib/pkgconfig/tuos_examples.pc'
[0.963s] Level 1:colcon.colcon_core.environment:checking '/home/n3h4/Desktop/NEHA/SEDRICA/RosTut/install/tuos_examples/lib/python3.10/site-packages'
[0.963s] Level 1:colcon.colcon_core.environment:checking '/home/n3h4/Desktop/NEHA/SEDRICA/RosTut/install/tuos_examples/bin'
[0.963s] INFO:colcon.colcon_core.shell:Creating package script '/home/n3h4/Desktop/NEHA/SEDRICA/RosTut/install/tuos_examples/share/tuos_examples/package.ps1'
[0.964s] INFO:colcon.colcon_core.shell:Creating package descriptor '/home/n3h4/Desktop/NEHA/SEDRICA/RosTut/install/tuos_examples/share/tuos_examples/package.dsv'
[0.964s] INFO:colcon.colcon_core.shell:Creating package script '/home/n3h4/Desktop/NEHA/SEDRICA/RosTut/install/tuos_examples/share/tuos_examples/package.sh'
[0.965s] INFO:colcon.colcon_core.shell:Creating package script '/home/n3h4/Desktop/NEHA/SEDRICA/RosTut/install/tuos_examples/share/tuos_examples/package.bash'
[0.965s] INFO:colcon.colcon_core.shell:Creating package script '/home/n3h4/Desktop/NEHA/SEDRICA/RosTut/install/tuos_examples/share/tuos_examples/package.zsh'
[0.966s] Level 1:colcon.colcon_core.environment:create_file_with_runtime_dependencies(/home/n3h4/Desktop/NEHA/SEDRICA/RosTut/install/tuos_examples/share/colcon-core/packages/tuos_examples)
[0.966s] INFO:colcon.colcon_ros.task.ament_cmake.build:Building ROS package in '/home/n3h4/Desktop/NEHA/SEDRICA/RosTut/tuos_ros/tuos_ros' with build type 'ament_cmake'
[0.966s] INFO:colcon.colcon_cmake.task.cmake.build:Building CMake package in '/home/n3h4/Desktop/NEHA/SEDRICA/RosTut/tuos_ros/tuos_ros'
[0.966s] INFO:colcon.colcon_core.shell:Skip shell extension 'powershell' for command environment: Not usable outside of PowerShell
[0.967s] DEBUG:colcon.colcon_core.shell:Skip shell extension 'dsv' for command environment
[0.981s] DEBUG:colcon.colcon_core.event_handler.log_command:Invoking command in '/home/n3h4/Desktop/NEHA/SEDRICA/RosTut/build/tuos_ros': AMENT_PREFIX_PATH=/home/n3h4/Desktop/NEHA/SEDRICA/RosTut/install/com2009_simulations:/home/n3h4/Desktop/NEHA/SEDRICA/RosTut/install/tuos_tb3_tools:/home/n3h4/Desktop/NEHA/SEDRICA/RosTut/install/tuos_simulations:/home/n3h4/Desktop/NEHA/SEDRICA/RosTut/install/tuos_interfaces:/home/n3h4/Desktop/NEHA/SEDRICA/RosTut/install/tuos_examples:${AMENT_PREFIX_PATH} CMAKE_PREFIX_PATH=/home/n3h4/Desktop/NEHA/SEDRICA/RosTut/install/com2009_simulations:/home/n3h4/Desktop/NEHA/SEDRICA/RosTut/install/tuos_tb3_tools:/home/n3h4/Desktop/NEHA/SEDRICA/RosTut/install/tuos_simulations:/home/n3h4/Desktop/NEHA/SEDRICA/RosTut/install/tuos_interfaces:/home/n3h4/Desktop/NEHA/SEDRICA/RosTut/install/tuos_examples:/opt/ros/humble LD_LIBRARY_PATH=/home/n3h4/Desktop/NEHA/SEDRICA/RosTut/install/tuos_interfaces/lib:${LD_LIBRARY_PATH} PYTHONPATH=/home/n3h4/Desktop/NEHA/SEDRICA/RosTut/install/tuos_interfaces/local/lib/python3.10/dist-packages:/home/n3h4/Desktop/NEHA/SEDRICA/RosTut/install/tuos_examples/local/lib/python3.10/dist-packages:${PYTHONPATH} /usr/bin/cmake --build /home/n3h4/Desktop/NEHA/SEDRICA/RosTut/build/tuos_ros -- -j12 -l12
[1.022s] DEBUG:colcon.colcon_core.event_handler.log_command:Invoked command in '/home/n3h4/Desktop/NEHA/SEDRICA/RosTut/build/tuos_ros' returned '0': AMENT_PREFIX_PATH=/home/n3h4/Desktop/NEHA/SEDRICA/RosTut/install/com2009_simulations:/home/n3h4/Desktop/NEHA/SEDRICA/RosTut/install/tuos_tb3_tools:/home/n3h4/Desktop/NEHA/SEDRICA/RosTut/install/tuos_simulations:/home/n3h4/Desktop/NEHA/SEDRICA/RosTut/install/tuos_interfaces:/home/n3h4/Desktop/NEHA/SEDRICA/RosTut/install/tuos_examples:${AMENT_PREFIX_PATH} CMAKE_PREFIX_PATH=/home/n3h4/Desktop/NEHA/SEDRICA/RosTut/install/com2009_simulations:/home/n3h4/Desktop/NEHA/SEDRICA/RosTut/install/tuos_tb3_tools:/home/n3h4/Desktop/NEHA/SEDRICA/RosTut/install/tuos_simulations:/home/n3h4/Desktop/NEHA/SEDRICA/RosTut/install/tuos_interfaces:/home/n3h4/Desktop/NEHA/SEDRICA/RosTut/install/tuos_examples:/opt/ros/humble LD_LIBRARY_PATH=/home/n3h4/Desktop/NEHA/SEDRICA/RosTut/install/tuos_interfaces/lib:${LD_LIBRARY_PATH} PYTHONPATH=/home/n3h4/Desktop/NEHA/SEDRICA/RosTut/install/tuos_interfaces/local/lib/python3.10/dist-packages:/home/n3h4/Desktop/NEHA/SEDRICA/RosTut/install/tuos_examples/local/lib/python3.10/dist-packages:${PYTHONPATH} /usr/bin/cmake --build /home/n3h4/Desktop/NEHA/SEDRICA/RosTut/build/tuos_ros -- -j12 -l12
[1.023s] DEBUG:colcon.colcon_core.event_handler.log_command:Invoking command in '/home/n3h4/Desktop/NEHA/SEDRICA/RosTut/build/tuos_ros': AMENT_PREFIX_PATH=/home/n3h4/Desktop/NEHA/SEDRICA/RosTut/install/com2009_simulations:/home/n3h4/Desktop/NEHA/SEDRICA/RosTut/install/tuos_tb3_tools:/home/n3h4/Desktop/NEHA/SEDRICA/RosTut/install/tuos_simulations:/home/n3h4/Desktop/NEHA/SEDRICA/RosTut/install/tuos_interfaces:/home/n3h4/Desktop/NEHA/SEDRICA/RosTut/install/tuos_examples:${AMENT_PREFIX_PATH} CMAKE_PREFIX_PATH=/home/n3h4/Desktop/NEHA/SEDRICA/RosTut/install/com2009_simulations:/home/n3h4/Desktop/NEHA/SEDRICA/RosTut/install/tuos_tb3_tools:/home/n3h4/Desktop/NEHA/SEDRICA/RosTut/install/tuos_simulations:/home/n3h4/Desktop/NEHA/SEDRICA/RosTut/install/tuos_interfaces:/home/n3h4/Desktop/NEHA/SEDRICA/RosTut/install/tuos_examples:/opt/ros/humble LD_LIBRARY_PATH=/home/n3h4/Desktop/NEHA/SEDRICA/RosTut/install/tuos_interfaces/lib:${LD_LIBRARY_PATH} PYTHONPATH=/home/n3h4/Desktop/NEHA/SEDRICA/RosTut/install/tuos_interfaces/local/lib/python3.10/dist-packages:/home/n3h4/Desktop/NEHA/SEDRICA/RosTut/install/tuos_examples/local/lib/python3.10/dist-packages:${PYTHONPATH} /usr/bin/cmake --install /home/n3h4/Desktop/NEHA/SEDRICA/RosTut/build/tuos_ros
[1.034s] Level 1:colcon.colcon_core.environment:create_environment_scripts_only(tuos_ros)
[1.035s] Level 1:colcon.colcon_core.environment:checking '/home/n3h4/Desktop/NEHA/SEDRICA/RosTut/install/tuos_ros' for CMake module files
[1.035s] DEBUG:colcon.colcon_core.event_handler.log_command:Invoked command in '/home/n3h4/Desktop/NEHA/SEDRICA/RosTut/build/tuos_ros' returned '0': AMENT_PREFIX_PATH=/home/n3h4/Desktop/NEHA/SEDRICA/RosTut/install/com2009_simulations:/home/n3h4/Desktop/NEHA/SEDRICA/RosTut/install/tuos_tb3_tools:/home/n3h4/Desktop/NEHA/SEDRICA/RosTut/install/tuos_simulations:/home/n3h4/Desktop/NEHA/SEDRICA/RosTut/install/tuos_interfaces:/home/n3h4/Desktop/NEHA/SEDRICA/RosTut/install/tuos_examples:${AMENT_PREFIX_PATH} CMAKE_PREFIX_PATH=/home/n3h4/Desktop/NEHA/SEDRICA/RosTut/install/com2009_simulations:/home/n3h4/Desktop/NEHA/SEDRICA/RosTut/install/tuos_tb3_tools:/home/n3h4/Desktop/NEHA/SEDRICA/RosTut/install/tuos_simulations:/home/n3h4/Desktop/NEHA/SEDRICA/RosTut/install/tuos_interfaces:/home/n3h4/Desktop/NEHA/SEDRICA/RosTut/install/tuos_examples:/opt/ros/humble LD_LIBRARY_PATH=/home/n3h4/Desktop/NEHA/SEDRICA/RosTut/install/tuos_interfaces/lib:${LD_LIBRARY_PATH} PYTHONPATH=/home/n3h4/Desktop/NEHA/SEDRICA/RosTut/install/tuos_interfaces/local/lib/python3.10/dist-packages:/home/n3h4/Desktop/NEHA/SEDRICA/RosTut/install/tuos_examples/local/lib/python3.10/dist-packages:${PYTHONPATH} /usr/bin/cmake --install /home/n3h4/Desktop/NEHA/SEDRICA/RosTut/build/tuos_ros
[1.036s] Level 1:colcon.colcon_core.environment:checking '/home/n3h4/Desktop/NEHA/SEDRICA/RosTut/install/tuos_ros' for CMake config files
[1.036s] Level 1:colcon.colcon_core.shell:create_environment_hook('tuos_ros', 'cmake_prefix_path')
[1.036s] INFO:colcon.colcon_core.shell:Creating environment hook '/home/n3h4/Desktop/NEHA/SEDRICA/RosTut/install/tuos_ros/share/tuos_ros/hook/cmake_prefix_path.ps1'
[1.037s] INFO:colcon.colcon_core.shell:Creating environment descriptor '/home/n3h4/Desktop/NEHA/SEDRICA/RosTut/install/tuos_ros/share/tuos_ros/hook/cmake_prefix_path.dsv'
[1.037s] INFO:colcon.colcon_core.shell:Creating environment hook '/home/n3h4/Desktop/NEHA/SEDRICA/RosTut/install/tuos_ros/share/tuos_ros/hook/cmake_prefix_path.sh'
[1.037s] Level 1:colcon.colcon_core.environment:checking '/home/n3h4/Desktop/NEHA/SEDRICA/RosTut/install/tuos_ros/bin'
[1.038s] Level 1:colcon.colcon_core.environment:checking '/home/n3h4/Desktop/NEHA/SEDRICA/RosTut/install/tuos_ros/lib/pkgconfig/tuos_ros.pc'
[1.038s] Level 1:colcon.colcon_core.environment:checking '/home/n3h4/Desktop/NEHA/SEDRICA/RosTut/install/tuos_ros/lib/python3.10/site-packages'
[1.038s] Level 1:colcon.colcon_core.environment:checking '/home/n3h4/Desktop/NEHA/SEDRICA/RosTut/install/tuos_ros/bin'
[1.038s] INFO:colcon.colcon_core.shell:Creating package script '/home/n3h4/Desktop/NEHA/SEDRICA/RosTut/install/tuos_ros/share/tuos_ros/package.ps1'
[1.039s] INFO:colcon.colcon_core.shell:Creating package descriptor '/home/n3h4/Desktop/NEHA/SEDRICA/RosTut/install/tuos_ros/share/tuos_ros/package.dsv'
[1.039s] INFO:colcon.colcon_core.shell:Creating package script '/home/n3h4/Desktop/NEHA/SEDRICA/RosTut/install/tuos_ros/share/tuos_ros/package.sh'
[1.040s] INFO:colcon.colcon_core.shell:Creating package script '/home/n3h4/Desktop/NEHA/SEDRICA/RosTut/install/tuos_ros/share/tuos_ros/package.bash'
[1.040s] INFO:colcon.colcon_core.shell:Creating package script '/home/n3h4/Desktop/NEHA/SEDRICA/RosTut/install/tuos_ros/share/tuos_ros/package.zsh'
[1.040s] Level 1:colcon.colcon_core.environment:create_file_with_runtime_dependencies(/home/n3h4/Desktop/NEHA/SEDRICA/RosTut/install/tuos_ros/share/colcon-core/packages/tuos_ros)
[1.041s] Level 1:colcon.colcon_core.environment:create_environment_scripts_only(tuos_ros)
[1.041s] Level 1:colcon.colcon_core.environment:checking '/home/n3h4/Desktop/NEHA/SEDRICA/RosTut/install/tuos_ros' for CMake module files
[1.042s] Level 1:colcon.colcon_core.environment:checking '/home/n3h4/Desktop/NEHA/SEDRICA/RosTut/install/tuos_ros' for CMake config files
[1.042s] Level 1:colcon.colcon_core.shell:create_environment_hook('tuos_ros', 'cmake_prefix_path')
[1.042s] INFO:colcon.colcon_core.shell:Creating environment hook '/home/n3h4/Desktop/NEHA/SEDRICA/RosTut/install/tuos_ros/share/tuos_ros/hook/cmake_prefix_path.ps1'
[1.043s] INFO:colcon.colcon_core.shell:Creating environment descriptor '/home/n3h4/Desktop/NEHA/SEDRICA/RosTut/install/tuos_ros/share/tuos_ros/hook/cmake_prefix_path.dsv'
[1.043s] INFO:colcon.colcon_core.shell:Creating environment hook '/home/n3h4/Desktop/NEHA/SEDRICA/RosTut/install/tuos_ros/share/tuos_ros/hook/cmake_prefix_path.sh'
[1.044s] Level 1:colcon.colcon_core.environment:checking '/home/n3h4/Desktop/NEHA/SEDRICA/RosTut/install/tuos_ros/bin'
[1.044s] Level 1:colcon.colcon_core.environment:checking '/home/n3h4/Desktop/NEHA/SEDRICA/RosTut/install/tuos_ros/lib/pkgconfig/tuos_ros.pc'
[1.045s] Level 1:colcon.colcon_core.environment:checking '/home/n3h4/Desktop/NEHA/SEDRICA/RosTut/install/tuos_ros/lib/python3.10/site-packages'
[1.045s] Level 1:colcon.colcon_core.environment:checking '/home/n3h4/Desktop/NEHA/SEDRICA/RosTut/install/tuos_ros/bin'
[1.046s] INFO:colcon.colcon_core.shell:Creating package script '/home/n3h4/Desktop/NEHA/SEDRICA/RosTut/install/tuos_ros/share/tuos_ros/package.ps1'
[1.046s] INFO:colcon.colcon_core.shell:Creating package descriptor '/home/n3h4/Desktop/NEHA/SEDRICA/RosTut/install/tuos_ros/share/tuos_ros/package.dsv'
[1.047s] INFO:colcon.colcon_core.shell:Creating package script '/home/n3h4/Desktop/NEHA/SEDRICA/RosTut/install/tuos_ros/share/tuos_ros/package.sh'
[1.047s] INFO:colcon.colcon_core.shell:Creating package script '/home/n3h4/Desktop/NEHA/SEDRICA/RosTut/install/tuos_ros/share/tuos_ros/package.bash'
[1.048s] INFO:colcon.colcon_core.shell:Creating package script '/home/n3h4/Desktop/NEHA/SEDRICA/RosTut/install/tuos_ros/share/tuos_ros/package.zsh'
[1.048s] Level 1:colcon.colcon_core.environment:create_file_with_runtime_dependencies(/home/n3h4/Desktop/NEHA/SEDRICA/RosTut/install/tuos_ros/share/colcon-core/packages/tuos_ros)
[1.409s] DEBUG:colcon.colcon_core.event_handler.log_command:Invoked command in '/home/n3h4/Desktop/NEHA/SEDRICA/RosTut/build/part1_pubsub' returned '0': CMAKE_PREFIX_PATH=/opt/ros/humble /usr/bin/cmake --build /home/n3h4/Desktop/NEHA/SEDRICA/RosTut/build/part1_pubsub -- -j12 -l12
[1.411s] DEBUG:colcon.colcon_core.event_handler.log_command:Invoking command in '/home/n3h4/Desktop/NEHA/SEDRICA/RosTut/build/part1_pubsub': CMAKE_PREFIX_PATH=/opt/ros/humble /usr/bin/cmake --install /home/n3h4/Desktop/NEHA/SEDRICA/RosTut/build/part1_pubsub
[1.463s] Level 1:colcon.colcon_core.environment:create_environment_scripts_only(part1_pubsub)
[1.464s] Level 1:colcon.colcon_core.environment:checking '/home/n3h4/Desktop/NEHA/SEDRICA/RosTut/install/part1_pubsub' for CMake module files
[1.464s] DEBUG:colcon.colcon_core.event_handler.log_command:Invoked command in '/home/n3h4/Desktop/NEHA/SEDRICA/RosTut/build/part1_pubsub' returned '0': CMAKE_PREFIX_PATH=/opt/ros/humble /usr/bin/cmake --install /home/n3h4/Desktop/NEHA/SEDRICA/RosTut/build/part1_pubsub
[1.465s] Level 1:colcon.colcon_core.environment:checking '/home/n3h4/Desktop/NEHA/SEDRICA/RosTut/install/part1_pubsub' for CMake config files
[1.465s] Level 1:colcon.colcon_core.shell:create_environment_hook('part1_pubsub', 'cmake_prefix_path')
[1.466s] INFO:colcon.colcon_core.shell:Creating environment hook '/home/n3h4/Desktop/NEHA/SEDRICA/RosTut/install/part1_pubsub/share/part1_pubsub/hook/cmake_prefix_path.ps1'
[1.466s] INFO:colcon.colcon_core.shell:Creating environment descriptor '/home/n3h4/Desktop/NEHA/SEDRICA/RosTut/install/part1_pubsub/share/part1_pubsub/hook/cmake_prefix_path.dsv'
[1.467s] INFO:colcon.colcon_core.shell:Creating environment hook '/home/n3h4/Desktop/NEHA/SEDRICA/RosTut/install/part1_pubsub/share/part1_pubsub/hook/cmake_prefix_path.sh'
[1.467s] Level 1:colcon.colcon_core.environment:checking '/home/n3h4/Desktop/NEHA/SEDRICA/RosTut/install/part1_pubsub/lib'
[1.467s] Level 1:colcon.colcon_core.environment:checking '/home/n3h4/Desktop/NEHA/SEDRICA/RosTut/install/part1_pubsub/bin'
[1.467s] Level 1:colcon.colcon_core.environment:checking '/home/n3h4/Desktop/NEHA/SEDRICA/RosTut/install/part1_pubsub/lib/pkgconfig/part1_pubsub.pc'
[1.468s] Level 1:colcon.colcon_core.environment:checking '/home/n3h4/Desktop/NEHA/SEDRICA/RosTut/install/part1_pubsub/lib/python3.10/site-packages'
[1.468s] Level 1:colcon.colcon_core.environment:checking '/home/n3h4/Desktop/NEHA/SEDRICA/RosTut/install/part1_pubsub/bin'
[1.469s] INFO:colcon.colcon_core.shell:Creating package script '/home/n3h4/Desktop/NEHA/SEDRICA/RosTut/install/part1_pubsub/share/part1_pubsub/package.ps1'
[1.469s] INFO:colcon.colcon_core.shell:Creating package descriptor '/home/n3h4/Desktop/NEHA/SEDRICA/RosTut/install/part1_pubsub/share/part1_pubsub/package.dsv'
[1.470s] INFO:colcon.colcon_core.shell:Creating package script '/home/n3h4/Desktop/NEHA/SEDRICA/RosTut/install/part1_pubsub/share/part1_pubsub/package.sh'
[1.470s] INFO:colcon.colcon_core.shell:Creating package script '/home/n3h4/Desktop/NEHA/SEDRICA/RosTut/install/part1_pubsub/share/part1_pubsub/package.bash'
[1.471s] INFO:colcon.colcon_core.shell:Creating package script '/home/n3h4/Desktop/NEHA/SEDRICA/RosTut/install/part1_pubsub/share/part1_pubsub/package.zsh'
[1.471s] Level 1:colcon.colcon_core.environment:create_file_with_runtime_dependencies(/home/n3h4/Desktop/NEHA/SEDRICA/RosTut/install/part1_pubsub/share/colcon-core/packages/part1_pubsub)
[1.472s] Level 1:colcon.colcon_core.environment:create_environment_scripts_only(part1_pubsub)
[1.472s] Level 1:colcon.colcon_core.environment:checking '/home/n3h4/Desktop/NEHA/SEDRICA/RosTut/install/part1_pubsub' for CMake module files
[1.473s] Level 1:colcon.colcon_core.environment:checking '/home/n3h4/Desktop/NEHA/SEDRICA/RosTut/install/part1_pubsub' for CMake config files
[1.473s] Level 1:colcon.colcon_core.shell:create_environment_hook('part1_pubsub', 'cmake_prefix_path')
[1.474s] INFO:colcon.colcon_core.shell:Creating environment hook '/home/n3h4/Desktop/NEHA/SEDRICA/RosTut/install/part1_pubsub/share/part1_pubsub/hook/cmake_prefix_path.ps1'
[1.475s] INFO:colcon.colcon_core.shell:Creating environment descriptor '/home/n3h4/Desktop/NEHA/SEDRICA/RosTut/install/part1_pubsub/share/part1_pubsub/hook/cmake_prefix_path.dsv'
[1.475s] INFO:colcon.colcon_core.shell:Creating environment hook '/home/n3h4/Desktop/NEHA/SEDRICA/RosTut/install/part1_pubsub/share/part1_pubsub/hook/cmake_prefix_path.sh'
[1.476s] Level 1:colcon.colcon_core.environment:checking '/home/n3h4/Desktop/NEHA/SEDRICA/RosTut/install/part1_pubsub/lib'
[1.476s] Level 1:colcon.colcon_core.environment:checking '/home/n3h4/Desktop/NEHA/SEDRICA/RosTut/install/part1_pubsub/bin'
[1.476s] Level 1:colcon.colcon_core.environment:checking '/home/n3h4/Desktop/NEHA/SEDRICA/RosTut/install/part1_pubsub/lib/pkgconfig/part1_pubsub.pc'
[1.477s] Level 1:colcon.colcon_core.environment:checking '/home/n3h4/Desktop/NEHA/SEDRICA/RosTut/install/part1_pubsub/lib/python3.10/site-packages'
[1.477s] Level 1:colcon.colcon_core.environment:checking '/home/n3h4/Desktop/NEHA/SEDRICA/RosTut/install/part1_pubsub/bin'
[1.478s] INFO:colcon.colcon_core.shell:Creating package script '/home/n3h4/Desktop/NEHA/SEDRICA/RosTut/install/part1_pubsub/share/part1_pubsub/package.ps1'
[1.478s] INFO:colcon.colcon_core.shell:Creating package descriptor '/home/n3h4/Desktop/NEHA/SEDRICA/RosTut/install/part1_pubsub/share/part1_pubsub/package.dsv'
[1.479s] INFO:colcon.colcon_core.shell:Creating package script '/home/n3h4/Desktop/NEHA/SEDRICA/RosTut/install/part1_pubsub/share/part1_pubsub/package.sh'
[1.480s] INFO:colcon.colcon_core.shell:Creating package script '/home/n3h4/Desktop/NEHA/SEDRICA/RosTut/install/part1_pubsub/share/part1_pubsub/package.bash'
[1.480s] INFO:colcon.colcon_core.shell:Creating package script '/home/n3h4/Desktop/NEHA/SEDRICA/RosTut/install/part1_pubsub/share/part1_pubsub/package.zsh'
[1.481s] Level 1:colcon.colcon_core.environment:create_file_with_runtime_dependencies(/home/n3h4/Desktop/NEHA/SEDRICA/RosTut/install/part1_pubsub/share/colcon-core/packages/part1_pubsub)
[1.481s] DEBUG:colcon.colcon_parallel_executor.executor.parallel:closing loop
[1.481s] DEBUG:colcon.colcon_parallel_executor.executor.parallel:loop closed
[1.482s] DEBUG:colcon.colcon_parallel_executor.executor.parallel:run_until_complete finished with '0'
[1.482s] DEBUG:colcon.colcon_core.event_reactor:joining thread
[1.488s] INFO:colcon.colcon_core.plugin_system:Skipping extension 'colcon_notification.desktop_notification.terminal_notifier': Not used on non-Darwin systems
[1.488s] INFO:colcon.colcon_core.plugin_system:Skipping extension 'colcon_notification.desktop_notification.win32': Not used on non-Windows systems
[1.488s] INFO:colcon.colcon_notification.desktop_notification:Sending desktop notification using 'notify2'
[1.501s] DEBUG:colcon.colcon_core.event_reactor:joined thread
[1.502s] INFO:colcon.colcon_core.shell:Creating prefix script '/home/n3h4/Desktop/NEHA/SEDRICA/RosTut/install/local_setup.ps1'
[1.503s] INFO:colcon.colcon_core.shell:Creating prefix util module '/home/n3h4/Desktop/NEHA/SEDRICA/RosTut/install/_local_setup_util_ps1.py'
[1.505s] INFO:colcon.colcon_core.shell:Creating prefix chain script '/home/n3h4/Desktop/NEHA/SEDRICA/RosTut/install/setup.ps1'
[1.506s] INFO:colcon.colcon_core.shell:Creating prefix script '/home/n3h4/Desktop/NEHA/SEDRICA/RosTut/install/local_setup.sh'
[1.507s] INFO:colcon.colcon_core.shell:Creating prefix util module '/home/n3h4/Desktop/NEHA/SEDRICA/RosTut/install/_local_setup_util_sh.py'
[1.508s] INFO:colcon.colcon_core.shell:Creating prefix chain script '/home/n3h4/Desktop/NEHA/SEDRICA/RosTut/install/setup.sh'
[1.508s] INFO:colcon.colcon_core.shell:Creating prefix script '/home/n3h4/Desktop/NEHA/SEDRICA/RosTut/install/local_setup.bash'
[1.509s] INFO:colcon.colcon_core.shell:Creating prefix chain script '/home/n3h4/Desktop/NEHA/SEDRICA/RosTut/install/setup.bash'
[1.510s] INFO:colcon.colcon_core.shell:Creating prefix script '/home/n3h4/Desktop/NEHA/SEDRICA/RosTut/install/local_setup.zsh'
[1.510s] INFO:colcon.colcon_core.shell:Creating prefix chain script '/home/n3h4/Desktop/NEHA/SEDRICA/RosTut/install/setup.zsh'
