[0.028s] Invoking command in '/home/n3h4/Desktop/NEHA/SEDRICA/RosTut/build/part1_pubsub': CMAKE_PREFIX_PATH=${CMAKE_PREFIX_PATH}:/opt/ros/humble /usr/bin/cmake --build /home/n3h4/Desktop/NEHA/SEDRICA/RosTut/build/part1_pubsub -- -j12 -l12
[0.049s] -- Found ament_cmake: 1.3.13 (/opt/ros/humble/share/ament_cmake/cmake)
[0.229s] -- Found rclcpp: 16.0.18 (/opt/ros/humble/share/rclcpp/cmake)
[0.258s] -- Found rosidl_generator_c: 3.1.8 (/opt/ros/humble/share/rosidl_generator_c/cmake)
[0.262s] -- Found rosidl_adapter: 3.1.8 (/opt/ros/humble/share/rosidl_adapter/cmake)
[0.267s] -- Found rosidl_generator_cpp: 3.1.8 (/opt/ros/humble/share/rosidl_generator_cpp/cmake)
[0.277s] -- Using all available rosidl_typesupport_c: rosidl_typesupport_fastrtps_c;rosidl_typesupport_introspection_c
[0.290s] -- Using all available rosidl_typesupport_cpp: rosidl_typesupport_fastrtps_cpp;rosidl_typesupport_introspection_cpp
[0.322s] -- Found rmw_implementation_cmake: 6.1.2 (/opt/ros/humble/share/rmw_implementation_cmake/cmake)
[0.325s] -- Found rmw_fastrtps_cpp: 6.2.10 (/opt/ros/humble/share/rmw_fastrtps_cpp/cmake)
[0.437s] -- Using RMW implementation 'rmw_fastrtps_cpp' as default
[0.488s] -- Found rclpy: 3.3.20 (/opt/ros/humble/share/rclpy/cmake)
[0.547s] -- Found rosidl_default_generators: 1.2.0 (/opt/ros/humble/share/rosidl_default_generators/cmake)
[0.783s] -- Found ament_cmake_ros: 0.10.0 (/opt/ros/humble/share/ament_cmake_ros/cmake)
[1.068s] -- Using all available rosidl_typesupport_c: rosidl_typesupport_fastrtps_c;rosidl_typesupport_introspection_c
[1.170s] -- Using all available rosidl_typesupport_cpp: rosidl_typesupport_fastrtps_cpp;rosidl_typesupport_introspection_cpp
[1.190s] -- Found PythonInterp: /usr/bin/python3 (found suitable version "3.10.12", minimum required is "3.6") 
[1.193s] -- Found python_cmake_module: 0.10.0 (/opt/ros/humble/share/python_cmake_module/cmake)
[1.217s] -- Found PythonLibs: /usr/lib/x86_64-linux-gnu/libpython3.10.so (found suitable version "3.10.12", minimum required is "3.5") 
[1.217s] -- Using PYTHON_EXECUTABLE: /usr/bin/python3
[1.217s] -- Using PYTHON_INCLUDE_DIRS: /usr/include/python3.10
[1.217s] -- Using PYTHON_LIBRARIES: /usr/lib/x86_64-linux-gnu/libpython3.10.so
[1.235s] -- Found PythonExtra: .so  
[1.259s] -- Configuring done
[1.298s] -- Generating done
[1.312s] -- Build files have been written to: /home/n3h4/Desktop/NEHA/SEDRICA/RosTut/build/part1_pubsub
[1.339s] [  3%] [34m[1mGenerating C code for ROS interfaces[0m
[1.355s] [  6%] [34m[1mGenerating C++ code for ROS interfaces[0m
[1.357s] [  6%] Built target ament_cmake_python_copy_part1_pubsub_modules
[1.357s] [  6%] Built target ament_cmake_python_copy_part1_pubsub
[1.610s] [  6%] Built target part1_pubsub__cpp
[1.623s] [  9%] [34m[1mGenerating C++ introspection for ROS interfaces[0m
[1.623s] [ 12%] [34m[1mGenerating C++ type support dispatch for ROS interfaces[0m
[1.623s] [ 16%] [34m[1mGenerating C++ type support for eProsima Fast-RTPS[0m
[1.633s] running egg_info
[1.635s] creating part1_pubsub.egg-info
[1.635s] writing part1_pubsub.egg-info/PKG-INFO
[1.635s] writing dependency_links to part1_pubsub.egg-info/dependency_links.txt
[1.635s] writing top-level names to part1_pubsub.egg-info/top_level.txt
[1.635s] writing manifest file 'part1_pubsub.egg-info/SOURCES.txt'
[1.638s] reading manifest file 'part1_pubsub.egg-info/SOURCES.txt'
[1.639s] writing manifest file 'part1_pubsub.egg-info/SOURCES.txt'
[1.640s] running egg_info
[1.641s] writing part1_pubsub_modules.egg-info/PKG-INFO
[1.642s] writing dependency_links to part1_pubsub_modules.egg-info/dependency_links.txt
[1.642s] writing top-level names to part1_pubsub_modules.egg-info/top_level.txt
[1.642s] [ 19%] [32mBuilding C object CMakeFiles/part1_pubsub__rosidl_generator_c.dir/rosidl_generator_c/part1_pubsub/msg/detail/eg__functions.c.o[0m
[1.646s] reading manifest file 'part1_pubsub_modules.egg-info/SOURCES.txt'
[1.647s] writing manifest file 'part1_pubsub_modules.egg-info/SOURCES.txt'
[1.677s] [ 19%] Built target ament_cmake_python_build_part1_pubsub_egg
[1.682s] [ 19%] Built target ament_cmake_python_build_part1_pubsub_modules_egg
[1.735s] [ 22%] [32m[1mLinking C shared library libpart1_pubsub__rosidl_generator_c.so[0m
[1.776s] [ 22%] Built target part1_pubsub__rosidl_generator_c
[1.788s] [ 25%] [34m[1mGenerating C type support dispatch for ROS interfaces[0m
[1.790s] [ 29%] [34m[1mGenerating C introspection for ROS interfaces[0m
[1.791s] [ 32%] [34m[1mGenerating C type support for eProsima Fast-RTPS[0m
[1.883s] [ 35%] [32mBuilding CXX object CMakeFiles/part1_pubsub__rosidl_typesupport_cpp.dir/rosidl_typesupport_cpp/part1_pubsub/msg/eg__type_support.cpp.o[0m
[1.925s] [ 38%] [32mBuilding CXX object CMakeFiles/part1_pubsub__rosidl_typesupport_introspection_cpp.dir/rosidl_typesupport_introspection_cpp/part1_pubsub/msg/detail/eg__type_support.cpp.o[0m
[1.931s] [ 41%] [32mBuilding CXX object CMakeFiles/part1_pubsub__rosidl_typesupport_fastrtps_cpp.dir/rosidl_typesupport_fastrtps_cpp/part1_pubsub/msg/detail/dds_fastrtps/eg__type_support.cpp.o[0m
[2.044s] [ 45%] [32mBuilding CXX object CMakeFiles/part1_pubsub__rosidl_typesupport_c.dir/rosidl_typesupport_c/part1_pubsub/msg/eg__type_support.cpp.o[0m
[2.088s] [ 48%] [32m[1mLinking CXX shared library libpart1_pubsub__rosidl_typesupport_c.so[0m
[2.111s] [ 51%] [32mBuilding CXX object CMakeFiles/part1_pubsub__rosidl_typesupport_fastrtps_c.dir/rosidl_typesupport_fastrtps_c/part1_pubsub/msg/detail/eg__type_support_c.cpp.o[0m
[2.137s] [ 54%] [32mBuilding C object CMakeFiles/part1_pubsub__rosidl_typesupport_introspection_c.dir/rosidl_typesupport_introspection_c/part1_pubsub/msg/detail/eg__type_support.c.o[0m
[2.138s] [ 54%] Built target part1_pubsub__rosidl_typesupport_c
[2.177s] [ 58%] [32m[1mLinking C shared library libpart1_pubsub__rosidl_typesupport_introspection_c.so[0m
[2.211s] [ 58%] Built target part1_pubsub__rosidl_typesupport_introspection_c
[2.245s] [ 61%] [32m[1mLinking CXX shared library libpart1_pubsub__rosidl_typesupport_cpp.so[0m
[2.289s] [ 61%] Built target part1_pubsub__rosidl_typesupport_cpp
[2.380s] [ 64%] [32m[1mLinking CXX shared library libpart1_pubsub__rosidl_typesupport_introspection_cpp.so[0m
[2.415s] [ 67%] [32m[1mLinking CXX shared library libpart1_pubsub__rosidl_typesupport_fastrtps_cpp.so[0m
[2.446s] [ 67%] Built target part1_pubsub__rosidl_typesupport_introspection_cpp
[2.474s] [ 70%] [32m[1mLinking CXX shared library libpart1_pubsub__rosidl_typesupport_fastrtps_c.so[0m
[2.490s] [ 70%] Built target part1_pubsub__rosidl_typesupport_fastrtps_cpp
[2.544s] [ 70%] Built target part1_pubsub__rosidl_typesupport_fastrtps_c
[2.563s] [ 70%] Built target part1_pubsub
[2.582s] [ 74%] [34m[1mGenerating Python code for ROS interfaces[0m
[2.859s] [ 74%] Built target part1_pubsub__py
[2.878s] [ 77%] [32mBuilding C object CMakeFiles/part1_pubsub__rosidl_generator_py.dir/rosidl_generator_py/part1_pubsub/msg/_eg_s.c.o[0m
[3.020s] [ 80%] [32m[1mLinking C shared library rosidl_generator_py/part1_pubsub/libpart1_pubsub__rosidl_generator_py.so[0m
[3.056s] [ 80%] Built target part1_pubsub__rosidl_generator_py
[3.075s] [ 87%] [32mBuilding C object CMakeFiles/part1_pubsub__rosidl_typesupport_c__pyext.dir/rosidl_generator_py/part1_pubsub/_part1_pubsub_s.ep.rosidl_typesupport_c.c.o[0m
[3.076s] [ 87%] [32mBuilding C object CMakeFiles/part1_pubsub__rosidl_typesupport_fastrtps_c__pyext.dir/rosidl_generator_py/part1_pubsub/_part1_pubsub_s.ep.rosidl_typesupport_fastrtps_c.c.o[0m
[3.076s] [ 90%] [32mBuilding C object CMakeFiles/part1_pubsub__rosidl_typesupport_introspection_c__pyext.dir/rosidl_generator_py/part1_pubsub/_part1_pubsub_s.ep.rosidl_typesupport_introspection_c.c.o[0m
[3.165s] [ 93%] [32m[1mLinking C shared library rosidl_generator_py/part1_pubsub/part1_pubsub_s__rosidl_typesupport_c.cpython-310-x86_64-linux-gnu.so[0m
[3.166s] [ 96%] [32m[1mLinking C shared library rosidl_generator_py/part1_pubsub/part1_pubsub_s__rosidl_typesupport_introspection_c.cpython-310-x86_64-linux-gnu.so[0m
[3.169s] [100%] [32m[1mLinking C shared library rosidl_generator_py/part1_pubsub/part1_pubsub_s__rosidl_typesupport_fastrtps_c.cpython-310-x86_64-linux-gnu.so[0m
[3.199s] [100%] Built target part1_pubsub__rosidl_typesupport_c__pyext
[3.199s] [100%] Built target part1_pubsub__rosidl_typesupport_introspection_c__pyext
[3.202s] [100%] Built target part1_pubsub__rosidl_typesupport_fastrtps_c__pyext
[3.213s] Invoked command in '/home/n3h4/Desktop/NEHA/SEDRICA/RosTut/build/part1_pubsub' returned '0': CMAKE_PREFIX_PATH=${CMAKE_PREFIX_PATH}:/opt/ros/humble /usr/bin/cmake --build /home/n3h4/Desktop/NEHA/SEDRICA/RosTut/build/part1_pubsub -- -j12 -l12
[3.215s] Invoking command in '/home/n3h4/Desktop/NEHA/SEDRICA/RosTut/build/part1_pubsub': CMAKE_PREFIX_PATH=${CMAKE_PREFIX_PATH}:/opt/ros/humble /usr/bin/cmake --install /home/n3h4/Desktop/NEHA/SEDRICA/RosTut/build/part1_pubsub
[3.222s] -- Install configuration: ""
[3.222s] -- Up-to-date: /home/n3h4/Desktop/NEHA/SEDRICA/RosTut/install/part1_pubsub/share/part1_pubsub/environment/pythonpath.sh
[3.222s] -- Installing: /home/n3h4/Desktop/NEHA/SEDRICA/RosTut/install/part1_pubsub/share/part1_pubsub/environment/pythonpath.dsv
[3.223s] -- Up-to-date: /home/n3h4/Desktop/NEHA/SEDRICA/RosTut/install/part1_pubsub/local/lib/python3.10/dist-packages/part1_pubsub_modules-0.0.0-py3.10.egg-info
[3.223s] -- Installing: /home/n3h4/Desktop/NEHA/SEDRICA/RosTut/install/part1_pubsub/local/lib/python3.10/dist-packages/part1_pubsub_modules-0.0.0-py3.10.egg-info/top_level.txt
[3.223s] -- Installing: /home/n3h4/Desktop/NEHA/SEDRICA/RosTut/install/part1_pubsub/local/lib/python3.10/dist-packages/part1_pubsub_modules-0.0.0-py3.10.egg-info/SOURCES.txt
[3.224s] -- Installing: /home/n3h4/Desktop/NEHA/SEDRICA/RosTut/install/part1_pubsub/local/lib/python3.10/dist-packages/part1_pubsub_modules-0.0.0-py3.10.egg-info/dependency_links.txt
[3.224s] -- Installing: /home/n3h4/Desktop/NEHA/SEDRICA/RosTut/install/part1_pubsub/local/lib/python3.10/dist-packages/part1_pubsub_modules-0.0.0-py3.10.egg-info/PKG-INFO
[3.224s] -- Up-to-date: /home/n3h4/Desktop/NEHA/SEDRICA/RosTut/install/part1_pubsub/local/lib/python3.10/dist-packages/part1_pubsub_modules
[3.224s] -- Up-to-date: /home/n3h4/Desktop/NEHA/SEDRICA/RosTut/install/part1_pubsub/local/lib/python3.10/dist-packages/part1_pubsub_modules/__init__.py
[3.224s] -- Up-to-date: /home/n3h4/Desktop/NEHA/SEDRICA/RosTut/install/part1_pubsub/local/lib/python3.10/dist-packages/part1_pubsub_modules/tb3_tools.py
[3.253s] Listing '/home/n3h4/Desktop/NEHA/SEDRICA/RosTut/install/part1_pubsub/local/lib/python3.10/dist-packages/part1_pubsub_modules'...
[3.257s] -- Up-to-date: /home/n3h4/Desktop/NEHA/SEDRICA/RosTut/install/part1_pubsub/lib/part1_pubsub/basic_velocity_control.py
[3.257s] -- Up-to-date: /home/n3h4/Desktop/NEHA/SEDRICA/RosTut/install/part1_pubsub/lib/part1_pubsub/stop_me.py
[3.257s] -- Up-to-date: /home/n3h4/Desktop/NEHA/SEDRICA/RosTut/install/part1_pubsub/lib/part1_pubsub/publisher.py
[3.257s] -- Up-to-date: /home/n3h4/Desktop/NEHA/SEDRICA/RosTut/install/part1_pubsub/lib/part1_pubsub/subscriber.py
[3.257s] -- Installing: /home/n3h4/Desktop/NEHA/SEDRICA/RosTut/install/part1_pubsub/share/ament_index/resource_index/rosidl_interfaces/part1_pubsub
[3.257s] -- Installing: /home/n3h4/Desktop/NEHA/SEDRICA/RosTut/install/part1_pubsub/include/part1_pubsub/part1_pubsub
[3.258s] -- Installing: /home/n3h4/Desktop/NEHA/SEDRICA/RosTut/install/part1_pubsub/include/part1_pubsub/part1_pubsub/msg
[3.258s] -- Installing: /home/n3h4/Desktop/NEHA/SEDRICA/RosTut/install/part1_pubsub/include/part1_pubsub/part1_pubsub/msg/eg.h
[3.258s] -- Installing: /home/n3h4/Desktop/NEHA/SEDRICA/RosTut/install/part1_pubsub/include/part1_pubsub/part1_pubsub/msg/detail
[3.258s] -- Installing: /home/n3h4/Desktop/NEHA/SEDRICA/RosTut/install/part1_pubsub/include/part1_pubsub/part1_pubsub/msg/detail/eg__functions.h
[3.258s] -- Installing: /home/n3h4/Desktop/NEHA/SEDRICA/RosTut/install/part1_pubsub/include/part1_pubsub/part1_pubsub/msg/detail/eg__type_support.h
[3.258s] -- Installing: /home/n3h4/Desktop/NEHA/SEDRICA/RosTut/install/part1_pubsub/include/part1_pubsub/part1_pubsub/msg/detail/eg__struct.h
[3.258s] -- Installing: /home/n3h4/Desktop/NEHA/SEDRICA/RosTut/install/part1_pubsub/include/part1_pubsub/part1_pubsub/msg/detail/eg__functions.c
[3.258s] -- Installing: /home/n3h4/Desktop/NEHA/SEDRICA/RosTut/install/part1_pubsub/include/part1_pubsub/part1_pubsub/msg/rosidl_generator_c__visibility_control.h
[3.258s] -- Installing: /home/n3h4/Desktop/NEHA/SEDRICA/RosTut/install/part1_pubsub/share/part1_pubsub/environment/library_path.sh
[3.259s] -- Installing: /home/n3h4/Desktop/NEHA/SEDRICA/RosTut/install/part1_pubsub/share/part1_pubsub/environment/library_path.dsv
[3.259s] -- Installing: /home/n3h4/Desktop/NEHA/SEDRICA/RosTut/install/part1_pubsub/lib/libpart1_pubsub__rosidl_generator_c.so
[3.259s] -- Set runtime path of "/home/n3h4/Desktop/NEHA/SEDRICA/RosTut/install/part1_pubsub/lib/libpart1_pubsub__rosidl_generator_c.so" to ""
[3.259s] -- Up-to-date: /home/n3h4/Desktop/NEHA/SEDRICA/RosTut/install/part1_pubsub/include/part1_pubsub/part1_pubsub
[3.259s] -- Up-to-date: /home/n3h4/Desktop/NEHA/SEDRICA/RosTut/install/part1_pubsub/include/part1_pubsub/part1_pubsub/msg
[3.259s] -- Installing: /home/n3h4/Desktop/NEHA/SEDRICA/RosTut/install/part1_pubsub/include/part1_pubsub/part1_pubsub/msg/rosidl_typesupport_fastrtps_c__visibility_control.h
[3.260s] -- Up-to-date: /home/n3h4/Desktop/NEHA/SEDRICA/RosTut/install/part1_pubsub/include/part1_pubsub/part1_pubsub/msg/detail
[3.260s] -- Installing: /home/n3h4/Desktop/NEHA/SEDRICA/RosTut/install/part1_pubsub/include/part1_pubsub/part1_pubsub/msg/detail/eg__rosidl_typesupport_fastrtps_c.h
[3.260s] -- Installing: /home/n3h4/Desktop/NEHA/SEDRICA/RosTut/install/part1_pubsub/lib/libpart1_pubsub__rosidl_typesupport_fastrtps_c.so
[3.260s] -- Set runtime path of "/home/n3h4/Desktop/NEHA/SEDRICA/RosTut/install/part1_pubsub/lib/libpart1_pubsub__rosidl_typesupport_fastrtps_c.so" to ""
[3.260s] -- Up-to-date: /home/n3h4/Desktop/NEHA/SEDRICA/RosTut/install/part1_pubsub/include/part1_pubsub/part1_pubsub
[3.260s] -- Up-to-date: /home/n3h4/Desktop/NEHA/SEDRICA/RosTut/install/part1_pubsub/include/part1_pubsub/part1_pubsub/msg
[3.260s] -- Installing: /home/n3h4/Desktop/NEHA/SEDRICA/RosTut/install/part1_pubsub/include/part1_pubsub/part1_pubsub/msg/eg.hpp
[3.261s] -- Up-to-date: /home/n3h4/Desktop/NEHA/SEDRICA/RosTut/install/part1_pubsub/include/part1_pubsub/part1_pubsub/msg/detail
[3.261s] -- Installing: /home/n3h4/Desktop/NEHA/SEDRICA/RosTut/install/part1_pubsub/include/part1_pubsub/part1_pubsub/msg/detail/eg__traits.hpp
[3.261s] -- Installing: /home/n3h4/Desktop/NEHA/SEDRICA/RosTut/install/part1_pubsub/include/part1_pubsub/part1_pubsub/msg/detail/eg__struct.hpp
[3.261s] -- Installing: /home/n3h4/Desktop/NEHA/SEDRICA/RosTut/install/part1_pubsub/include/part1_pubsub/part1_pubsub/msg/detail/eg__builder.hpp
[3.261s] -- Installing: /home/n3h4/Desktop/NEHA/SEDRICA/RosTut/install/part1_pubsub/include/part1_pubsub/part1_pubsub/msg/detail/eg__type_support.hpp
[3.261s] -- Installing: /home/n3h4/Desktop/NEHA/SEDRICA/RosTut/install/part1_pubsub/include/part1_pubsub/part1_pubsub/msg/rosidl_generator_cpp__visibility_control.hpp
[3.261s] -- Up-to-date: /home/n3h4/Desktop/NEHA/SEDRICA/RosTut/install/part1_pubsub/include/part1_pubsub/part1_pubsub
[3.261s] -- Up-to-date: /home/n3h4/Desktop/NEHA/SEDRICA/RosTut/install/part1_pubsub/include/part1_pubsub/part1_pubsub/msg
[3.261s] -- Installing: /home/n3h4/Desktop/NEHA/SEDRICA/RosTut/install/part1_pubsub/include/part1_pubsub/part1_pubsub/msg/rosidl_typesupport_fastrtps_cpp__visibility_control.h
[3.262s] -- Up-to-date: /home/n3h4/Desktop/NEHA/SEDRICA/RosTut/install/part1_pubsub/include/part1_pubsub/part1_pubsub/msg/detail
[3.262s] -- Installing: /home/n3h4/Desktop/NEHA/SEDRICA/RosTut/install/part1_pubsub/include/part1_pubsub/part1_pubsub/msg/detail/dds_fastrtps
[3.262s] -- Installing: /home/n3h4/Desktop/NEHA/SEDRICA/RosTut/install/part1_pubsub/include/part1_pubsub/part1_pubsub/msg/detail/eg__rosidl_typesupport_fastrtps_cpp.hpp
[3.262s] -- Installing: /home/n3h4/Desktop/NEHA/SEDRICA/RosTut/install/part1_pubsub/lib/libpart1_pubsub__rosidl_typesupport_fastrtps_cpp.so
[3.262s] -- Set runtime path of "/home/n3h4/Desktop/NEHA/SEDRICA/RosTut/install/part1_pubsub/lib/libpart1_pubsub__rosidl_typesupport_fastrtps_cpp.so" to ""
[3.262s] -- Up-to-date: /home/n3h4/Desktop/NEHA/SEDRICA/RosTut/install/part1_pubsub/include/part1_pubsub/part1_pubsub
[3.262s] -- Up-to-date: /home/n3h4/Desktop/NEHA/SEDRICA/RosTut/install/part1_pubsub/include/part1_pubsub/part1_pubsub/msg
[3.262s] -- Installing: /home/n3h4/Desktop/NEHA/SEDRICA/RosTut/install/part1_pubsub/include/part1_pubsub/part1_pubsub/msg/rosidl_typesupport_introspection_c__visibility_control.h
[3.262s] -- Up-to-date: /home/n3h4/Desktop/NEHA/SEDRICA/RosTut/install/part1_pubsub/include/part1_pubsub/part1_pubsub/msg/detail
[3.262s] -- Installing: /home/n3h4/Desktop/NEHA/SEDRICA/RosTut/install/part1_pubsub/include/part1_pubsub/part1_pubsub/msg/detail/eg__rosidl_typesupport_introspection_c.h
[3.262s] -- Installing: /home/n3h4/Desktop/NEHA/SEDRICA/RosTut/install/part1_pubsub/include/part1_pubsub/part1_pubsub/msg/detail/eg__type_support.c
[3.263s] -- Installing: /home/n3h4/Desktop/NEHA/SEDRICA/RosTut/install/part1_pubsub/lib/libpart1_pubsub__rosidl_typesupport_introspection_c.so
[3.263s] -- Set runtime path of "/home/n3h4/Desktop/NEHA/SEDRICA/RosTut/install/part1_pubsub/lib/libpart1_pubsub__rosidl_typesupport_introspection_c.so" to ""
[3.263s] -- Installing: /home/n3h4/Desktop/NEHA/SEDRICA/RosTut/install/part1_pubsub/lib/libpart1_pubsub__rosidl_typesupport_c.so
[3.263s] -- Set runtime path of "/home/n3h4/Desktop/NEHA/SEDRICA/RosTut/install/part1_pubsub/lib/libpart1_pubsub__rosidl_typesupport_c.so" to ""
[3.263s] -- Up-to-date: /home/n3h4/Desktop/NEHA/SEDRICA/RosTut/install/part1_pubsub/include/part1_pubsub/part1_pubsub
[3.264s] -- Up-to-date: /home/n3h4/Desktop/NEHA/SEDRICA/RosTut/install/part1_pubsub/include/part1_pubsub/part1_pubsub/msg
[3.264s] -- Up-to-date: /home/n3h4/Desktop/NEHA/SEDRICA/RosTut/install/part1_pubsub/include/part1_pubsub/part1_pubsub/msg/detail
[3.264s] -- Installing: /home/n3h4/Desktop/NEHA/SEDRICA/RosTut/install/part1_pubsub/include/part1_pubsub/part1_pubsub/msg/detail/eg__rosidl_typesupport_introspection_cpp.hpp
[3.264s] -- Installing: /home/n3h4/Desktop/NEHA/SEDRICA/RosTut/install/part1_pubsub/include/part1_pubsub/part1_pubsub/msg/detail/eg__type_support.cpp
[3.264s] -- Installing: /home/n3h4/Desktop/NEHA/SEDRICA/RosTut/install/part1_pubsub/lib/libpart1_pubsub__rosidl_typesupport_introspection_cpp.so
[3.264s] -- Set runtime path of "/home/n3h4/Desktop/NEHA/SEDRICA/RosTut/install/part1_pubsub/lib/libpart1_pubsub__rosidl_typesupport_introspection_cpp.so" to ""
[3.264s] -- Installing: /home/n3h4/Desktop/NEHA/SEDRICA/RosTut/install/part1_pubsub/lib/libpart1_pubsub__rosidl_typesupport_cpp.so
[3.265s] -- Set runtime path of "/home/n3h4/Desktop/NEHA/SEDRICA/RosTut/install/part1_pubsub/lib/libpart1_pubsub__rosidl_typesupport_cpp.so" to ""
[3.265s] -- Installing: /home/n3h4/Desktop/NEHA/SEDRICA/RosTut/install/part1_pubsub/local/lib/python3.10/dist-packages/part1_pubsub-0.0.0-py3.10.egg-info
[3.265s] -- Installing: /home/n3h4/Desktop/NEHA/SEDRICA/RosTut/install/part1_pubsub/local/lib/python3.10/dist-packages/part1_pubsub-0.0.0-py3.10.egg-info/top_level.txt
[3.265s] -- Installing: /home/n3h4/Desktop/NEHA/SEDRICA/RosTut/install/part1_pubsub/local/lib/python3.10/dist-packages/part1_pubsub-0.0.0-py3.10.egg-info/SOURCES.txt
[3.265s] -- Installing: /home/n3h4/Desktop/NEHA/SEDRICA/RosTut/install/part1_pubsub/local/lib/python3.10/dist-packages/part1_pubsub-0.0.0-py3.10.egg-info/dependency_links.txt
[3.265s] -- Installing: /home/n3h4/Desktop/NEHA/SEDRICA/RosTut/install/part1_pubsub/local/lib/python3.10/dist-packages/part1_pubsub-0.0.0-py3.10.egg-info/PKG-INFO
[3.265s] -- Installing: /home/n3h4/Desktop/NEHA/SEDRICA/RosTut/install/part1_pubsub/local/lib/python3.10/dist-packages/part1_pubsub
[3.266s] -- Installing: /home/n3h4/Desktop/NEHA/SEDRICA/RosTut/install/part1_pubsub/local/lib/python3.10/dist-packages/part1_pubsub/msg
[3.266s] -- Installing: /home/n3h4/Desktop/NEHA/SEDRICA/RosTut/install/part1_pubsub/local/lib/python3.10/dist-packages/part1_pubsub/msg/_eg.py
[3.266s] -- Installing: /home/n3h4/Desktop/NEHA/SEDRICA/RosTut/install/part1_pubsub/local/lib/python3.10/dist-packages/part1_pubsub/msg/__init__.py
[3.266s] -- Installing: /home/n3h4/Desktop/NEHA/SEDRICA/RosTut/install/part1_pubsub/local/lib/python3.10/dist-packages/part1_pubsub/msg/_eg_s.c
[3.266s] -- Installing: /home/n3h4/Desktop/NEHA/SEDRICA/RosTut/install/part1_pubsub/local/lib/python3.10/dist-packages/part1_pubsub/part1_pubsub_s__rosidl_typesupport_introspection_c.cpython-310-x86_64-linux-gnu.so
[3.266s] -- Installing: /home/n3h4/Desktop/NEHA/SEDRICA/RosTut/install/part1_pubsub/local/lib/python3.10/dist-packages/part1_pubsub/libpart1_pubsub__rosidl_generator_py.so
[3.266s] -- Installing: /home/n3h4/Desktop/NEHA/SEDRICA/RosTut/install/part1_pubsub/local/lib/python3.10/dist-packages/part1_pubsub/part1_pubsub_s__rosidl_typesupport_c.cpython-310-x86_64-linux-gnu.so
[3.266s] -- Installing: /home/n3h4/Desktop/NEHA/SEDRICA/RosTut/install/part1_pubsub/local/lib/python3.10/dist-packages/part1_pubsub/_part1_pubsub_s.ep.rosidl_typesupport_introspection_c.c
[3.266s] -- Installing: /home/n3h4/Desktop/NEHA/SEDRICA/RosTut/install/part1_pubsub/local/lib/python3.10/dist-packages/part1_pubsub/_part1_pubsub_s.ep.rosidl_typesupport_c.c
[3.267s] -- Installing: /home/n3h4/Desktop/NEHA/SEDRICA/RosTut/install/part1_pubsub/local/lib/python3.10/dist-packages/part1_pubsub/__init__.py
[3.267s] -- Installing: /home/n3h4/Desktop/NEHA/SEDRICA/RosTut/install/part1_pubsub/local/lib/python3.10/dist-packages/part1_pubsub/_part1_pubsub_s.ep.rosidl_typesupport_fastrtps_c.c
[3.267s] -- Installing: /home/n3h4/Desktop/NEHA/SEDRICA/RosTut/install/part1_pubsub/local/lib/python3.10/dist-packages/part1_pubsub/part1_pubsub_s__rosidl_typesupport_fastrtps_c.cpython-310-x86_64-linux-gnu.so
[3.298s] Listing '/home/n3h4/Desktop/NEHA/SEDRICA/RosTut/install/part1_pubsub/local/lib/python3.10/dist-packages/part1_pubsub'...
[3.298s] Compiling '/home/n3h4/Desktop/NEHA/SEDRICA/RosTut/install/part1_pubsub/local/lib/python3.10/dist-packages/part1_pubsub/__init__.py'...
[3.298s] Listing '/home/n3h4/Desktop/NEHA/SEDRICA/RosTut/install/part1_pubsub/local/lib/python3.10/dist-packages/part1_pubsub/msg'...
[3.298s] Compiling '/home/n3h4/Desktop/NEHA/SEDRICA/RosTut/install/part1_pubsub/local/lib/python3.10/dist-packages/part1_pubsub/msg/__init__.py'...
[3.299s] Compiling '/home/n3h4/Desktop/NEHA/SEDRICA/RosTut/install/part1_pubsub/local/lib/python3.10/dist-packages/part1_pubsub/msg/_eg.py'...
[3.303s] -- Installing: /home/n3h4/Desktop/NEHA/SEDRICA/RosTut/install/part1_pubsub/local/lib/python3.10/dist-packages/part1_pubsub/part1_pubsub_s__rosidl_typesupport_fastrtps_c.cpython-310-x86_64-linux-gnu.so
[3.303s] -- Set runtime path of "/home/n3h4/Desktop/NEHA/SEDRICA/RosTut/install/part1_pubsub/local/lib/python3.10/dist-packages/part1_pubsub/part1_pubsub_s__rosidl_typesupport_fastrtps_c.cpython-310-x86_64-linux-gnu.so" to ""
[3.303s] -- Installing: /home/n3h4/Desktop/NEHA/SEDRICA/RosTut/install/part1_pubsub/local/lib/python3.10/dist-packages/part1_pubsub/part1_pubsub_s__rosidl_typesupport_introspection_c.cpython-310-x86_64-linux-gnu.so
[3.304s] -- Set runtime path of "/home/n3h4/Desktop/NEHA/SEDRICA/RosTut/install/part1_pubsub/local/lib/python3.10/dist-packages/part1_pubsub/part1_pubsub_s__rosidl_typesupport_introspection_c.cpython-310-x86_64-linux-gnu.so" to ""
[3.304s] -- Installing: /home/n3h4/Desktop/NEHA/SEDRICA/RosTut/install/part1_pubsub/local/lib/python3.10/dist-packages/part1_pubsub/part1_pubsub_s__rosidl_typesupport_c.cpython-310-x86_64-linux-gnu.so
[3.304s] -- Set runtime path of "/home/n3h4/Desktop/NEHA/SEDRICA/RosTut/install/part1_pubsub/local/lib/python3.10/dist-packages/part1_pubsub/part1_pubsub_s__rosidl_typesupport_c.cpython-310-x86_64-linux-gnu.so" to ""
[3.304s] -- Installing: /home/n3h4/Desktop/NEHA/SEDRICA/RosTut/install/part1_pubsub/lib/libpart1_pubsub__rosidl_generator_py.so
[3.305s] -- Set runtime path of "/home/n3h4/Desktop/NEHA/SEDRICA/RosTut/install/part1_pubsub/lib/libpart1_pubsub__rosidl_generator_py.so" to ""
[3.305s] -- Installing: /home/n3h4/Desktop/NEHA/SEDRICA/RosTut/install/part1_pubsub/share/part1_pubsub/msg/Eg.idl
[3.305s] -- Installing: /home/n3h4/Desktop/NEHA/SEDRICA/RosTut/install/part1_pubsub/share/part1_pubsub/msg/Eg.msg
[3.305s] -- Installing: /home/n3h4/Desktop/NEHA/SEDRICA/RosTut/install/part1_pubsub/share/ament_index/resource_index/package_run_dependencies/part1_pubsub
[3.305s] -- Installing: /home/n3h4/Desktop/NEHA/SEDRICA/RosTut/install/part1_pubsub/share/ament_index/resource_index/parent_prefix_path/part1_pubsub
[3.306s] -- Up-to-date: /home/n3h4/Desktop/NEHA/SEDRICA/RosTut/install/part1_pubsub/share/part1_pubsub/environment/ament_prefix_path.sh
[3.306s] -- Installing: /home/n3h4/Desktop/NEHA/SEDRICA/RosTut/install/part1_pubsub/share/part1_pubsub/environment/ament_prefix_path.dsv
[3.306s] -- Up-to-date: /home/n3h4/Desktop/NEHA/SEDRICA/RosTut/install/part1_pubsub/share/part1_pubsub/environment/path.sh
[3.306s] -- Installing: /home/n3h4/Desktop/NEHA/SEDRICA/RosTut/install/part1_pubsub/share/part1_pubsub/environment/path.dsv
[3.307s] -- Up-to-date: /home/n3h4/Desktop/NEHA/SEDRICA/RosTut/install/part1_pubsub/share/part1_pubsub/local_setup.bash
[3.307s] -- Installing: /home/n3h4/Desktop/NEHA/SEDRICA/RosTut/install/part1_pubsub/share/part1_pubsub/local_setup.sh
[3.307s] -- Up-to-date: /home/n3h4/Desktop/NEHA/SEDRICA/RosTut/install/part1_pubsub/share/part1_pubsub/local_setup.zsh
[3.307s] -- Installing: /home/n3h4/Desktop/NEHA/SEDRICA/RosTut/install/part1_pubsub/share/part1_pubsub/local_setup.dsv
[3.307s] -- Installing: /home/n3h4/Desktop/NEHA/SEDRICA/RosTut/install/part1_pubsub/share/part1_pubsub/package.dsv
[3.307s] -- Up-to-date: /home/n3h4/Desktop/NEHA/SEDRICA/RosTut/install/part1_pubsub/share/ament_index/resource_index/packages/part1_pubsub
[3.307s] -- Installing: /home/n3h4/Desktop/NEHA/SEDRICA/RosTut/install/part1_pubsub/share/part1_pubsub/cmake/export_part1_pubsub__rosidl_generator_cExport.cmake
[3.308s] -- Installing: /home/n3h4/Desktop/NEHA/SEDRICA/RosTut/install/part1_pubsub/share/part1_pubsub/cmake/export_part1_pubsub__rosidl_generator_cExport-noconfig.cmake
[3.308s] -- Installing: /home/n3h4/Desktop/NEHA/SEDRICA/RosTut/install/part1_pubsub/share/part1_pubsub/cmake/export_part1_pubsub__rosidl_typesupport_fastrtps_cExport.cmake
[3.308s] -- Installing: /home/n3h4/Desktop/NEHA/SEDRICA/RosTut/install/part1_pubsub/share/part1_pubsub/cmake/export_part1_pubsub__rosidl_typesupport_fastrtps_cExport-noconfig.cmake
[3.308s] -- Installing: /home/n3h4/Desktop/NEHA/SEDRICA/RosTut/install/part1_pubsub/share/part1_pubsub/cmake/export_part1_pubsub__rosidl_generator_cppExport.cmake
[3.308s] -- Installing: /home/n3h4/Desktop/NEHA/SEDRICA/RosTut/install/part1_pubsub/share/part1_pubsub/cmake/export_part1_pubsub__rosidl_typesupport_fastrtps_cppExport.cmake
[3.308s] -- Installing: /home/n3h4/Desktop/NEHA/SEDRICA/RosTut/install/part1_pubsub/share/part1_pubsub/cmake/export_part1_pubsub__rosidl_typesupport_fastrtps_cppExport-noconfig.cmake
[3.308s] -- Installing: /home/n3h4/Desktop/NEHA/SEDRICA/RosTut/install/part1_pubsub/share/part1_pubsub/cmake/part1_pubsub__rosidl_typesupport_introspection_cExport.cmake
[3.309s] -- Installing: /home/n3h4/Desktop/NEHA/SEDRICA/RosTut/install/part1_pubsub/share/part1_pubsub/cmake/part1_pubsub__rosidl_typesupport_introspection_cExport-noconfig.cmake
[3.309s] -- Installing: /home/n3h4/Desktop/NEHA/SEDRICA/RosTut/install/part1_pubsub/share/part1_pubsub/cmake/part1_pubsub__rosidl_typesupport_cExport.cmake
[3.309s] -- Installing: /home/n3h4/Desktop/NEHA/SEDRICA/RosTut/install/part1_pubsub/share/part1_pubsub/cmake/part1_pubsub__rosidl_typesupport_cExport-noconfig.cmake
[3.309s] -- Installing: /home/n3h4/Desktop/NEHA/SEDRICA/RosTut/install/part1_pubsub/share/part1_pubsub/cmake/part1_pubsub__rosidl_typesupport_introspection_cppExport.cmake
[3.309s] -- Installing: /home/n3h4/Desktop/NEHA/SEDRICA/RosTut/install/part1_pubsub/share/part1_pubsub/cmake/part1_pubsub__rosidl_typesupport_introspection_cppExport-noconfig.cmake
[3.309s] -- Installing: /home/n3h4/Desktop/NEHA/SEDRICA/RosTut/install/part1_pubsub/share/part1_pubsub/cmake/part1_pubsub__rosidl_typesupport_cppExport.cmake
[3.310s] -- Installing: /home/n3h4/Desktop/NEHA/SEDRICA/RosTut/install/part1_pubsub/share/part1_pubsub/cmake/part1_pubsub__rosidl_typesupport_cppExport-noconfig.cmake
[3.310s] -- Installing: /home/n3h4/Desktop/NEHA/SEDRICA/RosTut/install/part1_pubsub/share/part1_pubsub/cmake/export_part1_pubsub__rosidl_generator_pyExport.cmake
[3.310s] -- Installing: /home/n3h4/Desktop/NEHA/SEDRICA/RosTut/install/part1_pubsub/share/part1_pubsub/cmake/export_part1_pubsub__rosidl_generator_pyExport-noconfig.cmake
[3.310s] -- Installing: /home/n3h4/Desktop/NEHA/SEDRICA/RosTut/install/part1_pubsub/share/part1_pubsub/cmake/rosidl_cmake-extras.cmake
[3.310s] -- Installing: /home/n3h4/Desktop/NEHA/SEDRICA/RosTut/install/part1_pubsub/share/part1_pubsub/cmake/ament_cmake_export_include_directories-extras.cmake
[3.310s] -- Installing: /home/n3h4/Desktop/NEHA/SEDRICA/RosTut/install/part1_pubsub/share/part1_pubsub/cmake/ament_cmake_export_libraries-extras.cmake
[3.310s] -- Installing: /home/n3h4/Desktop/NEHA/SEDRICA/RosTut/install/part1_pubsub/share/part1_pubsub/cmake/ament_cmake_export_targets-extras.cmake
[3.311s] -- Installing: /home/n3h4/Desktop/NEHA/SEDRICA/RosTut/install/part1_pubsub/share/part1_pubsub/cmake/rosidl_cmake_export_typesupport_targets-extras.cmake
[3.311s] -- Installing: /home/n3h4/Desktop/NEHA/SEDRICA/RosTut/install/part1_pubsub/share/part1_pubsub/cmake/ament_cmake_export_dependencies-extras.cmake
[3.311s] -- Installing: /home/n3h4/Desktop/NEHA/SEDRICA/RosTut/install/part1_pubsub/share/part1_pubsub/cmake/rosidl_cmake_export_typesupport_libraries-extras.cmake
[3.311s] -- Installing: /home/n3h4/Desktop/NEHA/SEDRICA/RosTut/install/part1_pubsub/share/part1_pubsub/cmake/part1_pubsubConfig.cmake
[3.311s] -- Up-to-date: /home/n3h4/Desktop/NEHA/SEDRICA/RosTut/install/part1_pubsub/share/part1_pubsub/cmake/part1_pubsubConfig-version.cmake
[3.311s] -- Installing: /home/n3h4/Desktop/NEHA/SEDRICA/RosTut/install/part1_pubsub/share/part1_pubsub/package.xml
[3.314s] Invoked command in '/home/n3h4/Desktop/NEHA/SEDRICA/RosTut/build/part1_pubsub' returned '0': CMAKE_PREFIX_PATH=${CMAKE_PREFIX_PATH}:/opt/ros/humble /usr/bin/cmake --install /home/n3h4/Desktop/NEHA/SEDRICA/RosTut/build/part1_pubsub
