[0.025s] Invoking command in '/home/n3h4/Desktop/NEHA/SEDRICA/RosTut/build/part1_pubsub': CMAKE_PREFIX_PATH=${CMAKE_PREFIX_PATH}:/opt/ros/humble /usr/bin/cmake --build /home/n3h4/Desktop/NEHA/SEDRICA/RosTut/build/part1_pubsub -- -j12 -l12
[0.047s] -- Found ament_cmake: 1.3.13 (/opt/ros/humble/share/ament_cmake/cmake)
[0.196s] -- Found rclcpp: 16.0.18 (/opt/ros/humble/share/rclcpp/cmake)
[0.235s] -- Found rosidl_generator_c: 3.1.8 (/opt/ros/humble/share/rosidl_generator_c/cmake)
[0.238s] -- Found rosidl_adapter: 3.1.8 (/opt/ros/humble/share/rosidl_adapter/cmake)
[0.244s] -- Found rosidl_generator_cpp: 3.1.8 (/opt/ros/humble/share/rosidl_generator_cpp/cmake)
[0.253s] -- Using all available rosidl_typesupport_c: rosidl_typesupport_fastrtps_c;rosidl_typesupport_introspection_c
[0.270s] -- Using all available rosidl_typesupport_cpp: rosidl_typesupport_fastrtps_cpp;rosidl_typesupport_introspection_cpp
[0.303s] -- Found rmw_implementation_cmake: 6.1.2 (/opt/ros/humble/share/rmw_implementation_cmake/cmake)
[0.304s] -- Found rmw_fastrtps_cpp: 6.2.10 (/opt/ros/humble/share/rmw_fastrtps_cpp/cmake)
[0.416s] -- Using RMW implementation 'rmw_fastrtps_cpp' as default
[0.486s] -- Found rclpy: 3.3.20 (/opt/ros/humble/share/rclpy/cmake)
[0.542s] -- Found rosidl_default_generators: 1.2.0 (/opt/ros/humble/share/rosidl_default_generators/cmake)
[0.779s] -- Found ament_cmake_ros: 0.10.0 (/opt/ros/humble/share/ament_cmake_ros/cmake)
[1.060s] -- Using all available rosidl_typesupport_c: rosidl_typesupport_fastrtps_c;rosidl_typesupport_introspection_c
[1.164s] -- Using all available rosidl_typesupport_cpp: rosidl_typesupport_fastrtps_cpp;rosidl_typesupport_introspection_cpp
[1.183s] -- Found python_cmake_module: 0.10.0 (/opt/ros/humble/share/python_cmake_module/cmake)
[1.203s] -- Using PYTHON_EXECUTABLE: /usr/bin/python3
[1.203s] -- Using PYTHON_INCLUDE_DIRS: /usr/include/python3.10
[1.203s] -- Using PYTHON_LIBRARIES: /usr/lib/x86_64-linux-gnu/libpython3.10.so
[1.217s] -- Configuring done
[1.254s] -- Generating done
[1.264s] -- Build files have been written to: /home/n3h4/Desktop/NEHA/SEDRICA/RosTut/build/part1_pubsub
[1.292s] [35m[1mConsolidate compiler generated dependencies of target part1_pubsub__rosidl_generator_c[0m
[1.301s] [  3%] Built target part1_pubsub__cpp
[1.302s] [ 12%] Built target part1_pubsub__rosidl_generator_c
[1.313s] [ 12%] Built target ament_cmake_python_copy_part1_pubsub_modules
[1.313s] [35m[1mConsolidate compiler generated dependencies of target part1_pubsub__rosidl_typesupport_fastrtps_cpp[0m
[1.313s] [35m[1mConsolidate compiler generated dependencies of target part1_pubsub__rosidl_typesupport_c[0m
[1.315s] [ 12%] Built target ament_cmake_python_copy_part1_pubsub
[1.315s] [35m[1mConsolidate compiler generated dependencies of target part1_pubsub__rosidl_typesupport_cpp[0m
[1.316s] [35m[1mConsolidate compiler generated dependencies of target part1_pubsub__rosidl_typesupport_introspection_cpp[0m
[1.316s] [35m[1mConsolidate compiler generated dependencies of target part1_pubsub__rosidl_typesupport_introspection_c[0m
[1.316s] [35m[1mConsolidate compiler generated dependencies of target part1_pubsub__rosidl_typesupport_fastrtps_c[0m
[1.327s] [ 22%] Built target part1_pubsub__rosidl_typesupport_c
[1.331s] [ 32%] Built target part1_pubsub__rosidl_typesupport_introspection_cpp
[1.334s] [ 51%] Built target part1_pubsub__rosidl_typesupport_cpp
[1.334s] [ 51%] Built target part1_pubsub__rosidl_typesupport_fastrtps_cpp
[1.334s] [ 61%] Built target part1_pubsub__rosidl_typesupport_fastrtps_c
[1.334s] [ 70%] Built target part1_pubsub__rosidl_typesupport_introspection_c
[1.352s] [ 70%] Built target part1_pubsub
[1.373s] [ 74%] Built target part1_pubsub__py
[1.383s] [35m[1mConsolidate compiler generated dependencies of target part1_pubsub__rosidl_generator_py[0m
[1.396s] [ 80%] Built target part1_pubsub__rosidl_generator_py
[1.407s] [35m[1mConsolidate compiler generated dependencies of target part1_pubsub__rosidl_typesupport_introspection_c__pyext[0m
[1.407s] [35m[1mConsolidate compiler generated dependencies of target part1_pubsub__rosidl_typesupport_fastrtps_c__pyext[0m
[1.407s] [35m[1mConsolidate compiler generated dependencies of target part1_pubsub__rosidl_typesupport_c__pyext[0m
[1.420s] [ 87%] Built target part1_pubsub__rosidl_typesupport_introspection_c__pyext
[1.421s] [ 93%] Built target part1_pubsub__rosidl_typesupport_fastrtps_c__pyext
[1.422s] [100%] Built target part1_pubsub__rosidl_typesupport_c__pyext
[1.574s] running egg_info
[1.575s] writing part1_pubsub.egg-info/PKG-INFO
[1.576s] writing dependency_links to part1_pubsub.egg-info/dependency_links.txt
[1.576s] writing top-level names to part1_pubsub.egg-info/top_level.txt
[1.577s] reading manifest file 'part1_pubsub.egg-info/SOURCES.txt'
[1.578s] writing manifest file 'part1_pubsub.egg-info/SOURCES.txt'
[1.582s] running egg_info
[1.583s] writing part1_pubsub_modules.egg-info/PKG-INFO
[1.583s] writing dependency_links to part1_pubsub_modules.egg-info/dependency_links.txt
[1.584s] writing top-level names to part1_pubsub_modules.egg-info/top_level.txt
[1.587s] reading manifest file 'part1_pubsub_modules.egg-info/SOURCES.txt'
[1.588s] writing manifest file 'part1_pubsub_modules.egg-info/SOURCES.txt'
[1.603s] [100%] Built target ament_cmake_python_build_part1_pubsub_egg
[1.617s] [100%] Built target ament_cmake_python_build_part1_pubsub_modules_egg
[1.627s] Invoked command in '/home/n3h4/Desktop/NEHA/SEDRICA/RosTut/build/part1_pubsub' returned '0': CMAKE_PREFIX_PATH=${CMAKE_PREFIX_PATH}:/opt/ros/humble /usr/bin/cmake --build /home/n3h4/Desktop/NEHA/SEDRICA/RosTut/build/part1_pubsub -- -j12 -l12
[1.629s] Invoking command in '/home/n3h4/Desktop/NEHA/SEDRICA/RosTut/build/part1_pubsub': CMAKE_PREFIX_PATH=${CMAKE_PREFIX_PATH}:/opt/ros/humble /usr/bin/cmake --install /home/n3h4/Desktop/NEHA/SEDRICA/RosTut/build/part1_pubsub
[1.636s] -- Install configuration: ""
[1.636s] -- Up-to-date: /home/n3h4/Desktop/NEHA/SEDRICA/RosTut/install/part1_pubsub/share/part1_pubsub/environment/pythonpath.sh
[1.636s] -- Installing: /home/n3h4/Desktop/NEHA/SEDRICA/RosTut/install/part1_pubsub/share/part1_pubsub/environment/pythonpath.dsv
[1.637s] -- Up-to-date: /home/n3h4/Desktop/NEHA/SEDRICA/RosTut/install/part1_pubsub/local/lib/python3.10/dist-packages/part1_pubsub_modules-0.0.0-py3.10.egg-info
[1.637s] -- Installing: /home/n3h4/Desktop/NEHA/SEDRICA/RosTut/install/part1_pubsub/local/lib/python3.10/dist-packages/part1_pubsub_modules-0.0.0-py3.10.egg-info/top_level.txt
[1.637s] -- Installing: /home/n3h4/Desktop/NEHA/SEDRICA/RosTut/install/part1_pubsub/local/lib/python3.10/dist-packages/part1_pubsub_modules-0.0.0-py3.10.egg-info/SOURCES.txt
[1.637s] -- Installing: /home/n3h4/Desktop/NEHA/SEDRICA/RosTut/install/part1_pubsub/local/lib/python3.10/dist-packages/part1_pubsub_modules-0.0.0-py3.10.egg-info/dependency_links.txt
[1.637s] -- Installing: /home/n3h4/Desktop/NEHA/SEDRICA/RosTut/install/part1_pubsub/local/lib/python3.10/dist-packages/part1_pubsub_modules-0.0.0-py3.10.egg-info/PKG-INFO
[1.637s] -- Up-to-date: /home/n3h4/Desktop/NEHA/SEDRICA/RosTut/install/part1_pubsub/local/lib/python3.10/dist-packages/part1_pubsub_modules
[1.637s] -- Up-to-date: /home/n3h4/Desktop/NEHA/SEDRICA/RosTut/install/part1_pubsub/local/lib/python3.10/dist-packages/part1_pubsub_modules/__init__.py
[1.637s] -- Up-to-date: /home/n3h4/Desktop/NEHA/SEDRICA/RosTut/install/part1_pubsub/local/lib/python3.10/dist-packages/part1_pubsub_modules/tb3_tools.py
[1.666s] Listing '/home/n3h4/Desktop/NEHA/SEDRICA/RosTut/install/part1_pubsub/local/lib/python3.10/dist-packages/part1_pubsub_modules'...
[1.669s] -- Up-to-date: /home/n3h4/Desktop/NEHA/SEDRICA/RosTut/install/part1_pubsub/lib/part1_pubsub/basic_velocity_control.py
[1.669s] -- Up-to-date: /home/n3h4/Desktop/NEHA/SEDRICA/RosTut/install/part1_pubsub/lib/part1_pubsub/stop_me.py
[1.670s] -- Up-to-date: /home/n3h4/Desktop/NEHA/SEDRICA/RosTut/install/part1_pubsub/lib/part1_pubsub/publisher.py
[1.670s] -- Up-to-date: /home/n3h4/Desktop/NEHA/SEDRICA/RosTut/install/part1_pubsub/lib/part1_pubsub/subscriber.py
[1.670s] -- Installing: /home/n3h4/Desktop/NEHA/SEDRICA/RosTut/install/part1_pubsub/lib/part1_pubsub/custom_msg_publisher.py
[1.670s] -- Installing: /home/n3h4/Desktop/NEHA/SEDRICA/RosTut/install/part1_pubsub/lib/part1_pubsub/custom_msg_subscriber.py
[1.670s] -- Up-to-date: /home/n3h4/Desktop/NEHA/SEDRICA/RosTut/install/part1_pubsub/share/ament_index/resource_index/rosidl_interfaces/part1_pubsub
[1.670s] -- Up-to-date: /home/n3h4/Desktop/NEHA/SEDRICA/RosTut/install/part1_pubsub/include/part1_pubsub/part1_pubsub
[1.670s] -- Up-to-date: /home/n3h4/Desktop/NEHA/SEDRICA/RosTut/install/part1_pubsub/include/part1_pubsub/part1_pubsub/msg
[1.670s] -- Up-to-date: /home/n3h4/Desktop/NEHA/SEDRICA/RosTut/install/part1_pubsub/include/part1_pubsub/part1_pubsub/msg/eg.h
[1.670s] -- Up-to-date: /home/n3h4/Desktop/NEHA/SEDRICA/RosTut/install/part1_pubsub/include/part1_pubsub/part1_pubsub/msg/detail
[1.670s] -- Up-to-date: /home/n3h4/Desktop/NEHA/SEDRICA/RosTut/install/part1_pubsub/include/part1_pubsub/part1_pubsub/msg/detail/eg__functions.h
[1.670s] -- Up-to-date: /home/n3h4/Desktop/NEHA/SEDRICA/RosTut/install/part1_pubsub/include/part1_pubsub/part1_pubsub/msg/detail/eg__type_support.h
[1.670s] -- Up-to-date: /home/n3h4/Desktop/NEHA/SEDRICA/RosTut/install/part1_pubsub/include/part1_pubsub/part1_pubsub/msg/detail/eg__struct.h
[1.670s] -- Up-to-date: /home/n3h4/Desktop/NEHA/SEDRICA/RosTut/install/part1_pubsub/include/part1_pubsub/part1_pubsub/msg/detail/eg__functions.c
[1.670s] -- Up-to-date: /home/n3h4/Desktop/NEHA/SEDRICA/RosTut/install/part1_pubsub/include/part1_pubsub/part1_pubsub/msg/rosidl_generator_c__visibility_control.h
[1.671s] -- Up-to-date: /home/n3h4/Desktop/NEHA/SEDRICA/RosTut/install/part1_pubsub/share/part1_pubsub/environment/library_path.sh
[1.671s] -- Installing: /home/n3h4/Desktop/NEHA/SEDRICA/RosTut/install/part1_pubsub/share/part1_pubsub/environment/library_path.dsv
[1.676s] -- Up-to-date: /home/n3h4/Desktop/NEHA/SEDRICA/RosTut/install/part1_pubsub/lib/libpart1_pubsub__rosidl_generator_c.so
[1.676s] -- Up-to-date: /home/n3h4/Desktop/NEHA/SEDRICA/RosTut/install/part1_pubsub/include/part1_pubsub/part1_pubsub
[1.676s] -- Up-to-date: /home/n3h4/Desktop/NEHA/SEDRICA/RosTut/install/part1_pubsub/include/part1_pubsub/part1_pubsub/msg
[1.676s] -- Up-to-date: /home/n3h4/Desktop/NEHA/SEDRICA/RosTut/install/part1_pubsub/include/part1_pubsub/part1_pubsub/msg/rosidl_typesupport_fastrtps_c__visibility_control.h
[1.676s] -- Up-to-date: /home/n3h4/Desktop/NEHA/SEDRICA/RosTut/install/part1_pubsub/include/part1_pubsub/part1_pubsub/msg/detail
[1.676s] -- Up-to-date: /home/n3h4/Desktop/NEHA/SEDRICA/RosTut/install/part1_pubsub/include/part1_pubsub/part1_pubsub/msg/detail/eg__rosidl_typesupport_fastrtps_c.h
[1.677s] -- Up-to-date: /home/n3h4/Desktop/NEHA/SEDRICA/RosTut/install/part1_pubsub/lib/libpart1_pubsub__rosidl_typesupport_fastrtps_c.so
[1.677s] -- Up-to-date: /home/n3h4/Desktop/NEHA/SEDRICA/RosTut/install/part1_pubsub/include/part1_pubsub/part1_pubsub
[1.677s] -- Up-to-date: /home/n3h4/Desktop/NEHA/SEDRICA/RosTut/install/part1_pubsub/include/part1_pubsub/part1_pubsub/msg
[1.677s] -- Up-to-date: /home/n3h4/Desktop/NEHA/SEDRICA/RosTut/install/part1_pubsub/include/part1_pubsub/part1_pubsub/msg/eg.hpp
[1.677s] -- Up-to-date: /home/n3h4/Desktop/NEHA/SEDRICA/RosTut/install/part1_pubsub/include/part1_pubsub/part1_pubsub/msg/detail
[1.677s] -- Up-to-date: /home/n3h4/Desktop/NEHA/SEDRICA/RosTut/install/part1_pubsub/include/part1_pubsub/part1_pubsub/msg/detail/eg__traits.hpp
[1.677s] -- Up-to-date: /home/n3h4/Desktop/NEHA/SEDRICA/RosTut/install/part1_pubsub/include/part1_pubsub/part1_pubsub/msg/detail/eg__struct.hpp
[1.677s] -- Up-to-date: /home/n3h4/Desktop/NEHA/SEDRICA/RosTut/install/part1_pubsub/include/part1_pubsub/part1_pubsub/msg/detail/eg__builder.hpp
[1.677s] -- Up-to-date: /home/n3h4/Desktop/NEHA/SEDRICA/RosTut/install/part1_pubsub/include/part1_pubsub/part1_pubsub/msg/detail/eg__type_support.hpp
[1.677s] -- Up-to-date: /home/n3h4/Desktop/NEHA/SEDRICA/RosTut/install/part1_pubsub/include/part1_pubsub/part1_pubsub/msg/rosidl_generator_cpp__visibility_control.hpp
[1.677s] -- Up-to-date: /home/n3h4/Desktop/NEHA/SEDRICA/RosTut/install/part1_pubsub/include/part1_pubsub/part1_pubsub
[1.677s] -- Up-to-date: /home/n3h4/Desktop/NEHA/SEDRICA/RosTut/install/part1_pubsub/include/part1_pubsub/part1_pubsub/msg
[1.677s] -- Up-to-date: /home/n3h4/Desktop/NEHA/SEDRICA/RosTut/install/part1_pubsub/include/part1_pubsub/part1_pubsub/msg/rosidl_typesupport_fastrtps_cpp__visibility_control.h
[1.677s] -- Up-to-date: /home/n3h4/Desktop/NEHA/SEDRICA/RosTut/install/part1_pubsub/include/part1_pubsub/part1_pubsub/msg/detail
[1.678s] -- Up-to-date: /home/n3h4/Desktop/NEHA/SEDRICA/RosTut/install/part1_pubsub/include/part1_pubsub/part1_pubsub/msg/detail/dds_fastrtps
[1.678s] -- Up-to-date: /home/n3h4/Desktop/NEHA/SEDRICA/RosTut/install/part1_pubsub/include/part1_pubsub/part1_pubsub/msg/detail/eg__rosidl_typesupport_fastrtps_cpp.hpp
[1.678s] -- Up-to-date: /home/n3h4/Desktop/NEHA/SEDRICA/RosTut/install/part1_pubsub/lib/libpart1_pubsub__rosidl_typesupport_fastrtps_cpp.so
[1.678s] -- Up-to-date: /home/n3h4/Desktop/NEHA/SEDRICA/RosTut/install/part1_pubsub/include/part1_pubsub/part1_pubsub
[1.678s] -- Up-to-date: /home/n3h4/Desktop/NEHA/SEDRICA/RosTut/install/part1_pubsub/include/part1_pubsub/part1_pubsub/msg
[1.678s] -- Up-to-date: /home/n3h4/Desktop/NEHA/SEDRICA/RosTut/install/part1_pubsub/include/part1_pubsub/part1_pubsub/msg/rosidl_typesupport_introspection_c__visibility_control.h
[1.678s] -- Up-to-date: /home/n3h4/Desktop/NEHA/SEDRICA/RosTut/install/part1_pubsub/include/part1_pubsub/part1_pubsub/msg/detail
[1.678s] -- Up-to-date: /home/n3h4/Desktop/NEHA/SEDRICA/RosTut/install/part1_pubsub/include/part1_pubsub/part1_pubsub/msg/detail/eg__rosidl_typesupport_introspection_c.h
[1.678s] -- Up-to-date: /home/n3h4/Desktop/NEHA/SEDRICA/RosTut/install/part1_pubsub/include/part1_pubsub/part1_pubsub/msg/detail/eg__type_support.c
[1.678s] -- Up-to-date: /home/n3h4/Desktop/NEHA/SEDRICA/RosTut/install/part1_pubsub/lib/libpart1_pubsub__rosidl_typesupport_introspection_c.so
[1.678s] -- Up-to-date: /home/n3h4/Desktop/NEHA/SEDRICA/RosTut/install/part1_pubsub/lib/libpart1_pubsub__rosidl_typesupport_c.so
[1.678s] -- Up-to-date: /home/n3h4/Desktop/NEHA/SEDRICA/RosTut/install/part1_pubsub/include/part1_pubsub/part1_pubsub
[1.679s] -- Up-to-date: /home/n3h4/Desktop/NEHA/SEDRICA/RosTut/install/part1_pubsub/include/part1_pubsub/part1_pubsub/msg
[1.679s] -- Up-to-date: /home/n3h4/Desktop/NEHA/SEDRICA/RosTut/install/part1_pubsub/include/part1_pubsub/part1_pubsub/msg/detail
[1.679s] -- Up-to-date: /home/n3h4/Desktop/NEHA/SEDRICA/RosTut/install/part1_pubsub/include/part1_pubsub/part1_pubsub/msg/detail/eg__rosidl_typesupport_introspection_cpp.hpp
[1.679s] -- Up-to-date: /home/n3h4/Desktop/NEHA/SEDRICA/RosTut/install/part1_pubsub/include/part1_pubsub/part1_pubsub/msg/detail/eg__type_support.cpp
[1.679s] -- Up-to-date: /home/n3h4/Desktop/NEHA/SEDRICA/RosTut/install/part1_pubsub/lib/libpart1_pubsub__rosidl_typesupport_introspection_cpp.so
[1.679s] -- Up-to-date: /home/n3h4/Desktop/NEHA/SEDRICA/RosTut/install/part1_pubsub/lib/libpart1_pubsub__rosidl_typesupport_cpp.so
[1.680s] -- Up-to-date: /home/n3h4/Desktop/NEHA/SEDRICA/RosTut/install/part1_pubsub/local/lib/python3.10/dist-packages/part1_pubsub-0.0.0-py3.10.egg-info
[1.680s] -- Installing: /home/n3h4/Desktop/NEHA/SEDRICA/RosTut/install/part1_pubsub/local/lib/python3.10/dist-packages/part1_pubsub-0.0.0-py3.10.egg-info/top_level.txt
[1.680s] -- Installing: /home/n3h4/Desktop/NEHA/SEDRICA/RosTut/install/part1_pubsub/local/lib/python3.10/dist-packages/part1_pubsub-0.0.0-py3.10.egg-info/SOURCES.txt
[1.680s] -- Installing: /home/n3h4/Desktop/NEHA/SEDRICA/RosTut/install/part1_pubsub/local/lib/python3.10/dist-packages/part1_pubsub-0.0.0-py3.10.egg-info/dependency_links.txt
[1.680s] -- Installing: /home/n3h4/Desktop/NEHA/SEDRICA/RosTut/install/part1_pubsub/local/lib/python3.10/dist-packages/part1_pubsub-0.0.0-py3.10.egg-info/PKG-INFO
[1.680s] -- Up-to-date: /home/n3h4/Desktop/NEHA/SEDRICA/RosTut/install/part1_pubsub/local/lib/python3.10/dist-packages/part1_pubsub
[1.680s] -- Up-to-date: /home/n3h4/Desktop/NEHA/SEDRICA/RosTut/install/part1_pubsub/local/lib/python3.10/dist-packages/part1_pubsub/msg
[1.681s] -- Up-to-date: /home/n3h4/Desktop/NEHA/SEDRICA/RosTut/install/part1_pubsub/local/lib/python3.10/dist-packages/part1_pubsub/msg/_eg.py
[1.681s] -- Up-to-date: /home/n3h4/Desktop/NEHA/SEDRICA/RosTut/install/part1_pubsub/local/lib/python3.10/dist-packages/part1_pubsub/msg/__init__.py
[1.681s] -- Up-to-date: /home/n3h4/Desktop/NEHA/SEDRICA/RosTut/install/part1_pubsub/local/lib/python3.10/dist-packages/part1_pubsub/msg/_eg_s.c
[1.681s] -- Up-to-date: /home/n3h4/Desktop/NEHA/SEDRICA/RosTut/install/part1_pubsub/local/lib/python3.10/dist-packages/part1_pubsub/part1_pubsub_s__rosidl_typesupport_introspection_c.cpython-310-x86_64-linux-gnu.so
[1.681s] -- Up-to-date: /home/n3h4/Desktop/NEHA/SEDRICA/RosTut/install/part1_pubsub/local/lib/python3.10/dist-packages/part1_pubsub/libpart1_pubsub__rosidl_generator_py.so
[1.681s] -- Up-to-date: /home/n3h4/Desktop/NEHA/SEDRICA/RosTut/install/part1_pubsub/local/lib/python3.10/dist-packages/part1_pubsub/part1_pubsub_s__rosidl_typesupport_c.cpython-310-x86_64-linux-gnu.so
[1.681s] -- Up-to-date: /home/n3h4/Desktop/NEHA/SEDRICA/RosTut/install/part1_pubsub/local/lib/python3.10/dist-packages/part1_pubsub/_part1_pubsub_s.ep.rosidl_typesupport_introspection_c.c
[1.681s] -- Up-to-date: /home/n3h4/Desktop/NEHA/SEDRICA/RosTut/install/part1_pubsub/local/lib/python3.10/dist-packages/part1_pubsub/_part1_pubsub_s.ep.rosidl_typesupport_c.c
[1.681s] -- Installing: /home/n3h4/Desktop/NEHA/SEDRICA/RosTut/install/part1_pubsub/local/lib/python3.10/dist-packages/part1_pubsub/__init__.py
[1.681s] -- Up-to-date: /home/n3h4/Desktop/NEHA/SEDRICA/RosTut/install/part1_pubsub/local/lib/python3.10/dist-packages/part1_pubsub/_part1_pubsub_s.ep.rosidl_typesupport_fastrtps_c.c
[1.681s] -- Up-to-date: /home/n3h4/Desktop/NEHA/SEDRICA/RosTut/install/part1_pubsub/local/lib/python3.10/dist-packages/part1_pubsub/part1_pubsub_s__rosidl_typesupport_fastrtps_c.cpython-310-x86_64-linux-gnu.so
[1.711s] Listing '/home/n3h4/Desktop/NEHA/SEDRICA/RosTut/install/part1_pubsub/local/lib/python3.10/dist-packages/part1_pubsub'...
[1.711s] Compiling '/home/n3h4/Desktop/NEHA/SEDRICA/RosTut/install/part1_pubsub/local/lib/python3.10/dist-packages/part1_pubsub/__init__.py'...
[1.711s] Listing '/home/n3h4/Desktop/NEHA/SEDRICA/RosTut/install/part1_pubsub/local/lib/python3.10/dist-packages/part1_pubsub/msg'...
[1.715s] -- Up-to-date: /home/n3h4/Desktop/NEHA/SEDRICA/RosTut/install/part1_pubsub/local/lib/python3.10/dist-packages/part1_pubsub/part1_pubsub_s__rosidl_typesupport_fastrtps_c.cpython-310-x86_64-linux-gnu.so
[1.715s] -- Up-to-date: /home/n3h4/Desktop/NEHA/SEDRICA/RosTut/install/part1_pubsub/local/lib/python3.10/dist-packages/part1_pubsub/part1_pubsub_s__rosidl_typesupport_introspection_c.cpython-310-x86_64-linux-gnu.so
[1.715s] -- Up-to-date: /home/n3h4/Desktop/NEHA/SEDRICA/RosTut/install/part1_pubsub/local/lib/python3.10/dist-packages/part1_pubsub/part1_pubsub_s__rosidl_typesupport_c.cpython-310-x86_64-linux-gnu.so
[1.716s] -- Up-to-date: /home/n3h4/Desktop/NEHA/SEDRICA/RosTut/install/part1_pubsub/lib/libpart1_pubsub__rosidl_generator_py.so
[1.716s] -- Up-to-date: /home/n3h4/Desktop/NEHA/SEDRICA/RosTut/install/part1_pubsub/share/part1_pubsub/msg/Eg.idl
[1.716s] -- Up-to-date: /home/n3h4/Desktop/NEHA/SEDRICA/RosTut/install/part1_pubsub/share/part1_pubsub/msg/Eg.msg
[1.716s] -- Up-to-date: /home/n3h4/Desktop/NEHA/SEDRICA/RosTut/install/part1_pubsub/share/ament_index/resource_index/package_run_dependencies/part1_pubsub
[1.716s] -- Up-to-date: /home/n3h4/Desktop/NEHA/SEDRICA/RosTut/install/part1_pubsub/share/ament_index/resource_index/parent_prefix_path/part1_pubsub
[1.717s] -- Up-to-date: /home/n3h4/Desktop/NEHA/SEDRICA/RosTut/install/part1_pubsub/share/part1_pubsub/environment/ament_prefix_path.sh
[1.717s] -- Installing: /home/n3h4/Desktop/NEHA/SEDRICA/RosTut/install/part1_pubsub/share/part1_pubsub/environment/ament_prefix_path.dsv
[1.717s] -- Up-to-date: /home/n3h4/Desktop/NEHA/SEDRICA/RosTut/install/part1_pubsub/share/part1_pubsub/environment/path.sh
[1.717s] -- Installing: /home/n3h4/Desktop/NEHA/SEDRICA/RosTut/install/part1_pubsub/share/part1_pubsub/environment/path.dsv
[1.717s] -- Up-to-date: /home/n3h4/Desktop/NEHA/SEDRICA/RosTut/install/part1_pubsub/share/part1_pubsub/local_setup.bash
[1.717s] -- Up-to-date: /home/n3h4/Desktop/NEHA/SEDRICA/RosTut/install/part1_pubsub/share/part1_pubsub/local_setup.sh
[1.717s] -- Up-to-date: /home/n3h4/Desktop/NEHA/SEDRICA/RosTut/install/part1_pubsub/share/part1_pubsub/local_setup.zsh
[1.717s] -- Installing: /home/n3h4/Desktop/NEHA/SEDRICA/RosTut/install/part1_pubsub/share/part1_pubsub/local_setup.dsv
[1.718s] -- Installing: /home/n3h4/Desktop/NEHA/SEDRICA/RosTut/install/part1_pubsub/share/part1_pubsub/package.dsv
[1.718s] -- Up-to-date: /home/n3h4/Desktop/NEHA/SEDRICA/RosTut/install/part1_pubsub/share/ament_index/resource_index/packages/part1_pubsub
[1.718s] -- Up-to-date: /home/n3h4/Desktop/NEHA/SEDRICA/RosTut/install/part1_pubsub/share/part1_pubsub/cmake/export_part1_pubsub__rosidl_generator_cExport.cmake
[1.718s] -- Up-to-date: /home/n3h4/Desktop/NEHA/SEDRICA/RosTut/install/part1_pubsub/share/part1_pubsub/cmake/export_part1_pubsub__rosidl_generator_cExport-noconfig.cmake
[1.718s] -- Up-to-date: /home/n3h4/Desktop/NEHA/SEDRICA/RosTut/install/part1_pubsub/share/part1_pubsub/cmake/export_part1_pubsub__rosidl_typesupport_fastrtps_cExport.cmake
[1.718s] -- Up-to-date: /home/n3h4/Desktop/NEHA/SEDRICA/RosTut/install/part1_pubsub/share/part1_pubsub/cmake/export_part1_pubsub__rosidl_typesupport_fastrtps_cExport-noconfig.cmake
[1.718s] -- Up-to-date: /home/n3h4/Desktop/NEHA/SEDRICA/RosTut/install/part1_pubsub/share/part1_pubsub/cmake/export_part1_pubsub__rosidl_generator_cppExport.cmake
[1.718s] -- Up-to-date: /home/n3h4/Desktop/NEHA/SEDRICA/RosTut/install/part1_pubsub/share/part1_pubsub/cmake/export_part1_pubsub__rosidl_typesupport_fastrtps_cppExport.cmake
[1.719s] -- Up-to-date: /home/n3h4/Desktop/NEHA/SEDRICA/RosTut/install/part1_pubsub/share/part1_pubsub/cmake/export_part1_pubsub__rosidl_typesupport_fastrtps_cppExport-noconfig.cmake
[1.719s] -- Up-to-date: /home/n3h4/Desktop/NEHA/SEDRICA/RosTut/install/part1_pubsub/share/part1_pubsub/cmake/part1_pubsub__rosidl_typesupport_introspection_cExport.cmake
[1.719s] -- Up-to-date: /home/n3h4/Desktop/NEHA/SEDRICA/RosTut/install/part1_pubsub/share/part1_pubsub/cmake/part1_pubsub__rosidl_typesupport_introspection_cExport-noconfig.cmake
[1.719s] -- Up-to-date: /home/n3h4/Desktop/NEHA/SEDRICA/RosTut/install/part1_pubsub/share/part1_pubsub/cmake/part1_pubsub__rosidl_typesupport_cExport.cmake
[1.719s] -- Up-to-date: /home/n3h4/Desktop/NEHA/SEDRICA/RosTut/install/part1_pubsub/share/part1_pubsub/cmake/part1_pubsub__rosidl_typesupport_cExport-noconfig.cmake
[1.719s] -- Up-to-date: /home/n3h4/Desktop/NEHA/SEDRICA/RosTut/install/part1_pubsub/share/part1_pubsub/cmake/part1_pubsub__rosidl_typesupport_introspection_cppExport.cmake
[1.719s] -- Up-to-date: /home/n3h4/Desktop/NEHA/SEDRICA/RosTut/install/part1_pubsub/share/part1_pubsub/cmake/part1_pubsub__rosidl_typesupport_introspection_cppExport-noconfig.cmake
[1.719s] -- Up-to-date: /home/n3h4/Desktop/NEHA/SEDRICA/RosTut/install/part1_pubsub/share/part1_pubsub/cmake/part1_pubsub__rosidl_typesupport_cppExport.cmake
[1.719s] -- Up-to-date: /home/n3h4/Desktop/NEHA/SEDRICA/RosTut/install/part1_pubsub/share/part1_pubsub/cmake/part1_pubsub__rosidl_typesupport_cppExport-noconfig.cmake
[1.720s] -- Up-to-date: /home/n3h4/Desktop/NEHA/SEDRICA/RosTut/install/part1_pubsub/share/part1_pubsub/cmake/export_part1_pubsub__rosidl_generator_pyExport.cmake
[1.720s] -- Up-to-date: /home/n3h4/Desktop/NEHA/SEDRICA/RosTut/install/part1_pubsub/share/part1_pubsub/cmake/export_part1_pubsub__rosidl_generator_pyExport-noconfig.cmake
[1.720s] -- Up-to-date: /home/n3h4/Desktop/NEHA/SEDRICA/RosTut/install/part1_pubsub/share/part1_pubsub/cmake/rosidl_cmake-extras.cmake
[1.720s] -- Up-to-date: /home/n3h4/Desktop/NEHA/SEDRICA/RosTut/install/part1_pubsub/share/part1_pubsub/cmake/ament_cmake_export_include_directories-extras.cmake
[1.720s] -- Up-to-date: /home/n3h4/Desktop/NEHA/SEDRICA/RosTut/install/part1_pubsub/share/part1_pubsub/cmake/ament_cmake_export_libraries-extras.cmake
[1.720s] -- Up-to-date: /home/n3h4/Desktop/NEHA/SEDRICA/RosTut/install/part1_pubsub/share/part1_pubsub/cmake/ament_cmake_export_targets-extras.cmake
[1.720s] -- Up-to-date: /home/n3h4/Desktop/NEHA/SEDRICA/RosTut/install/part1_pubsub/share/part1_pubsub/cmake/rosidl_cmake_export_typesupport_targets-extras.cmake
[1.720s] -- Up-to-date: /home/n3h4/Desktop/NEHA/SEDRICA/RosTut/install/part1_pubsub/share/part1_pubsub/cmake/ament_cmake_export_dependencies-extras.cmake
[1.720s] -- Up-to-date: /home/n3h4/Desktop/NEHA/SEDRICA/RosTut/install/part1_pubsub/share/part1_pubsub/cmake/rosidl_cmake_export_typesupport_libraries-extras.cmake
[1.721s] -- Up-to-date: /home/n3h4/Desktop/NEHA/SEDRICA/RosTut/install/part1_pubsub/share/part1_pubsub/cmake/part1_pubsubConfig.cmake
[1.721s] -- Up-to-date: /home/n3h4/Desktop/NEHA/SEDRICA/RosTut/install/part1_pubsub/share/part1_pubsub/cmake/part1_pubsubConfig-version.cmake
[1.721s] -- Up-to-date: /home/n3h4/Desktop/NEHA/SEDRICA/RosTut/install/part1_pubsub/share/part1_pubsub/package.xml
[1.722s] Invoked command in '/home/n3h4/Desktop/NEHA/SEDRICA/RosTut/build/part1_pubsub' returned '0': CMAKE_PREFIX_PATH=${CMAKE_PREFIX_PATH}:/opt/ros/humble /usr/bin/cmake --install /home/n3h4/Desktop/NEHA/SEDRICA/RosTut/build/part1_pubsub
