-- The C compiler identification is GNU 11.4.0
-- The CXX compiler identification is GNU 11.4.0
-- Detecting C compiler ABI info
-- Detecting C compiler ABI info - done
-- Check for working C compiler: /usr/bin/cc - skipped
-- Detecting C compile features
-- Detecting C compile features - done
-- Detecting CXX compiler ABI info
-- Detecting CXX compiler ABI info - done
-- Check for working CXX compiler: /usr/bin/c++ - skipped
-- Detecting CXX compile features
-- Detecting CXX compile features - done
-- Found ament_cmake: 1.3.13 (/opt/ros/humble/share/ament_cmake/cmake)
-- Found Python3: /usr/bin/python3 (found version "3.10.12") found components: Interpreter 
-- Found gazebo_ros_pkgs: 3.9.0 (/opt/ros/humble/share/gazebo_ros_pkgs/cmake)
[31mCMake Error at CMakeLists.txt:17 (find_package):
  By not providing "Findturtlebot3_gazebo.cmake" in CMAKE_MODULE_PATH this
  project has asked CMake to find a package configuration file provided by
  "turtlebot3_gazebo", but CMake did not find one.

  Could not find a package configuration file provided by "turtlebot3_gazebo"
  with any of the following names:

    turtlebot3_gazeboConfig.cmake
    turtlebot3_gazebo-config.cmake

  Add the installation prefix of "turtlebot3_gazebo" to CMAKE_PREFIX_PATH or
  set "turtlebot3_gazebo_DIR" to a directory containing one of the above
  files.  If "turtlebot3_gazebo" provides a separate development package or
  SDK, be sure it has been installed.

[0m
-- Configuring incomplete, errors occurred!
See also "/home/n3h4/Desktop/NEHA/SEDRICA/RosTut/build/tuos_simulations/CMakeFiles/CMakeOutput.log".
