[0.023s] Invoking command in '/home/n3h4/Desktop/NEHA/SEDRICA/RosTut/build/tuos_simulations': CMAKE_PREFIX_PATH=/opt/ros/humble /usr/bin/cmake /home/n3h4/Desktop/NEHA/SEDRICA/RosTut/tuos_ros/tuos_simulations -DCMAKE_INSTALL_PREFIX=/home/n3h4/Desktop/NEHA/SEDRICA/RosTut/install/tuos_simulations
[0.041s] -- Found ament_cmake: 1.3.13 (/opt/ros/humble/share/ament_cmake/cmake)
[0.229s] -- Found gazebo_ros_pkgs: 3.9.0 (/opt/ros/humble/share/gazebo_ros_pkgs/cmake)
[0.244s] [31mCMake Error at CMakeLists.txt:17 (find_package):
[0.244s]   By not providing "Findturtlebot3_gazebo.cmake" in CMAKE_MODULE_PATH this
[0.245s]   project has asked CMake to find a package configuration file provided by
[0.245s]   "turtlebot3_gazebo", but CMake did not find one.
[0.245s] 
[0.245s]   Could not find a package configuration file provided by "turtlebot3_gazebo"
[0.245s]   with any of the following names:
[0.245s] 
[0.246s]     turtlebot3_gazeboConfig.cmake
[0.246s]     turtlebot3_gazebo-config.cmake
[0.246s] 
[0.246s]   Add the installation prefix of "turtlebot3_gazebo" to CMAKE_PREFIX_PATH or
[0.246s]   set "turtlebot3_gazebo_DIR" to a directory containing one of the above
[0.246s]   files.  If "turtlebot3_gazebo" provides a separate development package or
[0.247s]   SDK, be sure it has been installed.
[0.247s] 
[0.247s] [0m
[0.248s] -- Configuring incomplete, errors occurred!
[0.248s] See also "/home/n3h4/Desktop/NEHA/SEDRICA/RosTut/build/tuos_simulations/CMakeFiles/CMakeOutput.log".
[0.249s] Invoked command in '/home/n3h4/Desktop/NEHA/SEDRICA/RosTut/build/tuos_simulations' returned '1': CMAKE_PREFIX_PATH=/opt/ros/humble /usr/bin/cmake /home/n3h4/Desktop/NEHA/SEDRICA/RosTut/tuos_ros/tuos_simulations -DCMAKE_INSTALL_PREFIX=/home/n3h4/Desktop/NEHA/SEDRICA/RosTut/install/tuos_simulations
