[0.021s] Invoking command in '/home/n3h4/Desktop/NEHA/SEDRICA/RosTut/build/tuos_tb3_tools': CMAKE_PREFIX_PATH=/opt/ros/humble /usr/bin/cmake /home/n3h4/Desktop/NEHA/SEDRICA/RosTut/tuos_ros/tuos_tb3_tools -DCMAKE_INSTALL_PREFIX=/home/n3h4/Desktop/NEHA/SEDRICA/RosTut/install/tuos_tb3_tools
[0.091s] -- The C compiler identification is GNU 11.4.0
[0.171s] -- The CXX compiler identification is GNU 11.4.0
[0.183s] -- Detecting C compiler ABI info
[0.272s] -- Detecting C compiler ABI info - done
[0.287s] -- Check for working C compiler: /usr/bin/cc - skipped
[0.288s] -- Detecting C compile features
[0.288s] -- Detecting C compile features - done
[0.293s] -- Detecting CXX compiler ABI info
[0.400s] -- Detecting CXX compiler ABI info - done
[0.410s] -- Check for working CXX compiler: /usr/bin/c++ - skipped
[0.411s] -- Detecting CXX compile features
[0.411s] -- Detecting CXX compile features - done
[0.415s] -- Found ament_cmake: 1.3.13 (/opt/ros/humble/share/ament_cmake/cmake)
[0.613s] -- Found Python3: /usr/bin/python3 (found version "3.10.12") found components: Interpreter 
[0.739s] -- Found rclcpp: 16.0.18 (/opt/ros/humble/share/rclcpp/cmake)
[0.794s] -- Found rosidl_generator_c: 3.1.8 (/opt/ros/humble/share/rosidl_generator_c/cmake)
[0.800s] -- Found rosidl_adapter: 3.1.8 (/opt/ros/humble/share/rosidl_adapter/cmake)
[0.812s] -- Found rosidl_generator_cpp: 3.1.8 (/opt/ros/humble/share/rosidl_generator_cpp/cmake)
[0.826s] -- Using all available rosidl_typesupport_c: rosidl_typesupport_fastrtps_c;rosidl_typesupport_introspection_c
[0.846s] -- Using all available rosidl_typesupport_cpp: rosidl_typesupport_fastrtps_cpp;rosidl_typesupport_introspection_cpp
[0.897s] -- Found rmw_implementation_cmake: 6.1.2 (/opt/ros/humble/share/rmw_implementation_cmake/cmake)
[0.899s] -- Found rmw_fastrtps_cpp: 6.2.10 (/opt/ros/humble/share/rmw_fastrtps_cpp/cmake)
[1.001s] -- Found OpenSSL: /usr/lib/x86_64-linux-gnu/libcrypto.so (found version "3.0.2")  
[1.036s] -- Found FastRTPS: /opt/ros/humble/include  
[1.086s] -- Using RMW implementation 'rmw_fastrtps_cpp' as default
[1.096s] -- Looking for pthread.h
[1.191s] -- Looking for pthread.h - found
[1.191s] -- Performing Test CMAKE_HAVE_LIBC_PTHREAD
[1.283s] -- Performing Test CMAKE_HAVE_LIBC_PTHREAD - Success
[1.284s] -- Found Threads: TRUE  
[1.351s] -- Found rclpy: 3.3.20 (/opt/ros/humble/share/rclpy/cmake)
[1.432s] -- Configuring done
[1.445s] -- Generating done
[1.450s] -- Build files have been written to: /home/n3h4/Desktop/NEHA/SEDRICA/RosTut/build/tuos_tb3_tools
